running egg_info
creating ../../build/fake_depth_sensor/fake_depth_sensor.egg-info
writing ../../build/fake_depth_sensor/fake_depth_sensor.egg-info/PKG-INFO
writing dependency_links to ../../build/fake_depth_sensor/fake_depth_sensor.egg-info/dependency_links.txt
writing entry points to ../../build/fake_depth_sensor/fake_depth_sensor.egg-info/entry_points.txt
writing requirements to ../../build/fake_depth_sensor/fake_depth_sensor.egg-info/requires.txt
writing top-level names to ../../build/fake_depth_sensor/fake_depth_sensor.egg-info/top_level.txt
writing manifest file '../../build/fake_depth_sensor/fake_depth_sensor.egg-info/SOURCES.txt'
reading manifest file '../../build/fake_depth_sensor/fake_depth_sensor.egg-info/SOURCES.txt'
writing manifest file '../../build/fake_depth_sensor/fake_depth_sensor.egg-info/SOURCES.txt'
running build
running build_py
creating /workspace/build/fake_depth_sensor/build
creating /workspace/build/fake_depth_sensor/build/lib
creating /workspace/build/fake_depth_sensor/build/lib/fake_depth_sensor
copying fake_depth_sensor/depth_subscriber.py -> /workspace/build/fake_depth_sensor/build/lib/fake_depth_sensor
copying fake_depth_sensor/__init__.py -> /workspace/build/fake_depth_sensor/build/lib/fake_depth_sensor
copying fake_depth_sensor/depth_publisher.py -> /workspace/build/fake_depth_sensor/build/lib/fake_depth_sensor
running install
running install_lib
creating /workspace/install/fake_depth_sensor/lib/python3.10/site-packages/fake_depth_sensor
copying /workspace/build/fake_depth_sensor/build/lib/fake_depth_sensor/depth_subscriber.py -> /workspace/install/fake_depth_sensor/lib/python3.10/site-packages/fake_depth_sensor
copying /workspace/build/fake_depth_sensor/build/lib/fake_depth_sensor/__init__.py -> /workspace/install/fake_depth_sensor/lib/python3.10/site-packages/fake_depth_sensor
copying /workspace/build/fake_depth_sensor/build/lib/fake_depth_sensor/depth_publisher.py -> /workspace/install/fake_depth_sensor/lib/python3.10/site-packages/fake_depth_sensor
byte-compiling /workspace/install/fake_depth_sensor/lib/python3.10/site-packages/fake_depth_sensor/depth_subscriber.py to depth_subscriber.cpython-310.pyc
byte-compiling /workspace/install/fake_depth_sensor/lib/python3.10/site-packages/fake_depth_sensor/__init__.py to __init__.cpython-310.pyc
byte-compiling /workspace/install/fake_depth_sensor/lib/python3.10/site-packages/fake_depth_sensor/depth_publisher.py to depth_publisher.cpython-310.pyc
running install_data
creating /workspace/install/fake_depth_sensor/share/ament_index
creating /workspace/install/fake_depth_sensor/share/ament_index/resource_index
creating /workspace/install/fake_depth_sensor/share/ament_index/resource_index/packages
copying resource/fake_depth_sensor -> /workspace/install/fake_depth_sensor/share/ament_index/resource_index/packages
copying package.xml -> /workspace/install/fake_depth_sensor/share/fake_depth_sensor
running install_egg_info
Copying ../../build/fake_depth_sensor/fake_depth_sensor.egg-info to /workspace/install/fake_depth_sensor/lib/python3.10/site-packages/fake_depth_sensor-0.0.0-py3.10.egg-info
running install_scripts
Installing publisher_node script to /workspace/install/fake_depth_sensor/lib/fake_depth_sensor
Installing subscriber_node script to /workspace/install/fake_depth_sensor/lib/fake_depth_sensor
writing list of installed files to '/workspace/build/fake_depth_sensor/install.log'
