[0.269s] Invoking command in '/workspace/src/fake_depth_sensor': PYTHONPATH=/workspace/build/fake_depth_sensor/prefix_override:/usr/lib/python3/dist-packages/colcon_core/task/python/colcon_distutils_commands:/workspace/install/fake_depth_sensor/lib/python3.10/site-packages:${PYTHONPATH} /usr/bin/python3 -W ignore:setup.py install is deprecated -W ignore:easy_install command is deprecated setup.py egg_info --egg-base ../../build/fake_depth_sensor build --build-base /workspace/build/fake_depth_sensor/build install --record /workspace/build/fake_depth_sensor/install.log --install-scripts $base/lib/fake_depth_sensor --single-version-externally-managed install_data
[0.376s] running egg_info
[0.376s] creating ../../build/fake_depth_sensor/fake_depth_sensor.egg-info
[0.376s] writing ../../build/fake_depth_sensor/fake_depth_sensor.egg-info/PKG-INFO
[0.376s] writing dependency_links to ../../build/fake_depth_sensor/fake_depth_sensor.egg-info/dependency_links.txt
[0.376s] writing entry points to ../../build/fake_depth_sensor/fake_depth_sensor.egg-info/entry_points.txt
[0.376s] writing requirements to ../../build/fake_depth_sensor/fake_depth_sensor.egg-info/requires.txt
[0.376s] writing top-level names to ../../build/fake_depth_sensor/fake_depth_sensor.egg-info/top_level.txt
[0.376s] writing manifest file '../../build/fake_depth_sensor/fake_depth_sensor.egg-info/SOURCES.txt'
[0.377s] reading manifest file '../../build/fake_depth_sensor/fake_depth_sensor.egg-info/SOURCES.txt'
[0.377s] writing manifest file '../../build/fake_depth_sensor/fake_depth_sensor.egg-info/SOURCES.txt'
[0.377s] running build
[0.377s] running build_py
[0.377s] creating /workspace/build/fake_depth_sensor/build
[0.378s] creating /workspace/build/fake_depth_sensor/build/lib
[0.378s] creating /workspace/build/fake_depth_sensor/build/lib/fake_depth_sensor
[0.378s] copying fake_depth_sensor/depth_subscriber.py -> /workspace/build/fake_depth_sensor/build/lib/fake_depth_sensor
[0.378s] copying fake_depth_sensor/__init__.py -> /workspace/build/fake_depth_sensor/build/lib/fake_depth_sensor
[0.378s] copying fake_depth_sensor/depth_publisher.py -> /workspace/build/fake_depth_sensor/build/lib/fake_depth_sensor
[0.378s] running install
[0.378s] running install_lib
[0.378s] creating /workspace/install/fake_depth_sensor/lib/python3.10/site-packages/fake_depth_sensor
[0.378s] copying /workspace/build/fake_depth_sensor/build/lib/fake_depth_sensor/depth_subscriber.py -> /workspace/install/fake_depth_sensor/lib/python3.10/site-packages/fake_depth_sensor
[0.378s] copying /workspace/build/fake_depth_sensor/build/lib/fake_depth_sensor/__init__.py -> /workspace/install/fake_depth_sensor/lib/python3.10/site-packages/fake_depth_sensor
[0.378s] copying /workspace/build/fake_depth_sensor/build/lib/fake_depth_sensor/depth_publisher.py -> /workspace/install/fake_depth_sensor/lib/python3.10/site-packages/fake_depth_sensor
[0.379s] byte-compiling /workspace/install/fake_depth_sensor/lib/python3.10/site-packages/fake_depth_sensor/depth_subscriber.py to depth_subscriber.cpython-310.pyc
[0.379s] byte-compiling /workspace/install/fake_depth_sensor/lib/python3.10/site-packages/fake_depth_sensor/__init__.py to __init__.cpython-310.pyc
[0.379s] byte-compiling /workspace/install/fake_depth_sensor/lib/python3.10/site-packages/fake_depth_sensor/depth_publisher.py to depth_publisher.cpython-310.pyc
[0.379s] running install_data
[0.379s] creating /workspace/install/fake_depth_sensor/share/ament_index
[0.379s] creating /workspace/install/fake_depth_sensor/share/ament_index/resource_index
[0.379s] creating /workspace/install/fake_depth_sensor/share/ament_index/resource_index/packages
[0.379s] copying resource/fake_depth_sensor -> /workspace/install/fake_depth_sensor/share/ament_index/resource_index/packages
[0.379s] copying package.xml -> /workspace/install/fake_depth_sensor/share/fake_depth_sensor
[0.379s] running install_egg_info
[0.380s] Copying ../../build/fake_depth_sensor/fake_depth_sensor.egg-info to /workspace/install/fake_depth_sensor/lib/python3.10/site-packages/fake_depth_sensor-0.0.0-py3.10.egg-info
[0.381s] running install_scripts
[0.391s] Installing publisher_node script to /workspace/install/fake_depth_sensor/lib/fake_depth_sensor
[0.392s] Installing subscriber_node script to /workspace/install/fake_depth_sensor/lib/fake_depth_sensor
[0.392s] writing list of installed files to '/workspace/build/fake_depth_sensor/install.log'
[0.403s] Invoked command in '/workspace/src/fake_depth_sensor' returned '0': PYTHONPATH=/workspace/build/fake_depth_sensor/prefix_override:/usr/lib/python3/dist-packages/colcon_core/task/python/colcon_distutils_commands:/workspace/install/fake_depth_sensor/lib/python3.10/site-packages:${PYTHONPATH} /usr/bin/python3 -W ignore:setup.py install is deprecated -W ignore:easy_install command is deprecated setup.py egg_info --egg-base ../../build/fake_depth_sensor build --build-base /workspace/build/fake_depth_sensor/build install --record /workspace/build/fake_depth_sensor/install.log --install-scripts $base/lib/fake_depth_sensor --single-version-externally-managed install_data
