[0.280s] Invoking command in '/home/ibrahim/Desktop/rov/adhamsherif67A-MarineXperts-Season-2027/ros2_ws/src/Fake_Depth_Sensor': PYTHONPATH=/home/ibrahim/Desktop/rov/adhamsherif67A-MarineXperts-Season-2027/ros2_ws/src/build/Fake_Depth_Sensor/prefix_override:/usr/lib/python3/dist-packages/colcon_core/task/python/colcon_distutils_commands:/home/ibrahim/Desktop/rov/adhamsherif67A-MarineXperts-Season-2027/ros2_ws/src/install/Fake_Depth_Sensor/lib/python3.10/site-packages:${PYTHONPATH} /usr/bin/python3 -W ignore:setup.py install is deprecated -W ignore:easy_install command is deprecated setup.py egg_info --egg-base ../build/Fake_Depth_Sensor build --build-base /home/ibrahim/Desktop/rov/adhamsherif67A-MarineXperts-Season-2027/ros2_ws/src/build/Fake_Depth_Sensor/build install --record /home/ibrahim/Desktop/rov/adhamsherif67A-MarineXperts-Season-2027/ros2_ws/src/build/Fake_Depth_Sensor/install.log --install-scripts $base/lib/Fake_Depth_Sensor --single-version-externally-managed install_data
[0.389s] running egg_info
[0.390s] writing ../build/Fake_Depth_Sensor/Fake_Depth_Sensor.egg-info/PKG-INFO
[0.390s] writing dependency_links to ../build/Fake_Depth_Sensor/Fake_Depth_Sensor.egg-info/dependency_links.txt
[0.390s] writing entry points to ../build/Fake_Depth_Sensor/Fake_Depth_Sensor.egg-info/entry_points.txt
[0.390s] writing requirements to ../build/Fake_Depth_Sensor/Fake_Depth_Sensor.egg-info/requires.txt
[0.390s] writing top-level names to ../build/Fake_Depth_Sensor/Fake_Depth_Sensor.egg-info/top_level.txt
[0.391s] reading manifest file '../build/Fake_Depth_Sensor/Fake_Depth_Sensor.egg-info/SOURCES.txt'
[0.391s] writing manifest file '../build/Fake_Depth_Sensor/Fake_Depth_Sensor.egg-info/SOURCES.txt'
[0.391s] running build
[0.391s] running build_py
[0.391s] running install
[0.391s] running install_lib
[0.392s] running install_data
[0.392s] creating /home/ibrahim/Desktop/rov/adhamsherif67A-MarineXperts-Season-2027/ros2_ws/src/install/Fake_Depth_Sensor/share/Fake_Depth_Sensor/launch
[0.392s] copying launch/main_launch.py -> /home/ibrahim/Desktop/rov/adhamsherif67A-MarineXperts-Season-2027/ros2_ws/src/install/Fake_Depth_Sensor/share/Fake_Depth_Sensor/launch
[0.392s] running install_egg_info
[0.392s] removing '/home/ibrahim/Desktop/rov/adhamsherif67A-MarineXperts-Season-2027/ros2_ws/src/install/Fake_Depth_Sensor/lib/python3.10/site-packages/Fake_Depth_Sensor-0.0.0-py3.10.egg-info' (and everything under it)
[0.393s] Copying ../build/Fake_Depth_Sensor/Fake_Depth_Sensor.egg-info to /home/ibrahim/Desktop/rov/adhamsherif67A-MarineXperts-Season-2027/ros2_ws/src/install/Fake_Depth_Sensor/lib/python3.10/site-packages/Fake_Depth_Sensor-0.0.0-py3.10.egg-info
[0.393s] running install_scripts
[0.402s] Installing sensor_pub script to /home/ibrahim/Desktop/rov/adhamsherif67A-MarineXperts-Season-2027/ros2_ws/src/install/Fake_Depth_Sensor/lib/Fake_Depth_Sensor
[0.402s] Installing sensor_sub script to /home/ibrahim/Desktop/rov/adhamsherif67A-MarineXperts-Season-2027/ros2_ws/src/install/Fake_Depth_Sensor/lib/Fake_Depth_Sensor
[0.402s] writing list of installed files to '/home/ibrahim/Desktop/rov/adhamsherif67A-MarineXperts-Season-2027/ros2_ws/src/build/Fake_Depth_Sensor/install.log'
[0.413s] Invoked command in '/home/ibrahim/Desktop/rov/adhamsherif67A-MarineXperts-Season-2027/ros2_ws/src/Fake_Depth_Sensor' returned '0': PYTHONPATH=/home/ibrahim/Desktop/rov/adhamsherif67A-MarineXperts-Season-2027/ros2_ws/src/build/Fake_Depth_Sensor/prefix_override:/usr/lib/python3/dist-packages/colcon_core/task/python/colcon_distutils_commands:/home/ibrahim/Desktop/rov/adhamsherif67A-MarineXperts-Season-2027/ros2_ws/src/install/Fake_Depth_Sensor/lib/python3.10/site-packages:${PYTHONPATH} /usr/bin/python3 -W ignore:setup.py install is deprecated -W ignore:easy_install command is deprecated setup.py egg_info --egg-base ../build/Fake_Depth_Sensor build --build-base /home/ibrahim/Desktop/rov/adhamsherif67A-MarineXperts-Season-2027/ros2_ws/src/build/Fake_Depth_Sensor/build install --record /home/ibrahim/Desktop/rov/adhamsherif67A-MarineXperts-Season-2027/ros2_ws/src/build/Fake_Depth_Sensor/install.log --install-scripts $base/lib/Fake_Depth_Sensor --single-version-externally-managed install_data
