[0.008s] Invoking command in '/home/boda/mako_ws/build/robot_description': CMAKE_PREFIX_PATH=${CMAKE_PREFIX_PATH}:/opt/ros/humble /usr/bin/cmake /home/boda/mako_ws/src/robot_description -DBUILD_TESTING=OFF -DCMAKE_INSTALL_PREFIX=/home/boda/mako_ws/install/robot_description
[0.018s] -- Found ament_cmake: 1.3.12 (/opt/ros/humble/share/ament_cmake/cmake)
[0.112s] -- Override CMake install command with custom implementation using symlinks instead of copying resources
[0.164s] -- Configuring done
[0.166s] -- Generating done
[0.168s] -- Build files have been written to: /home/boda/mako_ws/build/robot_description
[0.170s] Invoked command in '/home/boda/mako_ws/build/robot_description' returned '0': CMAKE_PREFIX_PATH=${CMAKE_PREFIX_PATH}:/opt/ros/humble /usr/bin/cmake /home/boda/mako_ws/src/robot_description -DBUILD_TESTING=OFF -DCMAKE_INSTALL_PREFIX=/home/boda/mako_ws/install/robot_description
[0.172s] Invoking command in '/home/boda/mako_ws/build/robot_description': CMAKE_PREFIX_PATH=${CMAKE_PREFIX_PATH}:/opt/ros/humble /usr/bin/cmake --build /home/boda/mako_ws/build/robot_description -- -j16 -l16
[0.208s] Invoked command in '/home/boda/mako_ws/build/robot_description' returned '0': CMAKE_PREFIX_PATH=${CMAKE_PREFIX_PATH}:/opt/ros/humble /usr/bin/cmake --build /home/boda/mako_ws/build/robot_description -- -j16 -l16
[0.219s] Invoking command in '/home/boda/mako_ws/build/robot_description': CMAKE_PREFIX_PATH=${CMAKE_PREFIX_PATH}:/opt/ros/humble /usr/bin/cmake --install /home/boda/mako_ws/build/robot_description
[0.226s] -- Install configuration: ""
[0.226s] -- Execute custom install script
[0.226s] -- Up-to-date symlink: /home/boda/mako_ws/install/robot_description/share/robot_description/config/joint_names_mako urdf ass.yaml
[0.227s] -- Up-to-date symlink: /home/boda/mako_ws/install/robot_description/share/robot_description/launch/display.launch.py
[0.227s] -- Up-to-date symlink: /home/boda/mako_ws/install/robot_description/share/robot_description/launch/gazebo.launch.py
[0.227s] -- Up-to-date symlink: /home/boda/mako_ws/install/robot_description/share/robot_description/meshes/base_link.STL
[0.227s] -- Up-to-date symlink: /home/boda/mako_ws/install/robot_description/share/robot_description/meshes/t1.STL
[0.227s] -- Up-to-date symlink: /home/boda/mako_ws/install/robot_description/share/robot_description/meshes/t2.STL
[0.227s] -- Up-to-date symlink: /home/boda/mako_ws/install/robot_description/share/robot_description/meshes/t3.STL
[0.227s] -- Up-to-date symlink: /home/boda/mako_ws/install/robot_description/share/robot_description/meshes/t4.STL
[0.227s] -- Up-to-date symlink: /home/boda/mako_ws/install/robot_description/share/robot_description/meshes/t5.STL
[0.227s] -- Up-to-date symlink: /home/boda/mako_ws/install/robot_description/share/robot_description/meshes/t6.STL
[0.228s] -- Up-to-date symlink: /home/boda/mako_ws/install/robot_description/share/robot_description/urdf/mako urdf ass.csv
[0.228s] -- Up-to-date symlink: /home/boda/mako_ws/install/robot_description/share/robot_description/urdf/robot_description.urdf
[0.228s] -- Up-to-date symlink: /home/boda/mako_ws/install/robot_description/share/robot_description/worlds/pool.sdf
[0.228s] -- Up-to-date symlink: /home/boda/mako_ws/install/robot_description/share/robot_description/worlds/pools.sdf
[0.228s] -- Up-to-date symlink: /home/boda/mako_ws/install/robot_description/share/robot_description/package.xml
[0.228s] -- Up-to-date symlink: /home/boda/mako_ws/install/robot_description/share/ament_index/resource_index/package_run_dependencies/robot_description
[0.228s] -- Up-to-date symlink: /home/boda/mako_ws/install/robot_description/share/ament_index/resource_index/parent_prefix_path/robot_description
[0.228s] -- Up-to-date symlink: /home/boda/mako_ws/install/robot_description/share/robot_description/environment/ament_prefix_path.sh
[0.229s] -- Up-to-date symlink: /home/boda/mako_ws/install/robot_description/share/robot_description/environment/ament_prefix_path.dsv
[0.229s] -- Up-to-date symlink: /home/boda/mako_ws/install/robot_description/share/robot_description/environment/path.sh
[0.229s] -- Up-to-date symlink: /home/boda/mako_ws/install/robot_description/share/robot_description/environment/path.dsv
[0.229s] -- Up-to-date symlink: /home/boda/mako_ws/install/robot_description/share/robot_description/local_setup.bash
[0.229s] -- Up-to-date symlink: /home/boda/mako_ws/install/robot_description/share/robot_description/local_setup.sh
[0.229s] -- Up-to-date symlink: /home/boda/mako_ws/install/robot_description/share/robot_description/local_setup.zsh
[0.229s] -- Up-to-date symlink: /home/boda/mako_ws/install/robot_description/share/robot_description/local_setup.dsv
[0.229s] -- Symlinking: /home/boda/mako_ws/install/robot_description/share/robot_description/package.dsv
[0.238s] -- Up-to-date symlink: /home/boda/mako_ws/install/robot_description/share/ament_index/resource_index/packages/robot_description
[0.238s] -- Up-to-date symlink: /home/boda/mako_ws/install/robot_description/share/robot_description/cmake/robot_descriptionConfig.cmake
[0.238s] -- Up-to-date symlink: /home/boda/mako_ws/install/robot_description/share/robot_description/cmake/robot_descriptionConfig-version.cmake
[0.238s] -- Up-to-date symlink: /home/boda/mako_ws/install/robot_description/share/robot_description/package.xml
[0.240s] Invoked command in '/home/boda/mako_ws/build/robot_description' returned '0': CMAKE_PREFIX_PATH=${CMAKE_PREFIX_PATH}:/opt/ros/humble /usr/bin/cmake --install /home/boda/mako_ws/build/robot_description
