-- Install configuration: ""
-- Execute custom install script
-- Up-to-date symlink: /home/boda/mako_ws/install/robot_description/share/robot_description/config/joint_names_mako urdf ass.yaml
-- Up-to-date symlink: /home/boda/mako_ws/install/robot_description/share/robot_description/launch/display.launch.py
-- Up-to-date symlink: /home/boda/mako_ws/install/robot_description/share/robot_description/launch/gazebo.launch.py
-- Up-to-date symlink: /home/boda/mako_ws/install/robot_description/share/robot_description/meshes/base_link.STL
-- Up-to-date symlink: /home/boda/mako_ws/install/robot_description/share/robot_description/meshes/t1.STL
-- Up-to-date symlink: /home/boda/mako_ws/install/robot_description/share/robot_description/meshes/t2.STL
-- Up-to-date symlink: /home/boda/mako_ws/install/robot_description/share/robot_description/meshes/t3.STL
-- Up-to-date symlink: /home/boda/mako_ws/install/robot_description/share/robot_description/meshes/t4.STL
-- Up-to-date symlink: /home/boda/mako_ws/install/robot_description/share/robot_description/meshes/t5.STL
-- Up-to-date symlink: /home/boda/mako_ws/install/robot_description/share/robot_description/meshes/t6.STL
-- Up-to-date symlink: /home/boda/mako_ws/install/robot_description/share/robot_description/urdf/mako urdf ass.csv
-- Symlinking: /home/boda/mako_ws/install/robot_description/share/robot_description/urdf/robot_description.urdf.xacro
-- Up-to-date symlink: /home/boda/mako_ws/install/robot_description/share/robot_description/worlds/pool.sdf
-- Up-to-date symlink: /home/boda/mako_ws/install/robot_description/share/robot_description/worlds/pools.sdf
-- Up-to-date symlink: /home/boda/mako_ws/install/robot_description/share/robot_description/package.xml
-- Up-to-date symlink: /home/boda/mako_ws/install/robot_description/share/ament_index/resource_index/package_run_dependencies/robot_description
-- Up-to-date symlink: /home/boda/mako_ws/install/robot_description/share/ament_index/resource_index/parent_prefix_path/robot_description
-- Up-to-date symlink: /home/boda/mako_ws/install/robot_description/share/robot_description/environment/ament_prefix_path.sh
-- Up-to-date symlink: /home/boda/mako_ws/install/robot_description/share/robot_description/environment/ament_prefix_path.dsv
-- Up-to-date symlink: /home/boda/mako_ws/install/robot_description/share/robot_description/environment/path.sh
-- Up-to-date symlink: /home/boda/mako_ws/install/robot_description/share/robot_description/environment/path.dsv
-- Up-to-date symlink: /home/boda/mako_ws/install/robot_description/share/robot_description/local_setup.bash
-- Up-to-date symlink: /home/boda/mako_ws/install/robot_description/share/robot_description/local_setup.sh
-- Up-to-date symlink: /home/boda/mako_ws/install/robot_description/share/robot_description/local_setup.zsh
-- Up-to-date symlink: /home/boda/mako_ws/install/robot_description/share/robot_description/local_setup.dsv
-- Symlinking: /home/boda/mako_ws/install/robot_description/share/robot_description/package.dsv
-- Up-to-date symlink: /home/boda/mako_ws/install/robot_description/share/ament_index/resource_index/packages/robot_description
-- Up-to-date symlink: /home/boda/mako_ws/install/robot_description/share/robot_description/cmake/robot_descriptionConfig.cmake
-- Up-to-date symlink: /home/boda/mako_ws/install/robot_description/share/robot_description/cmake/robot_descriptionConfig-version.cmake
-- Up-to-date symlink: /home/boda/mako_ws/install/robot_description/share/robot_description/package.xml
