[0.042s] DEBUG:colcon:Command line arguments: ['/usr/bin/colcon', 'build', '--symlink-install']
[0.042s] DEBUG:colcon:Parsed command line arguments: Namespace(log_base=None, log_level=None, verb_name='build', build_base='build', install_base='install', merge_install=False, symlink_install=True, test_result_base=None, continue_on_error=False, executor='parallel', parallel_workers=28, event_handlers=None, ignore_user_meta=False, metas=['./colcon.meta'], base_paths=['.'], packages_ignore=None, packages_ignore_regex=None, paths=None, packages_up_to=None, packages_up_to_regex=None, packages_above=None, packages_above_and_dependencies=None, packages_above_depth=None, packages_select_by_dep=None, packages_skip_by_dep=None, packages_skip_up_to=None, packages_select_build_failed=False, packages_skip_build_finished=False, packages_select_test_failures=False, packages_skip_test_passed=False, packages_select=None, packages_skip=None, packages_select_regex=None, packages_skip_regex=None, packages_start=None, packages_end=None, allow_overriding=[], cmake_args=None, cmake_target=None, cmake_target_skip_unavailable=False, cmake_clean_cache=False, cmake_clean_first=False, cmake_force_configure=False, ament_cmake_args=None, catkin_cmake_args=None, catkin_skip_building_tests=False, verb_parser=<colcon_defaults.argument_parser.defaults.DefaultArgumentsDecorator object at 0x704a7435caf0>, verb_extension=<colcon_core.verb.build.BuildVerb object at 0x704a7435c070>, main=<bound method BuildVerb.main of <colcon_core.verb.build.BuildVerb object at 0x704a7435c070>>)
[0.106s] Level 1:colcon.colcon_core.package_discovery:discover_packages(colcon_meta) check parameters
[0.106s] Level 1:colcon.colcon_core.package_discovery:discover_packages(recursive) check parameters
[0.106s] Level 1:colcon.colcon_core.package_discovery:discover_packages(ignore) check parameters
[0.106s] Level 1:colcon.colcon_core.package_discovery:discover_packages(path) check parameters
[0.106s] Level 1:colcon.colcon_core.package_discovery:discover_packages(colcon_meta) discover
[0.106s] Level 1:colcon.colcon_core.package_discovery:discover_packages(recursive) discover
[0.106s] INFO:colcon.colcon_core.package_discovery:Crawling recursively for packages in '/home/rashwan/fake_depth2'
[0.106s] Level 1:colcon.colcon_core.package_identification:_identify(.) by extensions ['ignore', 'ignore_ament_install']
[0.106s] Level 1:colcon.colcon_core.package_identification:_identify(.) by extension 'ignore'
[0.106s] Level 1:colcon.colcon_core.package_identification:_identify(.) by extension 'ignore_ament_install'
[0.106s] Level 1:colcon.colcon_core.package_identification:_identify(.) by extensions ['colcon_pkg']
[0.106s] Level 1:colcon.colcon_core.package_identification:_identify(.) by extension 'colcon_pkg'
[0.106s] Level 1:colcon.colcon_core.package_identification:_identify(.) by extensions ['colcon_meta']
[0.106s] Level 1:colcon.colcon_core.package_identification:_identify(.) by extension 'colcon_meta'
[0.106s] Level 1:colcon.colcon_core.package_identification:_identify(.) by extensions ['ros']
[0.106s] Level 1:colcon.colcon_core.package_identification:_identify(.) by extension 'ros'
[0.111s] Level 1:colcon.colcon_core.package_identification:_identify(.) by extensions ['cmake', 'python']
[0.111s] Level 1:colcon.colcon_core.package_identification:_identify(.) by extension 'cmake'
[0.111s] Level 1:colcon.colcon_core.package_identification:_identify(.) by extension 'python'
[0.111s] Level 1:colcon.colcon_core.package_identification:_identify(.) by extensions ['python_setup_py']
[0.111s] Level 1:colcon.colcon_core.package_identification:_identify(.) by extension 'python_setup_py'
[0.111s] Level 1:colcon.colcon_core.package_identification:_identify(build) by extensions ['ignore', 'ignore_ament_install']
[0.111s] Level 1:colcon.colcon_core.package_identification:_identify(build) by extension 'ignore'
[0.111s] Level 1:colcon.colcon_core.package_identification:_identify(build) ignored
[0.111s] Level 1:colcon.colcon_core.package_identification:_identify(install) by extensions ['ignore', 'ignore_ament_install']
[0.111s] Level 1:colcon.colcon_core.package_identification:_identify(install) by extension 'ignore'
[0.111s] Level 1:colcon.colcon_core.package_identification:_identify(install) ignored
[0.111s] Level 1:colcon.colcon_core.package_identification:_identify(log) by extensions ['ignore', 'ignore_ament_install']
[0.111s] Level 1:colcon.colcon_core.package_identification:_identify(log) by extension 'ignore'
[0.111s] Level 1:colcon.colcon_core.package_identification:_identify(log) ignored
[0.111s] Level 1:colcon.colcon_core.package_identification:_identify(src) by extensions ['ignore', 'ignore_ament_install']
[0.111s] Level 1:colcon.colcon_core.package_identification:_identify(src) by extension 'ignore'
[0.111s] Level 1:colcon.colcon_core.package_identification:_identify(src) by extension 'ignore_ament_install'
[0.111s] Level 1:colcon.colcon_core.package_identification:_identify(src) by extensions ['colcon_pkg']
[0.111s] Level 1:colcon.colcon_core.package_identification:_identify(src) by extension 'colcon_pkg'
[0.111s] Level 1:colcon.colcon_core.package_identification:_identify(src) by extensions ['colcon_meta']
[0.111s] Level 1:colcon.colcon_core.package_identification:_identify(src) by extension 'colcon_meta'
[0.111s] Level 1:colcon.colcon_core.package_identification:_identify(src) by extensions ['ros']
[0.111s] Level 1:colcon.colcon_core.package_identification:_identify(src) by extension 'ros'
[0.111s] Level 1:colcon.colcon_core.package_identification:_identify(src) by extensions ['cmake', 'python']
[0.111s] Level 1:colcon.colcon_core.package_identification:_identify(src) by extension 'cmake'
[0.111s] Level 1:colcon.colcon_core.package_identification:_identify(src) by extension 'python'
[0.111s] Level 1:colcon.colcon_core.package_identification:_identify(src) by extensions ['python_setup_py']
[0.111s] Level 1:colcon.colcon_core.package_identification:_identify(src) by extension 'python_setup_py'
[0.111s] Level 1:colcon.colcon_core.package_identification:_identify(src/fake_depth2) by extensions ['ignore', 'ignore_ament_install']
[0.111s] Level 1:colcon.colcon_core.package_identification:_identify(src/fake_depth2) by extension 'ignore'
[0.111s] Level 1:colcon.colcon_core.package_identification:_identify(src/fake_depth2) by extension 'ignore_ament_install'
[0.111s] Level 1:colcon.colcon_core.package_identification:_identify(src/fake_depth2) by extensions ['colcon_pkg']
[0.111s] Level 1:colcon.colcon_core.package_identification:_identify(src/fake_depth2) by extension 'colcon_pkg'
[0.111s] Level 1:colcon.colcon_core.package_identification:_identify(src/fake_depth2) by extensions ['colcon_meta']
[0.111s] Level 1:colcon.colcon_core.package_identification:_identify(src/fake_depth2) by extension 'colcon_meta'
[0.111s] Level 1:colcon.colcon_core.package_identification:_identify(src/fake_depth2) by extensions ['ros']
[0.111s] Level 1:colcon.colcon_core.package_identification:_identify(src/fake_depth2) by extension 'ros'
[0.113s] DEBUG:colcon.colcon_core.package_identification:Package 'src/fake_depth2' with type 'ros.ament_cmake' and name 'fake_depth2'
[0.113s] Level 1:colcon.colcon_core.package_identification:_identify(src/fake_depth2_interfaces) by extensions ['ignore', 'ignore_ament_install']
[0.113s] Level 1:colcon.colcon_core.package_identification:_identify(src/fake_depth2_interfaces) by extension 'ignore'
[0.113s] Level 1:colcon.colcon_core.package_identification:_identify(src/fake_depth2_interfaces) by extension 'ignore_ament_install'
[0.113s] Level 1:colcon.colcon_core.package_identification:_identify(src/fake_depth2_interfaces) by extensions ['colcon_pkg']
[0.113s] Level 1:colcon.colcon_core.package_identification:_identify(src/fake_depth2_interfaces) by extension 'colcon_pkg'
[0.113s] Level 1:colcon.colcon_core.package_identification:_identify(src/fake_depth2_interfaces) by extensions ['colcon_meta']
[0.113s] Level 1:colcon.colcon_core.package_identification:_identify(src/fake_depth2_interfaces) by extension 'colcon_meta'
[0.113s] Level 1:colcon.colcon_core.package_identification:_identify(src/fake_depth2_interfaces) by extensions ['ros']
[0.113s] Level 1:colcon.colcon_core.package_identification:_identify(src/fake_depth2_interfaces) by extension 'ros'
[0.113s] DEBUG:colcon.colcon_core.package_identification:Package 'src/fake_depth2_interfaces' with type 'ros.ament_cmake' and name 'fake_depth2_interfaces'
[0.113s] Level 1:colcon.colcon_core.package_discovery:discover_packages(recursive) using defaults
[0.113s] Level 1:colcon.colcon_core.package_discovery:discover_packages(ignore) discover
[0.113s] Level 1:colcon.colcon_core.package_discovery:discover_packages(ignore) using defaults
[0.113s] Level 1:colcon.colcon_core.package_discovery:discover_packages(path) discover
[0.113s] Level 1:colcon.colcon_core.package_discovery:discover_packages(path) using defaults
[0.125s] Level 1:colcon.colcon_core.package_discovery:discover_packages(prefix_path) check parameters
[0.125s] Level 1:colcon.colcon_core.package_discovery:discover_packages(prefix_path) discover
[0.126s] DEBUG:colcon.colcon_installed_package_information.package_discovery:Found 354 installed packages in /opt/ros/humble
[0.127s] Level 1:colcon.colcon_core.package_discovery:discover_packages(prefix_path) using defaults
[0.145s] Level 5:colcon.colcon_core.verb:set package 'fake_depth2_interfaces' build argument 'cmake_args' from command line to 'None'
[0.145s] Level 5:colcon.colcon_core.verb:set package 'fake_depth2_interfaces' build argument 'cmake_target' from command line to 'None'
[0.145s] Level 5:colcon.colcon_core.verb:set package 'fake_depth2_interfaces' build argument 'cmake_target_skip_unavailable' from command line to 'False'
[0.145s] Level 5:colcon.colcon_core.verb:set package 'fake_depth2_interfaces' build argument 'cmake_clean_cache' from command line to 'False'
[0.145s] Level 5:colcon.colcon_core.verb:set package 'fake_depth2_interfaces' build argument 'cmake_clean_first' from command line to 'False'
[0.145s] Level 5:colcon.colcon_core.verb:set package 'fake_depth2_interfaces' build argument 'cmake_force_configure' from command line to 'False'
[0.145s] Level 5:colcon.colcon_core.verb:set package 'fake_depth2_interfaces' build argument 'ament_cmake_args' from command line to 'None'
[0.145s] Level 5:colcon.colcon_core.verb:set package 'fake_depth2_interfaces' build argument 'catkin_cmake_args' from command line to 'None'
[0.145s] Level 5:colcon.colcon_core.verb:set package 'fake_depth2_interfaces' build argument 'catkin_skip_building_tests' from command line to 'False'
[0.145s] DEBUG:colcon.colcon_core.verb:Building package 'fake_depth2_interfaces' with the following arguments: {'ament_cmake_args': None, 'build_base': '/home/rashwan/fake_depth2/build/fake_depth2_interfaces', 'catkin_cmake_args': None, 'catkin_skip_building_tests': False, 'cmake_args': None, 'cmake_clean_cache': False, 'cmake_clean_first': False, 'cmake_force_configure': False, 'cmake_target': None, 'cmake_target_skip_unavailable': False, 'install_base': '/home/rashwan/fake_depth2/install/fake_depth2_interfaces', 'merge_install': False, 'path': '/home/rashwan/fake_depth2/src/fake_depth2_interfaces', 'symlink_install': True, 'test_result_base': None}
[0.145s] Level 5:colcon.colcon_core.verb:set package 'fake_depth2' build argument 'cmake_args' from command line to 'None'
[0.145s] Level 5:colcon.colcon_core.verb:set package 'fake_depth2' build argument 'cmake_target' from command line to 'None'
[0.145s] Level 5:colcon.colcon_core.verb:set package 'fake_depth2' build argument 'cmake_target_skip_unavailable' from command line to 'False'
[0.145s] Level 5:colcon.colcon_core.verb:set package 'fake_depth2' build argument 'cmake_clean_cache' from command line to 'False'
[0.145s] Level 5:colcon.colcon_core.verb:set package 'fake_depth2' build argument 'cmake_clean_first' from command line to 'False'
[0.145s] Level 5:colcon.colcon_core.verb:set package 'fake_depth2' build argument 'cmake_force_configure' from command line to 'False'
[0.145s] Level 5:colcon.colcon_core.verb:set package 'fake_depth2' build argument 'ament_cmake_args' from command line to 'None'
[0.145s] Level 5:colcon.colcon_core.verb:set package 'fake_depth2' build argument 'catkin_cmake_args' from command line to 'None'
[0.145s] Level 5:colcon.colcon_core.verb:set package 'fake_depth2' build argument 'catkin_skip_building_tests' from command line to 'False'
[0.145s] DEBUG:colcon.colcon_core.verb:Building package 'fake_depth2' with the following arguments: {'ament_cmake_args': None, 'build_base': '/home/rashwan/fake_depth2/build/fake_depth2', 'catkin_cmake_args': None, 'catkin_skip_building_tests': False, 'cmake_args': None, 'cmake_clean_cache': False, 'cmake_clean_first': False, 'cmake_force_configure': False, 'cmake_target': None, 'cmake_target_skip_unavailable': False, 'install_base': '/home/rashwan/fake_depth2/install/fake_depth2', 'merge_install': False, 'path': '/home/rashwan/fake_depth2/src/fake_depth2', 'symlink_install': True, 'test_result_base': None}
[0.145s] INFO:colcon.colcon_core.executor:Executing jobs using 'parallel' executor
[0.145s] DEBUG:colcon.colcon_parallel_executor.executor.parallel:run_until_complete
[0.145s] INFO:colcon.colcon_ros.task.ament_cmake.build:Building ROS package in '/home/rashwan/fake_depth2/src/fake_depth2_interfaces' with build type 'ament_cmake'
[0.145s] INFO:colcon.colcon_cmake.task.cmake.build:Building CMake package in '/home/rashwan/fake_depth2/src/fake_depth2_interfaces'
[0.146s] INFO:colcon.colcon_core.plugin_system:Skipping extension 'colcon_core.shell.bat': Not used on non-Windows systems
[0.146s] INFO:colcon.colcon_core.shell:Skip shell extension 'powershell' for command environment: Not usable outside of PowerShell
[0.146s] DEBUG:colcon.colcon_core.shell:Skip shell extension 'dsv' for command environment
[0.151s] DEBUG:colcon.colcon_core.event_handler.log_command:Invoking command in '/home/rashwan/fake_depth2/build/fake_depth2_interfaces': CMAKE_PREFIX_PATH=/opt/ros/humble /usr/bin/cmake /home/rashwan/fake_depth2/src/fake_depth2_interfaces -DAMENT_CMAKE_SYMLINK_INSTALL=1 -DCMAKE_INSTALL_PREFIX=/home/rashwan/fake_depth2/install/fake_depth2_interfaces
[1.170s] DEBUG:colcon.colcon_core.event_handler.log_command:Invoked command in '/home/rashwan/fake_depth2/build/fake_depth2_interfaces' returned '0': CMAKE_PREFIX_PATH=/opt/ros/humble /usr/bin/cmake /home/rashwan/fake_depth2/src/fake_depth2_interfaces -DAMENT_CMAKE_SYMLINK_INSTALL=1 -DCMAKE_INSTALL_PREFIX=/home/rashwan/fake_depth2/install/fake_depth2_interfaces
[1.171s] DEBUG:colcon.colcon_core.event_handler.log_command:Invoking command in '/home/rashwan/fake_depth2/build/fake_depth2_interfaces': CMAKE_PREFIX_PATH=/opt/ros/humble /usr/bin/cmake --build /home/rashwan/fake_depth2/build/fake_depth2_interfaces -- -j28 -l28
[2.810s] DEBUG:colcon.colcon_core.event_handler.log_command:Invoked command in '/home/rashwan/fake_depth2/build/fake_depth2_interfaces' returned '0': CMAKE_PREFIX_PATH=/opt/ros/humble /usr/bin/cmake --build /home/rashwan/fake_depth2/build/fake_depth2_interfaces -- -j28 -l28
[2.819s] DEBUG:colcon.colcon_core.event_handler.log_command:Invoking command in '/home/rashwan/fake_depth2/build/fake_depth2_interfaces': CMAKE_PREFIX_PATH=/opt/ros/humble /usr/bin/cmake --install /home/rashwan/fake_depth2/build/fake_depth2_interfaces
[4.082s] Level 1:colcon.colcon_core.environment:create_environment_scripts_only(fake_depth2_interfaces)
[4.082s] DEBUG:colcon.colcon_core.event_handler.log_command:Invoked command in '/home/rashwan/fake_depth2/build/fake_depth2_interfaces' returned '0': CMAKE_PREFIX_PATH=/opt/ros/humble /usr/bin/cmake --install /home/rashwan/fake_depth2/build/fake_depth2_interfaces
[4.084s] Level 1:colcon.colcon_core.environment:checking '/home/rashwan/fake_depth2/install/fake_depth2_interfaces' for CMake module files
[4.084s] Level 1:colcon.colcon_core.environment:checking '/home/rashwan/fake_depth2/install/fake_depth2_interfaces' for CMake config files
[4.085s] Level 1:colcon.colcon_core.shell:create_environment_hook('fake_depth2_interfaces', 'cmake_prefix_path')
[4.085s] INFO:colcon.colcon_core.shell:Creating environment hook '/home/rashwan/fake_depth2/install/fake_depth2_interfaces/share/fake_depth2_interfaces/hook/cmake_prefix_path.ps1'
[4.085s] INFO:colcon.colcon_core.shell:Creating environment descriptor '/home/rashwan/fake_depth2/install/fake_depth2_interfaces/share/fake_depth2_interfaces/hook/cmake_prefix_path.dsv'
[4.085s] INFO:colcon.colcon_core.shell:Creating environment hook '/home/rashwan/fake_depth2/install/fake_depth2_interfaces/share/fake_depth2_interfaces/hook/cmake_prefix_path.sh'
[4.086s] Level 1:colcon.colcon_core.environment:checking '/home/rashwan/fake_depth2/install/fake_depth2_interfaces/lib'
[4.086s] Level 1:colcon.colcon_core.shell:create_environment_hook('fake_depth2_interfaces', 'ld_library_path_lib')
[4.086s] INFO:colcon.colcon_core.shell:Creating environment hook '/home/rashwan/fake_depth2/install/fake_depth2_interfaces/share/fake_depth2_interfaces/hook/ld_library_path_lib.ps1'
[4.086s] INFO:colcon.colcon_core.shell:Creating environment descriptor '/home/rashwan/fake_depth2/install/fake_depth2_interfaces/share/fake_depth2_interfaces/hook/ld_library_path_lib.dsv'
[4.086s] INFO:colcon.colcon_core.shell:Creating environment hook '/home/rashwan/fake_depth2/install/fake_depth2_interfaces/share/fake_depth2_interfaces/hook/ld_library_path_lib.sh'
[4.086s] Level 1:colcon.colcon_core.environment:checking '/home/rashwan/fake_depth2/install/fake_depth2_interfaces/bin'
[4.086s] Level 1:colcon.colcon_core.environment:checking '/home/rashwan/fake_depth2/install/fake_depth2_interfaces/lib/pkgconfig/fake_depth2_interfaces.pc'
[4.086s] Level 1:colcon.colcon_core.environment:checking '/home/rashwan/fake_depth2/install/fake_depth2_interfaces/lib/python3.10/site-packages'
[4.086s] Level 1:colcon.colcon_core.environment:checking '/home/rashwan/fake_depth2/install/fake_depth2_interfaces/bin'
[4.087s] INFO:colcon.colcon_core.shell:Creating package script '/home/rashwan/fake_depth2/install/fake_depth2_interfaces/share/fake_depth2_interfaces/package.ps1'
[4.087s] INFO:colcon.colcon_core.shell:Creating package descriptor '/home/rashwan/fake_depth2/install/fake_depth2_interfaces/share/fake_depth2_interfaces/package.dsv'
[4.087s] INFO:colcon.colcon_core.shell:Creating package script '/home/rashwan/fake_depth2/install/fake_depth2_interfaces/share/fake_depth2_interfaces/package.sh'
[4.087s] INFO:colcon.colcon_core.shell:Creating package script '/home/rashwan/fake_depth2/install/fake_depth2_interfaces/share/fake_depth2_interfaces/package.bash'
[4.088s] INFO:colcon.colcon_core.shell:Creating package script '/home/rashwan/fake_depth2/install/fake_depth2_interfaces/share/fake_depth2_interfaces/package.zsh'
[4.088s] Level 1:colcon.colcon_core.environment:create_file_with_runtime_dependencies(/home/rashwan/fake_depth2/install/fake_depth2_interfaces/share/colcon-core/packages/fake_depth2_interfaces)
[4.088s] Level 1:colcon.colcon_core.environment:create_environment_scripts_only(fake_depth2_interfaces)
[4.088s] Level 1:colcon.colcon_core.environment:checking '/home/rashwan/fake_depth2/install/fake_depth2_interfaces' for CMake module files
[4.088s] Level 1:colcon.colcon_core.environment:checking '/home/rashwan/fake_depth2/install/fake_depth2_interfaces' for CMake config files
[4.089s] Level 1:colcon.colcon_core.shell:create_environment_hook('fake_depth2_interfaces', 'cmake_prefix_path')
[4.089s] INFO:colcon.colcon_core.shell:Creating environment hook '/home/rashwan/fake_depth2/install/fake_depth2_interfaces/share/fake_depth2_interfaces/hook/cmake_prefix_path.ps1'
[4.089s] INFO:colcon.colcon_core.shell:Creating environment descriptor '/home/rashwan/fake_depth2/install/fake_depth2_interfaces/share/fake_depth2_interfaces/hook/cmake_prefix_path.dsv'
[4.089s] INFO:colcon.colcon_core.shell:Creating environment hook '/home/rashwan/fake_depth2/install/fake_depth2_interfaces/share/fake_depth2_interfaces/hook/cmake_prefix_path.sh'
[4.089s] Level 1:colcon.colcon_core.environment:checking '/home/rashwan/fake_depth2/install/fake_depth2_interfaces/lib'
[4.089s] Level 1:colcon.colcon_core.shell:create_environment_hook('fake_depth2_interfaces', 'ld_library_path_lib')
[4.089s] INFO:colcon.colcon_core.shell:Creating environment hook '/home/rashwan/fake_depth2/install/fake_depth2_interfaces/share/fake_depth2_interfaces/hook/ld_library_path_lib.ps1'
[4.090s] INFO:colcon.colcon_core.shell:Creating environment descriptor '/home/rashwan/fake_depth2/install/fake_depth2_interfaces/share/fake_depth2_interfaces/hook/ld_library_path_lib.dsv'
[4.090s] INFO:colcon.colcon_core.shell:Creating environment hook '/home/rashwan/fake_depth2/install/fake_depth2_interfaces/share/fake_depth2_interfaces/hook/ld_library_path_lib.sh'
[4.090s] Level 1:colcon.colcon_core.environment:checking '/home/rashwan/fake_depth2/install/fake_depth2_interfaces/bin'
[4.090s] Level 1:colcon.colcon_core.environment:checking '/home/rashwan/fake_depth2/install/fake_depth2_interfaces/lib/pkgconfig/fake_depth2_interfaces.pc'
[4.090s] Level 1:colcon.colcon_core.environment:checking '/home/rashwan/fake_depth2/install/fake_depth2_interfaces/lib/python3.10/site-packages'
[4.090s] Level 1:colcon.colcon_core.environment:checking '/home/rashwan/fake_depth2/install/fake_depth2_interfaces/bin'
[4.090s] INFO:colcon.colcon_core.shell:Creating package script '/home/rashwan/fake_depth2/install/fake_depth2_interfaces/share/fake_depth2_interfaces/package.ps1'
[4.090s] INFO:colcon.colcon_core.shell:Creating package descriptor '/home/rashwan/fake_depth2/install/fake_depth2_interfaces/share/fake_depth2_interfaces/package.dsv'
[4.091s] INFO:colcon.colcon_core.shell:Creating package script '/home/rashwan/fake_depth2/install/fake_depth2_interfaces/share/fake_depth2_interfaces/package.sh'
[4.091s] INFO:colcon.colcon_core.shell:Creating package script '/home/rashwan/fake_depth2/install/fake_depth2_interfaces/share/fake_depth2_interfaces/package.bash'
[4.091s] INFO:colcon.colcon_core.shell:Creating package script '/home/rashwan/fake_depth2/install/fake_depth2_interfaces/share/fake_depth2_interfaces/package.zsh'
[4.091s] Level 1:colcon.colcon_core.environment:create_file_with_runtime_dependencies(/home/rashwan/fake_depth2/install/fake_depth2_interfaces/share/colcon-core/packages/fake_depth2_interfaces)
[4.091s] INFO:colcon.colcon_ros.task.ament_cmake.build:Building ROS package in '/home/rashwan/fake_depth2/src/fake_depth2' with build type 'ament_cmake'
[4.091s] INFO:colcon.colcon_cmake.task.cmake.build:Building CMake package in '/home/rashwan/fake_depth2/src/fake_depth2'
[4.091s] INFO:colcon.colcon_core.shell:Skip shell extension 'powershell' for command environment: Not usable outside of PowerShell
[4.091s] DEBUG:colcon.colcon_core.shell:Skip shell extension 'dsv' for command environment
[4.097s] DEBUG:colcon.colcon_core.event_handler.log_command:Invoking command in '/home/rashwan/fake_depth2/build/fake_depth2': AMENT_PREFIX_PATH=/home/rashwan/fake_depth2/install/fake_depth2_interfaces:${AMENT_PREFIX_PATH} CMAKE_PREFIX_PATH=/home/rashwan/fake_depth2/install/fake_depth2_interfaces:/opt/ros/humble LD_LIBRARY_PATH=/home/rashwan/fake_depth2/install/fake_depth2_interfaces/lib:${LD_LIBRARY_PATH} PYTHONPATH=/home/rashwan/fake_depth2/install/fake_depth2_interfaces/local/lib/python3.10/dist-packages:${PYTHONPATH} /usr/bin/cmake /home/rashwan/fake_depth2/src/fake_depth2 -DAMENT_CMAKE_SYMLINK_INSTALL=1 -DCMAKE_INSTALL_PREFIX=/home/rashwan/fake_depth2/install/fake_depth2
[4.722s] DEBUG:colcon.colcon_core.event_handler.log_command:Invoked command in '/home/rashwan/fake_depth2/build/fake_depth2' returned '0': AMENT_PREFIX_PATH=/home/rashwan/fake_depth2/install/fake_depth2_interfaces:${AMENT_PREFIX_PATH} CMAKE_PREFIX_PATH=/home/rashwan/fake_depth2/install/fake_depth2_interfaces:/opt/ros/humble LD_LIBRARY_PATH=/home/rashwan/fake_depth2/install/fake_depth2_interfaces/lib:${LD_LIBRARY_PATH} PYTHONPATH=/home/rashwan/fake_depth2/install/fake_depth2_interfaces/local/lib/python3.10/dist-packages:${PYTHONPATH} /usr/bin/cmake /home/rashwan/fake_depth2/src/fake_depth2 -DAMENT_CMAKE_SYMLINK_INSTALL=1 -DCMAKE_INSTALL_PREFIX=/home/rashwan/fake_depth2/install/fake_depth2
[4.722s] DEBUG:colcon.colcon_core.event_handler.log_command:Invoking command in '/home/rashwan/fake_depth2/build/fake_depth2': AMENT_PREFIX_PATH=/home/rashwan/fake_depth2/install/fake_depth2_interfaces:${AMENT_PREFIX_PATH} CMAKE_PREFIX_PATH=/home/rashwan/fake_depth2/install/fake_depth2_interfaces:/opt/ros/humble LD_LIBRARY_PATH=/home/rashwan/fake_depth2/install/fake_depth2_interfaces/lib:${LD_LIBRARY_PATH} PYTHONPATH=/home/rashwan/fake_depth2/install/fake_depth2_interfaces/local/lib/python3.10/dist-packages:${PYTHONPATH} /usr/bin/cmake --build /home/rashwan/fake_depth2/build/fake_depth2 -- -j28 -l28
[8.390s] DEBUG:colcon.colcon_core.event_handler.log_command:Invoked command in '/home/rashwan/fake_depth2/build/fake_depth2' returned '0': AMENT_PREFIX_PATH=/home/rashwan/fake_depth2/install/fake_depth2_interfaces:${AMENT_PREFIX_PATH} CMAKE_PREFIX_PATH=/home/rashwan/fake_depth2/install/fake_depth2_interfaces:/opt/ros/humble LD_LIBRARY_PATH=/home/rashwan/fake_depth2/install/fake_depth2_interfaces/lib:${LD_LIBRARY_PATH} PYTHONPATH=/home/rashwan/fake_depth2/install/fake_depth2_interfaces/local/lib/python3.10/dist-packages:${PYTHONPATH} /usr/bin/cmake --build /home/rashwan/fake_depth2/build/fake_depth2 -- -j28 -l28
[8.391s] DEBUG:colcon.colcon_core.event_handler.log_command:Invoking command in '/home/rashwan/fake_depth2/build/fake_depth2': AMENT_PREFIX_PATH=/home/rashwan/fake_depth2/install/fake_depth2_interfaces:${AMENT_PREFIX_PATH} CMAKE_PREFIX_PATH=/home/rashwan/fake_depth2/install/fake_depth2_interfaces:/opt/ros/humble LD_LIBRARY_PATH=/home/rashwan/fake_depth2/install/fake_depth2_interfaces/lib:${LD_LIBRARY_PATH} PYTHONPATH=/home/rashwan/fake_depth2/install/fake_depth2_interfaces/local/lib/python3.10/dist-packages:${PYTHONPATH} /usr/bin/cmake --install /home/rashwan/fake_depth2/build/fake_depth2
[8.490s] Level 1:colcon.colcon_core.environment:create_environment_scripts_only(fake_depth2)
[8.490s] Level 1:colcon.colcon_core.environment:checking '/home/rashwan/fake_depth2/install/fake_depth2' for CMake module files
[8.491s] DEBUG:colcon.colcon_core.event_handler.log_command:Invoked command in '/home/rashwan/fake_depth2/build/fake_depth2' returned '0': AMENT_PREFIX_PATH=/home/rashwan/fake_depth2/install/fake_depth2_interfaces:${AMENT_PREFIX_PATH} CMAKE_PREFIX_PATH=/home/rashwan/fake_depth2/install/fake_depth2_interfaces:/opt/ros/humble LD_LIBRARY_PATH=/home/rashwan/fake_depth2/install/fake_depth2_interfaces/lib:${LD_LIBRARY_PATH} PYTHONPATH=/home/rashwan/fake_depth2/install/fake_depth2_interfaces/local/lib/python3.10/dist-packages:${PYTHONPATH} /usr/bin/cmake --install /home/rashwan/fake_depth2/build/fake_depth2
[8.491s] Level 1:colcon.colcon_core.environment:checking '/home/rashwan/fake_depth2/install/fake_depth2' for CMake config files
[8.491s] Level 1:colcon.colcon_core.shell:create_environment_hook('fake_depth2', 'cmake_prefix_path')
[8.491s] INFO:colcon.colcon_core.shell:Creating environment hook '/home/rashwan/fake_depth2/install/fake_depth2/share/fake_depth2/hook/cmake_prefix_path.ps1'
[8.492s] INFO:colcon.colcon_core.shell:Creating environment descriptor '/home/rashwan/fake_depth2/install/fake_depth2/share/fake_depth2/hook/cmake_prefix_path.dsv'
[8.492s] INFO:colcon.colcon_core.shell:Creating environment hook '/home/rashwan/fake_depth2/install/fake_depth2/share/fake_depth2/hook/cmake_prefix_path.sh'
[8.492s] Level 1:colcon.colcon_core.environment:checking '/home/rashwan/fake_depth2/install/fake_depth2/lib'
[8.492s] Level 1:colcon.colcon_core.environment:checking '/home/rashwan/fake_depth2/install/fake_depth2/bin'
[8.492s] Level 1:colcon.colcon_core.environment:checking '/home/rashwan/fake_depth2/install/fake_depth2/lib/pkgconfig/fake_depth2.pc'
[8.493s] Level 1:colcon.colcon_core.environment:checking '/home/rashwan/fake_depth2/install/fake_depth2/lib/python3.10/site-packages'
[8.493s] Level 1:colcon.colcon_core.environment:checking '/home/rashwan/fake_depth2/install/fake_depth2/bin'
[8.493s] INFO:colcon.colcon_core.shell:Creating package script '/home/rashwan/fake_depth2/install/fake_depth2/share/fake_depth2/package.ps1'
[8.493s] INFO:colcon.colcon_core.shell:Creating package descriptor '/home/rashwan/fake_depth2/install/fake_depth2/share/fake_depth2/package.dsv'
[8.494s] INFO:colcon.colcon_core.shell:Creating package script '/home/rashwan/fake_depth2/install/fake_depth2/share/fake_depth2/package.sh'
[8.494s] INFO:colcon.colcon_core.shell:Creating package script '/home/rashwan/fake_depth2/install/fake_depth2/share/fake_depth2/package.bash'
[8.494s] INFO:colcon.colcon_core.shell:Creating package script '/home/rashwan/fake_depth2/install/fake_depth2/share/fake_depth2/package.zsh'
[8.494s] Level 1:colcon.colcon_core.environment:create_file_with_runtime_dependencies(/home/rashwan/fake_depth2/install/fake_depth2/share/colcon-core/packages/fake_depth2)
[8.495s] Level 1:colcon.colcon_core.environment:create_environment_scripts_only(fake_depth2)
[8.495s] Level 1:colcon.colcon_core.environment:checking '/home/rashwan/fake_depth2/install/fake_depth2' for CMake module files
[8.495s] Level 1:colcon.colcon_core.environment:checking '/home/rashwan/fake_depth2/install/fake_depth2' for CMake config files
[8.496s] Level 1:colcon.colcon_core.shell:create_environment_hook('fake_depth2', 'cmake_prefix_path')
[8.496s] INFO:colcon.colcon_core.shell:Creating environment hook '/home/rashwan/fake_depth2/install/fake_depth2/share/fake_depth2/hook/cmake_prefix_path.ps1'
[8.496s] INFO:colcon.colcon_core.shell:Creating environment descriptor '/home/rashwan/fake_depth2/install/fake_depth2/share/fake_depth2/hook/cmake_prefix_path.dsv'
[8.496s] INFO:colcon.colcon_core.shell:Creating environment hook '/home/rashwan/fake_depth2/install/fake_depth2/share/fake_depth2/hook/cmake_prefix_path.sh'
[8.497s] Level 1:colcon.colcon_core.environment:checking '/home/rashwan/fake_depth2/install/fake_depth2/lib'
[8.497s] Level 1:colcon.colcon_core.environment:checking '/home/rashwan/fake_depth2/install/fake_depth2/bin'
[8.497s] Level 1:colcon.colcon_core.environment:checking '/home/rashwan/fake_depth2/install/fake_depth2/lib/pkgconfig/fake_depth2.pc'
[8.497s] Level 1:colcon.colcon_core.environment:checking '/home/rashwan/fake_depth2/install/fake_depth2/lib/python3.10/site-packages'
[8.497s] Level 1:colcon.colcon_core.environment:checking '/home/rashwan/fake_depth2/install/fake_depth2/bin'
[8.497s] INFO:colcon.colcon_core.shell:Creating package script '/home/rashwan/fake_depth2/install/fake_depth2/share/fake_depth2/package.ps1'
[8.498s] INFO:colcon.colcon_core.shell:Creating package descriptor '/home/rashwan/fake_depth2/install/fake_depth2/share/fake_depth2/package.dsv'
[8.498s] INFO:colcon.colcon_core.shell:Creating package script '/home/rashwan/fake_depth2/install/fake_depth2/share/fake_depth2/package.sh'
[8.498s] INFO:colcon.colcon_core.shell:Creating package script '/home/rashwan/fake_depth2/install/fake_depth2/share/fake_depth2/package.bash'
[8.498s] INFO:colcon.colcon_core.shell:Creating package script '/home/rashwan/fake_depth2/install/fake_depth2/share/fake_depth2/package.zsh'
[8.498s] Level 1:colcon.colcon_core.environment:create_file_with_runtime_dependencies(/home/rashwan/fake_depth2/install/fake_depth2/share/colcon-core/packages/fake_depth2)
[8.498s] DEBUG:colcon.colcon_parallel_executor.executor.parallel:closing loop
[8.499s] DEBUG:colcon.colcon_parallel_executor.executor.parallel:loop closed
[8.499s] DEBUG:colcon.colcon_parallel_executor.executor.parallel:run_until_complete finished with '0'
[8.499s] DEBUG:colcon.colcon_core.event_reactor:joining thread
[8.502s] INFO:colcon.colcon_core.plugin_system:Skipping extension 'colcon_notification.desktop_notification.terminal_notifier': Not used on non-Darwin systems
[8.502s] INFO:colcon.colcon_core.plugin_system:Skipping extension 'colcon_notification.desktop_notification.win32': Not used on non-Windows systems
[8.502s] INFO:colcon.colcon_notification.desktop_notification:Sending desktop notification using 'notify2'
[8.508s] DEBUG:colcon.colcon_core.event_reactor:joined thread
[8.508s] INFO:colcon.colcon_core.shell:Creating prefix script '/home/rashwan/fake_depth2/install/local_setup.ps1'
[8.509s] INFO:colcon.colcon_core.shell:Creating prefix util module '/home/rashwan/fake_depth2/install/_local_setup_util_ps1.py'
[8.509s] INFO:colcon.colcon_core.shell:Creating prefix chain script '/home/rashwan/fake_depth2/install/setup.ps1'
[8.510s] INFO:colcon.colcon_core.shell:Creating prefix script '/home/rashwan/fake_depth2/install/local_setup.sh'
[8.510s] INFO:colcon.colcon_core.shell:Creating prefix util module '/home/rashwan/fake_depth2/install/_local_setup_util_sh.py'
[8.511s] INFO:colcon.colcon_core.shell:Creating prefix chain script '/home/rashwan/fake_depth2/install/setup.sh'
[8.511s] INFO:colcon.colcon_core.shell:Creating prefix script '/home/rashwan/fake_depth2/install/local_setup.bash'
[8.511s] INFO:colcon.colcon_core.shell:Creating prefix chain script '/home/rashwan/fake_depth2/install/setup.bash'
[8.512s] INFO:colcon.colcon_core.shell:Creating prefix script '/home/rashwan/fake_depth2/install/local_setup.zsh'
[8.512s] INFO:colcon.colcon_core.shell:Creating prefix chain script '/home/rashwan/fake_depth2/install/setup.zsh'
