[0.073s] DEBUG:colcon:Command line arguments: ['/usr/bin/colcon', 'build', '--packages-select', 'fake_depth_sensor', '--symlink-install']
[0.073s] DEBUG:colcon:Parsed command line arguments: Namespace(log_base=None, log_level=None, verb_name='build', build_base='build', install_base='install', merge_install=False, symlink_install=True, test_result_base=None, continue_on_error=False, executor='parallel', parallel_workers=20, event_handlers=None, ignore_user_meta=False, metas=['./colcon.meta'], base_paths=['.'], packages_ignore=None, packages_ignore_regex=None, paths=None, packages_up_to=None, packages_up_to_regex=None, packages_above=None, packages_above_and_dependencies=None, packages_above_depth=None, packages_select_by_dep=None, packages_skip_by_dep=None, packages_skip_up_to=None, packages_select_build_failed=False, packages_skip_build_finished=False, packages_select_test_failures=False, packages_skip_test_passed=False, packages_select=['fake_depth_sensor'], packages_skip=None, packages_select_regex=None, packages_skip_regex=None, packages_start=None, packages_end=None, cmake_args=None, cmake_target=None, cmake_target_skip_unavailable=False, cmake_clean_cache=False, cmake_clean_first=False, cmake_force_configure=False, ament_cmake_args=None, catkin_cmake_args=None, catkin_skip_building_tests=False, mixin_files=None, mixin=None, verb_parser=<colcon_mixin.mixin.mixin_argument.MixinArgumentDecorator object at 0x7414855d3850>, verb_extension=<colcon_core.verb.build.BuildVerb object at 0x7414855d3310>, main=<bound method BuildVerb.main of <colcon_core.verb.build.BuildVerb object at 0x7414855d3310>>, mixin_verb=('build',))
[0.146s] Level 1:colcon.colcon_core.package_discovery:discover_packages(colcon_meta) check parameters
[0.146s] Level 1:colcon.colcon_core.package_discovery:discover_packages(recursive) check parameters
[0.147s] Level 1:colcon.colcon_core.package_discovery:discover_packages(ignore) check parameters
[0.147s] Level 1:colcon.colcon_core.package_discovery:discover_packages(path) check parameters
[0.147s] Level 1:colcon.colcon_core.package_discovery:discover_packages(colcon_meta) discover
[0.147s] Level 1:colcon.colcon_core.package_discovery:discover_packages(recursive) discover
[0.147s] INFO:colcon.colcon_core.package_discovery:Crawling recursively for packages in '/workspace'
[0.147s] Level 1:colcon.colcon_core.package_identification:_identify(.) by extensions ['ignore', 'ignore_ament_install']
[0.147s] Level 1:colcon.colcon_core.package_identification:_identify(.) by extension 'ignore'
[0.147s] Level 1:colcon.colcon_core.package_identification:_identify(.) by extension 'ignore_ament_install'
[0.147s] Level 1:colcon.colcon_core.package_identification:_identify(.) by extensions ['colcon_pkg']
[0.147s] Level 1:colcon.colcon_core.package_identification:_identify(.) by extension 'colcon_pkg'
[0.147s] Level 1:colcon.colcon_core.package_identification:_identify(.) by extensions ['colcon_meta']
[0.147s] Level 1:colcon.colcon_core.package_identification:_identify(.) by extension 'colcon_meta'
[0.147s] Level 1:colcon.colcon_core.package_identification:_identify(.) by extensions ['ros']
[0.147s] Level 1:colcon.colcon_core.package_identification:_identify(.) by extension 'ros'
[0.153s] Level 1:colcon.colcon_core.package_identification:_identify(.) by extensions ['cmake', 'python']
[0.153s] Level 1:colcon.colcon_core.package_identification:_identify(.) by extension 'cmake'
[0.153s] Level 1:colcon.colcon_core.package_identification:_identify(.) by extension 'python'
[0.153s] Level 1:colcon.colcon_core.package_identification:_identify(.) by extensions ['python_setup_py']
[0.153s] Level 1:colcon.colcon_core.package_identification:_identify(.) by extension 'python_setup_py'
[0.153s] Level 1:colcon.colcon_core.package_identification:_identify(build) by extensions ['ignore', 'ignore_ament_install']
[0.153s] Level 1:colcon.colcon_core.package_identification:_identify(build) by extension 'ignore'
[0.153s] Level 1:colcon.colcon_core.package_identification:_identify(build) ignored
[0.153s] Level 1:colcon.colcon_core.package_identification:_identify(c++) by extensions ['ignore', 'ignore_ament_install']
[0.153s] Level 1:colcon.colcon_core.package_identification:_identify(c++) by extension 'ignore'
[0.153s] Level 1:colcon.colcon_core.package_identification:_identify(c++) by extension 'ignore_ament_install'
[0.153s] Level 1:colcon.colcon_core.package_identification:_identify(c++) by extensions ['colcon_pkg']
[0.153s] Level 1:colcon.colcon_core.package_identification:_identify(c++) by extension 'colcon_pkg'
[0.153s] Level 1:colcon.colcon_core.package_identification:_identify(c++) by extensions ['colcon_meta']
[0.153s] Level 1:colcon.colcon_core.package_identification:_identify(c++) by extension 'colcon_meta'
[0.153s] Level 1:colcon.colcon_core.package_identification:_identify(c++) by extensions ['ros']
[0.153s] Level 1:colcon.colcon_core.package_identification:_identify(c++) by extension 'ros'
[0.153s] Level 1:colcon.colcon_core.package_identification:_identify(c++) by extensions ['cmake', 'python']
[0.153s] Level 1:colcon.colcon_core.package_identification:_identify(c++) by extension 'cmake'
[0.155s] Level 1:colcon.colcon_core.package_identification:_identify(c++) by extension 'python'
[0.155s] DEBUG:colcon.colcon_core.package_identification:Package 'c++' with type 'cmake' and name 'c__'
[0.155s] Level 1:colcon.colcon_core.package_identification:_identify(install) by extensions ['ignore', 'ignore_ament_install']
[0.155s] Level 1:colcon.colcon_core.package_identification:_identify(install) by extension 'ignore'
[0.155s] Level 1:colcon.colcon_core.package_identification:_identify(install) ignored
[0.155s] Level 1:colcon.colcon_core.package_identification:_identify(log) by extensions ['ignore', 'ignore_ament_install']
[0.155s] Level 1:colcon.colcon_core.package_identification:_identify(log) by extension 'ignore'
[0.155s] Level 1:colcon.colcon_core.package_identification:_identify(log) ignored
[0.155s] Level 1:colcon.colcon_core.package_identification:_identify(src) by extensions ['ignore', 'ignore_ament_install']
[0.155s] Level 1:colcon.colcon_core.package_identification:_identify(src) by extension 'ignore'
[0.155s] Level 1:colcon.colcon_core.package_identification:_identify(src) by extension 'ignore_ament_install'
[0.155s] Level 1:colcon.colcon_core.package_identification:_identify(src) by extensions ['colcon_pkg']
[0.155s] Level 1:colcon.colcon_core.package_identification:_identify(src) by extension 'colcon_pkg'
[0.155s] Level 1:colcon.colcon_core.package_identification:_identify(src) by extensions ['colcon_meta']
[0.155s] Level 1:colcon.colcon_core.package_identification:_identify(src) by extension 'colcon_meta'
[0.155s] Level 1:colcon.colcon_core.package_identification:_identify(src) by extensions ['ros']
[0.155s] Level 1:colcon.colcon_core.package_identification:_identify(src) by extension 'ros'
[0.155s] Level 1:colcon.colcon_core.package_identification:_identify(src) by extensions ['cmake', 'python']
[0.155s] Level 1:colcon.colcon_core.package_identification:_identify(src) by extension 'cmake'
[0.155s] Level 1:colcon.colcon_core.package_identification:_identify(src) by extension 'python'
[0.155s] Level 1:colcon.colcon_core.package_identification:_identify(src) by extensions ['python_setup_py']
[0.155s] Level 1:colcon.colcon_core.package_identification:_identify(src) by extension 'python_setup_py'
[0.155s] Level 1:colcon.colcon_core.package_identification:_identify(src/fake_depth_sensor) by extensions ['ignore', 'ignore_ament_install']
[0.155s] Level 1:colcon.colcon_core.package_identification:_identify(src/fake_depth_sensor) by extension 'ignore'
[0.155s] Level 1:colcon.colcon_core.package_identification:_identify(src/fake_depth_sensor) by extension 'ignore_ament_install'
[0.155s] Level 1:colcon.colcon_core.package_identification:_identify(src/fake_depth_sensor) by extensions ['colcon_pkg']
[0.155s] Level 1:colcon.colcon_core.package_identification:_identify(src/fake_depth_sensor) by extension 'colcon_pkg'
[0.155s] Level 1:colcon.colcon_core.package_identification:_identify(src/fake_depth_sensor) by extensions ['colcon_meta']
[0.155s] Level 1:colcon.colcon_core.package_identification:_identify(src/fake_depth_sensor) by extension 'colcon_meta'
[0.155s] Level 1:colcon.colcon_core.package_identification:_identify(src/fake_depth_sensor) by extensions ['ros']
[0.155s] Level 1:colcon.colcon_core.package_identification:_identify(src/fake_depth_sensor) by extension 'ros'
[0.157s] DEBUG:colcon.colcon_core.package_identification:Package 'src/fake_depth_sensor' with type 'ros.ament_python' and name 'fake_depth_sensor'
[0.157s] Level 1:colcon.colcon_core.package_discovery:discover_packages(recursive) using defaults
[0.157s] Level 1:colcon.colcon_core.package_discovery:discover_packages(ignore) discover
[0.157s] Level 1:colcon.colcon_core.package_discovery:discover_packages(ignore) using defaults
[0.157s] Level 1:colcon.colcon_core.package_discovery:discover_packages(path) discover
[0.157s] Level 1:colcon.colcon_core.package_discovery:discover_packages(path) using defaults
[0.167s] INFO:colcon.colcon_core.package_selection:Skipping not selected package 'c__' in 'c++'
[0.167s] Level 5:colcon.colcon_core.verb:set package 'fake_depth_sensor' build argument 'cmake_args' from command line to 'None'
[0.167s] Level 5:colcon.colcon_core.verb:set package 'fake_depth_sensor' build argument 'cmake_target' from command line to 'None'
[0.167s] Level 5:colcon.colcon_core.verb:set package 'fake_depth_sensor' build argument 'cmake_target_skip_unavailable' from command line to 'False'
[0.167s] Level 5:colcon.colcon_core.verb:set package 'fake_depth_sensor' build argument 'cmake_clean_cache' from command line to 'False'
[0.167s] Level 5:colcon.colcon_core.verb:set package 'fake_depth_sensor' build argument 'cmake_clean_first' from command line to 'False'
[0.167s] Level 5:colcon.colcon_core.verb:set package 'fake_depth_sensor' build argument 'cmake_force_configure' from command line to 'False'
[0.167s] Level 5:colcon.colcon_core.verb:set package 'fake_depth_sensor' build argument 'ament_cmake_args' from command line to 'None'
[0.167s] Level 5:colcon.colcon_core.verb:set package 'fake_depth_sensor' build argument 'catkin_cmake_args' from command line to 'None'
[0.167s] Level 5:colcon.colcon_core.verb:set package 'fake_depth_sensor' build argument 'catkin_skip_building_tests' from command line to 'False'
[0.167s] DEBUG:colcon.colcon_core.verb:Building package 'fake_depth_sensor' with the following arguments: {'ament_cmake_args': None, 'build_base': '/workspace/build/fake_depth_sensor', 'catkin_cmake_args': None, 'catkin_skip_building_tests': False, 'cmake_args': None, 'cmake_clean_cache': False, 'cmake_clean_first': False, 'cmake_force_configure': False, 'cmake_target': None, 'cmake_target_skip_unavailable': False, 'install_base': '/workspace/install/fake_depth_sensor', 'merge_install': False, 'path': '/workspace/src/fake_depth_sensor', 'symlink_install': True, 'test_result_base': None}
[0.167s] INFO:colcon.colcon_core.executor:Executing jobs using 'parallel' executor
[0.168s] DEBUG:colcon.colcon_parallel_executor.executor.parallel:run_until_complete
[0.168s] INFO:colcon.colcon_ros.task.ament_python.build:Building ROS package in '/workspace/src/fake_depth_sensor' with build type 'ament_python'
[0.168s] Level 1:colcon.colcon_core.shell:create_environment_hook('fake_depth_sensor', 'ament_prefix_path')
[0.169s] INFO:colcon.colcon_core.plugin_system:Skipping extension 'colcon_core.shell.bat': Not used on non-Windows systems
[0.169s] INFO:colcon.colcon_core.shell:Creating environment hook '/workspace/install/fake_depth_sensor/share/fake_depth_sensor/hook/ament_prefix_path.ps1'
[0.170s] INFO:colcon.colcon_core.shell:Creating environment descriptor '/workspace/install/fake_depth_sensor/share/fake_depth_sensor/hook/ament_prefix_path.dsv'
[0.170s] INFO:colcon.colcon_core.shell:Creating environment hook '/workspace/install/fake_depth_sensor/share/fake_depth_sensor/hook/ament_prefix_path.sh'
[0.170s] INFO:colcon.colcon_core.shell:Skip shell extension 'powershell' for command environment: Not usable outside of PowerShell
[0.170s] DEBUG:colcon.colcon_core.shell:Skip shell extension 'dsv' for command environment
[0.285s] INFO:colcon.colcon_core.task.python.build:Building Python package in '/workspace/src/fake_depth_sensor'
[0.285s] INFO:colcon.colcon_core.shell:Skip shell extension 'powershell' for command environment: Not usable outside of PowerShell
[0.285s] DEBUG:colcon.colcon_core.shell:Skip shell extension 'dsv' for command environment
[0.448s] DEBUG:colcon.colcon_core.task.python.build:Available setuptools commands: install_data, install_egg_info, egg_info, setopt, develop, build_scripts, build_ext, install_scripts, bdist, test, clean, upload_docs, build_clib, install, sdist, bdist_dumb, bdist_rpm, register, saveopts, build, build_py, install_lib, check, install_headers, easy_install, rotate, dist_info, bdist_egg, upload, alias, symlink_data
[0.578s] DEBUG:colcon.colcon_core.task.python.build:Available setuptools 'develop' options: --help, --allow-hosts, --no-user-cfg, --no-find-links, --always-copy, --find-links, --script-dir, --build-directory, --zip-ok, --optimize, --install-dir, --dry-run, --prefix, --version, --verbose, --editable, --record, --local-snapshots-ok, --multi-version, --site-dirs, --install-layout, --upgrade, --uninstall, --no-deps, --force-installation-into-system-dir, --exclude-scripts, --always-unzip, --egg-path, --user, --index-url, --quiet
[0.579s] DEBUG:colcon.colcon_core.event_handler.log_command:Invoking command in '/workspace/build/fake_depth_sensor': PYTHONPATH=/workspace/build/fake_depth_sensor/prefix_override:/usr/lib/python3/dist-packages/colcon_core/task/python/colcon_distutils_commands:/workspace/install/fake_depth_sensor/lib/python3.10/site-packages:${PYTHONPATH} /usr/bin/python3 -W ignore:setup.py install is deprecated -W ignore:easy_install command is deprecated setup.py develop --editable --build-directory /workspace/build/fake_depth_sensor/build --no-deps symlink_data
[0.778s] Level 1:colcon.colcon_core.shell:create_environment_hook('fake_depth_sensor', 'pythonpath_develop')
[0.778s] INFO:colcon.colcon_core.shell:Creating environment hook '/workspace/build/fake_depth_sensor/share/fake_depth_sensor/hook/pythonpath_develop.ps1'
[0.779s] DEBUG:colcon.colcon_core.event_handler.log_command:Invoked command in '/workspace/build/fake_depth_sensor' returned '0': PYTHONPATH=/workspace/build/fake_depth_sensor/prefix_override:/usr/lib/python3/dist-packages/colcon_core/task/python/colcon_distutils_commands:/workspace/install/fake_depth_sensor/lib/python3.10/site-packages:${PYTHONPATH} /usr/bin/python3 -W ignore:setup.py install is deprecated -W ignore:easy_install command is deprecated setup.py develop --editable --build-directory /workspace/build/fake_depth_sensor/build --no-deps symlink_data
[0.779s] INFO:colcon.colcon_core.shell:Creating environment descriptor '/workspace/build/fake_depth_sensor/share/fake_depth_sensor/hook/pythonpath_develop.dsv'
[0.780s] INFO:colcon.colcon_core.shell:Creating environment hook '/workspace/build/fake_depth_sensor/share/fake_depth_sensor/hook/pythonpath_develop.sh'
[0.783s] Level 1:colcon.colcon_core.environment:checking '/workspace/install/fake_depth_sensor' for CMake module files
[0.784s] Level 1:colcon.colcon_core.environment:checking '/workspace/install/fake_depth_sensor' for CMake config files
[0.784s] Level 1:colcon.colcon_core.environment:checking '/workspace/install/fake_depth_sensor/lib'
[0.784s] Level 1:colcon.colcon_core.environment:checking '/workspace/install/fake_depth_sensor/bin'
[0.784s] Level 1:colcon.colcon_core.environment:checking '/workspace/install/fake_depth_sensor/lib/pkgconfig/fake_depth_sensor.pc'
[0.784s] Level 1:colcon.colcon_core.environment:checking '/workspace/install/fake_depth_sensor/lib/python3.10/site-packages'
[0.784s] Level 1:colcon.colcon_core.shell:create_environment_hook('fake_depth_sensor', 'pythonpath')
[0.784s] INFO:colcon.colcon_core.shell:Creating environment hook '/workspace/install/fake_depth_sensor/share/fake_depth_sensor/hook/pythonpath.ps1'
[0.785s] INFO:colcon.colcon_core.shell:Creating environment descriptor '/workspace/install/fake_depth_sensor/share/fake_depth_sensor/hook/pythonpath.dsv'
[0.785s] INFO:colcon.colcon_core.shell:Creating environment hook '/workspace/install/fake_depth_sensor/share/fake_depth_sensor/hook/pythonpath.sh'
[0.785s] Level 1:colcon.colcon_core.environment:checking '/workspace/install/fake_depth_sensor/bin'
[0.785s] Level 1:colcon.colcon_core.environment:create_environment_scripts_only(fake_depth_sensor)
[0.785s] INFO:colcon.colcon_core.shell:Creating package script '/workspace/install/fake_depth_sensor/share/fake_depth_sensor/package.ps1'
[0.786s] INFO:colcon.colcon_core.shell:Creating package descriptor '/workspace/install/fake_depth_sensor/share/fake_depth_sensor/package.dsv'
[0.786s] INFO:colcon.colcon_core.shell:Creating package script '/workspace/install/fake_depth_sensor/share/fake_depth_sensor/package.sh'
[0.787s] INFO:colcon.colcon_core.shell:Creating package script '/workspace/install/fake_depth_sensor/share/fake_depth_sensor/package.bash'
[0.787s] INFO:colcon.colcon_core.shell:Creating package script '/workspace/install/fake_depth_sensor/share/fake_depth_sensor/package.zsh'
[0.788s] Level 1:colcon.colcon_core.environment:create_file_with_runtime_dependencies(/workspace/install/fake_depth_sensor/share/colcon-core/packages/fake_depth_sensor)
[0.788s] DEBUG:colcon.colcon_parallel_executor.executor.parallel:closing loop
[0.788s] DEBUG:colcon.colcon_parallel_executor.executor.parallel:loop closed
[0.788s] DEBUG:colcon.colcon_parallel_executor.executor.parallel:run_until_complete finished with '0'
[0.788s] DEBUG:colcon.colcon_core.event_reactor:joining thread
[0.792s] INFO:colcon.colcon_core.plugin_system:Skipping extension 'colcon_notification.desktop_notification.notify_send': Could not find 'notify-send'
[0.792s] INFO:colcon.colcon_core.plugin_system:Skipping extension 'colcon_notification.desktop_notification.terminal_notifier': Not used on non-Darwin systems
[0.792s] INFO:colcon.colcon_core.plugin_system:Skipping extension 'colcon_notification.desktop_notification.win32': Not used on non-Windows systems
[0.792s] INFO:colcon.colcon_notification.desktop_notification:Sending desktop notification using 'notify2'
[0.794s] DEBUG:colcon.colcon_notification.desktop_notification.notify2:Failed to initialize notify2: org.freedesktop.DBus.Error.Spawn.ExecFailed: /usr/bin/dbus-launch terminated abnormally without any error message
[0.794s] DEBUG:colcon.colcon_core.event_reactor:joined thread
[0.794s] INFO:colcon.colcon_core.shell:Creating prefix script '/workspace/install/local_setup.ps1'
[0.795s] INFO:colcon.colcon_core.shell:Creating prefix util module '/workspace/install/_local_setup_util_ps1.py'
[0.796s] INFO:colcon.colcon_core.shell:Creating prefix chain script '/workspace/install/setup.ps1'
[0.796s] INFO:colcon.colcon_core.shell:Creating prefix script '/workspace/install/local_setup.sh'
[0.797s] INFO:colcon.colcon_core.shell:Creating prefix util module '/workspace/install/_local_setup_util_sh.py'
[0.797s] INFO:colcon.colcon_core.shell:Creating prefix chain script '/workspace/install/setup.sh'
[0.805s] INFO:colcon.colcon_core.shell:Creating prefix script '/workspace/install/local_setup.bash'
[0.805s] INFO:colcon.colcon_core.shell:Creating prefix chain script '/workspace/install/setup.bash'
[0.805s] INFO:colcon.colcon_core.shell:Creating prefix script '/workspace/install/local_setup.zsh'
[0.806s] INFO:colcon.colcon_core.shell:Creating prefix chain script '/workspace/install/setup.zsh'
