[0.013s] Invoking command in '/home/boda/Software2026/build/real_joy': CMAKE_PREFIX_PATH=/home/boda/Software2026/install/real_joy:/home/boda/install/mako_vision_pipeline:/home/boda/install/mako_vision:/home/boda/install/gs_ros:/home/boda/install/crab_detector:/home/boda/mako_ws/install/mako_vision:/opt/ros/humble:/home/boda/install/water_physics_plugin:/home/boda/install/rov:/home/boda/install/robot_description:/home/boda/install/robot_cameras:/home/boda/install/mavros_extras:/home/boda/install/mavros:/home/boda/install/libmavconn:/home/boda/install/gs_ros_interfaces:/home/boda/install/gs_ros2_control_demos:/home/boda/install/control_msgs:/home/boda/install/ardupilot_msgs:/home/boda/install/RealJoy:/home/boda/mako_ws/install/water_physics_plugin:/home/boda/mako_ws/install/robot_description:/home/boda/mako_ws/install/robot_control:/home/boda/mako_ws/install/robot_cameras /usr/bin/cmake --build /home/boda/Software2026/build/real_joy -- -j16 -l16
[0.098s] [ 50%] [32mBuilding CXX object CMakeFiles/realjoy_node.dir/src/joystick.cpp.o[0m
[10.559s] In file included from [01m[K/home/boda/Software2026/src/real_joy/src/joystick.cpp:15[m[K:
[10.559s] [01m[K/home/boda/Software2026/src/real_joy/include/RealJoy/keelDepth.hpp:[m[K In member function ‘[01m[Kvoid PressureToDepthCm::onSetZeroDepth(std::shared_ptr<std_srvs::srv::Trigger_Request_<std::allocator<void> > >, std::shared_ptr<std_srvs::srv::Trigger_Response_<std::allocator<void> > >)[m[K’:
[10.559s] [01m[K/home/boda/Software2026/src/real_joy/include/RealJoy/keelDepth.hpp:110:60:[m[K [01;35m[Kwarning: [m[Kunused parameter ‘[01m[Kreq[m[K’ [[01;35m[K-Wunused-parameter[m[K]
[10.559s]   110 |     [01;35m[Kconst std::shared_ptr<std_srvs::srv::Trigger::Request> req[m[K,
[10.559s]       |     [01;35m[K~~~~~~~~~~~~~~~~~~~~~~~~~~~~~~~~~~~~~~~~~~~~~~~~~~~~~~~^~~[m[K
[10.581s] [100%] [32m[1mLinking CXX executable realjoy_node[0m
[11.116s] [100%] Built target realjoy_node
[11.130s] Invoked command in '/home/boda/Software2026/build/real_joy' returned '0': CMAKE_PREFIX_PATH=/home/boda/Software2026/install/real_joy:/home/boda/install/mako_vision_pipeline:/home/boda/install/mako_vision:/home/boda/install/gs_ros:/home/boda/install/crab_detector:/home/boda/mako_ws/install/mako_vision:/opt/ros/humble:/home/boda/install/water_physics_plugin:/home/boda/install/rov:/home/boda/install/robot_description:/home/boda/install/robot_cameras:/home/boda/install/mavros_extras:/home/boda/install/mavros:/home/boda/install/libmavconn:/home/boda/install/gs_ros_interfaces:/home/boda/install/gs_ros2_control_demos:/home/boda/install/control_msgs:/home/boda/install/ardupilot_msgs:/home/boda/install/RealJoy:/home/boda/mako_ws/install/water_physics_plugin:/home/boda/mako_ws/install/robot_description:/home/boda/mako_ws/install/robot_control:/home/boda/mako_ws/install/robot_cameras /usr/bin/cmake --build /home/boda/Software2026/build/real_joy -- -j16 -l16
[11.141s] Invoking command in '/home/boda/Software2026/build/real_joy': CMAKE_PREFIX_PATH=/home/boda/Software2026/install/real_joy:/home/boda/install/mako_vision_pipeline:/home/boda/install/mako_vision:/home/boda/install/gs_ros:/home/boda/install/crab_detector:/home/boda/mako_ws/install/mako_vision:/opt/ros/humble:/home/boda/install/water_physics_plugin:/home/boda/install/rov:/home/boda/install/robot_description:/home/boda/install/robot_cameras:/home/boda/install/mavros_extras:/home/boda/install/mavros:/home/boda/install/libmavconn:/home/boda/install/gs_ros_interfaces:/home/boda/install/gs_ros2_control_demos:/home/boda/install/control_msgs:/home/boda/install/ardupilot_msgs:/home/boda/install/RealJoy:/home/boda/mako_ws/install/water_physics_plugin:/home/boda/mako_ws/install/robot_description:/home/boda/mako_ws/install/robot_control:/home/boda/mako_ws/install/robot_cameras /usr/bin/cmake --install /home/boda/Software2026/build/real_joy
[11.148s] -- Install configuration: ""
[11.149s] -- Installing: /home/boda/Software2026/install/real_joy/lib/real_joy/realjoy_node
[11.158s] -- Set runtime path of "/home/boda/Software2026/install/real_joy/lib/real_joy/realjoy_node" to ""
[11.158s] -- Up-to-date: /home/boda/Software2026/install/real_joy/include
[11.158s] -- Up-to-date: /home/boda/Software2026/install/real_joy/include/RealJoy
[11.158s] -- Up-to-date: /home/boda/Software2026/install/real_joy/include/RealJoy/keelDepth.hpp
[11.158s] -- Installing: /home/boda/Software2026/install/real_joy/include/RealJoy/manual.hpp
[11.158s] -- Up-to-date: /home/boda/Software2026/install/real_joy/include/RealJoy/rel_alt.hpp
[11.158s] -- Up-to-date: /home/boda/Software2026/install/real_joy/include/RealJoy/modes.hpp
[11.158s] -- Up-to-date: /home/boda/Software2026/install/real_joy/share/real_joy/launch
[11.158s] -- Up-to-date: /home/boda/Software2026/install/real_joy/share/real_joy/launch/real_joy.launch.py
[11.158s] -- Up-to-date: /home/boda/Software2026/install/real_joy/share/real_joy/config
[11.158s] -- Up-to-date: /home/boda/Software2026/install/real_joy/share/real_joy/config/cyclonedds.xml
[11.158s] -- Up-to-date: /home/boda/Software2026/install/real_joy/lib/real_joy/zed_to_mavros_pose.py
[11.159s] -- Up-to-date: /home/boda/Software2026/install/real_joy/lib/real_joy/rov_gui_gst.py
[11.159s] -- Up-to-date: /home/boda/Software2026/install/real_joy/share/ament_index/resource_index/package_run_dependencies/real_joy
[11.159s] -- Up-to-date: /home/boda/Software2026/install/real_joy/share/ament_index/resource_index/parent_prefix_path/real_joy
[11.159s] -- Up-to-date: /home/boda/Software2026/install/real_joy/share/real_joy/environment/ament_prefix_path.sh
[11.159s] -- Up-to-date: /home/boda/Software2026/install/real_joy/share/real_joy/environment/ament_prefix_path.dsv
[11.159s] -- Up-to-date: /home/boda/Software2026/install/real_joy/share/real_joy/environment/path.sh
[11.159s] -- Up-to-date: /home/boda/Software2026/install/real_joy/share/real_joy/environment/path.dsv
[11.159s] -- Up-to-date: /home/boda/Software2026/install/real_joy/share/real_joy/local_setup.bash
[11.159s] -- Up-to-date: /home/boda/Software2026/install/real_joy/share/real_joy/local_setup.sh
[11.159s] -- Up-to-date: /home/boda/Software2026/install/real_joy/share/real_joy/local_setup.zsh
[11.159s] -- Up-to-date: /home/boda/Software2026/install/real_joy/share/real_joy/local_setup.dsv
[11.159s] -- Installing: /home/boda/Software2026/install/real_joy/share/real_joy/package.dsv
[11.159s] -- Up-to-date: /home/boda/Software2026/install/real_joy/share/ament_index/resource_index/packages/real_joy
[11.159s] -- Up-to-date: /home/boda/Software2026/install/real_joy/share/real_joy/cmake/real_joyConfig.cmake
[11.159s] -- Up-to-date: /home/boda/Software2026/install/real_joy/share/real_joy/cmake/real_joyConfig-version.cmake
[11.159s] -- Up-to-date: /home/boda/Software2026/install/real_joy/share/real_joy/package.xml
[11.161s] Invoked command in '/home/boda/Software2026/build/real_joy' returned '0': CMAKE_PREFIX_PATH=/home/boda/Software2026/install/real_joy:/home/boda/install/mako_vision_pipeline:/home/boda/install/mako_vision:/home/boda/install/gs_ros:/home/boda/install/crab_detector:/home/boda/mako_ws/install/mako_vision:/opt/ros/humble:/home/boda/install/water_physics_plugin:/home/boda/install/rov:/home/boda/install/robot_description:/home/boda/install/robot_cameras:/home/boda/install/mavros_extras:/home/boda/install/mavros:/home/boda/install/libmavconn:/home/boda/install/gs_ros_interfaces:/home/boda/install/gs_ros2_control_demos:/home/boda/install/control_msgs:/home/boda/install/ardupilot_msgs:/home/boda/install/RealJoy:/home/boda/mako_ws/install/water_physics_plugin:/home/boda/mako_ws/install/robot_description:/home/boda/mako_ws/install/robot_control:/home/boda/mako_ws/install/robot_cameras /usr/bin/cmake --install /home/boda/Software2026/build/real_joy
