[0.011s] Invoking command in '/home/boda/Software2026/build/real_joy': CMAKE_PREFIX_PATH=/home/boda/Software2026/install/real_joy:/home/boda/install/mako_vision_pipeline:/home/boda/install/mako_vision:/home/boda/install/gs_ros:/home/boda/install/crab_detector:/home/boda/mako_ws/install/mako_vision:/opt/ros/humble:/home/boda/install/water_physics_plugin:/home/boda/install/rov:/home/boda/install/robot_description:/home/boda/install/robot_cameras:/home/boda/install/mavros_extras:/home/boda/install/mavros:/home/boda/install/libmavconn:/home/boda/install/gs_ros_interfaces:/home/boda/install/gs_ros2_control_demos:/home/boda/install/control_msgs:/home/boda/install/ardupilot_msgs:/home/boda/install/RealJoy:/home/boda/mako_ws/install/water_physics_plugin:/home/boda/mako_ws/install/robot_description:/home/boda/mako_ws/install/robot_control:/home/boda/mako_ws/install/robot_cameras /usr/bin/cmake --build /home/boda/Software2026/build/real_joy -- -j16 -l16
[0.060s] [35m[1mConsolidate compiler generated dependencies of target realjoy_node[0m
[0.080s] [ 50%] [32mBuilding CXX object CMakeFiles/realjoy_node.dir/src/joystick.cpp.o[0m
[0.091s] In file included from [01m[K/home/boda/Software2026/src/real_joy/src/joystick.cpp:15[m[K:
[0.092s] [01m[K/home/boda/Software2026/src/real_joy/include/RealJoy/keelDepth.hpp:[m[K In member function ‘[01m[Kvoid PressureToDepthCm::onSetZeroDepth(std::shared_ptr<std_srvs::srv::Trigger_Request_<std::allocator<void> > >, std::shared_ptr<std_srvs::srv::Trigger_Response_<std::allocator<void> > >)[m[K’:
[0.092s] [01m[K/home/boda/Software2026/src/real_joy/include/RealJoy/keelDepth.hpp:110:60:[m[K [01;35m[Kwarning: [m[Kunused parameter ‘[01m[Kreq[m[K’ [[01;35m[K-Wunused-parameter[m[K]
[0.092s]   110 |     [01;35m[Kconst std::shared_ptr<std_srvs::srv::Trigger::Request> req[m[K,
[0.092s]       |     [01;35m[K~~~~~~~~~~~~~~~~~~~~~~~~~~~~~~~~~~~~~~~~~~~~~~~~~~~~~~~^~~[m[K
[0.128s] [100%] [32m[1mLinking CXX executable realjoy_node[0m
[0.663s] [100%] Built target realjoy_node
[0.678s] Invoked command in '/home/boda/Software2026/build/real_joy' returned '0': CMAKE_PREFIX_PATH=/home/boda/Software2026/install/real_joy:/home/boda/install/mako_vision_pipeline:/home/boda/install/mako_vision:/home/boda/install/gs_ros:/home/boda/install/crab_detector:/home/boda/mako_ws/install/mako_vision:/opt/ros/humble:/home/boda/install/water_physics_plugin:/home/boda/install/rov:/home/boda/install/robot_description:/home/boda/install/robot_cameras:/home/boda/install/mavros_extras:/home/boda/install/mavros:/home/boda/install/libmavconn:/home/boda/install/gs_ros_interfaces:/home/boda/install/gs_ros2_control_demos:/home/boda/install/control_msgs:/home/boda/install/ardupilot_msgs:/home/boda/install/RealJoy:/home/boda/mako_ws/install/water_physics_plugin:/home/boda/mako_ws/install/robot_description:/home/boda/mako_ws/install/robot_control:/home/boda/mako_ws/install/robot_cameras /usr/bin/cmake --build /home/boda/Software2026/build/real_joy -- -j16 -l16
[0.690s] Invoking command in '/home/boda/Software2026/build/real_joy': CMAKE_PREFIX_PATH=/home/boda/Software2026/install/real_joy:/home/boda/install/mako_vision_pipeline:/home/boda/install/mako_vision:/home/boda/install/gs_ros:/home/boda/install/crab_detector:/home/boda/mako_ws/install/mako_vision:/opt/ros/humble:/home/boda/install/water_physics_plugin:/home/boda/install/rov:/home/boda/install/robot_description:/home/boda/install/robot_cameras:/home/boda/install/mavros_extras:/home/boda/install/mavros:/home/boda/install/libmavconn:/home/boda/install/gs_ros_interfaces:/home/boda/install/gs_ros2_control_demos:/home/boda/install/control_msgs:/home/boda/install/ardupilot_msgs:/home/boda/install/RealJoy:/home/boda/mako_ws/install/water_physics_plugin:/home/boda/mako_ws/install/robot_description:/home/boda/mako_ws/install/robot_control:/home/boda/mako_ws/install/robot_cameras /usr/bin/cmake --install /home/boda/Software2026/build/real_joy
[0.697s] -- Install configuration: ""
[0.698s] -- Installing: /home/boda/Software2026/install/real_joy/lib/real_joy/realjoy_node
[0.709s] -- Set runtime path of "/home/boda/Software2026/install/real_joy/lib/real_joy/realjoy_node" to ""
[0.709s] -- Up-to-date: /home/boda/Software2026/install/real_joy/include
[0.709s] -- Up-to-date: /home/boda/Software2026/install/real_joy/include/RealJoy
[0.709s] -- Up-to-date: /home/boda/Software2026/install/real_joy/include/RealJoy/keelDepth.hpp
[0.710s] -- Installing: /home/boda/Software2026/install/real_joy/include/RealJoy/manual.hpp
[0.710s] -- Up-to-date: /home/boda/Software2026/install/real_joy/include/RealJoy/rel_alt.hpp
[0.710s] -- Up-to-date: /home/boda/Software2026/install/real_joy/include/RealJoy/modes.hpp
[0.710s] -- Up-to-date: /home/boda/Software2026/install/real_joy/share/real_joy/launch
[0.710s] -- Up-to-date: /home/boda/Software2026/install/real_joy/share/real_joy/launch/real_joy.launch.py
[0.710s] -- Up-to-date: /home/boda/Software2026/install/real_joy/share/real_joy/config
[0.710s] -- Up-to-date: /home/boda/Software2026/install/real_joy/share/real_joy/config/cyclonedds.xml
[0.710s] -- Up-to-date: /home/boda/Software2026/install/real_joy/lib/real_joy/zed_to_mavros_pose.py
[0.710s] -- Up-to-date: /home/boda/Software2026/install/real_joy/lib/real_joy/rov_gui_gst.py
[0.710s] -- Up-to-date: /home/boda/Software2026/install/real_joy/share/ament_index/resource_index/package_run_dependencies/real_joy
[0.710s] -- Up-to-date: /home/boda/Software2026/install/real_joy/share/ament_index/resource_index/parent_prefix_path/real_joy
[0.710s] -- Up-to-date: /home/boda/Software2026/install/real_joy/share/real_joy/environment/ament_prefix_path.sh
[0.711s] -- Up-to-date: /home/boda/Software2026/install/real_joy/share/real_joy/environment/ament_prefix_path.dsv
[0.711s] -- Up-to-date: /home/boda/Software2026/install/real_joy/share/real_joy/environment/path.sh
[0.711s] -- Up-to-date: /home/boda/Software2026/install/real_joy/share/real_joy/environment/path.dsv
[0.711s] -- Up-to-date: /home/boda/Software2026/install/real_joy/share/real_joy/local_setup.bash
[0.711s] -- Up-to-date: /home/boda/Software2026/install/real_joy/share/real_joy/local_setup.sh
[0.711s] -- Up-to-date: /home/boda/Software2026/install/real_joy/share/real_joy/local_setup.zsh
[0.711s] -- Up-to-date: /home/boda/Software2026/install/real_joy/share/real_joy/local_setup.dsv
[0.711s] -- Installing: /home/boda/Software2026/install/real_joy/share/real_joy/package.dsv
[0.711s] -- Up-to-date: /home/boda/Software2026/install/real_joy/share/ament_index/resource_index/packages/real_joy
[0.711s] -- Up-to-date: /home/boda/Software2026/install/real_joy/share/real_joy/cmake/real_joyConfig.cmake
[0.711s] -- Up-to-date: /home/boda/Software2026/install/real_joy/share/real_joy/cmake/real_joyConfig-version.cmake
[0.711s] -- Up-to-date: /home/boda/Software2026/install/real_joy/share/real_joy/package.xml
[0.712s] Invoked command in '/home/boda/Software2026/build/real_joy' returned '0': CMAKE_PREFIX_PATH=/home/boda/Software2026/install/real_joy:/home/boda/install/mako_vision_pipeline:/home/boda/install/mako_vision:/home/boda/install/gs_ros:/home/boda/install/crab_detector:/home/boda/mako_ws/install/mako_vision:/opt/ros/humble:/home/boda/install/water_physics_plugin:/home/boda/install/rov:/home/boda/install/robot_description:/home/boda/install/robot_cameras:/home/boda/install/mavros_extras:/home/boda/install/mavros:/home/boda/install/libmavconn:/home/boda/install/gs_ros_interfaces:/home/boda/install/gs_ros2_control_demos:/home/boda/install/control_msgs:/home/boda/install/ardupilot_msgs:/home/boda/install/RealJoy:/home/boda/mako_ws/install/water_physics_plugin:/home/boda/mako_ws/install/robot_description:/home/boda/mako_ws/install/robot_control:/home/boda/mako_ws/install/robot_cameras /usr/bin/cmake --install /home/boda/Software2026/build/real_joy
