[0.012s] Invoking command in '/home/boda/mako_ws/build/robot_description': CMAKE_PREFIX_PATH=${CMAKE_PREFIX_PATH}:/opt/ros/humble /usr/bin/cmake /home/boda/mako_ws/src/robot_description -DCMAKE_INSTALL_PREFIX=/home/boda/mako_ws/install/robot_description
[0.025s] -- Found ament_cmake: 1.3.12 (/opt/ros/humble/share/ament_cmake/cmake)
[0.149s] -- Override CMake install command with custom implementation using symlinks instead of copying resources
[0.222s] -- Configuring done
[0.225s] -- Generating done
[0.227s] -- Build files have been written to: /home/boda/mako_ws/build/robot_description
[0.231s] Invoked command in '/home/boda/mako_ws/build/robot_description' returned '0': CMAKE_PREFIX_PATH=${CMAKE_PREFIX_PATH}:/opt/ros/humble /usr/bin/cmake /home/boda/mako_ws/src/robot_description -DCMAKE_INSTALL_PREFIX=/home/boda/mako_ws/install/robot_description
[0.233s] Invoking command in '/home/boda/mako_ws/build/robot_description': CMAKE_PREFIX_PATH=${CMAKE_PREFIX_PATH}:/opt/ros/humble /usr/bin/cmake --build /home/boda/mako_ws/build/robot_description -- -j16 -l16
[0.276s] Invoked command in '/home/boda/mako_ws/build/robot_description' returned '0': CMAKE_PREFIX_PATH=${CMAKE_PREFIX_PATH}:/opt/ros/humble /usr/bin/cmake --build /home/boda/mako_ws/build/robot_description -- -j16 -l16
[0.287s] Invoking command in '/home/boda/mako_ws/build/robot_description': CMAKE_PREFIX_PATH=${CMAKE_PREFIX_PATH}:/opt/ros/humble /usr/bin/cmake --install /home/boda/mako_ws/build/robot_description
[0.295s] -- Install configuration: ""
[0.296s] -- Execute custom install script
[0.296s] -- Up-to-date symlink: /home/boda/mako_ws/install/robot_description/share/robot_description/config/joint_names_mako urdf ass.yaml
[0.296s] -- Up-to-date symlink: /home/boda/mako_ws/install/robot_description/share/robot_description/launch/display.launch.py
[0.297s] -- Up-to-date symlink: /home/boda/mako_ws/install/robot_description/share/robot_description/launch/gazebo.launch.py
[0.297s] -- Up-to-date symlink: /home/boda/mako_ws/install/robot_description/share/robot_description/meshes/base_link.STL
[0.297s] -- Up-to-date symlink: /home/boda/mako_ws/install/robot_description/share/robot_description/meshes/t1.STL
[0.297s] -- Up-to-date symlink: /home/boda/mako_ws/install/robot_description/share/robot_description/meshes/t2.STL
[0.297s] -- Up-to-date symlink: /home/boda/mako_ws/install/robot_description/share/robot_description/meshes/t3.STL
[0.297s] -- Up-to-date symlink: /home/boda/mako_ws/install/robot_description/share/robot_description/meshes/t4.STL
[0.297s] -- Up-to-date symlink: /home/boda/mako_ws/install/robot_description/share/robot_description/meshes/t5.STL
[0.297s] -- Up-to-date symlink: /home/boda/mako_ws/install/robot_description/share/robot_description/meshes/t6.STL
[0.298s] -- Up-to-date symlink: /home/boda/mako_ws/install/robot_description/share/robot_description/urdf/mako urdf ass.csv
[0.298s] -- Up-to-date symlink: /home/boda/mako_ws/install/robot_description/share/robot_description/urdf/robot_description.urdf
[0.298s] -- Up-to-date symlink: /home/boda/mako_ws/install/robot_description/share/robot_description/worlds/pool.sdf
[0.298s] -- Up-to-date symlink: /home/boda/mako_ws/install/robot_description/share/robot_description/worlds/pools.sdf
[0.298s] -- Up-to-date symlink: /home/boda/mako_ws/install/robot_description/share/robot_description/package.xml
[0.299s] -- Up-to-date symlink: /home/boda/mako_ws/install/robot_description/share/ament_index/resource_index/package_run_dependencies/robot_description
[0.299s] -- Up-to-date symlink: /home/boda/mako_ws/install/robot_description/share/ament_index/resource_index/parent_prefix_path/robot_description
[0.299s] -- Up-to-date symlink: /home/boda/mako_ws/install/robot_description/share/robot_description/environment/ament_prefix_path.sh
[0.299s] -- Up-to-date symlink: /home/boda/mako_ws/install/robot_description/share/robot_description/environment/ament_prefix_path.dsv
[0.299s] -- Up-to-date symlink: /home/boda/mako_ws/install/robot_description/share/robot_description/environment/path.sh
[0.300s] -- Up-to-date symlink: /home/boda/mako_ws/install/robot_description/share/robot_description/environment/path.dsv
[0.300s] -- Up-to-date symlink: /home/boda/mako_ws/install/robot_description/share/robot_description/local_setup.bash
[0.300s] -- Up-to-date symlink: /home/boda/mako_ws/install/robot_description/share/robot_description/local_setup.sh
[0.300s] -- Up-to-date symlink: /home/boda/mako_ws/install/robot_description/share/robot_description/local_setup.zsh
[0.300s] -- Up-to-date symlink: /home/boda/mako_ws/install/robot_description/share/robot_description/local_setup.dsv
[0.300s] -- Symlinking: /home/boda/mako_ws/install/robot_description/share/robot_description/package.dsv
[0.312s] -- Up-to-date symlink: /home/boda/mako_ws/install/robot_description/share/ament_index/resource_index/packages/robot_description
[0.312s] -- Up-to-date symlink: /home/boda/mako_ws/install/robot_description/share/robot_description/cmake/robot_descriptionConfig.cmake
[0.312s] -- Up-to-date symlink: /home/boda/mako_ws/install/robot_description/share/robot_description/cmake/robot_descriptionConfig-version.cmake
[0.312s] -- Up-to-date symlink: /home/boda/mako_ws/install/robot_description/share/robot_description/package.xml
[0.314s] Invoked command in '/home/boda/mako_ws/build/robot_description' returned '0': CMAKE_PREFIX_PATH=${CMAKE_PREFIX_PATH}:/opt/ros/humble /usr/bin/cmake --install /home/boda/mako_ws/build/robot_description
