[0.410s] Invoking command in '/workspace/build/fake_depth_sensor': PYTHONPATH=/workspace/build/fake_depth_sensor/prefix_override:/usr/lib/python3/dist-packages/colcon_core/task/python/colcon_distutils_commands:/workspace/install/fake_depth_sensor/lib/python3.10/site-packages:${PYTHONPATH} /usr/bin/python3 -W ignore:setup.py install is deprecated -W ignore:easy_install command is deprecated setup.py develop --editable --build-directory /workspace/build/fake_depth_sensor/build --no-deps symlink_data
[0.532s] running develop
[0.592s] running egg_info
[0.592s] creating fake_depth_sensor.egg-info
[0.593s] writing fake_depth_sensor.egg-info/PKG-INFO
[0.593s] writing dependency_links to fake_depth_sensor.egg-info/dependency_links.txt
[0.593s] writing entry points to fake_depth_sensor.egg-info/entry_points.txt
[0.593s] writing requirements to fake_depth_sensor.egg-info/requires.txt
[0.593s] writing top-level names to fake_depth_sensor.egg-info/top_level.txt
[0.593s] writing manifest file 'fake_depth_sensor.egg-info/SOURCES.txt'
[0.594s] reading manifest file 'fake_depth_sensor.egg-info/SOURCES.txt'
[0.594s] writing manifest file 'fake_depth_sensor.egg-info/SOURCES.txt'
[0.595s] running build_ext
[0.595s] Creating /workspace/install/fake_depth_sensor/lib/python3.10/site-packages/fake-depth-sensor.egg-link (link to .)
[0.595s] 
[0.595s] Installed /workspace/build/fake_depth_sensor
[0.595s] running symlink_data
[0.595s] creating /workspace/install/fake_depth_sensor/share/ament_index
[0.595s] creating /workspace/install/fake_depth_sensor/share/ament_index/resource_index
[0.595s] creating /workspace/install/fake_depth_sensor/share/ament_index/resource_index/packages
[0.596s] symbolically linking /workspace/build/fake_depth_sensor/resource/fake_depth_sensor -> /workspace/install/fake_depth_sensor/share/ament_index/resource_index/packages
[0.596s] symbolically linking /workspace/build/fake_depth_sensor/package.xml -> /workspace/install/fake_depth_sensor/share/fake_depth_sensor
[0.610s] Invoked command in '/workspace/build/fake_depth_sensor' returned '0': PYTHONPATH=/workspace/build/fake_depth_sensor/prefix_override:/usr/lib/python3/dist-packages/colcon_core/task/python/colcon_distutils_commands:/workspace/install/fake_depth_sensor/lib/python3.10/site-packages:${PYTHONPATH} /usr/bin/python3 -W ignore:setup.py install is deprecated -W ignore:easy_install command is deprecated setup.py develop --editable --build-directory /workspace/build/fake_depth_sensor/build --no-deps symlink_data
