running develop
running egg_info
creating depth_core.egg-info
writing depth_core.egg-info/PKG-INFO
writing dependency_links to depth_core.egg-info/dependency_links.txt
writing entry points to depth_core.egg-info/entry_points.txt
writing requirements to depth_core.egg-info/requires.txt
writing top-level names to depth_core.egg-info/top_level.txt
writing manifest file 'depth_core.egg-info/SOURCES.txt'
reading manifest file 'depth_core.egg-info/SOURCES.txt'
writing manifest file 'depth_core.egg-info/SOURCES.txt'
running build_ext
Creating /workspace/ros2/install/depth_core/lib/python3.10/site-packages/depth-core.egg-link (link to .)
Installing fake_sensor_node script to /workspace/ros2/install/depth_core/lib/depth_core

Installed /workspace/ros2/build/depth_core
running symlink_data
creating /workspace/ros2/install/depth_core/share/ament_index
creating /workspace/ros2/install/depth_core/share/ament_index/resource_index
creating /workspace/ros2/install/depth_core/share/ament_index/resource_index/packages
symbolically linking /workspace/ros2/build/depth_core/resource/depth_core -> /workspace/ros2/install/depth_core/share/ament_index/resource_index/packages
symbolically linking /workspace/ros2/build/depth_core/package.xml -> /workspace/ros2/install/depth_core/share/depth_core
creating /workspace/ros2/install/depth_core/share/depth_core/launch
symbolically linking /workspace/ros2/build/depth_core/launch/project_launch.py -> /workspace/ros2/install/depth_core/share/depth_core/launch
