[0.448s] Invoking command in '/workspace/ros2/build/depth_core': PYTHONPATH=/workspace/ros2/build/depth_core/prefix_override:/usr/lib/python3/dist-packages/colcon_core/task/python/colcon_distutils_commands:/workspace/ros2/install/depth_core/lib/python3.10/site-packages:${PYTHONPATH} /usr/bin/python3 -W ignore:setup.py install is deprecated -W ignore:easy_install command is deprecated setup.py develop --editable --build-directory /workspace/ros2/build/depth_core/build --no-deps symlink_data
[0.571s] running develop
[0.628s] running egg_info
[0.628s] creating depth_core.egg-info
[0.628s] writing depth_core.egg-info/PKG-INFO
[0.628s] writing dependency_links to depth_core.egg-info/dependency_links.txt
[0.628s] writing entry points to depth_core.egg-info/entry_points.txt
[0.628s] writing requirements to depth_core.egg-info/requires.txt
[0.628s] writing top-level names to depth_core.egg-info/top_level.txt
[0.628s] writing manifest file 'depth_core.egg-info/SOURCES.txt'
[0.629s] reading manifest file 'depth_core.egg-info/SOURCES.txt'
[0.630s] writing manifest file 'depth_core.egg-info/SOURCES.txt'
[0.630s] running build_ext
[0.630s] Creating /workspace/ros2/install/depth_core/lib/python3.10/site-packages/depth-core.egg-link (link to .)
[0.631s] Installing fake_sensor_node script to /workspace/ros2/install/depth_core/lib/depth_core
[0.631s] 
[0.631s] Installed /workspace/ros2/build/depth_core
[0.631s] running symlink_data
[0.631s] creating /workspace/ros2/install/depth_core/share/ament_index
[0.631s] creating /workspace/ros2/install/depth_core/share/ament_index/resource_index
[0.631s] creating /workspace/ros2/install/depth_core/share/ament_index/resource_index/packages
[0.631s] symbolically linking /workspace/ros2/build/depth_core/resource/depth_core -> /workspace/ros2/install/depth_core/share/ament_index/resource_index/packages
[0.631s] symbolically linking /workspace/ros2/build/depth_core/package.xml -> /workspace/ros2/install/depth_core/share/depth_core
[0.631s] creating /workspace/ros2/install/depth_core/share/depth_core/launch
[0.631s] symbolically linking /workspace/ros2/build/depth_core/launch/project_launch.py -> /workspace/ros2/install/depth_core/share/depth_core/launch
[0.644s] Invoked command in '/workspace/ros2/build/depth_core' returned '0': PYTHONPATH=/workspace/ros2/build/depth_core/prefix_override:/usr/lib/python3/dist-packages/colcon_core/task/python/colcon_distutils_commands:/workspace/ros2/install/depth_core/lib/python3.10/site-packages:${PYTHONPATH} /usr/bin/python3 -W ignore:setup.py install is deprecated -W ignore:easy_install command is deprecated setup.py develop --editable --build-directory /workspace/ros2/build/depth_core/build --no-deps symlink_data
