[0.004s] Invoking command in '/home/rashwan/fake_depth2/build/fake_depth2_interfaces': /usr/bin/cmake /home/rashwan/fake_depth2/src/fake_depth2_interfaces -DAMENT_CMAKE_SYMLINK_INSTALL=1 -DCMAKE_INSTALL_PREFIX=/home/rashwan/fake_depth2/install/fake_depth2_interfaces
[0.048s] -- The C compiler identification is GNU 11.4.0
[0.091s] -- The CXX compiler identification is GNU 11.4.0
[0.098s] -- Detecting C compiler ABI info
[0.206s] -- Detecting C compiler ABI info - done
[0.214s] -- Check for working C compiler: /usr/bin/cc - skipped
[0.214s] -- Detecting C compile features
[0.214s] -- Detecting C compile features - done
[0.215s] -- Detecting CXX compiler ABI info
[0.316s] -- Detecting CXX compiler ABI info - done
[0.325s] -- Check for working CXX compiler: /usr/bin/c++ - skipped
[0.325s] -- Detecting CXX compile features
[0.325s] -- Detecting CXX compile features - done
[0.330s] [31mCMake Error at CMakeLists.txt:8 (find_package):
[0.330s]   By not providing "Findament_cmake.cmake" in CMAKE_MODULE_PATH this project
[0.330s]   has asked CMake to find a package configuration file provided by
[0.331s]   "ament_cmake", but CMake did not find one.
[0.331s] 
[0.331s]   Could not find a package configuration file provided by "ament_cmake" with
[0.331s]   any of the following names:
[0.331s] 
[0.331s]     ament_cmakeConfig.cmake
[0.331s]     ament_cmake-config.cmake
[0.331s] 
[0.331s]   Add the installation prefix of "ament_cmake" to CMAKE_PREFIX_PATH or set
[0.331s]   "ament_cmake_DIR" to a directory containing one of the above files.  If
[0.331s]   "ament_cmake" provides a separate development package or SDK, be sure it
[0.331s]   has been installed.
[0.331s] 
[0.331s] [0m
[0.331s] -- Configuring incomplete, errors occurred!
[0.331s] See also "/home/rashwan/fake_depth2/build/fake_depth2_interfaces/CMakeFiles/CMakeOutput.log".
[0.332s] Invoked command in '/home/rashwan/fake_depth2/build/fake_depth2_interfaces' returned '1': /usr/bin/cmake /home/rashwan/fake_depth2/src/fake_depth2_interfaces -DAMENT_CMAKE_SYMLINK_INSTALL=1 -DCMAKE_INSTALL_PREFIX=/home/rashwan/fake_depth2/install/fake_depth2_interfaces
