[0.009s] Invoking command in '/home/boda/Software2026/build/real_joy': CMAKE_PREFIX_PATH=${CMAKE_PREFIX_PATH}:/home/boda/mako_ws/install/mavros_autotune:/opt/ros/humble /usr/bin/cmake --build /home/boda/Software2026/build/real_joy -- -j16 -l16
[0.050s] Consolidate compiler generated dependencies of target realjoy_node
[0.063s] [ 50%] Building CXX object CMakeFiles/realjoy_node.dir/src/joystick.cpp.o
[1.901s] In file included from /home/boda/Software2026/src/real_joy/src/joystick.cpp:19:
[1.901s] /home/boda/Software2026/src/real_joy/include/RealJoy/keelDepth.hpp: In member function ‘void PressureToDepthCm::onSetZeroDepth(std::shared_ptr<std_srvs::srv::Trigger_Request_<std::allocator<void> > >, std::shared_ptr<std_srvs::srv::Trigger_Response_<std::allocator<void> > >)’:
[1.901s] /home/boda/Software2026/src/real_joy/include/RealJoy/keelDepth.hpp:110:60: warning: unused parameter ‘req’ [-Wunused-parameter]
[1.901s]   110 |     const std::shared_ptr<std_srvs::srv::Trigger::Request> req,
[1.901s]       |     ~~~~~~~~~~~~~~~~~~~~~~~~~~~~~~~~~~~~~~~~~~~~~~~~~~~~~~~^~~
[12.243s] [100%] Linking CXX executable realjoy_node
[12.853s] [100%] Built target realjoy_node
[12.869s] Invoked command in '/home/boda/Software2026/build/real_joy' returned '0': CMAKE_PREFIX_PATH=${CMAKE_PREFIX_PATH}:/home/boda/mako_ws/install/mavros_autotune:/opt/ros/humble /usr/bin/cmake --build /home/boda/Software2026/build/real_joy -- -j16 -l16
[12.876s] Invoking command in '/home/boda/Software2026/build/real_joy': CMAKE_PREFIX_PATH=${CMAKE_PREFIX_PATH}:/home/boda/mako_ws/install/mavros_autotune:/opt/ros/humble /usr/bin/cmake --install /home/boda/Software2026/build/real_joy
[12.882s] -- Install configuration: ""
[12.882s] -- Execute custom install script
[12.882s] -- Up-to-date symlink: /home/boda/Software2026/install/real_joy/lib/real_joy/realjoy_node
[12.883s] -- Up-to-date symlink: /home/boda/Software2026/install/real_joy/include/RealJoy/keelDepth.hpp
[12.883s] -- Up-to-date symlink: /home/boda/Software2026/install/real_joy/include/RealJoy/manual.hpp
[12.883s] -- Up-to-date symlink: /home/boda/Software2026/install/real_joy/include/RealJoy/modes.hpp
[12.883s] -- Up-to-date symlink: /home/boda/Software2026/install/real_joy/include/RealJoy/pilot_axes.hpp
[12.883s] -- Up-to-date symlink: /home/boda/Software2026/install/real_joy/include/RealJoy/rel_alt.hpp
[12.883s] -- Up-to-date symlink: /home/boda/Software2026/install/real_joy/share/real_joy/launch/real_joy.launch.py
[12.883s] -- Up-to-date symlink: /home/boda/Software2026/install/real_joy/share/real_joy/config/cyclonedds.xml
[12.883s] -- Up-to-date symlink: /home/boda/Software2026/install/real_joy/lib/real_joy/zed_to_mavros_pose.py
[12.883s] -- Up-to-date symlink: /home/boda/Software2026/install/real_joy/lib/real_joy/rov_gui_gst.py
[12.884s] -- Up-to-date symlink: /home/boda/Software2026/install/real_joy/lib/real_joy/mako_station/__init__.py
[12.884s] -- Up-to-date symlink: /home/boda/Software2026/install/real_joy/lib/real_joy/mako_station/__pycache__/__init__.cpython-310.pyc
[12.884s] -- Up-to-date symlink: /home/boda/Software2026/install/real_joy/lib/real_joy/mako_station/__pycache__/app.cpython-310.pyc
[12.884s] -- Up-to-date symlink: /home/boda/Software2026/install/real_joy/lib/real_joy/mako_station/__pycache__/ros_worker.cpython-310.pyc
[12.884s] -- Up-to-date symlink: /home/boda/Software2026/install/real_joy/lib/real_joy/mako_station/__pycache__/simulation.cpython-310.pyc
[12.884s] -- Up-to-date symlink: /home/boda/Software2026/install/real_joy/lib/real_joy/mako_station/app.py
[12.884s] -- Up-to-date symlink: /home/boda/Software2026/install/real_joy/lib/real_joy/mako_station/ros_worker.py
[12.884s] -- Up-to-date symlink: /home/boda/Software2026/install/real_joy/lib/real_joy/mako_station/simulation.py
[12.884s] -- Up-to-date symlink: /home/boda/Software2026/install/real_joy/lib/real_joy/rov_gui_gst_legacy.py
[12.884s] -- Up-to-date symlink: /home/boda/Software2026/install/real_joy/share/ament_index/resource_index/package_run_dependencies/real_joy
[12.884s] -- Up-to-date symlink: /home/boda/Software2026/install/real_joy/share/ament_index/resource_index/parent_prefix_path/real_joy
[12.885s] -- Up-to-date symlink: /home/boda/Software2026/install/real_joy/share/real_joy/environment/ament_prefix_path.sh
[12.885s] -- Up-to-date symlink: /home/boda/Software2026/install/real_joy/share/real_joy/environment/ament_prefix_path.dsv
[12.885s] -- Up-to-date symlink: /home/boda/Software2026/install/real_joy/share/real_joy/environment/path.sh
[12.885s] -- Up-to-date symlink: /home/boda/Software2026/install/real_joy/share/real_joy/environment/path.dsv
[12.885s] -- Up-to-date symlink: /home/boda/Software2026/install/real_joy/share/real_joy/local_setup.bash
[12.885s] -- Up-to-date symlink: /home/boda/Software2026/install/real_joy/share/real_joy/local_setup.sh
[12.885s] -- Up-to-date symlink: /home/boda/Software2026/install/real_joy/share/real_joy/local_setup.zsh
[12.885s] -- Up-to-date symlink: /home/boda/Software2026/install/real_joy/share/real_joy/local_setup.dsv
[12.885s] -- Symlinking: /home/boda/Software2026/install/real_joy/share/real_joy/package.dsv
[12.895s] -- Up-to-date symlink: /home/boda/Software2026/install/real_joy/share/ament_index/resource_index/packages/real_joy
[12.895s] -- Up-to-date symlink: /home/boda/Software2026/install/real_joy/share/real_joy/cmake/real_joyConfig.cmake
[12.895s] -- Up-to-date symlink: /home/boda/Software2026/install/real_joy/share/real_joy/cmake/real_joyConfig-version.cmake
[12.895s] -- Up-to-date symlink: /home/boda/Software2026/install/real_joy/share/real_joy/package.xml
[12.897s] Invoked command in '/home/boda/Software2026/build/real_joy' returned '0': CMAKE_PREFIX_PATH=${CMAKE_PREFIX_PATH}:/home/boda/mako_ws/install/mavros_autotune:/opt/ros/humble /usr/bin/cmake --install /home/boda/Software2026/build/real_joy
