[0.012s] Invoking command in '/home/boda/Software2026/build/real_joy': CMAKE_PREFIX_PATH=${CMAKE_PREFIX_PATH}:/home/boda/mako_ws/install/mavros_autotune:/opt/ros/humble /usr/bin/cmake --build /home/boda/Software2026/build/real_joy -- -j16 -l16
[0.048s] -- Found ament_cmake: 1.3.12 (/opt/ros/humble/share/ament_cmake/cmake)
[0.187s] -- Override CMake install command with custom implementation using symlinks instead of copying resources
[0.197s] -- Found rclcpp: 16.0.15 (/opt/ros/humble/share/rclcpp/cmake)
[0.231s] -- Found rosidl_generator_c: 3.1.7 (/opt/ros/humble/share/rosidl_generator_c/cmake)
[0.234s] -- Found rosidl_adapter: 3.1.7 (/opt/ros/humble/share/rosidl_adapter/cmake)
[0.239s] -- Found rosidl_generator_cpp: 3.1.7 (/opt/ros/humble/share/rosidl_generator_cpp/cmake)
[0.248s] -- Using all available rosidl_typesupport_c: rosidl_typesupport_fastrtps_c;rosidl_typesupport_introspection_c
[0.260s] -- Using all available rosidl_typesupport_cpp: rosidl_typesupport_fastrtps_cpp;rosidl_typesupport_introspection_cpp
[0.290s] -- Found rmw_implementation_cmake: 6.1.2 (/opt/ros/humble/share/rmw_implementation_cmake/cmake)
[0.291s] -- Found rmw_fastrtps_cpp: 6.2.9 (/opt/ros/humble/share/rmw_fastrtps_cpp/cmake)
[0.422s] -- Using RMW implementation 'rmw_fastrtps_cpp' as default
[0.472s] -- Found rclpy: 3.3.17 (/opt/ros/humble/share/rclpy/cmake)
[0.472s] -- Found sensor_msgs: 4.9.0 (/opt/ros/humble/share/sensor_msgs/cmake)
[0.499s] -- Found mavros_msgs: 2.14.0 (/opt/ros/humble/share/mavros_msgs/cmake)
[0.554s] -- Found nav_msgs: 4.9.0 (/opt/ros/humble/share/nav_msgs/cmake)
[0.569s] -- Found std_srvs: 4.9.0 (/opt/ros/humble/share/std_srvs/cmake)
[0.668s] -- Configuring done
[0.682s] -- Generating done
[0.687s] -- Build files have been written to: /home/boda/Software2026/build/real_joy
[0.726s] Consolidate compiler generated dependencies of target realjoy_node
[0.744s] [ 50%] Building CXX object CMakeFiles/realjoy_node.dir/src/joystick.cpp.o
[3.795s] In file included from /home/boda/Software2026/src/real_joy/src/joystick.cpp:19:
[3.795s] /home/boda/Software2026/src/real_joy/include/RealJoy/keelDepth.hpp: In member function ‘void PressureToDepthCm::onSetZeroDepth(std::shared_ptr<std_srvs::srv::Trigger_Request_<std::allocator<void> > >, std::shared_ptr<std_srvs::srv::Trigger_Response_<std::allocator<void> > >)’:
[3.795s] /home/boda/Software2026/src/real_joy/include/RealJoy/keelDepth.hpp:110:60: warning: unused parameter ‘req’ [-Wunused-parameter]
[3.795s]   110 |     const std::shared_ptr<std_srvs::srv::Trigger::Request> req,
[3.795s]       |     ~~~~~~~~~~~~~~~~~~~~~~~~~~~~~~~~~~~~~~~~~~~~~~~~~~~~~~~^~~
[15.880s] [100%] Linking CXX executable realjoy_node
[16.486s] [100%] Built target realjoy_node
[16.501s] Invoked command in '/home/boda/Software2026/build/real_joy' returned '0': CMAKE_PREFIX_PATH=${CMAKE_PREFIX_PATH}:/home/boda/mako_ws/install/mavros_autotune:/opt/ros/humble /usr/bin/cmake --build /home/boda/Software2026/build/real_joy -- -j16 -l16
[16.510s] Invoking command in '/home/boda/Software2026/build/real_joy': CMAKE_PREFIX_PATH=${CMAKE_PREFIX_PATH}:/home/boda/mako_ws/install/mavros_autotune:/opt/ros/humble /usr/bin/cmake --install /home/boda/Software2026/build/real_joy
[16.516s] -- Install configuration: ""
[16.517s] -- Execute custom install script
[16.517s] -- Up-to-date symlink: /home/boda/Software2026/install/real_joy/lib/real_joy/realjoy_node
[16.517s] -- Up-to-date symlink: /home/boda/Software2026/install/real_joy/include/RealJoy/keelDepth.hpp
[16.517s] -- Up-to-date symlink: /home/boda/Software2026/install/real_joy/include/RealJoy/manual.hpp
[16.517s] -- Up-to-date symlink: /home/boda/Software2026/install/real_joy/include/RealJoy/modes.hpp
[16.517s] -- Up-to-date symlink: /home/boda/Software2026/install/real_joy/include/RealJoy/pilot_axes.hpp
[16.517s] -- Up-to-date symlink: /home/boda/Software2026/install/real_joy/include/RealJoy/rel_alt.hpp
[16.517s] -- Up-to-date symlink: /home/boda/Software2026/install/real_joy/share/real_joy/launch/real_joy.launch.py
[16.518s] -- Up-to-date symlink: /home/boda/Software2026/install/real_joy/share/real_joy/config/cyclonedds.xml
[16.518s] -- Up-to-date symlink: /home/boda/Software2026/install/real_joy/lib/real_joy/zed_to_mavros_pose.py
[16.518s] -- Up-to-date symlink: /home/boda/Software2026/install/real_joy/lib/real_joy/rov_gui_gst.py
[16.518s] -- Up-to-date symlink: /home/boda/Software2026/install/real_joy/lib/real_joy/mako_station/__init__.py
[16.518s] -- Up-to-date symlink: /home/boda/Software2026/install/real_joy/lib/real_joy/mako_station/__pycache__/__init__.cpython-310.pyc
[16.518s] -- Up-to-date symlink: /home/boda/Software2026/install/real_joy/lib/real_joy/mako_station/__pycache__/app.cpython-310.pyc
[16.518s] -- Up-to-date symlink: /home/boda/Software2026/install/real_joy/lib/real_joy/mako_station/__pycache__/ros_worker.cpython-310.pyc
[16.518s] -- Up-to-date symlink: /home/boda/Software2026/install/real_joy/lib/real_joy/mako_station/__pycache__/simulation.cpython-310.pyc
[16.518s] -- Up-to-date symlink: /home/boda/Software2026/install/real_joy/lib/real_joy/mako_station/app.py
[16.519s] -- Up-to-date symlink: /home/boda/Software2026/install/real_joy/lib/real_joy/mako_station/ros_worker.py
[16.519s] -- Up-to-date symlink: /home/boda/Software2026/install/real_joy/lib/real_joy/mako_station/simulation.py
[16.519s] -- Up-to-date symlink: /home/boda/Software2026/install/real_joy/lib/real_joy/rov_gui_gst_legacy.py
[16.519s] -- Up-to-date symlink: /home/boda/Software2026/install/real_joy/share/ament_index/resource_index/package_run_dependencies/real_joy
[16.519s] -- Up-to-date symlink: /home/boda/Software2026/install/real_joy/share/ament_index/resource_index/parent_prefix_path/real_joy
[16.519s] -- Up-to-date symlink: /home/boda/Software2026/install/real_joy/share/real_joy/environment/ament_prefix_path.sh
[16.519s] -- Up-to-date symlink: /home/boda/Software2026/install/real_joy/share/real_joy/environment/ament_prefix_path.dsv
[16.519s] -- Up-to-date symlink: /home/boda/Software2026/install/real_joy/share/real_joy/environment/path.sh
[16.519s] -- Up-to-date symlink: /home/boda/Software2026/install/real_joy/share/real_joy/environment/path.dsv
[16.520s] -- Up-to-date symlink: /home/boda/Software2026/install/real_joy/share/real_joy/local_setup.bash
[16.520s] -- Up-to-date symlink: /home/boda/Software2026/install/real_joy/share/real_joy/local_setup.sh
[16.520s] -- Up-to-date symlink: /home/boda/Software2026/install/real_joy/share/real_joy/local_setup.zsh
[16.520s] -- Up-to-date symlink: /home/boda/Software2026/install/real_joy/share/real_joy/local_setup.dsv
[16.520s] -- Symlinking: /home/boda/Software2026/install/real_joy/share/real_joy/package.dsv
[16.529s] -- Up-to-date symlink: /home/boda/Software2026/install/real_joy/share/ament_index/resource_index/packages/real_joy
[16.529s] -- Up-to-date symlink: /home/boda/Software2026/install/real_joy/share/real_joy/cmake/real_joyConfig.cmake
[16.529s] -- Up-to-date symlink: /home/boda/Software2026/install/real_joy/share/real_joy/cmake/real_joyConfig-version.cmake
[16.530s] -- Up-to-date symlink: /home/boda/Software2026/install/real_joy/share/real_joy/package.xml
[16.531s] Invoked command in '/home/boda/Software2026/build/real_joy' returned '0': CMAKE_PREFIX_PATH=${CMAKE_PREFIX_PATH}:/home/boda/mako_ws/install/mavros_autotune:/opt/ros/humble /usr/bin/cmake --install /home/boda/Software2026/build/real_joy
