[0.014s] Invoking command in '/home/ibrahim/Desktop/rov/adhamsherif67A-MarineXperts-Season-2027/ros2_ws/src/build/fake_depth_interfaces': CMAKE_PREFIX_PATH=/home/ibrahim/Desktop/rov/adhamsherif67A-MarineXperts-Season-2027/ros2_ws/src/install/Fake_Depth_Sensor:/home/ibrahim/ros2_first_ws/install/my_robot_controller:/opt/ros/humble /usr/bin/cmake /home/ibrahim/Desktop/rov/adhamsherif67A-MarineXperts-Season-2027/ros2_ws/src/fake_depth_interfaces -DCMAKE_INSTALL_PREFIX=/home/ibrahim/Desktop/rov/adhamsherif67A-MarineXperts-Season-2027/ros2_ws/src/install/fake_depth_interfaces
[0.145s] -- The C compiler identification is GNU 11.4.0
[0.242s] -- The CXX compiler identification is GNU 11.4.0
[0.249s] -- Detecting C compiler ABI info
[0.323s] -- Detecting C compiler ABI info - done
[0.331s] -- Check for working C compiler: /usr/bin/cc - skipped
[0.332s] -- Detecting C compile features
[0.333s] -- Detecting C compile features - done
[0.336s] -- Detecting CXX compiler ABI info
[0.412s] -- Detecting CXX compiler ABI info - done
[0.421s] -- Check for working CXX compiler: /usr/bin/c++ - skipped
[0.421s] -- Detecting CXX compile features
[0.421s] -- Detecting CXX compile features - done
[0.424s] -- Found ament_cmake: 1.3.14 (/opt/ros/humble/share/ament_cmake/cmake)
[0.557s] -- Found Python3: /usr/bin/python3 (found version "3.10.12") found components: Interpreter 
[0.631s] -- Found rosidl_default_generators: 1.2.1 (/opt/ros/humble/share/rosidl_default_generators/cmake)
[0.634s] -- Using all available rosidl_typesupport_c: rosidl_typesupport_fastrtps_c;rosidl_typesupport_introspection_c
[0.641s] -- Found rosidl_adapter: 3.1.9 (/opt/ros/humble/share/rosidl_adapter/cmake)
[0.673s] -- Using all available rosidl_typesupport_cpp: rosidl_typesupport_fastrtps_cpp;rosidl_typesupport_introspection_cpp
[0.864s] -- Found ament_cmake_ros: 0.10.0 (/opt/ros/humble/share/ament_cmake_ros/cmake)
[1.012s] -- Using all available rosidl_typesupport_c: rosidl_typesupport_fastrtps_c;rosidl_typesupport_introspection_c
[1.207s] -- Using all available rosidl_typesupport_cpp: rosidl_typesupport_fastrtps_cpp;rosidl_typesupport_introspection_cpp
[1.226s] -- Found PythonInterp: /usr/bin/python3 (found suitable version "3.10.12", minimum required is "3.6") 
[1.227s] -- Found python_cmake_module: 0.10.0 (/opt/ros/humble/share/python_cmake_module/cmake)
[1.248s] -- Found PythonLibs: /usr/lib/x86_64-linux-gnu/libpython3.10.so (found suitable version "3.10.12", minimum required is "3.5") 
[1.248s] -- Using PYTHON_EXECUTABLE: /usr/bin/python3
[1.248s] -- Using PYTHON_INCLUDE_DIRS: /usr/include/python3.10
[1.248s] -- Using PYTHON_LIBRARIES: /usr/lib/x86_64-linux-gnu/libpython3.10.so
[1.262s] -- Found PythonExtra: .so  
[1.328s] -- Found ament_lint_auto: 0.12.15 (/opt/ros/humble/share/ament_lint_auto/cmake)
[1.342s] -- Added test 'lint_cmake' to check CMake code style
[1.342s] -- Added test 'xmllint' to check XML markup files
[1.343s] -- Configuring done
[1.358s] -- Generating done
[1.363s] -- Build files have been written to: /home/ibrahim/Desktop/rov/adhamsherif67A-MarineXperts-Season-2027/ros2_ws/src/build/fake_depth_interfaces
[1.369s] Invoked command in '/home/ibrahim/Desktop/rov/adhamsherif67A-MarineXperts-Season-2027/ros2_ws/src/build/fake_depth_interfaces' returned '0': CMAKE_PREFIX_PATH=/home/ibrahim/Desktop/rov/adhamsherif67A-MarineXperts-Season-2027/ros2_ws/src/install/Fake_Depth_Sensor:/home/ibrahim/ros2_first_ws/install/my_robot_controller:/opt/ros/humble /usr/bin/cmake /home/ibrahim/Desktop/rov/adhamsherif67A-MarineXperts-Season-2027/ros2_ws/src/fake_depth_interfaces -DCMAKE_INSTALL_PREFIX=/home/ibrahim/Desktop/rov/adhamsherif67A-MarineXperts-Season-2027/ros2_ws/src/install/fake_depth_interfaces
[1.370s] Invoking command in '/home/ibrahim/Desktop/rov/adhamsherif67A-MarineXperts-Season-2027/ros2_ws/src/build/fake_depth_interfaces': CMAKE_PREFIX_PATH=/home/ibrahim/Desktop/rov/adhamsherif67A-MarineXperts-Season-2027/ros2_ws/src/install/Fake_Depth_Sensor:/home/ibrahim/ros2_first_ws/install/my_robot_controller:/opt/ros/humble /usr/bin/cmake --build /home/ibrahim/Desktop/rov/adhamsherif67A-MarineXperts-Season-2027/ros2_ws/src/build/fake_depth_interfaces -- -j24 -l24
[1.400s] [  3%] [34m[1mGenerating C code for ROS interfaces[0m
[1.410s] [  6%] [34m[1mGenerating C++ code for ROS interfaces[0m
[1.412s] [  9%] [34m[1mGenerating Rust code for ROS interfaces[0m
[1.418s] [  9%] Built target ament_cmake_python_copy_fake_depth_interfaces
[1.569s] running egg_info
[1.569s] creating fake_depth_interfaces.egg-info
[1.569s] writing fake_depth_interfaces.egg-info/PKG-INFO
[1.569s] writing dependency_links to fake_depth_interfaces.egg-info/dependency_links.txt
[1.569s] writing top-level names to fake_depth_interfaces.egg-info/top_level.txt
[1.569s] writing manifest file 'fake_depth_interfaces.egg-info/SOURCES.txt'
[1.570s] reading manifest file 'fake_depth_interfaces.egg-info/SOURCES.txt'
[1.570s] writing manifest file 'fake_depth_interfaces.egg-info/SOURCES.txt'
[1.571s] [  9%] Built target fake_depth_interfaces__rs
[1.587s] [  9%] Built target ament_cmake_python_build_fake_depth_interfaces_egg
[1.637s] [  9%] Built target fake_depth_interfaces__cpp
[1.643s] [ 12%] [34m[1mGenerating C++ introspection for ROS interfaces[0m
[1.644s] [ 18%] [34m[1mGenerating C++ type support for eProsima Fast-RTPS[0m
[1.644s] [ 18%] [34m[1mGenerating C++ type support dispatch for ROS interfaces[0m
[1.648s] [ 21%] [32mBuilding C object CMakeFiles/fake_depth_interfaces__rosidl_generator_c.dir/rosidl_generator_c/fake_depth_interfaces/action/detail/dive__functions.c.o[0m
[1.736s] [ 25%] [32m[1mLinking C shared library libfake_depth_interfaces__rosidl_generator_c.so[0m
[1.765s] [ 25%] Built target fake_depth_interfaces__rosidl_generator_c
[1.772s] [ 31%] [34m[1mGenerating C type support for eProsima Fast-RTPS[0m
[1.773s] [ 31%] [34m[1mGenerating C type support dispatch for ROS interfaces[0m
[1.773s] [ 34%] [34m[1mGenerating C introspection for ROS interfaces[0m
[1.834s] [ 37%] [32mBuilding CXX object CMakeFiles/fake_depth_interfaces__rosidl_typesupport_introspection_cpp.dir/rosidl_typesupport_introspection_cpp/fake_depth_interfaces/action/detail/dive__type_support.cpp.o[0m
[1.843s] [ 40%] [32mBuilding CXX object CMakeFiles/fake_depth_interfaces__rosidl_typesupport_cpp.dir/rosidl_typesupport_cpp/fake_depth_interfaces/action/dive__type_support.cpp.o[0m
[1.866s] [ 43%] [32mBuilding CXX object CMakeFiles/fake_depth_interfaces__rosidl_typesupport_fastrtps_cpp.dir/rosidl_typesupport_fastrtps_cpp/fake_depth_interfaces/action/detail/dds_fastrtps/dive__type_support.cpp.o[0m
[1.956s] [ 46%] [32mBuilding CXX object CMakeFiles/fake_depth_interfaces__rosidl_typesupport_c.dir/rosidl_typesupport_c/fake_depth_interfaces/action/dive__type_support.cpp.o[0m
[1.997s] [ 50%] [32m[1mLinking CXX shared library libfake_depth_interfaces__rosidl_typesupport_c.so[0m
[2.005s] [ 53%] [32mBuilding CXX object CMakeFiles/fake_depth_interfaces__rosidl_typesupport_fastrtps_c.dir/rosidl_typesupport_fastrtps_c/fake_depth_interfaces/action/detail/dive__type_support_c.cpp.o[0m
[2.016s] [ 56%] [32mBuilding C object CMakeFiles/fake_depth_interfaces__rosidl_typesupport_introspection_c.dir/rosidl_typesupport_introspection_c/fake_depth_interfaces/action/detail/dive__type_support.c.o[0m
[2.028s] [ 56%] Built target fake_depth_interfaces__rosidl_typesupport_c
[2.047s] [ 59%] [32m[1mLinking C shared library libfake_depth_interfaces__rosidl_typesupport_introspection_c.so[0m
[2.072s] [ 59%] Built target fake_depth_interfaces__rosidl_typesupport_introspection_c
[2.094s] [ 62%] [32m[1mLinking CXX shared library libfake_depth_interfaces__rosidl_typesupport_cpp.so[0m
[2.124s] [ 62%] Built target fake_depth_interfaces__rosidl_typesupport_cpp
[2.162s] [ 65%] [32m[1mLinking CXX shared library libfake_depth_interfaces__rosidl_typesupport_fastrtps_cpp.so[0m
[2.192s] [ 68%] [32m[1mLinking CXX shared library libfake_depth_interfaces__rosidl_typesupport_fastrtps_c.so[0m
[2.196s] [ 71%] [32m[1mLinking CXX shared library libfake_depth_interfaces__rosidl_typesupport_introspection_cpp.so[0m
[2.206s] [ 71%] Built target fake_depth_interfaces__rosidl_typesupport_fastrtps_cpp
[2.238s] [ 71%] Built target fake_depth_interfaces__rosidl_typesupport_introspection_cpp
[2.239s] [ 71%] Built target fake_depth_interfaces__rosidl_typesupport_fastrtps_c
[2.256s] [ 71%] Built target fake_depth_interfaces
[2.275s] [ 75%] [34m[1mGenerating Python code for ROS interfaces[0m
[2.610s] [ 75%] Built target fake_depth_interfaces__py
[2.624s] [ 78%] [32mBuilding C object CMakeFiles/fake_depth_interfaces__rosidl_generator_py.dir/rosidl_generator_py/fake_depth_interfaces/action/_dive_s.c.o[0m
[2.719s] [ 81%] [32m[1mLinking C shared library rosidl_generator_py/fake_depth_interfaces/libfake_depth_interfaces__rosidl_generator_py.so[0m
[2.757s] [ 81%] Built target fake_depth_interfaces__rosidl_generator_py
[2.778s] [ 84%] [32mBuilding C object CMakeFiles/fake_depth_interfaces__rosidl_typesupport_fastrtps_c__pyext.dir/rosidl_generator_py/fake_depth_interfaces/_fake_depth_interfaces_s.ep.rosidl_typesupport_fastrtps_c.c.o[0m
[2.778s] [ 87%] [32mBuilding C object CMakeFiles/fake_depth_interfaces__rosidl_typesupport_c__pyext.dir/rosidl_generator_py/fake_depth_interfaces/_fake_depth_interfaces_s.ep.rosidl_typesupport_c.c.o[0m
[2.779s] [ 90%] [32mBuilding C object CMakeFiles/fake_depth_interfaces__rosidl_typesupport_introspection_c__pyext.dir/rosidl_generator_py/fake_depth_interfaces/_fake_depth_interfaces_s.ep.rosidl_typesupport_introspection_c.c.o[0m
[2.845s] [ 93%] [32m[1mLinking C shared library rosidl_generator_py/fake_depth_interfaces/fake_depth_interfaces_s__rosidl_typesupport_c.cpython-310-x86_64-linux-gnu.so[0m
[2.846s] [ 96%] [32m[1mLinking C shared library rosidl_generator_py/fake_depth_interfaces/fake_depth_interfaces_s__rosidl_typesupport_introspection_c.cpython-310-x86_64-linux-gnu.so[0m
[2.854s] [100%] [32m[1mLinking C shared library rosidl_generator_py/fake_depth_interfaces/fake_depth_interfaces_s__rosidl_typesupport_fastrtps_c.cpython-310-x86_64-linux-gnu.so[0m
[2.873s] [100%] Built target fake_depth_interfaces__rosidl_typesupport_introspection_c__pyext
[2.873s] [100%] Built target fake_depth_interfaces__rosidl_typesupport_c__pyext
[2.886s] [100%] Built target fake_depth_interfaces__rosidl_typesupport_fastrtps_c__pyext
[2.893s] Invoked command in '/home/ibrahim/Desktop/rov/adhamsherif67A-MarineXperts-Season-2027/ros2_ws/src/build/fake_depth_interfaces' returned '0': CMAKE_PREFIX_PATH=/home/ibrahim/Desktop/rov/adhamsherif67A-MarineXperts-Season-2027/ros2_ws/src/install/Fake_Depth_Sensor:/home/ibrahim/ros2_first_ws/install/my_robot_controller:/opt/ros/humble /usr/bin/cmake --build /home/ibrahim/Desktop/rov/adhamsherif67A-MarineXperts-Season-2027/ros2_ws/src/build/fake_depth_interfaces -- -j24 -l24
[2.903s] Invoking command in '/home/ibrahim/Desktop/rov/adhamsherif67A-MarineXperts-Season-2027/ros2_ws/src/build/fake_depth_interfaces': CMAKE_PREFIX_PATH=/home/ibrahim/Desktop/rov/adhamsherif67A-MarineXperts-Season-2027/ros2_ws/src/install/Fake_Depth_Sensor:/home/ibrahim/ros2_first_ws/install/my_robot_controller:/opt/ros/humble /usr/bin/cmake --install /home/ibrahim/Desktop/rov/adhamsherif67A-MarineXperts-Season-2027/ros2_ws/src/build/fake_depth_interfaces
[2.913s] -- Install configuration: ""
[2.914s] -- Installing: /home/ibrahim/Desktop/rov/adhamsherif67A-MarineXperts-Season-2027/ros2_ws/src/install/fake_depth_interfaces/share/ament_index/resource_index/rosidl_interfaces/fake_depth_interfaces
[2.914s] -- Installing: /home/ibrahim/Desktop/rov/adhamsherif67A-MarineXperts-Season-2027/ros2_ws/src/install/fake_depth_interfaces/include/fake_depth_interfaces/fake_depth_interfaces
[2.914s] -- Installing: /home/ibrahim/Desktop/rov/adhamsherif67A-MarineXperts-Season-2027/ros2_ws/src/install/fake_depth_interfaces/include/fake_depth_interfaces/fake_depth_interfaces/msg
[2.914s] -- Installing: /home/ibrahim/Desktop/rov/adhamsherif67A-MarineXperts-Season-2027/ros2_ws/src/install/fake_depth_interfaces/include/fake_depth_interfaces/fake_depth_interfaces/msg/rosidl_generator_c__visibility_control.h
[2.914s] -- Installing: /home/ibrahim/Desktop/rov/adhamsherif67A-MarineXperts-Season-2027/ros2_ws/src/install/fake_depth_interfaces/include/fake_depth_interfaces/fake_depth_interfaces/action
[2.915s] -- Installing: /home/ibrahim/Desktop/rov/adhamsherif67A-MarineXperts-Season-2027/ros2_ws/src/install/fake_depth_interfaces/include/fake_depth_interfaces/fake_depth_interfaces/action/dive.h
[2.915s] -- Installing: /home/ibrahim/Desktop/rov/adhamsherif67A-MarineXperts-Season-2027/ros2_ws/src/install/fake_depth_interfaces/include/fake_depth_interfaces/fake_depth_interfaces/action/detail
[2.915s] -- Installing: /home/ibrahim/Desktop/rov/adhamsherif67A-MarineXperts-Season-2027/ros2_ws/src/install/fake_depth_interfaces/include/fake_depth_interfaces/fake_depth_interfaces/action/detail/dive__functions.h
[2.915s] -- Installing: /home/ibrahim/Desktop/rov/adhamsherif67A-MarineXperts-Season-2027/ros2_ws/src/install/fake_depth_interfaces/include/fake_depth_interfaces/fake_depth_interfaces/action/detail/dive__struct.h
[2.915s] -- Installing: /home/ibrahim/Desktop/rov/adhamsherif67A-MarineXperts-Season-2027/ros2_ws/src/install/fake_depth_interfaces/include/fake_depth_interfaces/fake_depth_interfaces/action/detail/dive__type_support.h
[2.915s] -- Installing: /home/ibrahim/Desktop/rov/adhamsherif67A-MarineXperts-Season-2027/ros2_ws/src/install/fake_depth_interfaces/include/fake_depth_interfaces/fake_depth_interfaces/action/detail/dive__functions.c
[2.915s] -- Installing: /home/ibrahim/Desktop/rov/adhamsherif67A-MarineXperts-Season-2027/ros2_ws/src/install/fake_depth_interfaces/share/fake_depth_interfaces/environment/library_path.sh
[2.915s] -- Installing: /home/ibrahim/Desktop/rov/adhamsherif67A-MarineXperts-Season-2027/ros2_ws/src/install/fake_depth_interfaces/share/fake_depth_interfaces/environment/library_path.dsv
[2.916s] -- Installing: /home/ibrahim/Desktop/rov/adhamsherif67A-MarineXperts-Season-2027/ros2_ws/src/install/fake_depth_interfaces/lib/libfake_depth_interfaces__rosidl_generator_c.so
[2.916s] -- Set runtime path of "/home/ibrahim/Desktop/rov/adhamsherif67A-MarineXperts-Season-2027/ros2_ws/src/install/fake_depth_interfaces/lib/libfake_depth_interfaces__rosidl_generator_c.so" to ""
[2.916s] -- Up-to-date: /home/ibrahim/Desktop/rov/adhamsherif67A-MarineXperts-Season-2027/ros2_ws/src/install/fake_depth_interfaces/include/fake_depth_interfaces/fake_depth_interfaces
[2.916s] -- Up-to-date: /home/ibrahim/Desktop/rov/adhamsherif67A-MarineXperts-Season-2027/ros2_ws/src/install/fake_depth_interfaces/include/fake_depth_interfaces/fake_depth_interfaces/msg
[2.916s] -- Installing: /home/ibrahim/Desktop/rov/adhamsherif67A-MarineXperts-Season-2027/ros2_ws/src/install/fake_depth_interfaces/include/fake_depth_interfaces/fake_depth_interfaces/msg/rosidl_typesupport_fastrtps_c__visibility_control.h
[2.916s] -- Up-to-date: /home/ibrahim/Desktop/rov/adhamsherif67A-MarineXperts-Season-2027/ros2_ws/src/install/fake_depth_interfaces/include/fake_depth_interfaces/fake_depth_interfaces/action
[2.916s] -- Up-to-date: /home/ibrahim/Desktop/rov/adhamsherif67A-MarineXperts-Season-2027/ros2_ws/src/install/fake_depth_interfaces/include/fake_depth_interfaces/fake_depth_interfaces/action/detail
[2.916s] -- Installing: /home/ibrahim/Desktop/rov/adhamsherif67A-MarineXperts-Season-2027/ros2_ws/src/install/fake_depth_interfaces/include/fake_depth_interfaces/fake_depth_interfaces/action/detail/dive__rosidl_typesupport_fastrtps_c.h
[2.916s] -- Installing: /home/ibrahim/Desktop/rov/adhamsherif67A-MarineXperts-Season-2027/ros2_ws/src/install/fake_depth_interfaces/lib/libfake_depth_interfaces__rosidl_typesupport_fastrtps_c.so
[2.917s] -- Set runtime path of "/home/ibrahim/Desktop/rov/adhamsherif67A-MarineXperts-Season-2027/ros2_ws/src/install/fake_depth_interfaces/lib/libfake_depth_interfaces__rosidl_typesupport_fastrtps_c.so" to ""
[2.917s] -- Up-to-date: /home/ibrahim/Desktop/rov/adhamsherif67A-MarineXperts-Season-2027/ros2_ws/src/install/fake_depth_interfaces/include/fake_depth_interfaces/fake_depth_interfaces
[2.917s] -- Up-to-date: /home/ibrahim/Desktop/rov/adhamsherif67A-MarineXperts-Season-2027/ros2_ws/src/install/fake_depth_interfaces/include/fake_depth_interfaces/fake_depth_interfaces/msg
[2.917s] -- Installing: /home/ibrahim/Desktop/rov/adhamsherif67A-MarineXperts-Season-2027/ros2_ws/src/install/fake_depth_interfaces/include/fake_depth_interfaces/fake_depth_interfaces/msg/rosidl_typesupport_introspection_c__visibility_control.h
[2.917s] -- Up-to-date: /home/ibrahim/Desktop/rov/adhamsherif67A-MarineXperts-Season-2027/ros2_ws/src/install/fake_depth_interfaces/include/fake_depth_interfaces/fake_depth_interfaces/action
[2.917s] -- Up-to-date: /home/ibrahim/Desktop/rov/adhamsherif67A-MarineXperts-Season-2027/ros2_ws/src/install/fake_depth_interfaces/include/fake_depth_interfaces/fake_depth_interfaces/action/detail
[2.917s] -- Installing: /home/ibrahim/Desktop/rov/adhamsherif67A-MarineXperts-Season-2027/ros2_ws/src/install/fake_depth_interfaces/include/fake_depth_interfaces/fake_depth_interfaces/action/detail/dive__rosidl_typesupport_introspection_c.h
[2.917s] -- Installing: /home/ibrahim/Desktop/rov/adhamsherif67A-MarineXperts-Season-2027/ros2_ws/src/install/fake_depth_interfaces/include/fake_depth_interfaces/fake_depth_interfaces/action/detail/dive__type_support.c
[2.918s] -- Installing: /home/ibrahim/Desktop/rov/adhamsherif67A-MarineXperts-Season-2027/ros2_ws/src/install/fake_depth_interfaces/lib/libfake_depth_interfaces__rosidl_typesupport_introspection_c.so
[2.918s] -- Set runtime path of "/home/ibrahim/Desktop/rov/adhamsherif67A-MarineXperts-Season-2027/ros2_ws/src/install/fake_depth_interfaces/lib/libfake_depth_interfaces__rosidl_typesupport_introspection_c.so" to ""
[2.918s] -- Installing: /home/ibrahim/Desktop/rov/adhamsherif67A-MarineXperts-Season-2027/ros2_ws/src/install/fake_depth_interfaces/lib/libfake_depth_interfaces__rosidl_typesupport_c.so
[2.918s] -- Set runtime path of "/home/ibrahim/Desktop/rov/adhamsherif67A-MarineXperts-Season-2027/ros2_ws/src/install/fake_depth_interfaces/lib/libfake_depth_interfaces__rosidl_typesupport_c.so" to ""
[2.918s] -- Up-to-date: /home/ibrahim/Desktop/rov/adhamsherif67A-MarineXperts-Season-2027/ros2_ws/src/install/fake_depth_interfaces/include/fake_depth_interfaces/fake_depth_interfaces
[2.918s] -- Up-to-date: /home/ibrahim/Desktop/rov/adhamsherif67A-MarineXperts-Season-2027/ros2_ws/src/install/fake_depth_interfaces/include/fake_depth_interfaces/fake_depth_interfaces/msg
[2.918s] -- Installing: /home/ibrahim/Desktop/rov/adhamsherif67A-MarineXperts-Season-2027/ros2_ws/src/install/fake_depth_interfaces/include/fake_depth_interfaces/fake_depth_interfaces/msg/rosidl_generator_cpp__visibility_control.hpp
[2.918s] -- Up-to-date: /home/ibrahim/Desktop/rov/adhamsherif67A-MarineXperts-Season-2027/ros2_ws/src/install/fake_depth_interfaces/include/fake_depth_interfaces/fake_depth_interfaces/action
[2.918s] -- Installing: /home/ibrahim/Desktop/rov/adhamsherif67A-MarineXperts-Season-2027/ros2_ws/src/install/fake_depth_interfaces/include/fake_depth_interfaces/fake_depth_interfaces/action/dive.hpp
[2.919s] -- Up-to-date: /home/ibrahim/Desktop/rov/adhamsherif67A-MarineXperts-Season-2027/ros2_ws/src/install/fake_depth_interfaces/include/fake_depth_interfaces/fake_depth_interfaces/action/detail
[2.919s] -- Installing: /home/ibrahim/Desktop/rov/adhamsherif67A-MarineXperts-Season-2027/ros2_ws/src/install/fake_depth_interfaces/include/fake_depth_interfaces/fake_depth_interfaces/action/detail/dive__builder.hpp
[2.919s] -- Installing: /home/ibrahim/Desktop/rov/adhamsherif67A-MarineXperts-Season-2027/ros2_ws/src/install/fake_depth_interfaces/include/fake_depth_interfaces/fake_depth_interfaces/action/detail/dive__traits.hpp
[2.919s] -- Installing: /home/ibrahim/Desktop/rov/adhamsherif67A-MarineXperts-Season-2027/ros2_ws/src/install/fake_depth_interfaces/include/fake_depth_interfaces/fake_depth_interfaces/action/detail/dive__type_support.hpp
[2.919s] -- Installing: /home/ibrahim/Desktop/rov/adhamsherif67A-MarineXperts-Season-2027/ros2_ws/src/install/fake_depth_interfaces/include/fake_depth_interfaces/fake_depth_interfaces/action/detail/dive__struct.hpp
[2.919s] -- Up-to-date: /home/ibrahim/Desktop/rov/adhamsherif67A-MarineXperts-Season-2027/ros2_ws/src/install/fake_depth_interfaces/include/fake_depth_interfaces/fake_depth_interfaces
[2.919s] -- Up-to-date: /home/ibrahim/Desktop/rov/adhamsherif67A-MarineXperts-Season-2027/ros2_ws/src/install/fake_depth_interfaces/include/fake_depth_interfaces/fake_depth_interfaces/msg
[2.919s] -- Installing: /home/ibrahim/Desktop/rov/adhamsherif67A-MarineXperts-Season-2027/ros2_ws/src/install/fake_depth_interfaces/include/fake_depth_interfaces/fake_depth_interfaces/msg/rosidl_typesupport_fastrtps_cpp__visibility_control.h
[2.920s] -- Up-to-date: /home/ibrahim/Desktop/rov/adhamsherif67A-MarineXperts-Season-2027/ros2_ws/src/install/fake_depth_interfaces/include/fake_depth_interfaces/fake_depth_interfaces/action
[2.920s] -- Up-to-date: /home/ibrahim/Desktop/rov/adhamsherif67A-MarineXperts-Season-2027/ros2_ws/src/install/fake_depth_interfaces/include/fake_depth_interfaces/fake_depth_interfaces/action/detail
[2.920s] -- Installing: /home/ibrahim/Desktop/rov/adhamsherif67A-MarineXperts-Season-2027/ros2_ws/src/install/fake_depth_interfaces/include/fake_depth_interfaces/fake_depth_interfaces/action/detail/dds_fastrtps
[2.920s] -- Installing: /home/ibrahim/Desktop/rov/adhamsherif67A-MarineXperts-Season-2027/ros2_ws/src/install/fake_depth_interfaces/include/fake_depth_interfaces/fake_depth_interfaces/action/detail/dive__rosidl_typesupport_fastrtps_cpp.hpp
[2.920s] -- Installing: /home/ibrahim/Desktop/rov/adhamsherif67A-MarineXperts-Season-2027/ros2_ws/src/install/fake_depth_interfaces/lib/libfake_depth_interfaces__rosidl_typesupport_fastrtps_cpp.so
[2.920s] -- Set runtime path of "/home/ibrahim/Desktop/rov/adhamsherif67A-MarineXperts-Season-2027/ros2_ws/src/install/fake_depth_interfaces/lib/libfake_depth_interfaces__rosidl_typesupport_fastrtps_cpp.so" to ""
[2.920s] -- Up-to-date: /home/ibrahim/Desktop/rov/adhamsherif67A-MarineXperts-Season-2027/ros2_ws/src/install/fake_depth_interfaces/include/fake_depth_interfaces/fake_depth_interfaces
[2.920s] -- Up-to-date: /home/ibrahim/Desktop/rov/adhamsherif67A-MarineXperts-Season-2027/ros2_ws/src/install/fake_depth_interfaces/include/fake_depth_interfaces/fake_depth_interfaces/action
[2.921s] -- Up-to-date: /home/ibrahim/Desktop/rov/adhamsherif67A-MarineXperts-Season-2027/ros2_ws/src/install/fake_depth_interfaces/include/fake_depth_interfaces/fake_depth_interfaces/action/detail
[2.921s] -- Installing: /home/ibrahim/Desktop/rov/adhamsherif67A-MarineXperts-Season-2027/ros2_ws/src/install/fake_depth_interfaces/include/fake_depth_interfaces/fake_depth_interfaces/action/detail/dive__rosidl_typesupport_introspection_cpp.hpp
[2.921s] -- Installing: /home/ibrahim/Desktop/rov/adhamsherif67A-MarineXperts-Season-2027/ros2_ws/src/install/fake_depth_interfaces/include/fake_depth_interfaces/fake_depth_interfaces/action/detail/dive__type_support.cpp
[2.921s] -- Installing: /home/ibrahim/Desktop/rov/adhamsherif67A-MarineXperts-Season-2027/ros2_ws/src/install/fake_depth_interfaces/lib/libfake_depth_interfaces__rosidl_typesupport_introspection_cpp.so
[2.921s] -- Set runtime path of "/home/ibrahim/Desktop/rov/adhamsherif67A-MarineXperts-Season-2027/ros2_ws/src/install/fake_depth_interfaces/lib/libfake_depth_interfaces__rosidl_typesupport_introspection_cpp.so" to ""
[2.921s] -- Installing: /home/ibrahim/Desktop/rov/adhamsherif67A-MarineXperts-Season-2027/ros2_ws/src/install/fake_depth_interfaces/lib/libfake_depth_interfaces__rosidl_typesupport_cpp.so
[2.921s] -- Set runtime path of "/home/ibrahim/Desktop/rov/adhamsherif67A-MarineXperts-Season-2027/ros2_ws/src/install/fake_depth_interfaces/lib/libfake_depth_interfaces__rosidl_typesupport_cpp.so" to ""
[2.921s] -- Installing: /home/ibrahim/Desktop/rov/adhamsherif67A-MarineXperts-Season-2027/ros2_ws/src/install/fake_depth_interfaces/share/fake_depth_interfaces/environment/pythonpath.sh
[2.922s] -- Installing: /home/ibrahim/Desktop/rov/adhamsherif67A-MarineXperts-Season-2027/ros2_ws/src/install/fake_depth_interfaces/share/fake_depth_interfaces/environment/pythonpath.dsv
[2.922s] -- Installing: /home/ibrahim/Desktop/rov/adhamsherif67A-MarineXperts-Season-2027/ros2_ws/src/install/fake_depth_interfaces/local/lib/python3.10/dist-packages/fake_depth_interfaces-0.0.0-py3.10.egg-info
[2.922s] -- Installing: /home/ibrahim/Desktop/rov/adhamsherif67A-MarineXperts-Season-2027/ros2_ws/src/install/fake_depth_interfaces/local/lib/python3.10/dist-packages/fake_depth_interfaces-0.0.0-py3.10.egg-info/top_level.txt
[2.922s] -- Installing: /home/ibrahim/Desktop/rov/adhamsherif67A-MarineXperts-Season-2027/ros2_ws/src/install/fake_depth_interfaces/local/lib/python3.10/dist-packages/fake_depth_interfaces-0.0.0-py3.10.egg-info/PKG-INFO
[2.922s] -- Installing: /home/ibrahim/Desktop/rov/adhamsherif67A-MarineXperts-Season-2027/ros2_ws/src/install/fake_depth_interfaces/local/lib/python3.10/dist-packages/fake_depth_interfaces-0.0.0-py3.10.egg-info/SOURCES.txt
[2.922s] -- Installing: /home/ibrahim/Desktop/rov/adhamsherif67A-MarineXperts-Season-2027/ros2_ws/src/install/fake_depth_interfaces/local/lib/python3.10/dist-packages/fake_depth_interfaces-0.0.0-py3.10.egg-info/dependency_links.txt
[2.922s] -- Installing: /home/ibrahim/Desktop/rov/adhamsherif67A-MarineXperts-Season-2027/ros2_ws/src/install/fake_depth_interfaces/local/lib/python3.10/dist-packages/fake_depth_interfaces
[2.922s] -- Installing: /home/ibrahim/Desktop/rov/adhamsherif67A-MarineXperts-Season-2027/ros2_ws/src/install/fake_depth_interfaces/local/lib/python3.10/dist-packages/fake_depth_interfaces/_fake_depth_interfaces_s.ep.rosidl_typesupport_c.c
[2.922s] -- Installing: /home/ibrahim/Desktop/rov/adhamsherif67A-MarineXperts-Season-2027/ros2_ws/src/install/fake_depth_interfaces/local/lib/python3.10/dist-packages/fake_depth_interfaces/fake_depth_interfaces_s__rosidl_typesupport_introspection_c.cpython-310-x86_64-linux-gnu.so
[2.922s] -- Installing: /home/ibrahim/Desktop/rov/adhamsherif67A-MarineXperts-Season-2027/ros2_ws/src/install/fake_depth_interfaces/local/lib/python3.10/dist-packages/fake_depth_interfaces/_fake_depth_interfaces_s.ep.rosidl_typesupport_introspection_c.c
[2.923s] -- Installing: /home/ibrahim/Desktop/rov/adhamsherif67A-MarineXperts-Season-2027/ros2_ws/src/install/fake_depth_interfaces/local/lib/python3.10/dist-packages/fake_depth_interfaces/fake_depth_interfaces_s__rosidl_typesupport_fastrtps_c.cpython-310-x86_64-linux-gnu.so
[2.923s] -- Installing: /home/ibrahim/Desktop/rov/adhamsherif67A-MarineXperts-Season-2027/ros2_ws/src/install/fake_depth_interfaces/local/lib/python3.10/dist-packages/fake_depth_interfaces/fake_depth_interfaces_s__rosidl_typesupport_c.cpython-310-x86_64-linux-gnu.so
[2.923s] -- Installing: /home/ibrahim/Desktop/rov/adhamsherif67A-MarineXperts-Season-2027/ros2_ws/src/install/fake_depth_interfaces/local/lib/python3.10/dist-packages/fake_depth_interfaces/_fake_depth_interfaces_s.ep.rosidl_typesupport_fastrtps_c.c
[2.923s] -- Installing: /home/ibrahim/Desktop/rov/adhamsherif67A-MarineXperts-Season-2027/ros2_ws/src/install/fake_depth_interfaces/local/lib/python3.10/dist-packages/fake_depth_interfaces/__init__.py
[2.923s] -- Installing: /home/ibrahim/Desktop/rov/adhamsherif67A-MarineXperts-Season-2027/ros2_ws/src/install/fake_depth_interfaces/local/lib/python3.10/dist-packages/fake_depth_interfaces/action
[2.923s] -- Installing: /home/ibrahim/Desktop/rov/adhamsherif67A-MarineXperts-Season-2027/ros2_ws/src/install/fake_depth_interfaces/local/lib/python3.10/dist-packages/fake_depth_interfaces/action/_dive.py
[2.923s] -- Installing: /home/ibrahim/Desktop/rov/adhamsherif67A-MarineXperts-Season-2027/ros2_ws/src/install/fake_depth_interfaces/local/lib/python3.10/dist-packages/fake_depth_interfaces/action/_dive_s.c
[2.923s] -- Installing: /home/ibrahim/Desktop/rov/adhamsherif67A-MarineXperts-Season-2027/ros2_ws/src/install/fake_depth_interfaces/local/lib/python3.10/dist-packages/fake_depth_interfaces/action/__init__.py
[2.923s] -- Installing: /home/ibrahim/Desktop/rov/adhamsherif67A-MarineXperts-Season-2027/ros2_ws/src/install/fake_depth_interfaces/local/lib/python3.10/dist-packages/fake_depth_interfaces/libfake_depth_interfaces__rosidl_generator_py.so
[2.953s] Listing '/home/ibrahim/Desktop/rov/adhamsherif67A-MarineXperts-Season-2027/ros2_ws/src/install/fake_depth_interfaces/local/lib/python3.10/dist-packages/fake_depth_interfaces'...
[2.953s] Compiling '/home/ibrahim/Desktop/rov/adhamsherif67A-MarineXperts-Season-2027/ros2_ws/src/install/fake_depth_interfaces/local/lib/python3.10/dist-packages/fake_depth_interfaces/__init__.py'...
[2.953s] Listing '/home/ibrahim/Desktop/rov/adhamsherif67A-MarineXperts-Season-2027/ros2_ws/src/install/fake_depth_interfaces/local/lib/python3.10/dist-packages/fake_depth_interfaces/action'...
[2.953s] Compiling '/home/ibrahim/Desktop/rov/adhamsherif67A-MarineXperts-Season-2027/ros2_ws/src/install/fake_depth_interfaces/local/lib/python3.10/dist-packages/fake_depth_interfaces/action/__init__.py'...
[2.953s] Compiling '/home/ibrahim/Desktop/rov/adhamsherif67A-MarineXperts-Season-2027/ros2_ws/src/install/fake_depth_interfaces/local/lib/python3.10/dist-packages/fake_depth_interfaces/action/_dive.py'...
[2.956s] -- Installing: /home/ibrahim/Desktop/rov/adhamsherif67A-MarineXperts-Season-2027/ros2_ws/src/install/fake_depth_interfaces/local/lib/python3.10/dist-packages/fake_depth_interfaces/fake_depth_interfaces_s__rosidl_typesupport_fastrtps_c.cpython-310-x86_64-linux-gnu.so
[2.956s] -- Set runtime path of "/home/ibrahim/Desktop/rov/adhamsherif67A-MarineXperts-Season-2027/ros2_ws/src/install/fake_depth_interfaces/local/lib/python3.10/dist-packages/fake_depth_interfaces/fake_depth_interfaces_s__rosidl_typesupport_fastrtps_c.cpython-310-x86_64-linux-gnu.so" to ""
[2.957s] -- Installing: /home/ibrahim/Desktop/rov/adhamsherif67A-MarineXperts-Season-2027/ros2_ws/src/install/fake_depth_interfaces/local/lib/python3.10/dist-packages/fake_depth_interfaces/fake_depth_interfaces_s__rosidl_typesupport_introspection_c.cpython-310-x86_64-linux-gnu.so
[2.957s] -- Set runtime path of "/home/ibrahim/Desktop/rov/adhamsherif67A-MarineXperts-Season-2027/ros2_ws/src/install/fake_depth_interfaces/local/lib/python3.10/dist-packages/fake_depth_interfaces/fake_depth_interfaces_s__rosidl_typesupport_introspection_c.cpython-310-x86_64-linux-gnu.so" to ""
[2.957s] -- Installing: /home/ibrahim/Desktop/rov/adhamsherif67A-MarineXperts-Season-2027/ros2_ws/src/install/fake_depth_interfaces/local/lib/python3.10/dist-packages/fake_depth_interfaces/fake_depth_interfaces_s__rosidl_typesupport_c.cpython-310-x86_64-linux-gnu.so
[2.957s] -- Set runtime path of "/home/ibrahim/Desktop/rov/adhamsherif67A-MarineXperts-Season-2027/ros2_ws/src/install/fake_depth_interfaces/local/lib/python3.10/dist-packages/fake_depth_interfaces/fake_depth_interfaces_s__rosidl_typesupport_c.cpython-310-x86_64-linux-gnu.so" to ""
[2.957s] -- Installing: /home/ibrahim/Desktop/rov/adhamsherif67A-MarineXperts-Season-2027/ros2_ws/src/install/fake_depth_interfaces/lib/libfake_depth_interfaces__rosidl_generator_py.so
[2.957s] -- Set runtime path of "/home/ibrahim/Desktop/rov/adhamsherif67A-MarineXperts-Season-2027/ros2_ws/src/install/fake_depth_interfaces/lib/libfake_depth_interfaces__rosidl_generator_py.so" to ""
[2.957s] -- Installing: /home/ibrahim/Desktop/rov/adhamsherif67A-MarineXperts-Season-2027/ros2_ws/src/install/fake_depth_interfaces/share/ament_index/resource_index/rust_packages/fake_depth_interfaces
[2.957s] -- Installing: /home/ibrahim/Desktop/rov/adhamsherif67A-MarineXperts-Season-2027/ros2_ws/src/install/fake_depth_interfaces/share/fake_depth_interfaces/rust
[2.957s] -- Installing: /home/ibrahim/Desktop/rov/adhamsherif67A-MarineXperts-Season-2027/ros2_ws/src/install/fake_depth_interfaces/share/fake_depth_interfaces/rust/Cargo.toml
[2.957s] -- Installing: /home/ibrahim/Desktop/rov/adhamsherif67A-MarineXperts-Season-2027/ros2_ws/src/install/fake_depth_interfaces/share/fake_depth_interfaces/rust/src
[2.957s] -- Installing: /home/ibrahim/Desktop/rov/adhamsherif67A-MarineXperts-Season-2027/ros2_ws/src/install/fake_depth_interfaces/share/fake_depth_interfaces/rust/src/action.rs
[2.957s] -- Installing: /home/ibrahim/Desktop/rov/adhamsherif67A-MarineXperts-Season-2027/ros2_ws/src/install/fake_depth_interfaces/share/fake_depth_interfaces/rust/src/lib.rs
[2.957s] -- Installing: /home/ibrahim/Desktop/rov/adhamsherif67A-MarineXperts-Season-2027/ros2_ws/src/install/fake_depth_interfaces/share/fake_depth_interfaces/rust/src/action
[2.957s] -- Installing: /home/ibrahim/Desktop/rov/adhamsherif67A-MarineXperts-Season-2027/ros2_ws/src/install/fake_depth_interfaces/share/fake_depth_interfaces/rust/src/action/rmw.rs
[2.957s] -- Installing: /home/ibrahim/Desktop/rov/adhamsherif67A-MarineXperts-Season-2027/ros2_ws/src/install/fake_depth_interfaces/share/fake_depth_interfaces/rust/build.rs
[2.957s] -- Installing: /home/ibrahim/Desktop/rov/adhamsherif67A-MarineXperts-Season-2027/ros2_ws/src/install/fake_depth_interfaces/share/fake_depth_interfaces/action/Dive.idl
[2.957s] -- Installing: /home/ibrahim/Desktop/rov/adhamsherif67A-MarineXperts-Season-2027/ros2_ws/src/install/fake_depth_interfaces/share/fake_depth_interfaces/action/Dive.action
[2.957s] -- Installing: /home/ibrahim/Desktop/rov/adhamsherif67A-MarineXperts-Season-2027/ros2_ws/src/install/fake_depth_interfaces/share/ament_index/resource_index/package_run_dependencies/fake_depth_interfaces
[2.957s] -- Installing: /home/ibrahim/Desktop/rov/adhamsherif67A-MarineXperts-Season-2027/ros2_ws/src/install/fake_depth_interfaces/share/ament_index/resource_index/parent_prefix_path/fake_depth_interfaces
[2.957s] -- Installing: /home/ibrahim/Desktop/rov/adhamsherif67A-MarineXperts-Season-2027/ros2_ws/src/install/fake_depth_interfaces/share/fake_depth_interfaces/environment/ament_prefix_path.sh
[2.957s] -- Installing: /home/ibrahim/Desktop/rov/adhamsherif67A-MarineXperts-Season-2027/ros2_ws/src/install/fake_depth_interfaces/share/fake_depth_interfaces/environment/ament_prefix_path.dsv
[2.957s] -- Installing: /home/ibrahim/Desktop/rov/adhamsherif67A-MarineXperts-Season-2027/ros2_ws/src/install/fake_depth_interfaces/share/fake_depth_interfaces/environment/path.sh
[2.957s] -- Installing: /home/ibrahim/Desktop/rov/adhamsherif67A-MarineXperts-Season-2027/ros2_ws/src/install/fake_depth_interfaces/share/fake_depth_interfaces/environment/path.dsv
[2.957s] -- Installing: /home/ibrahim/Desktop/rov/adhamsherif67A-MarineXperts-Season-2027/ros2_ws/src/install/fake_depth_interfaces/share/fake_depth_interfaces/local_setup.bash
[2.957s] -- Installing: /home/ibrahim/Desktop/rov/adhamsherif67A-MarineXperts-Season-2027/ros2_ws/src/install/fake_depth_interfaces/share/fake_depth_interfaces/local_setup.sh
[2.957s] -- Installing: /home/ibrahim/Desktop/rov/adhamsherif67A-MarineXperts-Season-2027/ros2_ws/src/install/fake_depth_interfaces/share/fake_depth_interfaces/local_setup.zsh
[2.957s] -- Installing: /home/ibrahim/Desktop/rov/adhamsherif67A-MarineXperts-Season-2027/ros2_ws/src/install/fake_depth_interfaces/share/fake_depth_interfaces/local_setup.dsv
[2.957s] -- Installing: /home/ibrahim/Desktop/rov/adhamsherif67A-MarineXperts-Season-2027/ros2_ws/src/install/fake_depth_interfaces/share/fake_depth_interfaces/package.dsv
[2.957s] -- Installing: /home/ibrahim/Desktop/rov/adhamsherif67A-MarineXperts-Season-2027/ros2_ws/src/install/fake_depth_interfaces/share/ament_index/resource_index/packages/fake_depth_interfaces
[2.957s] -- Installing: /home/ibrahim/Desktop/rov/adhamsherif67A-MarineXperts-Season-2027/ros2_ws/src/install/fake_depth_interfaces/share/fake_depth_interfaces/cmake/export_fake_depth_interfaces__rosidl_generator_cExport.cmake
[2.957s] -- Installing: /home/ibrahim/Desktop/rov/adhamsherif67A-MarineXperts-Season-2027/ros2_ws/src/install/fake_depth_interfaces/share/fake_depth_interfaces/cmake/export_fake_depth_interfaces__rosidl_generator_cExport-noconfig.cmake
[2.957s] -- Installing: /home/ibrahim/Desktop/rov/adhamsherif67A-MarineXperts-Season-2027/ros2_ws/src/install/fake_depth_interfaces/share/fake_depth_interfaces/cmake/export_fake_depth_interfaces__rosidl_typesupport_fastrtps_cExport.cmake
[2.957s] -- Installing: /home/ibrahim/Desktop/rov/adhamsherif67A-MarineXperts-Season-2027/ros2_ws/src/install/fake_depth_interfaces/share/fake_depth_interfaces/cmake/export_fake_depth_interfaces__rosidl_typesupport_fastrtps_cExport-noconfig.cmake
[2.957s] -- Installing: /home/ibrahim/Desktop/rov/adhamsherif67A-MarineXperts-Season-2027/ros2_ws/src/install/fake_depth_interfaces/share/fake_depth_interfaces/cmake/fake_depth_interfaces__rosidl_typesupport_introspection_cExport.cmake
[2.957s] -- Installing: /home/ibrahim/Desktop/rov/adhamsherif67A-MarineXperts-Season-2027/ros2_ws/src/install/fake_depth_interfaces/share/fake_depth_interfaces/cmake/fake_depth_interfaces__rosidl_typesupport_introspection_cExport-noconfig.cmake
[2.957s] -- Installing: /home/ibrahim/Desktop/rov/adhamsherif67A-MarineXperts-Season-2027/ros2_ws/src/install/fake_depth_interfaces/share/fake_depth_interfaces/cmake/fake_depth_interfaces__rosidl_typesupport_cExport.cmake
[2.958s] -- Installing: /home/ibrahim/Desktop/rov/adhamsherif67A-MarineXperts-Season-2027/ros2_ws/src/install/fake_depth_interfaces/share/fake_depth_interfaces/cmake/fake_depth_interfaces__rosidl_typesupport_cExport-noconfig.cmake
[2.958s] -- Installing: /home/ibrahim/Desktop/rov/adhamsherif67A-MarineXperts-Season-2027/ros2_ws/src/install/fake_depth_interfaces/share/fake_depth_interfaces/cmake/export_fake_depth_interfaces__rosidl_generator_cppExport.cmake
[2.958s] -- Installing: /home/ibrahim/Desktop/rov/adhamsherif67A-MarineXperts-Season-2027/ros2_ws/src/install/fake_depth_interfaces/share/fake_depth_interfaces/cmake/export_fake_depth_interfaces__rosidl_typesupport_fastrtps_cppExport.cmake
[2.958s] -- Installing: /home/ibrahim/Desktop/rov/adhamsherif67A-MarineXperts-Season-2027/ros2_ws/src/install/fake_depth_interfaces/share/fake_depth_interfaces/cmake/export_fake_depth_interfaces__rosidl_typesupport_fastrtps_cppExport-noconfig.cmake
[2.958s] -- Installing: /home/ibrahim/Desktop/rov/adhamsherif67A-MarineXperts-Season-2027/ros2_ws/src/install/fake_depth_interfaces/share/fake_depth_interfaces/cmake/fake_depth_interfaces__rosidl_typesupport_introspection_cppExport.cmake
[2.958s] -- Installing: /home/ibrahim/Desktop/rov/adhamsherif67A-MarineXperts-Season-2027/ros2_ws/src/install/fake_depth_interfaces/share/fake_depth_interfaces/cmake/fake_depth_interfaces__rosidl_typesupport_introspection_cppExport-noconfig.cmake
[2.958s] -- Installing: /home/ibrahim/Desktop/rov/adhamsherif67A-MarineXperts-Season-2027/ros2_ws/src/install/fake_depth_interfaces/share/fake_depth_interfaces/cmake/fake_depth_interfaces__rosidl_typesupport_cppExport.cmake
[2.958s] -- Installing: /home/ibrahim/Desktop/rov/adhamsherif67A-MarineXperts-Season-2027/ros2_ws/src/install/fake_depth_interfaces/share/fake_depth_interfaces/cmake/fake_depth_interfaces__rosidl_typesupport_cppExport-noconfig.cmake
[2.958s] -- Installing: /home/ibrahim/Desktop/rov/adhamsherif67A-MarineXperts-Season-2027/ros2_ws/src/install/fake_depth_interfaces/share/fake_depth_interfaces/cmake/export_fake_depth_interfaces__rosidl_generator_pyExport.cmake
[2.958s] -- Installing: /home/ibrahim/Desktop/rov/adhamsherif67A-MarineXperts-Season-2027/ros2_ws/src/install/fake_depth_interfaces/share/fake_depth_interfaces/cmake/export_fake_depth_interfaces__rosidl_generator_pyExport-noconfig.cmake
[2.958s] -- Installing: /home/ibrahim/Desktop/rov/adhamsherif67A-MarineXperts-Season-2027/ros2_ws/src/install/fake_depth_interfaces/share/fake_depth_interfaces/cmake/rosidl_cmake-extras.cmake
[2.958s] -- Installing: /home/ibrahim/Desktop/rov/adhamsherif67A-MarineXperts-Season-2027/ros2_ws/src/install/fake_depth_interfaces/share/fake_depth_interfaces/cmake/ament_cmake_export_dependencies-extras.cmake
[2.958s] -- Installing: /home/ibrahim/Desktop/rov/adhamsherif67A-MarineXperts-Season-2027/ros2_ws/src/install/fake_depth_interfaces/share/fake_depth_interfaces/cmake/ament_cmake_export_include_directories-extras.cmake
[2.958s] -- Installing: /home/ibrahim/Desktop/rov/adhamsherif67A-MarineXperts-Season-2027/ros2_ws/src/install/fake_depth_interfaces/share/fake_depth_interfaces/cmake/ament_cmake_export_libraries-extras.cmake
[2.958s] -- Installing: /home/ibrahim/Desktop/rov/adhamsherif67A-MarineXperts-Season-2027/ros2_ws/src/install/fake_depth_interfaces/share/fake_depth_interfaces/cmake/ament_cmake_export_targets-extras.cmake
[2.958s] -- Installing: /home/ibrahim/Desktop/rov/adhamsherif67A-MarineXperts-Season-2027/ros2_ws/src/install/fake_depth_interfaces/share/fake_depth_interfaces/cmake/rosidl_cmake_export_typesupport_targets-extras.cmake
[2.958s] -- Installing: /home/ibrahim/Desktop/rov/adhamsherif67A-MarineXperts-Season-2027/ros2_ws/src/install/fake_depth_interfaces/share/fake_depth_interfaces/cmake/rosidl_cmake_export_typesupport_libraries-extras.cmake
[2.958s] -- Installing: /home/ibrahim/Desktop/rov/adhamsherif67A-MarineXperts-Season-2027/ros2_ws/src/install/fake_depth_interfaces/share/fake_depth_interfaces/cmake/rosidl_cmake_aggregate_target-extras.cmake
[2.958s] -- Installing: /home/ibrahim/Desktop/rov/adhamsherif67A-MarineXperts-Season-2027/ros2_ws/src/install/fake_depth_interfaces/share/fake_depth_interfaces/cmake/fake_depth_interfacesConfig.cmake
[2.958s] -- Installing: /home/ibrahim/Desktop/rov/adhamsherif67A-MarineXperts-Season-2027/ros2_ws/src/install/fake_depth_interfaces/share/fake_depth_interfaces/cmake/fake_depth_interfacesConfig-version.cmake
[2.958s] -- Installing: /home/ibrahim/Desktop/rov/adhamsherif67A-MarineXperts-Season-2027/ros2_ws/src/install/fake_depth_interfaces/share/fake_depth_interfaces/package.xml
[2.960s] Invoked command in '/home/ibrahim/Desktop/rov/adhamsherif67A-MarineXperts-Season-2027/ros2_ws/src/build/fake_depth_interfaces' returned '0': CMAKE_PREFIX_PATH=/home/ibrahim/Desktop/rov/adhamsherif67A-MarineXperts-Season-2027/ros2_ws/src/install/Fake_Depth_Sensor:/home/ibrahim/ros2_first_ws/install/my_robot_controller:/opt/ros/humble /usr/bin/cmake --install /home/ibrahim/Desktop/rov/adhamsherif67A-MarineXperts-Season-2027/ros2_ws/src/build/fake_depth_interfaces
