-- The C compiler identification is GNU 11.4.0
-- The CXX compiler identification is GNU 11.4.0
-- Detecting C compiler ABI info
-- Detecting C compiler ABI info - done
-- Check for working C compiler: /usr/lib/ccache/cc - skipped
-- Detecting C compile features
-- Detecting C compile features - done
-- Detecting CXX compiler ABI info
-- Detecting CXX compiler ABI info - done
-- Check for working CXX compiler: /usr/lib/ccache/c++ - skipped
-- Detecting CXX compile features
-- Detecting CXX compile features - done
-- Found ament_cmake: 1.3.12 (/opt/ros/humble/share/ament_cmake/cmake)
-- Found Python3: /usr/bin/python3 (found version "3.10.12") found components: Interpreter 
-- Found rclcpp: 16.0.15 (/opt/ros/humble/share/rclcpp/cmake)
-- Found rosidl_generator_c: 3.1.7 (/opt/ros/humble/share/rosidl_generator_c/cmake)
-- Found rosidl_adapter: 3.1.7 (/opt/ros/humble/share/rosidl_adapter/cmake)
-- Found rosidl_generator_cpp: 3.1.7 (/opt/ros/humble/share/rosidl_generator_cpp/cmake)
-- Using all available rosidl_typesupport_c: rosidl_typesupport_fastrtps_c;rosidl_typesupport_introspection_c
-- Using all available rosidl_typesupport_cpp: rosidl_typesupport_fastrtps_cpp;rosidl_typesupport_introspection_cpp
-- Found rmw_implementation_cmake: 6.1.2 (/opt/ros/humble/share/rmw_implementation_cmake/cmake)
-- Found rmw_fastrtps_cpp: 6.2.9 (/opt/ros/humble/share/rmw_fastrtps_cpp/cmake)
-- Found OpenSSL: /usr/lib/x86_64-linux-gnu/libcrypto.so (found version "3.0.2")  
-- Found FastRTPS: /opt/ros/humble/include  
-- Using RMW implementation 'rmw_fastrtps_cpp' as default
-- Looking for pthread.h
-- Looking for pthread.h - found
-- Performing Test CMAKE_HAVE_LIBC_PTHREAD
-- Performing Test CMAKE_HAVE_LIBC_PTHREAD - Success
-- Found Threads: TRUE  
-- Found rclpy: 3.3.17 (/opt/ros/humble/share/rclpy/cmake)
-- Found sensor_msgs: 4.9.0 (/opt/ros/humble/share/sensor_msgs/cmake)
-- Found mavros_msgs: 2.14.0 (/opt/ros/humble/share/mavros_msgs/cmake)
-- Found nav_msgs: 4.9.0 (/opt/ros/humble/share/nav_msgs/cmake)
-- Found std_srvs: 4.9.0 (/opt/ros/humble/share/std_srvs/cmake)
-- Configuring done
-- Generating done
-- Build files have been written to: /home/boda/Software2026/build/real_joy
[ 50%] [32mBuilding CXX object CMakeFiles/realjoy_node.dir/src/joystick.cpp.o[0m
In file included from [01m[K/home/boda/Software2026/src/real_joy/src/joystick.cpp:15[m[K:
[01m[K/home/boda/Software2026/src/real_joy/include/RealJoy/keelDepth.hpp:[m[K In member function ‘[01m[Kvoid PressureToDepthCm::onSetZeroDepth(std::shared_ptr<std_srvs::srv::Trigger_Request_<std::allocator<void> > >, std::shared_ptr<std_srvs::srv::Trigger_Response_<std::allocator<void> > >)[m[K’:
[01m[K/home/boda/Software2026/src/real_joy/include/RealJoy/keelDepth.hpp:110:60:[m[K [01;35m[Kwarning: [m[Kunused parameter ‘[01m[Kreq[m[K’ [[01;35m[K-Wunused-parameter[m[K]
  110 |     [01;35m[Kconst std::shared_ptr<std_srvs::srv::Trigger::Request> req[m[K,
      |     [01;35m[K~~~~~~~~~~~~~~~~~~~~~~~~~~~~~~~~~~~~~~~~~~~~~~~~~~~~~~~^~~[m[K
[100%] [32m[1mLinking CXX executable realjoy_node[0m
[100%] Built target realjoy_node
-- Install configuration: ""
-- Installing: /home/boda/Software2026/install/real_joy/lib/real_joy/realjoy_node
-- Set runtime path of "/home/boda/Software2026/install/real_joy/lib/real_joy/realjoy_node" to ""
-- Installing: /home/boda/Software2026/install/real_joy/include
-- Installing: /home/boda/Software2026/install/real_joy/include/RealJoy
-- Installing: /home/boda/Software2026/install/real_joy/include/RealJoy/keelDepth.hpp
-- Installing: /home/boda/Software2026/install/real_joy/include/RealJoy/manual.hpp
-- Installing: /home/boda/Software2026/install/real_joy/include/RealJoy/rel_alt.hpp
-- Installing: /home/boda/Software2026/install/real_joy/include/RealJoy/modes.hpp
-- Installing: /home/boda/Software2026/install/real_joy/share/real_joy/launch
-- Installing: /home/boda/Software2026/install/real_joy/share/real_joy/launch/real_joy.launch.py
-- Installing: /home/boda/Software2026/install/real_joy/share/real_joy/config
-- Installing: /home/boda/Software2026/install/real_joy/share/real_joy/config/cyclonedds.xml
-- Installing: /home/boda/Software2026/install/real_joy/lib/real_joy/zed_to_mavros_pose.py
-- Installing: /home/boda/Software2026/install/real_joy/lib/real_joy/rov_gui_gst.py
-- Installing: /home/boda/Software2026/install/real_joy/share/ament_index/resource_index/package_run_dependencies/real_joy
-- Installing: /home/boda/Software2026/install/real_joy/share/ament_index/resource_index/parent_prefix_path/real_joy
-- Installing: /home/boda/Software2026/install/real_joy/share/real_joy/environment/ament_prefix_path.sh
-- Installing: /home/boda/Software2026/install/real_joy/share/real_joy/environment/ament_prefix_path.dsv
-- Installing: /home/boda/Software2026/install/real_joy/share/real_joy/environment/path.sh
-- Installing: /home/boda/Software2026/install/real_joy/share/real_joy/environment/path.dsv
-- Installing: /home/boda/Software2026/install/real_joy/share/real_joy/local_setup.bash
-- Installing: /home/boda/Software2026/install/real_joy/share/real_joy/local_setup.sh
-- Installing: /home/boda/Software2026/install/real_joy/share/real_joy/local_setup.zsh
-- Installing: /home/boda/Software2026/install/real_joy/share/real_joy/local_setup.dsv
-- Installing: /home/boda/Software2026/install/real_joy/share/real_joy/package.dsv
-- Installing: /home/boda/Software2026/install/real_joy/share/ament_index/resource_index/packages/real_joy
-- Installing: /home/boda/Software2026/install/real_joy/share/real_joy/cmake/real_joyConfig.cmake
-- Installing: /home/boda/Software2026/install/real_joy/share/real_joy/cmake/real_joyConfig-version.cmake
-- Installing: /home/boda/Software2026/install/real_joy/share/real_joy/package.xml
