[0.076s] DEBUG:colcon:Command line arguments: ['/usr/bin/colcon', 'build']
[0.076s] DEBUG:colcon:Parsed command line arguments: Namespace(log_base=None, log_level=None, verb_name='build', build_base='build', install_base='install', merge_install=False, symlink_install=False, test_result_base=None, continue_on_error=False, executor='parallel', parallel_workers=16, event_handlers=None, ignore_user_meta=False, metas=['./colcon.meta'], base_paths=['.'], packages_ignore=None, packages_ignore_regex=None, paths=None, packages_up_to=None, packages_up_to_regex=None, packages_above=None, packages_above_and_dependencies=None, packages_above_depth=None, packages_select_by_dep=None, packages_skip_by_dep=None, packages_skip_up_to=None, packages_select_build_failed=False, packages_skip_build_finished=False, packages_select_test_failures=False, packages_skip_test_passed=False, packages_select=None, packages_skip=None, packages_select_regex=None, packages_skip_regex=None, packages_start=None, packages_end=None, allow_overriding=[], cmake_args=None, cmake_target=None, cmake_target_skip_unavailable=False, cmake_clean_cache=False, cmake_clean_first=False, cmake_force_configure=False, ament_cmake_args=None, catkin_cmake_args=None, catkin_skip_building_tests=False, verb_parser=<colcon_defaults.argument_parser.defaults.DefaultArgumentsDecorator object at 0x7903ef177280>, verb_extension=<colcon_core.verb.build.BuildVerb object at 0x7903ef176e30>, main=<bound method BuildVerb.main of <colcon_core.verb.build.BuildVerb object at 0x7903ef176e30>>)
[0.229s] Level 1:colcon.colcon_core.package_discovery:discover_packages(colcon_meta) check parameters
[0.229s] Level 1:colcon.colcon_core.package_discovery:discover_packages(recursive) check parameters
[0.229s] Level 1:colcon.colcon_core.package_discovery:discover_packages(ignore) check parameters
[0.229s] Level 1:colcon.colcon_core.package_discovery:discover_packages(path) check parameters
[0.229s] Level 1:colcon.colcon_core.package_discovery:discover_packages(colcon_meta) discover
[0.229s] Level 1:colcon.colcon_core.package_discovery:discover_packages(recursive) discover
[0.229s] INFO:colcon.colcon_core.package_discovery:Crawling recursively for packages in '/home/boda/Software2026'
[0.229s] Level 1:colcon.colcon_core.package_identification:_identify(.) by extensions ['ignore', 'ignore_ament_install']
[0.229s] Level 1:colcon.colcon_core.package_identification:_identify(.) by extension 'ignore'
[0.229s] Level 1:colcon.colcon_core.package_identification:_identify(.) by extension 'ignore_ament_install'
[0.229s] Level 1:colcon.colcon_core.package_identification:_identify(.) by extensions ['colcon_pkg']
[0.229s] Level 1:colcon.colcon_core.package_identification:_identify(.) by extension 'colcon_pkg'
[0.229s] Level 1:colcon.colcon_core.package_identification:_identify(.) by extensions ['colcon_meta']
[0.229s] Level 1:colcon.colcon_core.package_identification:_identify(.) by extension 'colcon_meta'
[0.229s] Level 1:colcon.colcon_core.package_identification:_identify(.) by extensions ['ros']
[0.229s] Level 1:colcon.colcon_core.package_identification:_identify(.) by extension 'ros'
[0.246s] Level 1:colcon.colcon_core.package_identification:_identify(.) by extensions ['cmake', 'python']
[0.246s] Level 1:colcon.colcon_core.package_identification:_identify(.) by extension 'cmake'
[0.246s] Level 1:colcon.colcon_core.package_identification:_identify(.) by extension 'python'
[0.246s] Level 1:colcon.colcon_core.package_identification:_identify(.) by extensions ['python_setup_py']
[0.246s] Level 1:colcon.colcon_core.package_identification:_identify(.) by extension 'python_setup_py'
[0.246s] Level 1:colcon.colcon_core.package_identification:_identify(build) by extensions ['ignore', 'ignore_ament_install']
[0.246s] Level 1:colcon.colcon_core.package_identification:_identify(build) by extension 'ignore'
[0.246s] Level 1:colcon.colcon_core.package_identification:_identify(build) ignored
[0.247s] Level 1:colcon.colcon_core.package_identification:_identify(install) by extensions ['ignore', 'ignore_ament_install']
[0.247s] Level 1:colcon.colcon_core.package_identification:_identify(install) by extension 'ignore'
[0.247s] Level 1:colcon.colcon_core.package_identification:_identify(install) ignored
[0.247s] Level 1:colcon.colcon_core.package_identification:_identify(log) by extensions ['ignore', 'ignore_ament_install']
[0.247s] Level 1:colcon.colcon_core.package_identification:_identify(log) by extension 'ignore'
[0.247s] Level 1:colcon.colcon_core.package_identification:_identify(log) ignored
[0.247s] Level 1:colcon.colcon_core.package_identification:_identify(src) by extensions ['ignore', 'ignore_ament_install']
[0.247s] Level 1:colcon.colcon_core.package_identification:_identify(src) by extension 'ignore'
[0.247s] Level 1:colcon.colcon_core.package_identification:_identify(src) by extension 'ignore_ament_install'
[0.247s] Level 1:colcon.colcon_core.package_identification:_identify(src) by extensions ['colcon_pkg']
[0.247s] Level 1:colcon.colcon_core.package_identification:_identify(src) by extension 'colcon_pkg'
[0.247s] Level 1:colcon.colcon_core.package_identification:_identify(src) by extensions ['colcon_meta']
[0.247s] Level 1:colcon.colcon_core.package_identification:_identify(src) by extension 'colcon_meta'
[0.247s] Level 1:colcon.colcon_core.package_identification:_identify(src) by extensions ['ros']
[0.247s] Level 1:colcon.colcon_core.package_identification:_identify(src) by extension 'ros'
[0.247s] Level 1:colcon.colcon_core.package_identification:_identify(src) by extensions ['cmake', 'python']
[0.247s] Level 1:colcon.colcon_core.package_identification:_identify(src) by extension 'cmake'
[0.247s] Level 1:colcon.colcon_core.package_identification:_identify(src) by extension 'python'
[0.247s] Level 1:colcon.colcon_core.package_identification:_identify(src) by extensions ['python_setup_py']
[0.247s] Level 1:colcon.colcon_core.package_identification:_identify(src) by extension 'python_setup_py'
[0.247s] Level 1:colcon.colcon_core.package_identification:_identify(src/real_joy) by extensions ['ignore', 'ignore_ament_install']
[0.247s] Level 1:colcon.colcon_core.package_identification:_identify(src/real_joy) by extension 'ignore'
[0.247s] Level 1:colcon.colcon_core.package_identification:_identify(src/real_joy) by extension 'ignore_ament_install'
[0.247s] Level 1:colcon.colcon_core.package_identification:_identify(src/real_joy) by extensions ['colcon_pkg']
[0.247s] Level 1:colcon.colcon_core.package_identification:_identify(src/real_joy) by extension 'colcon_pkg'
[0.247s] Level 1:colcon.colcon_core.package_identification:_identify(src/real_joy) by extensions ['colcon_meta']
[0.247s] Level 1:colcon.colcon_core.package_identification:_identify(src/real_joy) by extension 'colcon_meta'
[0.247s] Level 1:colcon.colcon_core.package_identification:_identify(src/real_joy) by extensions ['ros']
[0.247s] Level 1:colcon.colcon_core.package_identification:_identify(src/real_joy) by extension 'ros'
[0.250s] DEBUG:colcon.colcon_core.package_identification:Package 'src/real_joy' with type 'ros.ament_cmake' and name 'real_joy'
[0.250s] Level 1:colcon.colcon_core.package_discovery:discover_packages(recursive) using defaults
[0.250s] Level 1:colcon.colcon_core.package_discovery:discover_packages(ignore) discover
[0.250s] Level 1:colcon.colcon_core.package_discovery:discover_packages(ignore) using defaults
[0.250s] Level 1:colcon.colcon_core.package_discovery:discover_packages(path) discover
[0.250s] Level 1:colcon.colcon_core.package_discovery:discover_packages(path) using defaults
[0.263s] Level 1:colcon.colcon_core.package_discovery:discover_packages(prefix_path) check parameters
[0.263s] Level 1:colcon.colcon_core.package_discovery:discover_packages(prefix_path) discover
[0.265s] DEBUG:colcon.colcon_installed_package_information.package_discovery:Found 1 installed packages in /home/boda/ros2_ws/install
[0.265s] DEBUG:colcon.colcon_installed_package_information.package_discovery:Found 1 installed packages in /home/boda/Software2026/install
[0.266s] DEBUG:colcon.colcon_installed_package_information.package_discovery:Found 18 installed packages in /home/boda/install
[0.266s] DEBUG:colcon.colcon_installed_package_information.package_discovery:Found 5 installed packages in /home/boda/mako_ws/install
[0.267s] DEBUG:colcon.colcon_installed_package_information.package_discovery:Found 418 installed packages in /opt/ros/humble
[0.270s] Level 1:colcon.colcon_core.package_discovery:discover_packages(prefix_path) using defaults
[0.304s] Level 5:colcon.colcon_core.verb:set package 'real_joy' build argument 'cmake_args' from command line to 'None'
[0.304s] Level 5:colcon.colcon_core.verb:set package 'real_joy' build argument 'cmake_target' from command line to 'None'
[0.304s] Level 5:colcon.colcon_core.verb:set package 'real_joy' build argument 'cmake_target_skip_unavailable' from command line to 'False'
[0.304s] Level 5:colcon.colcon_core.verb:set package 'real_joy' build argument 'cmake_clean_cache' from command line to 'False'
[0.304s] Level 5:colcon.colcon_core.verb:set package 'real_joy' build argument 'cmake_clean_first' from command line to 'False'
[0.304s] Level 5:colcon.colcon_core.verb:set package 'real_joy' build argument 'cmake_force_configure' from command line to 'False'
[0.304s] Level 5:colcon.colcon_core.verb:set package 'real_joy' build argument 'ament_cmake_args' from command line to 'None'
[0.304s] Level 5:colcon.colcon_core.verb:set package 'real_joy' build argument 'catkin_cmake_args' from command line to 'None'
[0.304s] Level 5:colcon.colcon_core.verb:set package 'real_joy' build argument 'catkin_skip_building_tests' from command line to 'False'
[0.304s] DEBUG:colcon.colcon_core.verb:Building package 'real_joy' with the following arguments: {'ament_cmake_args': None, 'build_base': '/home/boda/Software2026/build/real_joy', 'catkin_cmake_args': None, 'catkin_skip_building_tests': False, 'cmake_args': None, 'cmake_clean_cache': False, 'cmake_clean_first': False, 'cmake_force_configure': False, 'cmake_target': None, 'cmake_target_skip_unavailable': False, 'install_base': '/home/boda/Software2026/install/real_joy', 'merge_install': False, 'path': '/home/boda/Software2026/src/real_joy', 'symlink_install': False, 'test_result_base': None}
[0.304s] INFO:colcon.colcon_core.executor:Executing jobs using 'parallel' executor
[0.305s] DEBUG:colcon.colcon_parallel_executor.executor.parallel:run_until_complete
[0.305s] INFO:colcon.colcon_ros.task.ament_cmake.build:Building ROS package in '/home/boda/Software2026/src/real_joy' with build type 'ament_cmake'
[0.305s] INFO:colcon.colcon_cmake.task.cmake.build:Building CMake package in '/home/boda/Software2026/src/real_joy'
[0.307s] INFO:colcon.colcon_core.plugin_system:Skipping extension 'colcon_core.shell.bat': Not used on non-Windows systems
[0.307s] INFO:colcon.colcon_core.shell:Skip shell extension 'powershell' for command environment: Not usable outside of PowerShell
[0.307s] DEBUG:colcon.colcon_core.shell:Skip shell extension 'dsv' for command environment
[0.317s] DEBUG:colcon.colcon_core.event_handler.log_command:Invoking command in '/home/boda/Software2026/build/real_joy': CMAKE_PREFIX_PATH=/home/boda/Software2026/install/real_joy:/home/boda/install/mako_vision_pipeline:/home/boda/install/mako_vision:/home/boda/install/gs_ros:/home/boda/install/crab_detector:/home/boda/mako_ws/install/mako_vision:/opt/ros/humble:/home/boda/install/water_physics_plugin:/home/boda/install/rov:/home/boda/install/robot_description:/home/boda/install/robot_cameras:/home/boda/install/mavros_extras:/home/boda/install/mavros:/home/boda/install/libmavconn:/home/boda/install/gs_ros_interfaces:/home/boda/install/gs_ros2_control_demos:/home/boda/install/control_msgs:/home/boda/install/ardupilot_msgs:/home/boda/install/RealJoy:/home/boda/mako_ws/install/water_physics_plugin:/home/boda/mako_ws/install/robot_description:/home/boda/mako_ws/install/robot_control:/home/boda/mako_ws/install/robot_cameras /usr/bin/cmake --build /home/boda/Software2026/build/real_joy -- -j16 -l16
[15.028s] DEBUG:colcon.colcon_core.event_handler.log_command:Invoked command in '/home/boda/Software2026/build/real_joy' returned '0': CMAKE_PREFIX_PATH=/home/boda/Software2026/install/real_joy:/home/boda/install/mako_vision_pipeline:/home/boda/install/mako_vision:/home/boda/install/gs_ros:/home/boda/install/crab_detector:/home/boda/mako_ws/install/mako_vision:/opt/ros/humble:/home/boda/install/water_physics_plugin:/home/boda/install/rov:/home/boda/install/robot_description:/home/boda/install/robot_cameras:/home/boda/install/mavros_extras:/home/boda/install/mavros:/home/boda/install/libmavconn:/home/boda/install/gs_ros_interfaces:/home/boda/install/gs_ros2_control_demos:/home/boda/install/control_msgs:/home/boda/install/ardupilot_msgs:/home/boda/install/RealJoy:/home/boda/mako_ws/install/water_physics_plugin:/home/boda/mako_ws/install/robot_description:/home/boda/mako_ws/install/robot_control:/home/boda/mako_ws/install/robot_cameras /usr/bin/cmake --build /home/boda/Software2026/build/real_joy -- -j16 -l16
[15.038s] DEBUG:colcon.colcon_core.event_handler.log_command:Invoking command in '/home/boda/Software2026/build/real_joy': CMAKE_PREFIX_PATH=/home/boda/Software2026/install/real_joy:/home/boda/install/mako_vision_pipeline:/home/boda/install/mako_vision:/home/boda/install/gs_ros:/home/boda/install/crab_detector:/home/boda/mako_ws/install/mako_vision:/opt/ros/humble:/home/boda/install/water_physics_plugin:/home/boda/install/rov:/home/boda/install/robot_description:/home/boda/install/robot_cameras:/home/boda/install/mavros_extras:/home/boda/install/mavros:/home/boda/install/libmavconn:/home/boda/install/gs_ros_interfaces:/home/boda/install/gs_ros2_control_demos:/home/boda/install/control_msgs:/home/boda/install/ardupilot_msgs:/home/boda/install/RealJoy:/home/boda/mako_ws/install/water_physics_plugin:/home/boda/mako_ws/install/robot_description:/home/boda/mako_ws/install/robot_control:/home/boda/mako_ws/install/robot_cameras /usr/bin/cmake --install /home/boda/Software2026/build/real_joy
[15.055s] Level 1:colcon.colcon_core.environment:create_environment_scripts_only(real_joy)
[15.055s] DEBUG:colcon.colcon_core.event_handler.log_command:Invoked command in '/home/boda/Software2026/build/real_joy' returned '0': CMAKE_PREFIX_PATH=/home/boda/Software2026/install/real_joy:/home/boda/install/mako_vision_pipeline:/home/boda/install/mako_vision:/home/boda/install/gs_ros:/home/boda/install/crab_detector:/home/boda/mako_ws/install/mako_vision:/opt/ros/humble:/home/boda/install/water_physics_plugin:/home/boda/install/rov:/home/boda/install/robot_description:/home/boda/install/robot_cameras:/home/boda/install/mavros_extras:/home/boda/install/mavros:/home/boda/install/libmavconn:/home/boda/install/gs_ros_interfaces:/home/boda/install/gs_ros2_control_demos:/home/boda/install/control_msgs:/home/boda/install/ardupilot_msgs:/home/boda/install/RealJoy:/home/boda/mako_ws/install/water_physics_plugin:/home/boda/mako_ws/install/robot_description:/home/boda/mako_ws/install/robot_control:/home/boda/mako_ws/install/robot_cameras /usr/bin/cmake --install /home/boda/Software2026/build/real_joy
[15.056s] Level 1:colcon.colcon_core.environment:checking '/home/boda/Software2026/install/real_joy' for CMake module files
[15.057s] Level 1:colcon.colcon_core.environment:checking '/home/boda/Software2026/install/real_joy' for CMake config files
[15.057s] Level 1:colcon.colcon_core.shell:create_environment_hook('real_joy', 'cmake_prefix_path')
[15.057s] INFO:colcon.colcon_core.shell:Creating environment hook '/home/boda/Software2026/install/real_joy/share/real_joy/hook/cmake_prefix_path.ps1'
[15.057s] INFO:colcon.colcon_core.shell:Creating environment descriptor '/home/boda/Software2026/install/real_joy/share/real_joy/hook/cmake_prefix_path.dsv'
[15.058s] INFO:colcon.colcon_core.shell:Creating environment hook '/home/boda/Software2026/install/real_joy/share/real_joy/hook/cmake_prefix_path.sh'
[15.058s] Level 1:colcon.colcon_core.environment:checking '/home/boda/Software2026/install/real_joy/lib'
[15.058s] Level 1:colcon.colcon_core.environment:checking '/home/boda/Software2026/install/real_joy/bin'
[15.058s] Level 1:colcon.colcon_core.environment:checking '/home/boda/Software2026/install/real_joy/lib/pkgconfig/real_joy.pc'
[15.059s] Level 1:colcon.colcon_core.environment:checking '/home/boda/Software2026/install/real_joy/lib/python3.10/site-packages'
[15.059s] Level 1:colcon.colcon_core.environment:checking '/home/boda/Software2026/install/real_joy/bin'
[15.059s] INFO:colcon.colcon_core.shell:Creating package script '/home/boda/Software2026/install/real_joy/share/real_joy/package.ps1'
[15.060s] INFO:colcon.colcon_core.shell:Creating package descriptor '/home/boda/Software2026/install/real_joy/share/real_joy/package.dsv'
[15.060s] INFO:colcon.colcon_core.shell:Creating package script '/home/boda/Software2026/install/real_joy/share/real_joy/package.sh'
[15.060s] INFO:colcon.colcon_core.shell:Creating package script '/home/boda/Software2026/install/real_joy/share/real_joy/package.bash'
[15.061s] INFO:colcon.colcon_core.shell:Creating package script '/home/boda/Software2026/install/real_joy/share/real_joy/package.zsh'
[15.061s] Level 1:colcon.colcon_core.environment:create_file_with_runtime_dependencies(/home/boda/Software2026/install/real_joy/share/colcon-core/packages/real_joy)
[15.061s] Level 1:colcon.colcon_core.environment:create_environment_scripts_only(real_joy)
[15.062s] Level 1:colcon.colcon_core.environment:checking '/home/boda/Software2026/install/real_joy' for CMake module files
[15.062s] Level 1:colcon.colcon_core.environment:checking '/home/boda/Software2026/install/real_joy' for CMake config files
[15.062s] Level 1:colcon.colcon_core.shell:create_environment_hook('real_joy', 'cmake_prefix_path')
[15.062s] INFO:colcon.colcon_core.shell:Creating environment hook '/home/boda/Software2026/install/real_joy/share/real_joy/hook/cmake_prefix_path.ps1'
[15.062s] INFO:colcon.colcon_core.shell:Creating environment descriptor '/home/boda/Software2026/install/real_joy/share/real_joy/hook/cmake_prefix_path.dsv'
[15.063s] INFO:colcon.colcon_core.shell:Creating environment hook '/home/boda/Software2026/install/real_joy/share/real_joy/hook/cmake_prefix_path.sh'
[15.063s] Level 1:colcon.colcon_core.environment:checking '/home/boda/Software2026/install/real_joy/lib'
[15.063s] Level 1:colcon.colcon_core.environment:checking '/home/boda/Software2026/install/real_joy/bin'
[15.063s] Level 1:colcon.colcon_core.environment:checking '/home/boda/Software2026/install/real_joy/lib/pkgconfig/real_joy.pc'
[15.063s] Level 1:colcon.colcon_core.environment:checking '/home/boda/Software2026/install/real_joy/lib/python3.10/site-packages'
[15.063s] Level 1:colcon.colcon_core.environment:checking '/home/boda/Software2026/install/real_joy/bin'
[15.063s] INFO:colcon.colcon_core.shell:Creating package script '/home/boda/Software2026/install/real_joy/share/real_joy/package.ps1'
[15.064s] INFO:colcon.colcon_core.shell:Creating package descriptor '/home/boda/Software2026/install/real_joy/share/real_joy/package.dsv'
[15.064s] INFO:colcon.colcon_core.shell:Creating package script '/home/boda/Software2026/install/real_joy/share/real_joy/package.sh'
[15.064s] INFO:colcon.colcon_core.shell:Creating package script '/home/boda/Software2026/install/real_joy/share/real_joy/package.bash'
[15.065s] INFO:colcon.colcon_core.shell:Creating package script '/home/boda/Software2026/install/real_joy/share/real_joy/package.zsh'
[15.065s] Level 1:colcon.colcon_core.environment:create_file_with_runtime_dependencies(/home/boda/Software2026/install/real_joy/share/colcon-core/packages/real_joy)
[15.073s] DEBUG:colcon.colcon_parallel_executor.executor.parallel:closing loop
[15.073s] DEBUG:colcon.colcon_parallel_executor.executor.parallel:loop closed
[15.073s] DEBUG:colcon.colcon_parallel_executor.executor.parallel:run_until_complete finished with '0'
[15.073s] DEBUG:colcon.colcon_core.event_reactor:joining thread
[15.077s] INFO:colcon.colcon_core.plugin_system:Skipping extension 'colcon_notification.desktop_notification.terminal_notifier': Not used on non-Darwin systems
[15.077s] INFO:colcon.colcon_core.plugin_system:Skipping extension 'colcon_notification.desktop_notification.win32': Not used on non-Windows systems
[15.077s] INFO:colcon.colcon_notification.desktop_notification:Sending desktop notification using 'notify2'
[15.083s] DEBUG:colcon.colcon_core.event_reactor:joined thread
[15.083s] INFO:colcon.colcon_core.shell:Creating prefix script '/home/boda/Software2026/install/local_setup.ps1'
[15.084s] INFO:colcon.colcon_core.shell:Creating prefix util module '/home/boda/Software2026/install/_local_setup_util_ps1.py'
[15.085s] INFO:colcon.colcon_core.shell:Creating prefix chain script '/home/boda/Software2026/install/setup.ps1'
[15.086s] INFO:colcon.colcon_core.shell:Creating prefix script '/home/boda/Software2026/install/local_setup.sh'
[15.086s] INFO:colcon.colcon_core.shell:Creating prefix util module '/home/boda/Software2026/install/_local_setup_util_sh.py'
[15.087s] INFO:colcon.colcon_core.shell:Creating prefix chain script '/home/boda/Software2026/install/setup.sh'
[15.088s] INFO:colcon.colcon_core.shell:Creating prefix script '/home/boda/Software2026/install/local_setup.bash'
[15.088s] INFO:colcon.colcon_core.shell:Creating prefix chain script '/home/boda/Software2026/install/setup.bash'
[15.089s] INFO:colcon.colcon_core.shell:Creating prefix script '/home/boda/Software2026/install/local_setup.zsh'
[15.090s] INFO:colcon.colcon_core.shell:Creating prefix chain script '/home/boda/Software2026/install/setup.zsh'
