running develop
running egg_info
creating fake_depth_sensor.egg-info
writing fake_depth_sensor.egg-info/PKG-INFO
writing dependency_links to fake_depth_sensor.egg-info/dependency_links.txt
writing entry points to fake_depth_sensor.egg-info/entry_points.txt
writing requirements to fake_depth_sensor.egg-info/requires.txt
writing top-level names to fake_depth_sensor.egg-info/top_level.txt
writing manifest file 'fake_depth_sensor.egg-info/SOURCES.txt'
reading manifest file 'fake_depth_sensor.egg-info/SOURCES.txt'
writing manifest file 'fake_depth_sensor.egg-info/SOURCES.txt'
running build_ext
Creating /workspace/ros2/install/fake_depth_sensor/lib/python3.10/site-packages/fake-depth-sensor.egg-link (link to .)
Installing publisher_node script to /workspace/ros2/install/fake_depth_sensor/lib/fake_depth_sensor
Installing subscriber_node script to /workspace/ros2/install/fake_depth_sensor/lib/fake_depth_sensor

Installed /workspace/ros2/build/fake_depth_sensor
running symlink_data
creating /workspace/ros2/install/fake_depth_sensor/share/ament_index
creating /workspace/ros2/install/fake_depth_sensor/share/ament_index/resource_index
creating /workspace/ros2/install/fake_depth_sensor/share/ament_index/resource_index/packages
symbolically linking /workspace/ros2/build/fake_depth_sensor/resource/fake_depth_sensor -> /workspace/ros2/install/fake_depth_sensor/share/ament_index/resource_index/packages
symbolically linking /workspace/ros2/build/fake_depth_sensor/package.xml -> /workspace/ros2/install/fake_depth_sensor/share/fake_depth_sensor
