[0.411s] Invoking command in '/workspace/ros2/build/fake_depth_sensor': PYTHONPATH=/workspace/ros2/build/fake_depth_sensor/prefix_override:/usr/lib/python3/dist-packages/colcon_core/task/python/colcon_distutils_commands:/workspace/ros2/install/fake_depth_sensor/lib/python3.10/site-packages:${PYTHONPATH} /usr/bin/python3 -W ignore:setup.py install is deprecated -W ignore:easy_install command is deprecated setup.py develop --editable --build-directory /workspace/ros2/build/fake_depth_sensor/build --no-deps symlink_data
[0.561s] running develop
[0.620s] running egg_info
[0.620s] creating fake_depth_sensor.egg-info
[0.620s] writing fake_depth_sensor.egg-info/PKG-INFO
[0.620s] writing dependency_links to fake_depth_sensor.egg-info/dependency_links.txt
[0.620s] writing entry points to fake_depth_sensor.egg-info/entry_points.txt
[0.620s] writing requirements to fake_depth_sensor.egg-info/requires.txt
[0.620s] writing top-level names to fake_depth_sensor.egg-info/top_level.txt
[0.620s] writing manifest file 'fake_depth_sensor.egg-info/SOURCES.txt'
[0.621s] reading manifest file 'fake_depth_sensor.egg-info/SOURCES.txt'
[0.621s] writing manifest file 'fake_depth_sensor.egg-info/SOURCES.txt'
[0.622s] running build_ext
[0.622s] Creating /workspace/ros2/install/fake_depth_sensor/lib/python3.10/site-packages/fake-depth-sensor.egg-link (link to .)
[0.623s] Installing publisher_node script to /workspace/ros2/install/fake_depth_sensor/lib/fake_depth_sensor
[0.623s] Installing subscriber_node script to /workspace/ros2/install/fake_depth_sensor/lib/fake_depth_sensor
[0.623s] 
[0.623s] Installed /workspace/ros2/build/fake_depth_sensor
[0.623s] running symlink_data
[0.623s] creating /workspace/ros2/install/fake_depth_sensor/share/ament_index
[0.623s] creating /workspace/ros2/install/fake_depth_sensor/share/ament_index/resource_index
[0.623s] creating /workspace/ros2/install/fake_depth_sensor/share/ament_index/resource_index/packages
[0.623s] symbolically linking /workspace/ros2/build/fake_depth_sensor/resource/fake_depth_sensor -> /workspace/ros2/install/fake_depth_sensor/share/ament_index/resource_index/packages
[0.623s] symbolically linking /workspace/ros2/build/fake_depth_sensor/package.xml -> /workspace/ros2/install/fake_depth_sensor/share/fake_depth_sensor
[0.637s] Invoked command in '/workspace/ros2/build/fake_depth_sensor' returned '0': PYTHONPATH=/workspace/ros2/build/fake_depth_sensor/prefix_override:/usr/lib/python3/dist-packages/colcon_core/task/python/colcon_distutils_commands:/workspace/ros2/install/fake_depth_sensor/lib/python3.10/site-packages:${PYTHONPATH} /usr/bin/python3 -W ignore:setup.py install is deprecated -W ignore:easy_install command is deprecated setup.py develop --editable --build-directory /workspace/ros2/build/fake_depth_sensor/build --no-deps symlink_data
