[0.131s] DEBUG:colcon:Command line arguments: ['/usr/bin/colcon', 'build', '--base-paths', 'src', '--packages-select', 'real_joy', '--symlink-install']
[0.131s] DEBUG:colcon:Parsed command line arguments: Namespace(log_base=None, log_level=None, verb_name='build', build_base='build', install_base='install', merge_install=False, symlink_install=True, test_result_base=None, continue_on_error=False, executor='parallel', parallel_workers=16, event_handlers=None, ignore_user_meta=False, metas=['./colcon.meta'], base_paths=['src'], packages_ignore=None, packages_ignore_regex=None, paths=None, packages_up_to=None, packages_up_to_regex=None, packages_above=None, packages_above_and_dependencies=None, packages_above_depth=None, packages_select_by_dep=None, packages_skip_by_dep=None, packages_skip_up_to=None, packages_select_build_failed=False, packages_skip_build_finished=False, packages_select_test_failures=False, packages_skip_test_passed=False, packages_select=['real_joy'], packages_skip=None, packages_select_regex=None, packages_skip_regex=None, packages_start=None, packages_end=None, allow_overriding=[], cmake_args=None, cmake_target=None, cmake_target_skip_unavailable=False, cmake_clean_cache=False, cmake_clean_first=False, cmake_force_configure=False, ament_cmake_args=None, catkin_cmake_args=None, catkin_skip_building_tests=False, verb_parser=<colcon_defaults.argument_parser.defaults.DefaultArgumentsDecorator object at 0x716935b6c4f0>, verb_extension=<colcon_core.verb.build.BuildVerb object at 0x716935b3ff70>, main=<bound method BuildVerb.main of <colcon_core.verb.build.BuildVerb object at 0x716935b3ff70>>)
[0.381s] Level 1:colcon.colcon_core.package_discovery:discover_packages(colcon_meta) check parameters
[0.381s] Level 1:colcon.colcon_core.package_discovery:discover_packages(recursive) check parameters
[0.381s] Level 1:colcon.colcon_core.package_discovery:discover_packages(ignore) check parameters
[0.381s] Level 1:colcon.colcon_core.package_discovery:discover_packages(path) check parameters
[0.381s] Level 1:colcon.colcon_core.package_discovery:discover_packages(recursive) discover
[0.381s] INFO:colcon.colcon_core.package_discovery:Crawling recursively for packages in '/home/boda/Software2026/src'
[0.381s] Level 1:colcon.colcon_core.package_identification:_identify(src) by extensions ['ignore', 'ignore_ament_install']
[0.381s] Level 1:colcon.colcon_core.package_identification:_identify(src) by extension 'ignore'
[0.381s] Level 1:colcon.colcon_core.package_identification:_identify(src) by extension 'ignore_ament_install'
[0.381s] Level 1:colcon.colcon_core.package_identification:_identify(src) by extensions ['colcon_pkg']
[0.381s] Level 1:colcon.colcon_core.package_identification:_identify(src) by extension 'colcon_pkg'
[0.382s] Level 1:colcon.colcon_core.package_identification:_identify(src) by extensions ['colcon_meta']
[0.382s] Level 1:colcon.colcon_core.package_identification:_identify(src) by extension 'colcon_meta'
[0.382s] Level 1:colcon.colcon_core.package_identification:_identify(src) by extensions ['ros']
[0.382s] Level 1:colcon.colcon_core.package_identification:_identify(src) by extension 'ros'
[0.417s] Level 1:colcon.colcon_core.package_identification:_identify(src) by extensions ['cmake', 'python']
[0.417s] Level 1:colcon.colcon_core.package_identification:_identify(src) by extension 'cmake'
[0.417s] Level 1:colcon.colcon_core.package_identification:_identify(src) by extension 'python'
[0.417s] Level 1:colcon.colcon_core.package_identification:_identify(src) by extensions ['python_setup_py']
[0.417s] Level 1:colcon.colcon_core.package_identification:_identify(src) by extension 'python_setup_py'
[0.417s] Level 1:colcon.colcon_core.package_identification:_identify(src/real_joy) by extensions ['ignore', 'ignore_ament_install']
[0.418s] Level 1:colcon.colcon_core.package_identification:_identify(src/real_joy) by extension 'ignore'
[0.418s] Level 1:colcon.colcon_core.package_identification:_identify(src/real_joy) by extension 'ignore_ament_install'
[0.418s] Level 1:colcon.colcon_core.package_identification:_identify(src/real_joy) by extensions ['colcon_pkg']
[0.418s] Level 1:colcon.colcon_core.package_identification:_identify(src/real_joy) by extension 'colcon_pkg'
[0.418s] Level 1:colcon.colcon_core.package_identification:_identify(src/real_joy) by extensions ['colcon_meta']
[0.418s] Level 1:colcon.colcon_core.package_identification:_identify(src/real_joy) by extension 'colcon_meta'
[0.418s] Level 1:colcon.colcon_core.package_identification:_identify(src/real_joy) by extensions ['ros']
[0.418s] Level 1:colcon.colcon_core.package_identification:_identify(src/real_joy) by extension 'ros'
[0.421s] DEBUG:colcon.colcon_core.package_identification:Package 'src/real_joy' with type 'ros.ament_cmake' and name 'real_joy'
[0.421s] Level 1:colcon.colcon_core.package_discovery:discover_packages(recursive) using defaults
[0.460s] Level 1:colcon.colcon_core.package_discovery:discover_packages(prefix_path) check parameters
[0.460s] Level 1:colcon.colcon_core.package_discovery:discover_packages(prefix_path) discover
[0.464s] DEBUG:colcon.colcon_installed_package_information.package_discovery:Found 3 installed packages in /home/boda/mako_ws/install
[0.464s] DEBUG:colcon.colcon_installed_package_information.package_discovery:Found 1 installed packages in /home/boda/Software2026/install
[0.466s] DEBUG:colcon.colcon_installed_package_information.package_discovery:Found 252 installed packages in /opt/ros/humble
[0.468s] Level 1:colcon.colcon_core.package_discovery:discover_packages(prefix_path) using defaults
[0.510s] Level 5:colcon.colcon_core.verb:set package 'real_joy' build argument 'cmake_args' from command line to 'None'
[0.510s] Level 5:colcon.colcon_core.verb:set package 'real_joy' build argument 'cmake_target' from command line to 'None'
[0.510s] Level 5:colcon.colcon_core.verb:set package 'real_joy' build argument 'cmake_target_skip_unavailable' from command line to 'False'
[0.510s] Level 5:colcon.colcon_core.verb:set package 'real_joy' build argument 'cmake_clean_cache' from command line to 'False'
[0.510s] Level 5:colcon.colcon_core.verb:set package 'real_joy' build argument 'cmake_clean_first' from command line to 'False'
[0.510s] Level 5:colcon.colcon_core.verb:set package 'real_joy' build argument 'cmake_force_configure' from command line to 'False'
[0.511s] Level 5:colcon.colcon_core.verb:set package 'real_joy' build argument 'ament_cmake_args' from command line to 'None'
[0.511s] Level 5:colcon.colcon_core.verb:set package 'real_joy' build argument 'catkin_cmake_args' from command line to 'None'
[0.511s] Level 5:colcon.colcon_core.verb:set package 'real_joy' build argument 'catkin_skip_building_tests' from command line to 'False'
[0.511s] DEBUG:colcon.colcon_core.verb:Building package 'real_joy' with the following arguments: {'ament_cmake_args': None, 'build_base': '/home/boda/Software2026/build/real_joy', 'catkin_cmake_args': None, 'catkin_skip_building_tests': False, 'cmake_args': None, 'cmake_clean_cache': False, 'cmake_clean_first': False, 'cmake_force_configure': False, 'cmake_target': None, 'cmake_target_skip_unavailable': False, 'install_base': '/home/boda/Software2026/install/real_joy', 'merge_install': False, 'path': '/home/boda/Software2026/src/real_joy', 'symlink_install': True, 'test_result_base': None}
[0.511s] INFO:colcon.colcon_core.executor:Executing jobs using 'parallel' executor
[0.512s] DEBUG:colcon.colcon_parallel_executor.executor.parallel:run_until_complete
[0.513s] INFO:colcon.colcon_ros.task.ament_cmake.build:Building ROS package in '/home/boda/Software2026/src/real_joy' with build type 'ament_cmake'
[0.513s] INFO:colcon.colcon_cmake.task.cmake.build:Building CMake package in '/home/boda/Software2026/src/real_joy'
[0.516s] INFO:colcon.colcon_core.plugin_system:Skipping extension 'colcon_core.shell.bat': Not used on non-Windows systems
[0.516s] INFO:colcon.colcon_core.shell:Skip shell extension 'powershell' for command environment: Not usable outside of PowerShell
[0.516s] DEBUG:colcon.colcon_core.shell:Skip shell extension 'dsv' for command environment
[0.534s] DEBUG:colcon.colcon_core.event_handler.log_command:Invoking command in '/home/boda/Software2026/build/real_joy': CMAKE_PREFIX_PATH=${CMAKE_PREFIX_PATH}:/home/boda/mako_ws/install/mavros_autotune:/opt/ros/humble /usr/bin/cmake --build /home/boda/Software2026/build/real_joy -- -j16 -l16
[19.085s] DEBUG:colcon.colcon_core.event_handler.log_command:Invoked command in '/home/boda/Software2026/build/real_joy' returned '0': CMAKE_PREFIX_PATH=${CMAKE_PREFIX_PATH}:/home/boda/mako_ws/install/mavros_autotune:/opt/ros/humble /usr/bin/cmake --build /home/boda/Software2026/build/real_joy -- -j16 -l16
[19.104s] DEBUG:colcon.colcon_core.event_handler.log_command:Invoking command in '/home/boda/Software2026/build/real_joy': CMAKE_PREFIX_PATH=${CMAKE_PREFIX_PATH}:/home/boda/mako_ws/install/mavros_autotune:/opt/ros/humble /usr/bin/cmake --install /home/boda/Software2026/build/real_joy
[19.279s] Level 1:colcon.colcon_core.environment:create_environment_scripts_only(real_joy)
[19.280s] DEBUG:colcon.colcon_core.event_handler.log_command:Invoked command in '/home/boda/Software2026/build/real_joy' returned '0': CMAKE_PREFIX_PATH=${CMAKE_PREFIX_PATH}:/home/boda/mako_ws/install/mavros_autotune:/opt/ros/humble /usr/bin/cmake --install /home/boda/Software2026/build/real_joy
[19.284s] Level 1:colcon.colcon_core.environment:checking '/home/boda/Software2026/install/real_joy' for CMake module files
[19.285s] Level 1:colcon.colcon_core.environment:checking '/home/boda/Software2026/install/real_joy' for CMake config files
[19.287s] Level 1:colcon.colcon_core.shell:create_environment_hook('real_joy', 'cmake_prefix_path')
[19.287s] INFO:colcon.colcon_core.shell:Creating environment hook '/home/boda/Software2026/install/real_joy/share/real_joy/hook/cmake_prefix_path.ps1'
[19.288s] INFO:colcon.colcon_core.shell:Creating environment descriptor '/home/boda/Software2026/install/real_joy/share/real_joy/hook/cmake_prefix_path.dsv'
[19.293s] INFO:colcon.colcon_core.shell:Creating environment hook '/home/boda/Software2026/install/real_joy/share/real_joy/hook/cmake_prefix_path.sh'
[19.296s] Level 1:colcon.colcon_core.environment:checking '/home/boda/Software2026/install/real_joy/lib'
[19.296s] Level 1:colcon.colcon_core.environment:checking '/home/boda/Software2026/install/real_joy/bin'
[19.296s] Level 1:colcon.colcon_core.environment:checking '/home/boda/Software2026/install/real_joy/lib/pkgconfig/real_joy.pc'
[19.297s] Level 1:colcon.colcon_core.environment:checking '/home/boda/Software2026/install/real_joy/lib/python3.10/site-packages'
[19.297s] Level 1:colcon.colcon_core.environment:checking '/home/boda/Software2026/install/real_joy/bin'
[19.300s] INFO:colcon.colcon_core.shell:Creating package script '/home/boda/Software2026/install/real_joy/share/real_joy/package.ps1'
[19.302s] INFO:colcon.colcon_core.shell:Creating package descriptor '/home/boda/Software2026/install/real_joy/share/real_joy/package.dsv'
[19.303s] INFO:colcon.colcon_core.shell:Creating package script '/home/boda/Software2026/install/real_joy/share/real_joy/package.sh'
[19.305s] INFO:colcon.colcon_core.shell:Creating package script '/home/boda/Software2026/install/real_joy/share/real_joy/package.bash'
[19.306s] INFO:colcon.colcon_core.shell:Creating package script '/home/boda/Software2026/install/real_joy/share/real_joy/package.zsh'
[19.307s] Level 1:colcon.colcon_core.environment:create_file_with_runtime_dependencies(/home/boda/Software2026/install/real_joy/share/colcon-core/packages/real_joy)
[19.308s] Level 1:colcon.colcon_core.environment:create_environment_scripts_only(real_joy)
[19.308s] Level 1:colcon.colcon_core.environment:checking '/home/boda/Software2026/install/real_joy' for CMake module files
[19.309s] Level 1:colcon.colcon_core.environment:checking '/home/boda/Software2026/install/real_joy' for CMake config files
[19.310s] Level 1:colcon.colcon_core.shell:create_environment_hook('real_joy', 'cmake_prefix_path')
[19.310s] INFO:colcon.colcon_core.shell:Creating environment hook '/home/boda/Software2026/install/real_joy/share/real_joy/hook/cmake_prefix_path.ps1'
[19.311s] INFO:colcon.colcon_core.shell:Creating environment descriptor '/home/boda/Software2026/install/real_joy/share/real_joy/hook/cmake_prefix_path.dsv'
[19.312s] INFO:colcon.colcon_core.shell:Creating environment hook '/home/boda/Software2026/install/real_joy/share/real_joy/hook/cmake_prefix_path.sh'
[19.313s] Level 1:colcon.colcon_core.environment:checking '/home/boda/Software2026/install/real_joy/lib'
[19.313s] Level 1:colcon.colcon_core.environment:checking '/home/boda/Software2026/install/real_joy/bin'
[19.313s] Level 1:colcon.colcon_core.environment:checking '/home/boda/Software2026/install/real_joy/lib/pkgconfig/real_joy.pc'
[19.313s] Level 1:colcon.colcon_core.environment:checking '/home/boda/Software2026/install/real_joy/lib/python3.10/site-packages'
[19.314s] Level 1:colcon.colcon_core.environment:checking '/home/boda/Software2026/install/real_joy/bin'
[19.314s] INFO:colcon.colcon_core.shell:Creating package script '/home/boda/Software2026/install/real_joy/share/real_joy/package.ps1'
[19.315s] INFO:colcon.colcon_core.shell:Creating package descriptor '/home/boda/Software2026/install/real_joy/share/real_joy/package.dsv'
[19.316s] INFO:colcon.colcon_core.shell:Creating package script '/home/boda/Software2026/install/real_joy/share/real_joy/package.sh'
[19.317s] INFO:colcon.colcon_core.shell:Creating package script '/home/boda/Software2026/install/real_joy/share/real_joy/package.bash'
[19.317s] INFO:colcon.colcon_core.shell:Creating package script '/home/boda/Software2026/install/real_joy/share/real_joy/package.zsh'
[19.318s] Level 1:colcon.colcon_core.environment:create_file_with_runtime_dependencies(/home/boda/Software2026/install/real_joy/share/colcon-core/packages/real_joy)
[19.318s] DEBUG:colcon.colcon_parallel_executor.executor.parallel:closing loop
[19.318s] DEBUG:colcon.colcon_parallel_executor.executor.parallel:loop closed
[19.319s] DEBUG:colcon.colcon_parallel_executor.executor.parallel:run_until_complete finished with '0'
[19.319s] DEBUG:colcon.colcon_core.event_reactor:joining thread
[19.329s] INFO:colcon.colcon_core.plugin_system:Skipping extension 'colcon_notification.desktop_notification.terminal_notifier': Not used on non-Darwin systems
[19.329s] INFO:colcon.colcon_core.plugin_system:Skipping extension 'colcon_notification.desktop_notification.win32': Not used on non-Windows systems
[19.329s] INFO:colcon.colcon_notification.desktop_notification:Sending desktop notification using 'notify2'
[19.346s] DEBUG:colcon.colcon_core.event_reactor:joined thread
[19.347s] INFO:colcon.colcon_core.shell:Creating prefix script '/home/boda/Software2026/install/local_setup.ps1'
[19.349s] INFO:colcon.colcon_core.shell:Creating prefix util module '/home/boda/Software2026/install/_local_setup_util_ps1.py'
[19.351s] INFO:colcon.colcon_core.shell:Creating prefix chain script '/home/boda/Software2026/install/setup.ps1'
[19.353s] INFO:colcon.colcon_core.shell:Creating prefix script '/home/boda/Software2026/install/local_setup.sh'
[19.354s] INFO:colcon.colcon_core.shell:Creating prefix util module '/home/boda/Software2026/install/_local_setup_util_sh.py'
[19.355s] INFO:colcon.colcon_core.shell:Creating prefix chain script '/home/boda/Software2026/install/setup.sh'
[19.356s] INFO:colcon.colcon_core.shell:Creating prefix script '/home/boda/Software2026/install/local_setup.bash'
[19.357s] INFO:colcon.colcon_core.shell:Creating prefix chain script '/home/boda/Software2026/install/setup.bash'
[19.359s] INFO:colcon.colcon_core.shell:Creating prefix script '/home/boda/Software2026/install/local_setup.zsh'
[19.360s] INFO:colcon.colcon_core.shell:Creating prefix chain script '/home/boda/Software2026/install/setup.zsh'
