-- The C compiler identification is GNU 11.4.0
-- The CXX compiler identification is GNU 11.4.0
-- Detecting C compiler ABI info
-- Detecting C compiler ABI info - done
-- Check for working C compiler: /usr/bin/cc - skipped
-- Detecting C compile features
-- Detecting C compile features - done
-- Detecting CXX compiler ABI info
-- Detecting CXX compiler ABI info - done
-- Check for working CXX compiler: /usr/bin/c++ - skipped
-- Detecting CXX compile features
-- Detecting CXX compile features - done
-- Found ament_cmake: 1.3.14 (/opt/ros/humble/share/ament_cmake/cmake)
-- Found Python3: /usr/bin/python3 (found version "3.10.12") found components: Interpreter 
-- Override CMake install command with custom implementation using symlinks instead of copying resources
-- Found rosidl_default_generators: 1.2.1 (/opt/ros/humble/share/rosidl_default_generators/cmake)
-- Using all available rosidl_typesupport_c: rosidl_typesupport_fastrtps_c;rosidl_typesupport_introspection_c
-- Found rosidl_adapter: 3.1.8 (/opt/ros/humble/share/rosidl_adapter/cmake)
-- Using all available rosidl_typesupport_cpp: rosidl_typesupport_fastrtps_cpp;rosidl_typesupport_introspection_cpp
-- Found ament_cmake_ros: 0.10.0 (/opt/ros/humble/share/ament_cmake_ros/cmake)
-- Using all available rosidl_typesupport_c: rosidl_typesupport_fastrtps_c;rosidl_typesupport_introspection_c
-- Using all available rosidl_typesupport_cpp: rosidl_typesupport_fastrtps_cpp;rosidl_typesupport_introspection_cpp
-- Found PythonInterp: /usr/bin/python3 (found suitable version "3.10.12", minimum required is "3.6") 
-- Found python_cmake_module: 0.10.0 (/opt/ros/humble/share/python_cmake_module/cmake)
-- Found PythonLibs: /usr/lib/x86_64-linux-gnu/libpython3.10.so (found suitable version "3.10.12", minimum required is "3.5") 
-- Using PYTHON_EXECUTABLE: /usr/bin/python3
-- Using PYTHON_INCLUDE_DIRS: /usr/include/python3.10
-- Using PYTHON_LIBRARIES: /usr/lib/x86_64-linux-gnu/libpython3.10.so
-- Found PythonExtra: .so  
-- Found ament_lint_auto: 0.12.15 (/opt/ros/humble/share/ament_lint_auto/cmake)
-- Added test 'lint_cmake' to check CMake code style
-- Added test 'xmllint' to check XML markup files
-- Configuring done
-- Generating done
-- Build files have been written to: /workspace/ros2/build/depth_interfaces
[  2%] [34m[1mGenerating C code for ROS interfaces[0m
[  5%] [34m[1mGenerating C++ code for ROS interfaces[0m
[  7%] [34m[1mGenerating Rust code for ROS interfaces[0m
[  7%] Built target ament_cmake_python_symlink_depth_interfaces
running egg_info
creating depth_interfaces.egg-info
writing depth_interfaces.egg-info/PKG-INFO
writing dependency_links to depth_interfaces.egg-info/dependency_links.txt
writing top-level names to depth_interfaces.egg-info/top_level.txt
writing manifest file 'depth_interfaces.egg-info/SOURCES.txt'
reading manifest file 'depth_interfaces.egg-info/SOURCES.txt'
writing manifest file 'depth_interfaces.egg-info/SOURCES.txt'
[  7%] Built target ament_cmake_python_build_depth_interfaces_egg
[  7%] Built target depth_interfaces__rs
[  7%] Built target depth_interfaces__cpp
[ 10%] [32mBuilding C object CMakeFiles/depth_interfaces__rosidl_generator_c.dir/rosidl_generator_c/depth_interfaces/srv/detail/calibrate__functions.c.o[0m
[ 12%] [32mBuilding C object CMakeFiles/depth_interfaces__rosidl_generator_c.dir/rosidl_generator_c/depth_interfaces/action/detail/dive__functions.c.o[0m
[ 17%] [34m[1mGenerating C++ introspection for ROS interfaces[0m
[ 17%] [34m[1mGenerating C++ type support dispatch for ROS interfaces[0m
[ 20%] [34m[1mGenerating C++ type support for eProsima Fast-RTPS[0m
[ 22%] [32m[1mLinking C shared library libdepth_interfaces__rosidl_generator_c.so[0m
[ 22%] Built target depth_interfaces__rosidl_generator_c
[ 25%] [34m[1mGenerating C type support for eProsima Fast-RTPS[0m
[ 30%] [34m[1mGenerating C introspection for ROS interfaces[0m
[ 30%] [34m[1mGenerating C type support dispatch for ROS interfaces[0m
[ 35%] [32mBuilding CXX object CMakeFiles/depth_interfaces__rosidl_typesupport_cpp.dir/rosidl_typesupport_cpp/depth_interfaces/action/dive__type_support.cpp.o[0m
[ 35%] [32mBuilding CXX object CMakeFiles/depth_interfaces__rosidl_typesupport_cpp.dir/rosidl_typesupport_cpp/depth_interfaces/srv/calibrate__type_support.cpp.o[0m
[ 40%] [32mBuilding CXX object CMakeFiles/depth_interfaces__rosidl_typesupport_introspection_cpp.dir/rosidl_typesupport_introspection_cpp/depth_interfaces/srv/detail/calibrate__type_support.cpp.o[0m
[ 40%] [32mBuilding CXX object CMakeFiles/depth_interfaces__rosidl_typesupport_introspection_cpp.dir/rosidl_typesupport_introspection_cpp/depth_interfaces/action/detail/dive__type_support.cpp.o[0m
[ 42%] [32mBuilding CXX object CMakeFiles/depth_interfaces__rosidl_typesupport_fastrtps_cpp.dir/rosidl_typesupport_fastrtps_cpp/depth_interfaces/srv/detail/dds_fastrtps/calibrate__type_support.cpp.o[0m
[ 45%] [32mBuilding CXX object CMakeFiles/depth_interfaces__rosidl_typesupport_fastrtps_cpp.dir/rosidl_typesupport_fastrtps_cpp/depth_interfaces/action/detail/dds_fastrtps/dive__type_support.cpp.o[0m
[ 47%] [32mBuilding CXX object CMakeFiles/depth_interfaces__rosidl_typesupport_c.dir/rosidl_typesupport_c/depth_interfaces/srv/calibrate__type_support.cpp.o[0m
[ 50%] [32mBuilding CXX object CMakeFiles/depth_interfaces__rosidl_typesupport_c.dir/rosidl_typesupport_c/depth_interfaces/action/dive__type_support.cpp.o[0m
[ 52%] [32mBuilding C object CMakeFiles/depth_interfaces__rosidl_typesupport_introspection_c.dir/rosidl_typesupport_introspection_c/depth_interfaces/srv/detail/calibrate__type_support.c.o[0m
[ 55%] [32m[1mLinking CXX shared library libdepth_interfaces__rosidl_typesupport_c.so[0m
[ 57%] [32mBuilding C object CMakeFiles/depth_interfaces__rosidl_typesupport_introspection_c.dir/rosidl_typesupport_introspection_c/depth_interfaces/action/detail/dive__type_support.c.o[0m
[ 60%] [32mBuilding CXX object CMakeFiles/depth_interfaces__rosidl_typesupport_fastrtps_c.dir/rosidl_typesupport_fastrtps_c/depth_interfaces/srv/detail/calibrate__type_support_c.cpp.o[0m
[ 62%] [32mBuilding CXX object CMakeFiles/depth_interfaces__rosidl_typesupport_fastrtps_c.dir/rosidl_typesupport_fastrtps_c/depth_interfaces/action/detail/dive__type_support_c.cpp.o[0m
[ 62%] Built target depth_interfaces__rosidl_typesupport_c
[ 65%] [32m[1mLinking C shared library libdepth_interfaces__rosidl_typesupport_introspection_c.so[0m
[ 65%] Built target depth_interfaces__rosidl_typesupport_introspection_c
[ 67%] [32m[1mLinking CXX shared library libdepth_interfaces__rosidl_typesupport_cpp.so[0m
[ 67%] Built target depth_interfaces__rosidl_typesupport_cpp
[ 70%] [32m[1mLinking CXX shared library libdepth_interfaces__rosidl_typesupport_fastrtps_c.so[0m
[ 72%] [32m[1mLinking CXX shared library libdepth_interfaces__rosidl_typesupport_fastrtps_cpp.so[0m
[ 72%] Built target depth_interfaces__rosidl_typesupport_fastrtps_c
[ 75%] [32m[1mLinking CXX shared library libdepth_interfaces__rosidl_typesupport_introspection_cpp.so[0m
[ 75%] Built target depth_interfaces__rosidl_typesupport_fastrtps_cpp
[ 75%] Built target depth_interfaces__rosidl_typesupport_introspection_cpp
[ 75%] Built target depth_interfaces
[ 77%] [34m[1mGenerating Python code for ROS interfaces[0m
[ 77%] Built target depth_interfaces__py
[ 80%] [32mBuilding C object CMakeFiles/depth_interfaces__rosidl_generator_py.dir/rosidl_generator_py/depth_interfaces/srv/_calibrate_s.c.o[0m
[ 82%] [32mBuilding C object CMakeFiles/depth_interfaces__rosidl_generator_py.dir/rosidl_generator_py/depth_interfaces/action/_dive_s.c.o[0m
[ 85%] [32m[1mLinking C shared library rosidl_generator_py/depth_interfaces/libdepth_interfaces__rosidl_generator_py.so[0m
[ 85%] Built target depth_interfaces__rosidl_generator_py
[ 92%] [32mBuilding C object CMakeFiles/depth_interfaces__rosidl_typesupport_c__pyext.dir/rosidl_generator_py/depth_interfaces/_depth_interfaces_s.ep.rosidl_typesupport_c.c.o[0m
[ 92%] [32mBuilding C object CMakeFiles/depth_interfaces__rosidl_typesupport_fastrtps_c__pyext.dir/rosidl_generator_py/depth_interfaces/_depth_interfaces_s.ep.rosidl_typesupport_fastrtps_c.c.o[0m
[ 92%] [32mBuilding C object CMakeFiles/depth_interfaces__rosidl_typesupport_introspection_c__pyext.dir/rosidl_generator_py/depth_interfaces/_depth_interfaces_s.ep.rosidl_typesupport_introspection_c.c.o[0m
[ 95%] [32m[1mLinking C shared library rosidl_generator_py/depth_interfaces/depth_interfaces_s__rosidl_typesupport_introspection_c.cpython-310-x86_64-linux-gnu.so[0m
[ 97%] [32m[1mLinking C shared library rosidl_generator_py/depth_interfaces/depth_interfaces_s__rosidl_typesupport_fastrtps_c.cpython-310-x86_64-linux-gnu.so[0m
[100%] [32m[1mLinking C shared library rosidl_generator_py/depth_interfaces/depth_interfaces_s__rosidl_typesupport_c.cpython-310-x86_64-linux-gnu.so[0m
[100%] Built target depth_interfaces__rosidl_typesupport_fastrtps_c__pyext
[100%] Built target depth_interfaces__rosidl_typesupport_introspection_c__pyext
[100%] Built target depth_interfaces__rosidl_typesupport_c__pyext
-- Install configuration: ""
-- Execute custom install script
-- Symlinking: /workspace/ros2/install/depth_interfaces/share/ament_index/resource_index/rosidl_interfaces/depth_interfaces
-- Symlinking: /workspace/ros2/install/depth_interfaces/include/depth_interfaces/depth_interfaces/action/detail/dive__functions.h
-- Symlinking: /workspace/ros2/install/depth_interfaces/include/depth_interfaces/depth_interfaces/action/detail/dive__struct.h
-- Symlinking: /workspace/ros2/install/depth_interfaces/include/depth_interfaces/depth_interfaces/action/detail/dive__type_support.h
-- Symlinking: /workspace/ros2/install/depth_interfaces/include/depth_interfaces/depth_interfaces/action/dive.h
-- Symlinking: /workspace/ros2/install/depth_interfaces/include/depth_interfaces/depth_interfaces/msg/rosidl_generator_c__visibility_control.h
-- Symlinking: /workspace/ros2/install/depth_interfaces/include/depth_interfaces/depth_interfaces/srv/calibrate.h
-- Symlinking: /workspace/ros2/install/depth_interfaces/include/depth_interfaces/depth_interfaces/srv/detail/calibrate__functions.h
-- Symlinking: /workspace/ros2/install/depth_interfaces/include/depth_interfaces/depth_interfaces/srv/detail/calibrate__struct.h
-- Symlinking: /workspace/ros2/install/depth_interfaces/include/depth_interfaces/depth_interfaces/srv/detail/calibrate__type_support.h
-- Symlinking: /workspace/ros2/install/depth_interfaces/share/depth_interfaces/environment/library_path.sh
-- Symlinking: /workspace/ros2/install/depth_interfaces/share/depth_interfaces/environment/library_path.dsv
-- Symlinking: /workspace/ros2/install/depth_interfaces/include/depth_interfaces/depth_interfaces/action/detail/dive__rosidl_typesupport_fastrtps_c.h
-- Symlinking: /workspace/ros2/install/depth_interfaces/include/depth_interfaces/depth_interfaces/msg/rosidl_typesupport_fastrtps_c__visibility_control.h
-- Symlinking: /workspace/ros2/install/depth_interfaces/include/depth_interfaces/depth_interfaces/srv/detail/calibrate__rosidl_typesupport_fastrtps_c.h
-- Symlinking: /workspace/ros2/install/depth_interfaces/include/depth_interfaces/depth_interfaces/action/detail/dive__rosidl_typesupport_introspection_c.h
-- Symlinking: /workspace/ros2/install/depth_interfaces/include/depth_interfaces/depth_interfaces/msg/rosidl_typesupport_introspection_c__visibility_control.h
-- Symlinking: /workspace/ros2/install/depth_interfaces/include/depth_interfaces/depth_interfaces/srv/detail/calibrate__rosidl_typesupport_introspection_c.h
-- Symlinking: /workspace/ros2/install/depth_interfaces/include/depth_interfaces/depth_interfaces/action/detail/dive__builder.hpp
-- Symlinking: /workspace/ros2/install/depth_interfaces/include/depth_interfaces/depth_interfaces/action/detail/dive__struct.hpp
-- Symlinking: /workspace/ros2/install/depth_interfaces/include/depth_interfaces/depth_interfaces/action/detail/dive__traits.hpp
-- Symlinking: /workspace/ros2/install/depth_interfaces/include/depth_interfaces/depth_interfaces/action/detail/dive__type_support.hpp
-- Symlinking: /workspace/ros2/install/depth_interfaces/include/depth_interfaces/depth_interfaces/action/dive.hpp
-- Symlinking: /workspace/ros2/install/depth_interfaces/include/depth_interfaces/depth_interfaces/msg/rosidl_generator_cpp__visibility_control.hpp
-- Symlinking: /workspace/ros2/install/depth_interfaces/include/depth_interfaces/depth_interfaces/srv/calibrate.hpp
-- Symlinking: /workspace/ros2/install/depth_interfaces/include/depth_interfaces/depth_interfaces/srv/detail/calibrate__builder.hpp
-- Symlinking: /workspace/ros2/install/depth_interfaces/include/depth_interfaces/depth_interfaces/srv/detail/calibrate__struct.hpp
-- Symlinking: /workspace/ros2/install/depth_interfaces/include/depth_interfaces/depth_interfaces/srv/detail/calibrate__traits.hpp
-- Symlinking: /workspace/ros2/install/depth_interfaces/include/depth_interfaces/depth_interfaces/srv/detail/calibrate__type_support.hpp
-- Symlinking: /workspace/ros2/install/depth_interfaces/include/depth_interfaces/depth_interfaces/action/detail/dive__rosidl_typesupport_fastrtps_cpp.hpp
-- Symlinking: /workspace/ros2/install/depth_interfaces/include/depth_interfaces/depth_interfaces/msg/rosidl_typesupport_fastrtps_cpp__visibility_control.h
-- Symlinking: /workspace/ros2/install/depth_interfaces/include/depth_interfaces/depth_interfaces/srv/detail/calibrate__rosidl_typesupport_fastrtps_cpp.hpp
-- Symlinking: /workspace/ros2/install/depth_interfaces/include/depth_interfaces/depth_interfaces/action/detail/dive__rosidl_typesupport_introspection_cpp.hpp
-- Symlinking: /workspace/ros2/install/depth_interfaces/include/depth_interfaces/depth_interfaces/srv/detail/calibrate__rosidl_typesupport_introspection_cpp.hpp
-- Symlinking: /workspace/ros2/install/depth_interfaces/share/depth_interfaces/environment/pythonpath.sh
-- Symlinking: /workspace/ros2/install/depth_interfaces/share/depth_interfaces/environment/pythonpath.dsv
-- Symlinking: /workspace/ros2/install/depth_interfaces/local/lib/python3.10/dist-packages/depth_interfaces-0.0.0-py3.10.egg-info/PKG-INFO
-- Symlinking: /workspace/ros2/install/depth_interfaces/local/lib/python3.10/dist-packages/depth_interfaces-0.0.0-py3.10.egg-info/SOURCES.txt
-- Symlinking: /workspace/ros2/install/depth_interfaces/local/lib/python3.10/dist-packages/depth_interfaces-0.0.0-py3.10.egg-info/dependency_links.txt
-- Symlinking: /workspace/ros2/install/depth_interfaces/local/lib/python3.10/dist-packages/depth_interfaces-0.0.0-py3.10.egg-info/top_level.txt
-- Symlinking: /workspace/ros2/install/depth_interfaces/local/lib/python3.10/dist-packages/depth_interfaces/__init__.py
-- Symlinking: /workspace/ros2/install/depth_interfaces/local/lib/python3.10/dist-packages/depth_interfaces/_depth_interfaces_s.ep.rosidl_typesupport_c.c
-- Symlinking: /workspace/ros2/install/depth_interfaces/local/lib/python3.10/dist-packages/depth_interfaces/_depth_interfaces_s.ep.rosidl_typesupport_fastrtps_c.c
-- Symlinking: /workspace/ros2/install/depth_interfaces/local/lib/python3.10/dist-packages/depth_interfaces/_depth_interfaces_s.ep.rosidl_typesupport_introspection_c.c
-- Symlinking: /workspace/ros2/install/depth_interfaces/local/lib/python3.10/dist-packages/depth_interfaces/action/__init__.py
-- Symlinking: /workspace/ros2/install/depth_interfaces/local/lib/python3.10/dist-packages/depth_interfaces/action/_dive.py
-- Symlinking: /workspace/ros2/install/depth_interfaces/local/lib/python3.10/dist-packages/depth_interfaces/action/_dive_s.c
-- Symlinking: /workspace/ros2/install/depth_interfaces/local/lib/python3.10/dist-packages/depth_interfaces/depth_interfaces_s__rosidl_typesupport_c.cpython-310-x86_64-linux-gnu.so
-- Symlinking: /workspace/ros2/install/depth_interfaces/local/lib/python3.10/dist-packages/depth_interfaces/depth_interfaces_s__rosidl_typesupport_fastrtps_c.cpython-310-x86_64-linux-gnu.so
-- Symlinking: /workspace/ros2/install/depth_interfaces/local/lib/python3.10/dist-packages/depth_interfaces/depth_interfaces_s__rosidl_typesupport_introspection_c.cpython-310-x86_64-linux-gnu.so
-- Symlinking: /workspace/ros2/install/depth_interfaces/local/lib/python3.10/dist-packages/depth_interfaces/libdepth_interfaces__rosidl_generator_py.so
-- Symlinking: /workspace/ros2/install/depth_interfaces/local/lib/python3.10/dist-packages/depth_interfaces/srv/__init__.py
-- Symlinking: /workspace/ros2/install/depth_interfaces/local/lib/python3.10/dist-packages/depth_interfaces/srv/_calibrate.py
-- Symlinking: /workspace/ros2/install/depth_interfaces/local/lib/python3.10/dist-packages/depth_interfaces/srv/_calibrate_s.c
-- Up-to-date symlink: /workspace/ros2/install/depth_interfaces/local/lib/python3.10/dist-packages/depth_interfaces/depth_interfaces_s__rosidl_typesupport_fastrtps_c.cpython-310-x86_64-linux-gnu.so
-- Up-to-date symlink: /workspace/ros2/install/depth_interfaces/local/lib/python3.10/dist-packages/depth_interfaces/depth_interfaces_s__rosidl_typesupport_introspection_c.cpython-310-x86_64-linux-gnu.so
-- Up-to-date symlink: /workspace/ros2/install/depth_interfaces/local/lib/python3.10/dist-packages/depth_interfaces/depth_interfaces_s__rosidl_typesupport_c.cpython-310-x86_64-linux-gnu.so
-- Symlinking: /workspace/ros2/install/depth_interfaces/share/ament_index/resource_index/rust_packages/depth_interfaces
-- Symlinking: /workspace/ros2/install/depth_interfaces/share/depth_interfaces/rust/Cargo.toml
-- Symlinking: /workspace/ros2/install/depth_interfaces/share/depth_interfaces/rust/build.rs
-- Symlinking: /workspace/ros2/install/depth_interfaces/share/depth_interfaces/rust/src/action.rs
-- Symlinking: /workspace/ros2/install/depth_interfaces/share/depth_interfaces/rust/src/action/rmw.rs
-- Symlinking: /workspace/ros2/install/depth_interfaces/share/depth_interfaces/rust/src/lib.rs
-- Symlinking: /workspace/ros2/install/depth_interfaces/share/depth_interfaces/rust/src/srv.rs
-- Symlinking: /workspace/ros2/install/depth_interfaces/share/depth_interfaces/rust/src/srv/rmw.rs
-- Symlinking: /workspace/ros2/install/depth_interfaces/share/depth_interfaces/srv/Calibrate.idl
-- Symlinking: /workspace/ros2/install/depth_interfaces/share/depth_interfaces/action/Dive.idl
-- Symlinking: /workspace/ros2/install/depth_interfaces/share/depth_interfaces/srv/Calibrate.srv
-- Symlinking: /workspace/ros2/install/depth_interfaces/share/depth_interfaces/srv/Calibrate_Request.msg
-- Symlinking: /workspace/ros2/install/depth_interfaces/share/depth_interfaces/srv/Calibrate_Response.msg
-- Symlinking: /workspace/ros2/install/depth_interfaces/share/depth_interfaces/action/Dive.action
-- Symlinking: /workspace/ros2/install/depth_interfaces/share/ament_index/resource_index/package_run_dependencies/depth_interfaces
-- Symlinking: /workspace/ros2/install/depth_interfaces/share/ament_index/resource_index/parent_prefix_path/depth_interfaces
-- Symlinking: /workspace/ros2/install/depth_interfaces/share/depth_interfaces/environment/ament_prefix_path.sh
-- Symlinking: /workspace/ros2/install/depth_interfaces/share/depth_interfaces/environment/ament_prefix_path.dsv
-- Symlinking: /workspace/ros2/install/depth_interfaces/share/depth_interfaces/environment/path.sh
-- Symlinking: /workspace/ros2/install/depth_interfaces/share/depth_interfaces/environment/path.dsv
-- Symlinking: /workspace/ros2/install/depth_interfaces/share/depth_interfaces/local_setup.bash
-- Symlinking: /workspace/ros2/install/depth_interfaces/share/depth_interfaces/local_setup.sh
-- Symlinking: /workspace/ros2/install/depth_interfaces/share/depth_interfaces/local_setup.zsh
-- Symlinking: /workspace/ros2/install/depth_interfaces/share/depth_interfaces/local_setup.dsv
-- Symlinking: /workspace/ros2/install/depth_interfaces/share/depth_interfaces/package.dsv
-- Symlinking: /workspace/ros2/install/depth_interfaces/share/ament_index/resource_index/packages/depth_interfaces
-- Symlinking: /workspace/ros2/install/depth_interfaces/share/depth_interfaces/cmake/rosidl_cmake-extras.cmake
-- Symlinking: /workspace/ros2/install/depth_interfaces/share/depth_interfaces/cmake/ament_cmake_export_dependencies-extras.cmake
-- Symlinking: /workspace/ros2/install/depth_interfaces/share/depth_interfaces/cmake/ament_cmake_export_include_directories-extras.cmake
-- Symlinking: /workspace/ros2/install/depth_interfaces/share/depth_interfaces/cmake/ament_cmake_export_libraries-extras.cmake
-- Symlinking: /workspace/ros2/install/depth_interfaces/share/depth_interfaces/cmake/ament_cmake_export_targets-extras.cmake
-- Symlinking: /workspace/ros2/install/depth_interfaces/share/depth_interfaces/cmake/rosidl_cmake_export_typesupport_targets-extras.cmake
-- Symlinking: /workspace/ros2/install/depth_interfaces/share/depth_interfaces/cmake/rosidl_cmake_export_typesupport_libraries-extras.cmake
-- Symlinking: /workspace/ros2/install/depth_interfaces/share/depth_interfaces/cmake/depth_interfacesConfig.cmake
-- Symlinking: /workspace/ros2/install/depth_interfaces/share/depth_interfaces/cmake/depth_interfacesConfig-version.cmake
-- Symlinking: /workspace/ros2/install/depth_interfaces/share/depth_interfaces/package.xml
-- Installing: /workspace/ros2/install/depth_interfaces/lib/libdepth_interfaces__rosidl_generator_c.so
-- Set runtime path of "/workspace/ros2/install/depth_interfaces/lib/libdepth_interfaces__rosidl_generator_c.so" to ""
-- Installing: /workspace/ros2/install/depth_interfaces/lib/libdepth_interfaces__rosidl_typesupport_fastrtps_c.so
-- Set runtime path of "/workspace/ros2/install/depth_interfaces/lib/libdepth_interfaces__rosidl_typesupport_fastrtps_c.so" to ""
-- Installing: /workspace/ros2/install/depth_interfaces/lib/libdepth_interfaces__rosidl_typesupport_introspection_c.so
-- Set runtime path of "/workspace/ros2/install/depth_interfaces/lib/libdepth_interfaces__rosidl_typesupport_introspection_c.so" to ""
-- Installing: /workspace/ros2/install/depth_interfaces/lib/libdepth_interfaces__rosidl_typesupport_c.so
-- Set runtime path of "/workspace/ros2/install/depth_interfaces/lib/libdepth_interfaces__rosidl_typesupport_c.so" to ""
-- Installing: /workspace/ros2/install/depth_interfaces/lib/libdepth_interfaces__rosidl_typesupport_fastrtps_cpp.so
-- Set runtime path of "/workspace/ros2/install/depth_interfaces/lib/libdepth_interfaces__rosidl_typesupport_fastrtps_cpp.so" to ""
-- Installing: /workspace/ros2/install/depth_interfaces/lib/libdepth_interfaces__rosidl_typesupport_introspection_cpp.so
-- Set runtime path of "/workspace/ros2/install/depth_interfaces/lib/libdepth_interfaces__rosidl_typesupport_introspection_cpp.so" to ""
-- Installing: /workspace/ros2/install/depth_interfaces/lib/libdepth_interfaces__rosidl_typesupport_cpp.so
-- Set runtime path of "/workspace/ros2/install/depth_interfaces/lib/libdepth_interfaces__rosidl_typesupport_cpp.so" to ""
Listing '/workspace/ros2/install/depth_interfaces/local/lib/python3.10/dist-packages/depth_interfaces'...
Compiling '/workspace/ros2/install/depth_interfaces/local/lib/python3.10/dist-packages/depth_interfaces/__init__.py'...
Listing '/workspace/ros2/install/depth_interfaces/local/lib/python3.10/dist-packages/depth_interfaces/action'...
Compiling '/workspace/ros2/install/depth_interfaces/local/lib/python3.10/dist-packages/depth_interfaces/action/__init__.py'...
Compiling '/workspace/ros2/install/depth_interfaces/local/lib/python3.10/dist-packages/depth_interfaces/action/_dive.py'...
Listing '/workspace/ros2/install/depth_interfaces/local/lib/python3.10/dist-packages/depth_interfaces/srv'...
Compiling '/workspace/ros2/install/depth_interfaces/local/lib/python3.10/dist-packages/depth_interfaces/srv/__init__.py'...
Compiling '/workspace/ros2/install/depth_interfaces/local/lib/python3.10/dist-packages/depth_interfaces/srv/_calibrate.py'...
-- Installing: /workspace/ros2/install/depth_interfaces/lib/libdepth_interfaces__rosidl_generator_py.so
-- Set runtime path of "/workspace/ros2/install/depth_interfaces/lib/libdepth_interfaces__rosidl_generator_py.so" to ""
-- Installing: /workspace/ros2/install/depth_interfaces/share/depth_interfaces/cmake/export_depth_interfaces__rosidl_generator_cExport.cmake
-- Installing: /workspace/ros2/install/depth_interfaces/share/depth_interfaces/cmake/export_depth_interfaces__rosidl_generator_cExport-noconfig.cmake
-- Installing: /workspace/ros2/install/depth_interfaces/share/depth_interfaces/cmake/export_depth_interfaces__rosidl_typesupport_fastrtps_cExport.cmake
-- Installing: /workspace/ros2/install/depth_interfaces/share/depth_interfaces/cmake/export_depth_interfaces__rosidl_typesupport_fastrtps_cExport-noconfig.cmake
-- Installing: /workspace/ros2/install/depth_interfaces/share/depth_interfaces/cmake/depth_interfaces__rosidl_typesupport_introspection_cExport.cmake
-- Installing: /workspace/ros2/install/depth_interfaces/share/depth_interfaces/cmake/depth_interfaces__rosidl_typesupport_introspection_cExport-noconfig.cmake
-- Installing: /workspace/ros2/install/depth_interfaces/share/depth_interfaces/cmake/depth_interfaces__rosidl_typesupport_cExport.cmake
-- Installing: /workspace/ros2/install/depth_interfaces/share/depth_interfaces/cmake/depth_interfaces__rosidl_typesupport_cExport-noconfig.cmake
-- Installing: /workspace/ros2/install/depth_interfaces/share/depth_interfaces/cmake/export_depth_interfaces__rosidl_generator_cppExport.cmake
-- Installing: /workspace/ros2/install/depth_interfaces/share/depth_interfaces/cmake/export_depth_interfaces__rosidl_typesupport_fastrtps_cppExport.cmake
-- Installing: /workspace/ros2/install/depth_interfaces/share/depth_interfaces/cmake/export_depth_interfaces__rosidl_typesupport_fastrtps_cppExport-noconfig.cmake
-- Installing: /workspace/ros2/install/depth_interfaces/share/depth_interfaces/cmake/depth_interfaces__rosidl_typesupport_introspection_cppExport.cmake
-- Installing: /workspace/ros2/install/depth_interfaces/share/depth_interfaces/cmake/depth_interfaces__rosidl_typesupport_introspection_cppExport-noconfig.cmake
-- Installing: /workspace/ros2/install/depth_interfaces/share/depth_interfaces/cmake/depth_interfaces__rosidl_typesupport_cppExport.cmake
-- Installing: /workspace/ros2/install/depth_interfaces/share/depth_interfaces/cmake/depth_interfaces__rosidl_typesupport_cppExport-noconfig.cmake
-- Installing: /workspace/ros2/install/depth_interfaces/share/depth_interfaces/cmake/export_depth_interfaces__rosidl_generator_pyExport.cmake
-- Installing: /workspace/ros2/install/depth_interfaces/share/depth_interfaces/cmake/export_depth_interfaces__rosidl_generator_pyExport-noconfig.cmake
