[0.053s] DEBUG:colcon:Command line arguments: ['/usr/bin/colcon', 'build', '--packages-select', 'fake_depth_sensor']
[0.053s] DEBUG:colcon:Parsed command line arguments: Namespace(log_base=None, log_level=None, verb_name='build', build_base='build', install_base='install', merge_install=False, symlink_install=False, test_result_base=None, continue_on_error=False, executor='parallel', parallel_workers=20, event_handlers=None, ignore_user_meta=False, metas=['./colcon.meta'], base_paths=['.'], packages_ignore=None, packages_ignore_regex=None, paths=None, packages_up_to=None, packages_up_to_regex=None, packages_above=None, packages_above_and_dependencies=None, packages_above_depth=None, packages_select_by_dep=None, packages_skip_by_dep=None, packages_skip_up_to=None, packages_select_build_failed=False, packages_skip_build_finished=False, packages_select_test_failures=False, packages_skip_test_passed=False, packages_select=['fake_depth_sensor'], packages_skip=None, packages_select_regex=None, packages_skip_regex=None, packages_start=None, packages_end=None, cmake_args=None, cmake_target=None, cmake_target_skip_unavailable=False, cmake_clean_cache=False, cmake_clean_first=False, cmake_force_configure=False, ament_cmake_args=None, catkin_cmake_args=None, catkin_skip_building_tests=False, mixin_files=None, mixin=None, verb_parser=<colcon_mixin.mixin.mixin_argument.MixinArgumentDecorator object at 0x79182154bdc0>, verb_extension=<colcon_core.verb.build.BuildVerb object at 0x79182154b880>, main=<bound method BuildVerb.main of <colcon_core.verb.build.BuildVerb object at 0x79182154b880>>, mixin_verb=('build',))
[0.118s] Level 1:colcon.colcon_core.package_discovery:discover_packages(colcon_meta) check parameters
[0.118s] Level 1:colcon.colcon_core.package_discovery:discover_packages(recursive) check parameters
[0.118s] Level 1:colcon.colcon_core.package_discovery:discover_packages(ignore) check parameters
[0.118s] Level 1:colcon.colcon_core.package_discovery:discover_packages(path) check parameters
[0.118s] Level 1:colcon.colcon_core.package_discovery:discover_packages(colcon_meta) discover
[0.118s] Level 1:colcon.colcon_core.package_discovery:discover_packages(recursive) discover
[0.118s] INFO:colcon.colcon_core.package_discovery:Crawling recursively for packages in '/workspace'
[0.118s] Level 1:colcon.colcon_core.package_identification:_identify(.) by extensions ['ignore', 'ignore_ament_install']
[0.118s] Level 1:colcon.colcon_core.package_identification:_identify(.) by extension 'ignore'
[0.118s] Level 1:colcon.colcon_core.package_identification:_identify(.) by extension 'ignore_ament_install'
[0.118s] Level 1:colcon.colcon_core.package_identification:_identify(.) by extensions ['colcon_pkg']
[0.118s] Level 1:colcon.colcon_core.package_identification:_identify(.) by extension 'colcon_pkg'
[0.118s] Level 1:colcon.colcon_core.package_identification:_identify(.) by extensions ['colcon_meta']
[0.118s] Level 1:colcon.colcon_core.package_identification:_identify(.) by extension 'colcon_meta'
[0.118s] Level 1:colcon.colcon_core.package_identification:_identify(.) by extensions ['ros']
[0.118s] Level 1:colcon.colcon_core.package_identification:_identify(.) by extension 'ros'
[0.124s] Level 1:colcon.colcon_core.package_identification:_identify(.) by extensions ['cmake', 'python']
[0.124s] Level 1:colcon.colcon_core.package_identification:_identify(.) by extension 'cmake'
[0.124s] Level 1:colcon.colcon_core.package_identification:_identify(.) by extension 'python'
[0.124s] Level 1:colcon.colcon_core.package_identification:_identify(.) by extensions ['python_setup_py']
[0.124s] Level 1:colcon.colcon_core.package_identification:_identify(.) by extension 'python_setup_py'
[0.124s] Level 1:colcon.colcon_core.package_identification:_identify(build) by extensions ['ignore', 'ignore_ament_install']
[0.125s] Level 1:colcon.colcon_core.package_identification:_identify(build) by extension 'ignore'
[0.125s] Level 1:colcon.colcon_core.package_identification:_identify(build) ignored
[0.125s] Level 1:colcon.colcon_core.package_identification:_identify(c++) by extensions ['ignore', 'ignore_ament_install']
[0.125s] Level 1:colcon.colcon_core.package_identification:_identify(c++) by extension 'ignore'
[0.125s] Level 1:colcon.colcon_core.package_identification:_identify(c++) by extension 'ignore_ament_install'
[0.125s] Level 1:colcon.colcon_core.package_identification:_identify(c++) by extensions ['colcon_pkg']
[0.125s] Level 1:colcon.colcon_core.package_identification:_identify(c++) by extension 'colcon_pkg'
[0.125s] Level 1:colcon.colcon_core.package_identification:_identify(c++) by extensions ['colcon_meta']
[0.125s] Level 1:colcon.colcon_core.package_identification:_identify(c++) by extension 'colcon_meta'
[0.125s] Level 1:colcon.colcon_core.package_identification:_identify(c++) by extensions ['ros']
[0.125s] Level 1:colcon.colcon_core.package_identification:_identify(c++) by extension 'ros'
[0.125s] Level 1:colcon.colcon_core.package_identification:_identify(c++) by extensions ['cmake', 'python']
[0.125s] Level 1:colcon.colcon_core.package_identification:_identify(c++) by extension 'cmake'
[0.126s] Level 1:colcon.colcon_core.package_identification:_identify(c++) by extension 'python'
[0.126s] DEBUG:colcon.colcon_core.package_identification:Package 'c++' with type 'cmake' and name 'c__'
[0.126s] Level 1:colcon.colcon_core.package_identification:_identify(install) by extensions ['ignore', 'ignore_ament_install']
[0.126s] Level 1:colcon.colcon_core.package_identification:_identify(install) by extension 'ignore'
[0.126s] Level 1:colcon.colcon_core.package_identification:_identify(install) ignored
[0.126s] Level 1:colcon.colcon_core.package_identification:_identify(log) by extensions ['ignore', 'ignore_ament_install']
[0.126s] Level 1:colcon.colcon_core.package_identification:_identify(log) by extension 'ignore'
[0.126s] Level 1:colcon.colcon_core.package_identification:_identify(log) ignored
[0.126s] Level 1:colcon.colcon_core.package_identification:_identify(src) by extensions ['ignore', 'ignore_ament_install']
[0.126s] Level 1:colcon.colcon_core.package_identification:_identify(src) by extension 'ignore'
[0.126s] Level 1:colcon.colcon_core.package_identification:_identify(src) by extension 'ignore_ament_install'
[0.126s] Level 1:colcon.colcon_core.package_identification:_identify(src) by extensions ['colcon_pkg']
[0.126s] Level 1:colcon.colcon_core.package_identification:_identify(src) by extension 'colcon_pkg'
[0.126s] Level 1:colcon.colcon_core.package_identification:_identify(src) by extensions ['colcon_meta']
[0.126s] Level 1:colcon.colcon_core.package_identification:_identify(src) by extension 'colcon_meta'
[0.126s] Level 1:colcon.colcon_core.package_identification:_identify(src) by extensions ['ros']
[0.126s] Level 1:colcon.colcon_core.package_identification:_identify(src) by extension 'ros'
[0.126s] Level 1:colcon.colcon_core.package_identification:_identify(src) by extensions ['cmake', 'python']
[0.126s] Level 1:colcon.colcon_core.package_identification:_identify(src) by extension 'cmake'
[0.126s] Level 1:colcon.colcon_core.package_identification:_identify(src) by extension 'python'
[0.126s] Level 1:colcon.colcon_core.package_identification:_identify(src) by extensions ['python_setup_py']
[0.127s] Level 1:colcon.colcon_core.package_identification:_identify(src) by extension 'python_setup_py'
[0.127s] Level 1:colcon.colcon_core.package_identification:_identify(src/fake_depth_sensor) by extensions ['ignore', 'ignore_ament_install']
[0.127s] Level 1:colcon.colcon_core.package_identification:_identify(src/fake_depth_sensor) by extension 'ignore'
[0.127s] Level 1:colcon.colcon_core.package_identification:_identify(src/fake_depth_sensor) by extension 'ignore_ament_install'
[0.127s] Level 1:colcon.colcon_core.package_identification:_identify(src/fake_depth_sensor) by extensions ['colcon_pkg']
[0.127s] Level 1:colcon.colcon_core.package_identification:_identify(src/fake_depth_sensor) by extension 'colcon_pkg'
[0.127s] Level 1:colcon.colcon_core.package_identification:_identify(src/fake_depth_sensor) by extensions ['colcon_meta']
[0.127s] Level 1:colcon.colcon_core.package_identification:_identify(src/fake_depth_sensor) by extension 'colcon_meta'
[0.127s] Level 1:colcon.colcon_core.package_identification:_identify(src/fake_depth_sensor) by extensions ['ros']
[0.127s] Level 1:colcon.colcon_core.package_identification:_identify(src/fake_depth_sensor) by extension 'ros'
[0.128s] DEBUG:colcon.colcon_core.package_identification:Package 'src/fake_depth_sensor' with type 'ros.ament_python' and name 'fake_depth_sensor'
[0.128s] Level 1:colcon.colcon_core.package_discovery:discover_packages(recursive) using defaults
[0.128s] Level 1:colcon.colcon_core.package_discovery:discover_packages(ignore) discover
[0.128s] Level 1:colcon.colcon_core.package_discovery:discover_packages(ignore) using defaults
[0.128s] Level 1:colcon.colcon_core.package_discovery:discover_packages(path) discover
[0.128s] Level 1:colcon.colcon_core.package_discovery:discover_packages(path) using defaults
[0.139s] INFO:colcon.colcon_core.package_selection:Skipping not selected package 'c__' in 'c++'
[0.139s] Level 5:colcon.colcon_core.verb:set package 'fake_depth_sensor' build argument 'cmake_args' from command line to 'None'
[0.139s] Level 5:colcon.colcon_core.verb:set package 'fake_depth_sensor' build argument 'cmake_target' from command line to 'None'
[0.139s] Level 5:colcon.colcon_core.verb:set package 'fake_depth_sensor' build argument 'cmake_target_skip_unavailable' from command line to 'False'
[0.139s] Level 5:colcon.colcon_core.verb:set package 'fake_depth_sensor' build argument 'cmake_clean_cache' from command line to 'False'
[0.139s] Level 5:colcon.colcon_core.verb:set package 'fake_depth_sensor' build argument 'cmake_clean_first' from command line to 'False'
[0.139s] Level 5:colcon.colcon_core.verb:set package 'fake_depth_sensor' build argument 'cmake_force_configure' from command line to 'False'
[0.139s] Level 5:colcon.colcon_core.verb:set package 'fake_depth_sensor' build argument 'ament_cmake_args' from command line to 'None'
[0.139s] Level 5:colcon.colcon_core.verb:set package 'fake_depth_sensor' build argument 'catkin_cmake_args' from command line to 'None'
[0.139s] Level 5:colcon.colcon_core.verb:set package 'fake_depth_sensor' build argument 'catkin_skip_building_tests' from command line to 'False'
[0.139s] DEBUG:colcon.colcon_core.verb:Building package 'fake_depth_sensor' with the following arguments: {'ament_cmake_args': None, 'build_base': '/workspace/build/fake_depth_sensor', 'catkin_cmake_args': None, 'catkin_skip_building_tests': False, 'cmake_args': None, 'cmake_clean_cache': False, 'cmake_clean_first': False, 'cmake_force_configure': False, 'cmake_target': None, 'cmake_target_skip_unavailable': False, 'install_base': '/workspace/install/fake_depth_sensor', 'merge_install': False, 'path': '/workspace/src/fake_depth_sensor', 'symlink_install': False, 'test_result_base': None}
[0.139s] INFO:colcon.colcon_core.executor:Executing jobs using 'parallel' executor
[0.140s] DEBUG:colcon.colcon_parallel_executor.executor.parallel:run_until_complete
[0.140s] INFO:colcon.colcon_ros.task.ament_python.build:Building ROS package in '/workspace/src/fake_depth_sensor' with build type 'ament_python'
[0.140s] Level 1:colcon.colcon_core.shell:create_environment_hook('fake_depth_sensor', 'ament_prefix_path')
[0.141s] INFO:colcon.colcon_core.plugin_system:Skipping extension 'colcon_core.shell.bat': Not used on non-Windows systems
[0.141s] INFO:colcon.colcon_core.shell:Creating environment hook '/workspace/install/fake_depth_sensor/share/fake_depth_sensor/hook/ament_prefix_path.ps1'
[0.142s] INFO:colcon.colcon_core.shell:Creating environment descriptor '/workspace/install/fake_depth_sensor/share/fake_depth_sensor/hook/ament_prefix_path.dsv'
[0.142s] INFO:colcon.colcon_core.shell:Creating environment hook '/workspace/install/fake_depth_sensor/share/fake_depth_sensor/hook/ament_prefix_path.sh'
[0.142s] INFO:colcon.colcon_core.shell:Skip shell extension 'powershell' for command environment: Not usable outside of PowerShell
[0.142s] DEBUG:colcon.colcon_core.shell:Skip shell extension 'dsv' for command environment
[0.269s] INFO:colcon.colcon_core.task.python.build:Building Python package in '/workspace/src/fake_depth_sensor'
[0.269s] INFO:colcon.colcon_core.shell:Skip shell extension 'powershell' for command environment: Not usable outside of PowerShell
[0.269s] DEBUG:colcon.colcon_core.shell:Skip shell extension 'dsv' for command environment
[0.426s] DEBUG:colcon.colcon_core.task.python.build:Available setuptools commands: setopt, install_lib, bdist_egg, build, bdist_dumb, egg_info, build_ext, build_clib, install_headers, dist_info, install_egg_info, build_py, sdist, install, bdist, easy_install, symlink_data, saveopts, register, develop, clean, upload, alias, test, build_scripts, upload_docs, install_scripts, check, rotate, install_data, bdist_rpm
[0.427s] DEBUG:colcon.colcon_core.event_handler.log_command:Invoking command in '/workspace/src/fake_depth_sensor': PYTHONPATH=/workspace/build/fake_depth_sensor/prefix_override:/usr/lib/python3/dist-packages/colcon_core/task/python/colcon_distutils_commands:/workspace/install/fake_depth_sensor/lib/python3.10/site-packages:${PYTHONPATH} /usr/bin/python3 -W ignore:setup.py install is deprecated -W ignore:easy_install command is deprecated setup.py egg_info --egg-base ../../build/fake_depth_sensor build --build-base /workspace/build/fake_depth_sensor/build install --record /workspace/build/fake_depth_sensor/install.log --install-scripts $base/lib/fake_depth_sensor --single-version-externally-managed install_data
[0.565s] DEBUG:colcon.colcon_core.event_handler.log_command:Invoked command in '/workspace/src/fake_depth_sensor' returned '0': PYTHONPATH=/workspace/build/fake_depth_sensor/prefix_override:/usr/lib/python3/dist-packages/colcon_core/task/python/colcon_distutils_commands:/workspace/install/fake_depth_sensor/lib/python3.10/site-packages:${PYTHONPATH} /usr/bin/python3 -W ignore:setup.py install is deprecated -W ignore:easy_install command is deprecated setup.py egg_info --egg-base ../../build/fake_depth_sensor build --build-base /workspace/build/fake_depth_sensor/build install --record /workspace/build/fake_depth_sensor/install.log --install-scripts $base/lib/fake_depth_sensor --single-version-externally-managed install_data
[0.567s] Level 1:colcon.colcon_core.environment:checking '/workspace/install/fake_depth_sensor' for CMake module files
[0.568s] Level 1:colcon.colcon_core.environment:checking '/workspace/install/fake_depth_sensor' for CMake config files
[0.568s] Level 1:colcon.colcon_core.environment:checking '/workspace/install/fake_depth_sensor/lib'
[0.569s] Level 1:colcon.colcon_core.environment:checking '/workspace/install/fake_depth_sensor/bin'
[0.569s] Level 1:colcon.colcon_core.environment:checking '/workspace/install/fake_depth_sensor/lib/pkgconfig/fake_depth_sensor.pc'
[0.569s] Level 1:colcon.colcon_core.environment:checking '/workspace/install/fake_depth_sensor/lib/python3.10/site-packages'
[0.569s] Level 1:colcon.colcon_core.shell:create_environment_hook('fake_depth_sensor', 'pythonpath')
[0.569s] INFO:colcon.colcon_core.shell:Creating environment hook '/workspace/install/fake_depth_sensor/share/fake_depth_sensor/hook/pythonpath.ps1'
[0.570s] INFO:colcon.colcon_core.shell:Creating environment descriptor '/workspace/install/fake_depth_sensor/share/fake_depth_sensor/hook/pythonpath.dsv'
[0.570s] INFO:colcon.colcon_core.shell:Creating environment hook '/workspace/install/fake_depth_sensor/share/fake_depth_sensor/hook/pythonpath.sh'
[0.571s] Level 1:colcon.colcon_core.environment:checking '/workspace/install/fake_depth_sensor/bin'
[0.571s] Level 1:colcon.colcon_core.environment:create_environment_scripts_only(fake_depth_sensor)
[0.571s] INFO:colcon.colcon_core.shell:Creating package script '/workspace/install/fake_depth_sensor/share/fake_depth_sensor/package.ps1'
[0.572s] INFO:colcon.colcon_core.shell:Creating package descriptor '/workspace/install/fake_depth_sensor/share/fake_depth_sensor/package.dsv'
[0.573s] INFO:colcon.colcon_core.shell:Creating package script '/workspace/install/fake_depth_sensor/share/fake_depth_sensor/package.sh'
[0.573s] INFO:colcon.colcon_core.shell:Creating package script '/workspace/install/fake_depth_sensor/share/fake_depth_sensor/package.bash'
[0.574s] INFO:colcon.colcon_core.shell:Creating package script '/workspace/install/fake_depth_sensor/share/fake_depth_sensor/package.zsh'
[0.574s] Level 1:colcon.colcon_core.environment:create_file_with_runtime_dependencies(/workspace/install/fake_depth_sensor/share/colcon-core/packages/fake_depth_sensor)
[0.575s] DEBUG:colcon.colcon_parallel_executor.executor.parallel:closing loop
[0.575s] DEBUG:colcon.colcon_parallel_executor.executor.parallel:loop closed
[0.575s] DEBUG:colcon.colcon_parallel_executor.executor.parallel:run_until_complete finished with '0'
[0.575s] DEBUG:colcon.colcon_core.event_reactor:joining thread
[0.578s] INFO:colcon.colcon_core.plugin_system:Skipping extension 'colcon_notification.desktop_notification.notify_send': Could not find 'notify-send'
[0.578s] INFO:colcon.colcon_core.plugin_system:Skipping extension 'colcon_notification.desktop_notification.terminal_notifier': Not used on non-Darwin systems
[0.578s] INFO:colcon.colcon_core.plugin_system:Skipping extension 'colcon_notification.desktop_notification.win32': Not used on non-Windows systems
[0.578s] INFO:colcon.colcon_notification.desktop_notification:Sending desktop notification using 'notify2'
[0.580s] DEBUG:colcon.colcon_notification.desktop_notification.notify2:Failed to initialize notify2: org.freedesktop.DBus.Error.Spawn.ExecFailed: /usr/bin/dbus-launch terminated abnormally without any error message
[0.580s] DEBUG:colcon.colcon_core.event_reactor:joined thread
[0.581s] INFO:colcon.colcon_core.shell:Creating prefix script '/workspace/install/local_setup.ps1'
[0.588s] INFO:colcon.colcon_core.shell:Creating prefix util module '/workspace/install/_local_setup_util_ps1.py'
[0.589s] INFO:colcon.colcon_core.shell:Creating prefix chain script '/workspace/install/setup.ps1'
[0.589s] INFO:colcon.colcon_core.shell:Creating prefix script '/workspace/install/local_setup.sh'
[0.590s] INFO:colcon.colcon_core.shell:Creating prefix util module '/workspace/install/_local_setup_util_sh.py'
[0.590s] INFO:colcon.colcon_core.shell:Creating prefix chain script '/workspace/install/setup.sh'
[0.591s] INFO:colcon.colcon_core.shell:Creating prefix script '/workspace/install/local_setup.bash'
[0.591s] INFO:colcon.colcon_core.shell:Creating prefix chain script '/workspace/install/setup.bash'
[0.591s] INFO:colcon.colcon_core.shell:Creating prefix script '/workspace/install/local_setup.zsh'
[0.592s] INFO:colcon.colcon_core.shell:Creating prefix chain script '/workspace/install/setup.zsh'
