[0.079s] DEBUG:colcon:Command line arguments: ['/usr/bin/colcon', 'build', '--packages-select', 'zed_mock_vis', '--symlink-install']
[0.079s] DEBUG:colcon:Parsed command line arguments: Namespace(log_base=None, log_level=None, verb_name='build', build_base='build', install_base='install', merge_install=False, symlink_install=True, test_result_base=None, continue_on_error=False, executor='parallel', parallel_workers=24, event_handlers=None, ignore_user_meta=False, metas=['./colcon.meta'], base_paths=['.'], packages_ignore=None, packages_ignore_regex=None, paths=None, packages_up_to=None, packages_up_to_regex=None, packages_above=None, packages_above_and_dependencies=None, packages_above_depth=None, packages_select_by_dep=None, packages_skip_by_dep=None, packages_skip_up_to=None, packages_select_build_failed=False, packages_skip_build_finished=False, packages_select_test_failures=False, packages_skip_test_passed=False, packages_select=['zed_mock_vis'], packages_skip=None, packages_select_regex=None, packages_skip_regex=None, packages_start=None, packages_end=None, allow_overriding=[], cmake_args=None, cmake_target=None, cmake_target_skip_unavailable=False, cmake_clean_cache=False, cmake_clean_first=False, cmake_force_configure=False, ament_cmake_args=None, catkin_cmake_args=None, catkin_skip_building_tests=False, mixin_files=None, mixin=None, verb_parser=<colcon_mixin.mixin.mixin_argument.MixinArgumentDecorator object at 0x79736728c550>, verb_extension=<colcon_core.verb.build.BuildVerb object at 0x797367257fa0>, main=<bound method BuildVerb.main of <colcon_core.verb.build.BuildVerb object at 0x797367257fa0>>, mixin_verb=('build',))
[0.113s] Level 1:colcon.colcon_core.package_discovery:discover_packages(colcon_meta) check parameters
[0.113s] Level 1:colcon.colcon_core.package_discovery:discover_packages(recursive) check parameters
[0.113s] Level 1:colcon.colcon_core.package_discovery:discover_packages(ignore) check parameters
[0.113s] Level 1:colcon.colcon_core.package_discovery:discover_packages(path) check parameters
[0.113s] Level 1:colcon.colcon_core.package_discovery:discover_packages(colcon_meta) discover
[0.113s] Level 1:colcon.colcon_core.package_discovery:discover_packages(recursive) discover
[0.113s] INFO:colcon.colcon_core.package_discovery:Crawling recursively for packages in '/home/ibrahim/Desktop/rov/adhamsherif67A-MarineXperts-Season-2027/wrapper/src'
[0.113s] Level 1:colcon.colcon_core.package_identification:_identify(.) by extensions ['ignore', 'ignore_ament_install']
[0.113s] Level 1:colcon.colcon_core.package_identification:_identify(.) by extension 'ignore'
[0.113s] Level 1:colcon.colcon_core.package_identification:_identify(.) by extension 'ignore_ament_install'
[0.113s] Level 1:colcon.colcon_core.package_identification:_identify(.) by extensions ['colcon_pkg']
[0.113s] Level 1:colcon.colcon_core.package_identification:_identify(.) by extension 'colcon_pkg'
[0.113s] Level 1:colcon.colcon_core.package_identification:_identify(.) by extensions ['colcon_meta']
[0.113s] Level 1:colcon.colcon_core.package_identification:_identify(.) by extension 'colcon_meta'
[0.113s] Level 1:colcon.colcon_core.package_identification:_identify(.) by extensions ['ros']
[0.113s] Level 1:colcon.colcon_core.package_identification:_identify(.) by extension 'ros'
[0.121s] Level 1:colcon.colcon_core.package_identification:_identify(.) by extensions ['cmake', 'python']
[0.121s] Level 1:colcon.colcon_core.package_identification:_identify(.) by extension 'cmake'
[0.121s] Level 1:colcon.colcon_core.package_identification:_identify(.) by extension 'python'
[0.121s] Level 1:colcon.colcon_core.package_identification:_identify(.) by extensions ['python_setup_py']
[0.121s] Level 1:colcon.colcon_core.package_identification:_identify(.) by extension 'python_setup_py'
[0.121s] Level 1:colcon.colcon_core.package_identification:_identify(build) by extensions ['ignore', 'ignore_ament_install']
[0.121s] Level 1:colcon.colcon_core.package_identification:_identify(build) by extension 'ignore'
[0.121s] Level 1:colcon.colcon_core.package_identification:_identify(build) ignored
[0.121s] Level 1:colcon.colcon_core.package_identification:_identify(install) by extensions ['ignore', 'ignore_ament_install']
[0.121s] Level 1:colcon.colcon_core.package_identification:_identify(install) by extension 'ignore'
[0.121s] Level 1:colcon.colcon_core.package_identification:_identify(install) ignored
[0.121s] Level 1:colcon.colcon_core.package_identification:_identify(log) by extensions ['ignore', 'ignore_ament_install']
[0.122s] Level 1:colcon.colcon_core.package_identification:_identify(log) by extension 'ignore'
[0.122s] Level 1:colcon.colcon_core.package_identification:_identify(log) ignored
[0.122s] Level 1:colcon.colcon_core.package_identification:_identify(zed_mock_vis) by extensions ['ignore', 'ignore_ament_install']
[0.122s] Level 1:colcon.colcon_core.package_identification:_identify(zed_mock_vis) by extension 'ignore'
[0.122s] Level 1:colcon.colcon_core.package_identification:_identify(zed_mock_vis) by extension 'ignore_ament_install'
[0.122s] Level 1:colcon.colcon_core.package_identification:_identify(zed_mock_vis) by extensions ['colcon_pkg']
[0.122s] Level 1:colcon.colcon_core.package_identification:_identify(zed_mock_vis) by extension 'colcon_pkg'
[0.122s] Level 1:colcon.colcon_core.package_identification:_identify(zed_mock_vis) by extensions ['colcon_meta']
[0.122s] Level 1:colcon.colcon_core.package_identification:_identify(zed_mock_vis) by extension 'colcon_meta'
[0.122s] Level 1:colcon.colcon_core.package_identification:_identify(zed_mock_vis) by extensions ['ros']
[0.122s] Level 1:colcon.colcon_core.package_identification:_identify(zed_mock_vis) by extension 'ros'
[0.123s] DEBUG:colcon.colcon_core.package_identification:Package 'zed_mock_vis' with type 'ros.ament_python' and name 'zed_mock_vis'
[0.123s] Level 1:colcon.colcon_core.package_discovery:discover_packages(recursive) using defaults
[0.124s] Level 1:colcon.colcon_core.package_discovery:discover_packages(ignore) discover
[0.124s] Level 1:colcon.colcon_core.package_discovery:discover_packages(ignore) using defaults
[0.124s] Level 1:colcon.colcon_core.package_discovery:discover_packages(path) discover
[0.124s] Level 1:colcon.colcon_core.package_discovery:discover_packages(path) using defaults
[0.138s] Level 1:colcon.colcon_core.package_discovery:discover_packages(prefix_path) check parameters
[0.138s] Level 1:colcon.colcon_core.package_discovery:discover_packages(prefix_path) discover
[0.139s] DEBUG:colcon.colcon_installed_package_information.package_discovery:Found 4 installed packages in /home/ibrahim/Desktop/zed-wrapper/install
[0.140s] DEBUG:colcon.colcon_installed_package_information.package_discovery:Found 1 installed packages in /home/ibrahim/ros2_first_ws/install
[0.140s] DEBUG:colcon.colcon_installed_package_information.package_discovery:Found 325 installed packages in /opt/ros/humble
[0.141s] Level 1:colcon.colcon_core.package_discovery:discover_packages(prefix_path) using defaults
[0.163s] Level 5:colcon.colcon_core.verb:set package 'zed_mock_vis' build argument 'cmake_args' from command line to 'None'
[0.163s] Level 5:colcon.colcon_core.verb:set package 'zed_mock_vis' build argument 'cmake_target' from command line to 'None'
[0.163s] Level 5:colcon.colcon_core.verb:set package 'zed_mock_vis' build argument 'cmake_target_skip_unavailable' from command line to 'False'
[0.163s] Level 5:colcon.colcon_core.verb:set package 'zed_mock_vis' build argument 'cmake_clean_cache' from command line to 'False'
[0.163s] Level 5:colcon.colcon_core.verb:set package 'zed_mock_vis' build argument 'cmake_clean_first' from command line to 'False'
[0.163s] Level 5:colcon.colcon_core.verb:set package 'zed_mock_vis' build argument 'cmake_force_configure' from command line to 'False'
[0.163s] Level 5:colcon.colcon_core.verb:set package 'zed_mock_vis' build argument 'ament_cmake_args' from command line to 'None'
[0.163s] Level 5:colcon.colcon_core.verb:set package 'zed_mock_vis' build argument 'catkin_cmake_args' from command line to 'None'
[0.163s] Level 5:colcon.colcon_core.verb:set package 'zed_mock_vis' build argument 'catkin_skip_building_tests' from command line to 'False'
[0.163s] DEBUG:colcon.colcon_core.verb:Building package 'zed_mock_vis' with the following arguments: {'ament_cmake_args': None, 'build_base': '/home/ibrahim/Desktop/rov/adhamsherif67A-MarineXperts-Season-2027/wrapper/src/build/zed_mock_vis', 'catkin_cmake_args': None, 'catkin_skip_building_tests': False, 'cmake_args': None, 'cmake_clean_cache': False, 'cmake_clean_first': False, 'cmake_force_configure': False, 'cmake_target': None, 'cmake_target_skip_unavailable': False, 'install_base': '/home/ibrahim/Desktop/rov/adhamsherif67A-MarineXperts-Season-2027/wrapper/src/install/zed_mock_vis', 'merge_install': False, 'path': '/home/ibrahim/Desktop/rov/adhamsherif67A-MarineXperts-Season-2027/wrapper/src/zed_mock_vis', 'symlink_install': True, 'test_result_base': None}
[0.163s] INFO:colcon.colcon_core.executor:Executing jobs using 'parallel' executor
[0.164s] DEBUG:colcon.colcon_parallel_executor.executor.parallel:run_until_complete
[0.164s] INFO:colcon.colcon_ros.task.ament_python.build:Building ROS package in '/home/ibrahim/Desktop/rov/adhamsherif67A-MarineXperts-Season-2027/wrapper/src/zed_mock_vis' with build type 'ament_python'
[0.164s] Level 1:colcon.colcon_core.shell:create_environment_hook('zed_mock_vis', 'ament_prefix_path')
[0.167s] INFO:colcon.colcon_core.plugin_system:Skipping extension 'colcon_core.shell.bat': Not used on non-Windows systems
[0.167s] INFO:colcon.colcon_core.shell:Creating environment hook '/home/ibrahim/Desktop/rov/adhamsherif67A-MarineXperts-Season-2027/wrapper/src/install/zed_mock_vis/share/zed_mock_vis/hook/ament_prefix_path.ps1'
[0.167s] INFO:colcon.colcon_core.shell:Creating environment descriptor '/home/ibrahim/Desktop/rov/adhamsherif67A-MarineXperts-Season-2027/wrapper/src/install/zed_mock_vis/share/zed_mock_vis/hook/ament_prefix_path.dsv'
[0.168s] INFO:colcon.colcon_core.shell:Creating environment hook '/home/ibrahim/Desktop/rov/adhamsherif67A-MarineXperts-Season-2027/wrapper/src/install/zed_mock_vis/share/zed_mock_vis/hook/ament_prefix_path.sh'
[0.168s] INFO:colcon.colcon_core.shell:Skip shell extension 'powershell' for command environment: Not usable outside of PowerShell
[0.168s] DEBUG:colcon.colcon_core.shell:Skip shell extension 'dsv' for command environment
[0.293s] INFO:colcon.colcon_core.task.python.build:Building Python package in '/home/ibrahim/Desktop/rov/adhamsherif67A-MarineXperts-Season-2027/wrapper/src/zed_mock_vis'
[0.294s] INFO:colcon.colcon_core.shell:Skip shell extension 'powershell' for command environment: Not usable outside of PowerShell
[0.294s] DEBUG:colcon.colcon_core.shell:Skip shell extension 'dsv' for command environment
[0.585s] DEBUG:colcon.colcon_core.task.python.build:Available setuptools commands: update_catalog, bdist_egg, build, build_scripts, symlink_data, sdist, bdist_wheel, compile_catalog, init_catalog, build_ext, install_data, easy_install, install_scripts, bdist, install_headers, rotate, alias, develop, install, bdist_dumb, setopt, build_py, extract_messages, check, egg_info, saveopts, build_clib, dist_info, install_egg_info, install_lib, editable_wheel, clean, bdist_rpm
[0.704s] DEBUG:colcon.colcon_core.task.python.build:Available setuptools 'develop' options: --no-user-cfg, --user, --quiet, --prefix, --no-deps, --index-url, --verbose, --help, --install-dir
[0.704s] INFO:colcon.colcon_core.task.python.build:No '--editable' capability in setuptools, falling back to full install
[0.706s] DEBUG:colcon.colcon_core.event_handler.log_command:Invoking command in '/home/ibrahim/Desktop/rov/adhamsherif67A-MarineXperts-Season-2027/wrapper/src/zed_mock_vis': PYTHONPATH=/home/ibrahim/Desktop/rov/adhamsherif67A-MarineXperts-Season-2027/wrapper/src/build/zed_mock_vis/prefix_override:/usr/lib/python3/dist-packages/colcon_core/task/python/colcon_distutils_commands:/home/ibrahim/Desktop/rov/adhamsherif67A-MarineXperts-Season-2027/wrapper/src/install/zed_mock_vis/lib/python3.10/site-packages:${PYTHONPATH} /usr/bin/python3 -W ignore:setup.py install is deprecated -W ignore:easy_install command is deprecated setup.py egg_info --egg-base ../build/zed_mock_vis build --build-base /home/ibrahim/Desktop/rov/adhamsherif67A-MarineXperts-Season-2027/wrapper/src/build/zed_mock_vis/build install --record /home/ibrahim/Desktop/rov/adhamsherif67A-MarineXperts-Season-2027/wrapper/src/build/zed_mock_vis/install.log --install-scripts $base/lib/zed_mock_vis --single-version-externally-managed install_data
[0.915s] DEBUG:colcon.colcon_core.event_handler.log_command:Invoked command in '/home/ibrahim/Desktop/rov/adhamsherif67A-MarineXperts-Season-2027/wrapper/src/zed_mock_vis' returned '0': PYTHONPATH=/home/ibrahim/Desktop/rov/adhamsherif67A-MarineXperts-Season-2027/wrapper/src/build/zed_mock_vis/prefix_override:/usr/lib/python3/dist-packages/colcon_core/task/python/colcon_distutils_commands:/home/ibrahim/Desktop/rov/adhamsherif67A-MarineXperts-Season-2027/wrapper/src/install/zed_mock_vis/lib/python3.10/site-packages:${PYTHONPATH} /usr/bin/python3 -W ignore:setup.py install is deprecated -W ignore:easy_install command is deprecated setup.py egg_info --egg-base ../build/zed_mock_vis build --build-base /home/ibrahim/Desktop/rov/adhamsherif67A-MarineXperts-Season-2027/wrapper/src/build/zed_mock_vis/build install --record /home/ibrahim/Desktop/rov/adhamsherif67A-MarineXperts-Season-2027/wrapper/src/build/zed_mock_vis/install.log --install-scripts $base/lib/zed_mock_vis --single-version-externally-managed install_data
[0.918s] Level 1:colcon.colcon_core.environment:checking '/home/ibrahim/Desktop/rov/adhamsherif67A-MarineXperts-Season-2027/wrapper/src/install/zed_mock_vis' for CMake module files
[0.918s] Level 1:colcon.colcon_core.environment:checking '/home/ibrahim/Desktop/rov/adhamsherif67A-MarineXperts-Season-2027/wrapper/src/install/zed_mock_vis' for CMake config files
[0.918s] Level 1:colcon.colcon_core.environment:checking '/home/ibrahim/Desktop/rov/adhamsherif67A-MarineXperts-Season-2027/wrapper/src/install/zed_mock_vis/lib'
[0.919s] Level 1:colcon.colcon_core.environment:checking '/home/ibrahim/Desktop/rov/adhamsherif67A-MarineXperts-Season-2027/wrapper/src/install/zed_mock_vis/bin'
[0.919s] Level 1:colcon.colcon_core.environment:checking '/home/ibrahim/Desktop/rov/adhamsherif67A-MarineXperts-Season-2027/wrapper/src/install/zed_mock_vis/lib/pkgconfig/zed_mock_vis.pc'
[0.919s] Level 1:colcon.colcon_core.environment:checking '/home/ibrahim/Desktop/rov/adhamsherif67A-MarineXperts-Season-2027/wrapper/src/install/zed_mock_vis/lib/python3.10/site-packages'
[0.919s] Level 1:colcon.colcon_core.shell:create_environment_hook('zed_mock_vis', 'pythonpath')
[0.919s] INFO:colcon.colcon_core.shell:Creating environment hook '/home/ibrahim/Desktop/rov/adhamsherif67A-MarineXperts-Season-2027/wrapper/src/install/zed_mock_vis/share/zed_mock_vis/hook/pythonpath.ps1'
[0.919s] INFO:colcon.colcon_core.shell:Creating environment descriptor '/home/ibrahim/Desktop/rov/adhamsherif67A-MarineXperts-Season-2027/wrapper/src/install/zed_mock_vis/share/zed_mock_vis/hook/pythonpath.dsv'
[0.919s] INFO:colcon.colcon_core.shell:Creating environment hook '/home/ibrahim/Desktop/rov/adhamsherif67A-MarineXperts-Season-2027/wrapper/src/install/zed_mock_vis/share/zed_mock_vis/hook/pythonpath.sh'
[0.920s] Level 1:colcon.colcon_core.environment:checking '/home/ibrahim/Desktop/rov/adhamsherif67A-MarineXperts-Season-2027/wrapper/src/install/zed_mock_vis/bin'
[0.920s] Level 1:colcon.colcon_core.environment:create_environment_scripts_only(zed_mock_vis)
[0.920s] INFO:colcon.colcon_core.shell:Creating package script '/home/ibrahim/Desktop/rov/adhamsherif67A-MarineXperts-Season-2027/wrapper/src/install/zed_mock_vis/share/zed_mock_vis/package.ps1'
[0.920s] INFO:colcon.colcon_core.shell:Creating package descriptor '/home/ibrahim/Desktop/rov/adhamsherif67A-MarineXperts-Season-2027/wrapper/src/install/zed_mock_vis/share/zed_mock_vis/package.dsv'
[0.921s] INFO:colcon.colcon_core.shell:Creating package script '/home/ibrahim/Desktop/rov/adhamsherif67A-MarineXperts-Season-2027/wrapper/src/install/zed_mock_vis/share/zed_mock_vis/package.sh'
[0.921s] INFO:colcon.colcon_core.shell:Creating package script '/home/ibrahim/Desktop/rov/adhamsherif67A-MarineXperts-Season-2027/wrapper/src/install/zed_mock_vis/share/zed_mock_vis/package.bash'
[0.922s] INFO:colcon.colcon_core.shell:Creating package script '/home/ibrahim/Desktop/rov/adhamsherif67A-MarineXperts-Season-2027/wrapper/src/install/zed_mock_vis/share/zed_mock_vis/package.zsh'
[0.922s] Level 1:colcon.colcon_core.environment:create_file_with_runtime_dependencies(/home/ibrahim/Desktop/rov/adhamsherif67A-MarineXperts-Season-2027/wrapper/src/install/zed_mock_vis/share/colcon-core/packages/zed_mock_vis)
[0.922s] DEBUG:colcon.colcon_parallel_executor.executor.parallel:closing loop
[0.923s] DEBUG:colcon.colcon_parallel_executor.executor.parallel:loop closed
[0.923s] DEBUG:colcon.colcon_parallel_executor.executor.parallel:run_until_complete finished with '0'
[0.923s] DEBUG:colcon.colcon_core.event_reactor:joining thread
[0.927s] INFO:colcon.colcon_core.plugin_system:Skipping extension 'colcon_notification.desktop_notification.terminal_notifier': Not used on non-Darwin systems
[0.927s] INFO:colcon.colcon_core.plugin_system:Skipping extension 'colcon_notification.desktop_notification.win32': Not used on non-Windows systems
[0.927s] INFO:colcon.colcon_notification.desktop_notification:Sending desktop notification using 'notify2'
[0.941s] DEBUG:colcon.colcon_core.event_reactor:joined thread
[0.942s] INFO:colcon.colcon_core.shell:Creating prefix script '/home/ibrahim/Desktop/rov/adhamsherif67A-MarineXperts-Season-2027/wrapper/src/install/local_setup.ps1'
[0.942s] INFO:colcon.colcon_core.shell:Creating prefix util module '/home/ibrahim/Desktop/rov/adhamsherif67A-MarineXperts-Season-2027/wrapper/src/install/_local_setup_util_ps1.py'
[0.943s] INFO:colcon.colcon_core.shell:Creating prefix chain script '/home/ibrahim/Desktop/rov/adhamsherif67A-MarineXperts-Season-2027/wrapper/src/install/setup.ps1'
[0.944s] INFO:colcon.colcon_core.shell:Creating prefix script '/home/ibrahim/Desktop/rov/adhamsherif67A-MarineXperts-Season-2027/wrapper/src/install/local_setup.sh'
[0.944s] INFO:colcon.colcon_core.shell:Creating prefix util module '/home/ibrahim/Desktop/rov/adhamsherif67A-MarineXperts-Season-2027/wrapper/src/install/_local_setup_util_sh.py'
[0.944s] INFO:colcon.colcon_core.shell:Creating prefix chain script '/home/ibrahim/Desktop/rov/adhamsherif67A-MarineXperts-Season-2027/wrapper/src/install/setup.sh'
[0.945s] INFO:colcon.colcon_core.shell:Creating prefix script '/home/ibrahim/Desktop/rov/adhamsherif67A-MarineXperts-Season-2027/wrapper/src/install/local_setup.bash'
[0.945s] INFO:colcon.colcon_core.shell:Creating prefix chain script '/home/ibrahim/Desktop/rov/adhamsherif67A-MarineXperts-Season-2027/wrapper/src/install/setup.bash'
[0.946s] INFO:colcon.colcon_core.shell:Creating prefix script '/home/ibrahim/Desktop/rov/adhamsherif67A-MarineXperts-Season-2027/wrapper/src/install/local_setup.zsh'
[0.946s] INFO:colcon.colcon_core.shell:Creating prefix chain script '/home/ibrahim/Desktop/rov/adhamsherif67A-MarineXperts-Season-2027/wrapper/src/install/setup.zsh'
