[0.045s] DEBUG:colcon:Command line arguments: ['/usr/bin/colcon', 'build', '--symlink-install']
[0.045s] DEBUG:colcon:Parsed command line arguments: Namespace(log_base=None, log_level=None, verb_name='build', build_base='build', install_base='install', merge_install=False, symlink_install=True, test_result_base=None, continue_on_error=False, executor='parallel', parallel_workers=28, event_handlers=None, ignore_user_meta=False, metas=['./colcon.meta'], base_paths=['.'], packages_ignore=None, packages_ignore_regex=None, paths=None, packages_up_to=None, packages_up_to_regex=None, packages_above=None, packages_above_and_dependencies=None, packages_above_depth=None, packages_select_by_dep=None, packages_skip_by_dep=None, packages_skip_up_to=None, packages_select_build_failed=False, packages_skip_build_finished=False, packages_select_test_failures=False, packages_skip_test_passed=False, packages_select=None, packages_skip=None, packages_select_regex=None, packages_skip_regex=None, packages_start=None, packages_end=None, allow_overriding=[], cmake_args=None, cmake_target=None, cmake_target_skip_unavailable=False, cmake_clean_cache=False, cmake_clean_first=False, cmake_force_configure=False, ament_cmake_args=None, catkin_cmake_args=None, catkin_skip_building_tests=False, verb_parser=<colcon_defaults.argument_parser.defaults.DefaultArgumentsDecorator object at 0x7b4947608d30>, verb_extension=<colcon_core.verb.build.BuildVerb object at 0x7b4947608730>, main=<bound method BuildVerb.main of <colcon_core.verb.build.BuildVerb object at 0x7b4947608730>>)
[0.112s] Level 1:colcon.colcon_core.package_discovery:discover_packages(colcon_meta) check parameters
[0.112s] Level 1:colcon.colcon_core.package_discovery:discover_packages(recursive) check parameters
[0.112s] Level 1:colcon.colcon_core.package_discovery:discover_packages(ignore) check parameters
[0.112s] Level 1:colcon.colcon_core.package_discovery:discover_packages(path) check parameters
[0.112s] Level 1:colcon.colcon_core.package_discovery:discover_packages(colcon_meta) discover
[0.112s] Level 1:colcon.colcon_core.package_discovery:discover_packages(recursive) discover
[0.112s] INFO:colcon.colcon_core.package_discovery:Crawling recursively for packages in '/home/rashwan/fake_depth2'
[0.113s] Level 1:colcon.colcon_core.package_identification:_identify(.) by extensions ['ignore', 'ignore_ament_install']
[0.113s] Level 1:colcon.colcon_core.package_identification:_identify(.) by extension 'ignore'
[0.113s] Level 1:colcon.colcon_core.package_identification:_identify(.) by extension 'ignore_ament_install'
[0.113s] Level 1:colcon.colcon_core.package_identification:_identify(.) by extensions ['colcon_pkg']
[0.113s] Level 1:colcon.colcon_core.package_identification:_identify(.) by extension 'colcon_pkg'
[0.113s] Level 1:colcon.colcon_core.package_identification:_identify(.) by extensions ['colcon_meta']
[0.113s] Level 1:colcon.colcon_core.package_identification:_identify(.) by extension 'colcon_meta'
[0.113s] Level 1:colcon.colcon_core.package_identification:_identify(.) by extensions ['ros']
[0.113s] Level 1:colcon.colcon_core.package_identification:_identify(.) by extension 'ros'
[0.118s] Level 1:colcon.colcon_core.package_identification:_identify(.) by extensions ['cmake', 'python']
[0.118s] Level 1:colcon.colcon_core.package_identification:_identify(.) by extension 'cmake'
[0.118s] Level 1:colcon.colcon_core.package_identification:_identify(.) by extension 'python'
[0.118s] Level 1:colcon.colcon_core.package_identification:_identify(.) by extensions ['python_setup_py']
[0.118s] Level 1:colcon.colcon_core.package_identification:_identify(.) by extension 'python_setup_py'
[0.118s] Level 1:colcon.colcon_core.package_identification:_identify(build) by extensions ['ignore', 'ignore_ament_install']
[0.118s] Level 1:colcon.colcon_core.package_identification:_identify(build) by extension 'ignore'
[0.118s] Level 1:colcon.colcon_core.package_identification:_identify(build) ignored
[0.118s] Level 1:colcon.colcon_core.package_identification:_identify(install) by extensions ['ignore', 'ignore_ament_install']
[0.118s] Level 1:colcon.colcon_core.package_identification:_identify(install) by extension 'ignore'
[0.118s] Level 1:colcon.colcon_core.package_identification:_identify(install) ignored
[0.118s] Level 1:colcon.colcon_core.package_identification:_identify(log) by extensions ['ignore', 'ignore_ament_install']
[0.118s] Level 1:colcon.colcon_core.package_identification:_identify(log) by extension 'ignore'
[0.118s] Level 1:colcon.colcon_core.package_identification:_identify(log) ignored
[0.118s] Level 1:colcon.colcon_core.package_identification:_identify(src) by extensions ['ignore', 'ignore_ament_install']
[0.118s] Level 1:colcon.colcon_core.package_identification:_identify(src) by extension 'ignore'
[0.118s] Level 1:colcon.colcon_core.package_identification:_identify(src) by extension 'ignore_ament_install'
[0.118s] Level 1:colcon.colcon_core.package_identification:_identify(src) by extensions ['colcon_pkg']
[0.118s] Level 1:colcon.colcon_core.package_identification:_identify(src) by extension 'colcon_pkg'
[0.118s] Level 1:colcon.colcon_core.package_identification:_identify(src) by extensions ['colcon_meta']
[0.118s] Level 1:colcon.colcon_core.package_identification:_identify(src) by extension 'colcon_meta'
[0.118s] Level 1:colcon.colcon_core.package_identification:_identify(src) by extensions ['ros']
[0.118s] Level 1:colcon.colcon_core.package_identification:_identify(src) by extension 'ros'
[0.119s] Level 1:colcon.colcon_core.package_identification:_identify(src) by extensions ['cmake', 'python']
[0.119s] Level 1:colcon.colcon_core.package_identification:_identify(src) by extension 'cmake'
[0.119s] Level 1:colcon.colcon_core.package_identification:_identify(src) by extension 'python'
[0.119s] Level 1:colcon.colcon_core.package_identification:_identify(src) by extensions ['python_setup_py']
[0.119s] Level 1:colcon.colcon_core.package_identification:_identify(src) by extension 'python_setup_py'
[0.119s] Level 1:colcon.colcon_core.package_identification:_identify(src/fake_depth2) by extensions ['ignore', 'ignore_ament_install']
[0.119s] Level 1:colcon.colcon_core.package_identification:_identify(src/fake_depth2) by extension 'ignore'
[0.119s] Level 1:colcon.colcon_core.package_identification:_identify(src/fake_depth2) by extension 'ignore_ament_install'
[0.119s] Level 1:colcon.colcon_core.package_identification:_identify(src/fake_depth2) by extensions ['colcon_pkg']
[0.119s] Level 1:colcon.colcon_core.package_identification:_identify(src/fake_depth2) by extension 'colcon_pkg'
[0.119s] Level 1:colcon.colcon_core.package_identification:_identify(src/fake_depth2) by extensions ['colcon_meta']
[0.119s] Level 1:colcon.colcon_core.package_identification:_identify(src/fake_depth2) by extension 'colcon_meta'
[0.119s] Level 1:colcon.colcon_core.package_identification:_identify(src/fake_depth2) by extensions ['ros']
[0.119s] Level 1:colcon.colcon_core.package_identification:_identify(src/fake_depth2) by extension 'ros'
[0.120s] DEBUG:colcon.colcon_core.package_identification:Package 'src/fake_depth2' with type 'ros.ament_cmake' and name 'fake_depth2'
[0.120s] Level 1:colcon.colcon_core.package_identification:_identify(src/fake_depth2_interfaces) by extensions ['ignore', 'ignore_ament_install']
[0.120s] Level 1:colcon.colcon_core.package_identification:_identify(src/fake_depth2_interfaces) by extension 'ignore'
[0.120s] Level 1:colcon.colcon_core.package_identification:_identify(src/fake_depth2_interfaces) by extension 'ignore_ament_install'
[0.120s] Level 1:colcon.colcon_core.package_identification:_identify(src/fake_depth2_interfaces) by extensions ['colcon_pkg']
[0.120s] Level 1:colcon.colcon_core.package_identification:_identify(src/fake_depth2_interfaces) by extension 'colcon_pkg'
[0.120s] Level 1:colcon.colcon_core.package_identification:_identify(src/fake_depth2_interfaces) by extensions ['colcon_meta']
[0.120s] Level 1:colcon.colcon_core.package_identification:_identify(src/fake_depth2_interfaces) by extension 'colcon_meta'
[0.120s] Level 1:colcon.colcon_core.package_identification:_identify(src/fake_depth2_interfaces) by extensions ['ros']
[0.120s] Level 1:colcon.colcon_core.package_identification:_identify(src/fake_depth2_interfaces) by extension 'ros'
[0.120s] DEBUG:colcon.colcon_core.package_identification:Package 'src/fake_depth2_interfaces' with type 'ros.ament_cmake' and name 'fake_depth2_interfaces'
[0.120s] Level 1:colcon.colcon_core.package_discovery:discover_packages(recursive) using defaults
[0.120s] Level 1:colcon.colcon_core.package_discovery:discover_packages(ignore) discover
[0.120s] Level 1:colcon.colcon_core.package_discovery:discover_packages(ignore) using defaults
[0.120s] Level 1:colcon.colcon_core.package_discovery:discover_packages(path) discover
[0.120s] Level 1:colcon.colcon_core.package_discovery:discover_packages(path) using defaults
[0.134s] Level 1:colcon.colcon_core.package_discovery:discover_packages(prefix_path) check parameters
[0.134s] Level 1:colcon.colcon_core.package_discovery:discover_packages(prefix_path) discover
[0.134s] DEBUG:colcon.colcon_installed_package_information.package_discovery:Found 2 installed packages in /home/rashwan/fake_depth2/install
[0.135s] DEBUG:colcon.colcon_installed_package_information.package_discovery:Found 354 installed packages in /opt/ros/humble
[0.136s] Level 1:colcon.colcon_core.package_discovery:discover_packages(prefix_path) using defaults
[0.154s] Level 5:colcon.colcon_core.verb:set package 'fake_depth2_interfaces' build argument 'cmake_args' from command line to 'None'
[0.154s] Level 5:colcon.colcon_core.verb:set package 'fake_depth2_interfaces' build argument 'cmake_target' from command line to 'None'
[0.154s] Level 5:colcon.colcon_core.verb:set package 'fake_depth2_interfaces' build argument 'cmake_target_skip_unavailable' from command line to 'False'
[0.154s] Level 5:colcon.colcon_core.verb:set package 'fake_depth2_interfaces' build argument 'cmake_clean_cache' from command line to 'False'
[0.154s] Level 5:colcon.colcon_core.verb:set package 'fake_depth2_interfaces' build argument 'cmake_clean_first' from command line to 'False'
[0.155s] Level 5:colcon.colcon_core.verb:set package 'fake_depth2_interfaces' build argument 'cmake_force_configure' from command line to 'False'
[0.155s] Level 5:colcon.colcon_core.verb:set package 'fake_depth2_interfaces' build argument 'ament_cmake_args' from command line to 'None'
[0.155s] Level 5:colcon.colcon_core.verb:set package 'fake_depth2_interfaces' build argument 'catkin_cmake_args' from command line to 'None'
[0.155s] Level 5:colcon.colcon_core.verb:set package 'fake_depth2_interfaces' build argument 'catkin_skip_building_tests' from command line to 'False'
[0.155s] DEBUG:colcon.colcon_core.verb:Building package 'fake_depth2_interfaces' with the following arguments: {'ament_cmake_args': None, 'build_base': '/home/rashwan/fake_depth2/build/fake_depth2_interfaces', 'catkin_cmake_args': None, 'catkin_skip_building_tests': False, 'cmake_args': None, 'cmake_clean_cache': False, 'cmake_clean_first': False, 'cmake_force_configure': False, 'cmake_target': None, 'cmake_target_skip_unavailable': False, 'install_base': '/home/rashwan/fake_depth2/install/fake_depth2_interfaces', 'merge_install': False, 'path': '/home/rashwan/fake_depth2/src/fake_depth2_interfaces', 'symlink_install': True, 'test_result_base': None}
[0.155s] Level 5:colcon.colcon_core.verb:set package 'fake_depth2' build argument 'cmake_args' from command line to 'None'
[0.155s] Level 5:colcon.colcon_core.verb:set package 'fake_depth2' build argument 'cmake_target' from command line to 'None'
[0.155s] Level 5:colcon.colcon_core.verb:set package 'fake_depth2' build argument 'cmake_target_skip_unavailable' from command line to 'False'
[0.155s] Level 5:colcon.colcon_core.verb:set package 'fake_depth2' build argument 'cmake_clean_cache' from command line to 'False'
[0.155s] Level 5:colcon.colcon_core.verb:set package 'fake_depth2' build argument 'cmake_clean_first' from command line to 'False'
[0.155s] Level 5:colcon.colcon_core.verb:set package 'fake_depth2' build argument 'cmake_force_configure' from command line to 'False'
[0.155s] Level 5:colcon.colcon_core.verb:set package 'fake_depth2' build argument 'ament_cmake_args' from command line to 'None'
[0.155s] Level 5:colcon.colcon_core.verb:set package 'fake_depth2' build argument 'catkin_cmake_args' from command line to 'None'
[0.155s] Level 5:colcon.colcon_core.verb:set package 'fake_depth2' build argument 'catkin_skip_building_tests' from command line to 'False'
[0.155s] DEBUG:colcon.colcon_core.verb:Building package 'fake_depth2' with the following arguments: {'ament_cmake_args': None, 'build_base': '/home/rashwan/fake_depth2/build/fake_depth2', 'catkin_cmake_args': None, 'catkin_skip_building_tests': False, 'cmake_args': None, 'cmake_clean_cache': False, 'cmake_clean_first': False, 'cmake_force_configure': False, 'cmake_target': None, 'cmake_target_skip_unavailable': False, 'install_base': '/home/rashwan/fake_depth2/install/fake_depth2', 'merge_install': False, 'path': '/home/rashwan/fake_depth2/src/fake_depth2', 'symlink_install': True, 'test_result_base': None}
[0.155s] INFO:colcon.colcon_core.executor:Executing jobs using 'parallel' executor
[0.155s] DEBUG:colcon.colcon_parallel_executor.executor.parallel:run_until_complete
[0.155s] INFO:colcon.colcon_ros.task.ament_cmake.build:Building ROS package in '/home/rashwan/fake_depth2/src/fake_depth2_interfaces' with build type 'ament_cmake'
[0.155s] INFO:colcon.colcon_cmake.task.cmake.build:Building CMake package in '/home/rashwan/fake_depth2/src/fake_depth2_interfaces'
[0.156s] INFO:colcon.colcon_core.plugin_system:Skipping extension 'colcon_core.shell.bat': Not used on non-Windows systems
[0.156s] INFO:colcon.colcon_core.shell:Skip shell extension 'powershell' for command environment: Not usable outside of PowerShell
[0.156s] DEBUG:colcon.colcon_core.shell:Skip shell extension 'dsv' for command environment
[0.161s] DEBUG:colcon.colcon_core.event_handler.log_command:Invoking command in '/home/rashwan/fake_depth2/build/fake_depth2_interfaces': CMAKE_PREFIX_PATH=${CMAKE_PREFIX_PATH}:/opt/ros/humble /usr/bin/cmake --build /home/rashwan/fake_depth2/build/fake_depth2_interfaces -- -j28 -l28
[0.320s] DEBUG:colcon.colcon_core.event_handler.log_command:Invoked command in '/home/rashwan/fake_depth2/build/fake_depth2_interfaces' returned '0': CMAKE_PREFIX_PATH=${CMAKE_PREFIX_PATH}:/opt/ros/humble /usr/bin/cmake --build /home/rashwan/fake_depth2/build/fake_depth2_interfaces -- -j28 -l28
[0.325s] DEBUG:colcon.colcon_core.event_handler.log_command:Invoking command in '/home/rashwan/fake_depth2/build/fake_depth2_interfaces': CMAKE_PREFIX_PATH=${CMAKE_PREFIX_PATH}:/opt/ros/humble /usr/bin/cmake --install /home/rashwan/fake_depth2/build/fake_depth2_interfaces
[0.384s] Level 1:colcon.colcon_core.environment:create_environment_scripts_only(fake_depth2_interfaces)
[0.384s] DEBUG:colcon.colcon_core.event_handler.log_command:Invoked command in '/home/rashwan/fake_depth2/build/fake_depth2_interfaces' returned '0': CMAKE_PREFIX_PATH=${CMAKE_PREFIX_PATH}:/opt/ros/humble /usr/bin/cmake --install /home/rashwan/fake_depth2/build/fake_depth2_interfaces
[0.386s] Level 1:colcon.colcon_core.environment:checking '/home/rashwan/fake_depth2/install/fake_depth2_interfaces' for CMake module files
[0.386s] Level 1:colcon.colcon_core.environment:checking '/home/rashwan/fake_depth2/install/fake_depth2_interfaces' for CMake config files
[0.386s] Level 1:colcon.colcon_core.shell:create_environment_hook('fake_depth2_interfaces', 'cmake_prefix_path')
[0.386s] INFO:colcon.colcon_core.shell:Creating environment hook '/home/rashwan/fake_depth2/install/fake_depth2_interfaces/share/fake_depth2_interfaces/hook/cmake_prefix_path.ps1'
[0.386s] INFO:colcon.colcon_core.shell:Creating environment descriptor '/home/rashwan/fake_depth2/install/fake_depth2_interfaces/share/fake_depth2_interfaces/hook/cmake_prefix_path.dsv'
[0.387s] INFO:colcon.colcon_core.shell:Creating environment hook '/home/rashwan/fake_depth2/install/fake_depth2_interfaces/share/fake_depth2_interfaces/hook/cmake_prefix_path.sh'
[0.387s] Level 1:colcon.colcon_core.environment:checking '/home/rashwan/fake_depth2/install/fake_depth2_interfaces/lib'
[0.387s] Level 1:colcon.colcon_core.shell:create_environment_hook('fake_depth2_interfaces', 'ld_library_path_lib')
[0.387s] INFO:colcon.colcon_core.shell:Creating environment hook '/home/rashwan/fake_depth2/install/fake_depth2_interfaces/share/fake_depth2_interfaces/hook/ld_library_path_lib.ps1'
[0.387s] INFO:colcon.colcon_core.shell:Creating environment descriptor '/home/rashwan/fake_depth2/install/fake_depth2_interfaces/share/fake_depth2_interfaces/hook/ld_library_path_lib.dsv'
[0.387s] INFO:colcon.colcon_core.shell:Creating environment hook '/home/rashwan/fake_depth2/install/fake_depth2_interfaces/share/fake_depth2_interfaces/hook/ld_library_path_lib.sh'
[0.387s] Level 1:colcon.colcon_core.environment:checking '/home/rashwan/fake_depth2/install/fake_depth2_interfaces/bin'
[0.387s] Level 1:colcon.colcon_core.environment:checking '/home/rashwan/fake_depth2/install/fake_depth2_interfaces/lib/pkgconfig/fake_depth2_interfaces.pc'
[0.388s] Level 1:colcon.colcon_core.environment:checking '/home/rashwan/fake_depth2/install/fake_depth2_interfaces/lib/python3.10/site-packages'
[0.388s] Level 1:colcon.colcon_core.environment:checking '/home/rashwan/fake_depth2/install/fake_depth2_interfaces/bin'
[0.388s] INFO:colcon.colcon_core.shell:Creating package script '/home/rashwan/fake_depth2/install/fake_depth2_interfaces/share/fake_depth2_interfaces/package.ps1'
[0.388s] INFO:colcon.colcon_core.shell:Creating package descriptor '/home/rashwan/fake_depth2/install/fake_depth2_interfaces/share/fake_depth2_interfaces/package.dsv'
[0.389s] INFO:colcon.colcon_core.shell:Creating package script '/home/rashwan/fake_depth2/install/fake_depth2_interfaces/share/fake_depth2_interfaces/package.sh'
[0.389s] INFO:colcon.colcon_core.shell:Creating package script '/home/rashwan/fake_depth2/install/fake_depth2_interfaces/share/fake_depth2_interfaces/package.bash'
[0.389s] INFO:colcon.colcon_core.shell:Creating package script '/home/rashwan/fake_depth2/install/fake_depth2_interfaces/share/fake_depth2_interfaces/package.zsh'
[0.389s] Level 1:colcon.colcon_core.environment:create_file_with_runtime_dependencies(/home/rashwan/fake_depth2/install/fake_depth2_interfaces/share/colcon-core/packages/fake_depth2_interfaces)
[0.389s] Level 1:colcon.colcon_core.environment:create_environment_scripts_only(fake_depth2_interfaces)
[0.390s] Level 1:colcon.colcon_core.environment:checking '/home/rashwan/fake_depth2/install/fake_depth2_interfaces' for CMake module files
[0.390s] Level 1:colcon.colcon_core.environment:checking '/home/rashwan/fake_depth2/install/fake_depth2_interfaces' for CMake config files
[0.390s] Level 1:colcon.colcon_core.shell:create_environment_hook('fake_depth2_interfaces', 'cmake_prefix_path')
[0.390s] INFO:colcon.colcon_core.shell:Creating environment hook '/home/rashwan/fake_depth2/install/fake_depth2_interfaces/share/fake_depth2_interfaces/hook/cmake_prefix_path.ps1'
[0.390s] INFO:colcon.colcon_core.shell:Creating environment descriptor '/home/rashwan/fake_depth2/install/fake_depth2_interfaces/share/fake_depth2_interfaces/hook/cmake_prefix_path.dsv'
[0.390s] INFO:colcon.colcon_core.shell:Creating environment hook '/home/rashwan/fake_depth2/install/fake_depth2_interfaces/share/fake_depth2_interfaces/hook/cmake_prefix_path.sh'
[0.391s] Level 1:colcon.colcon_core.environment:checking '/home/rashwan/fake_depth2/install/fake_depth2_interfaces/lib'
[0.391s] Level 1:colcon.colcon_core.shell:create_environment_hook('fake_depth2_interfaces', 'ld_library_path_lib')
[0.391s] INFO:colcon.colcon_core.shell:Creating environment hook '/home/rashwan/fake_depth2/install/fake_depth2_interfaces/share/fake_depth2_interfaces/hook/ld_library_path_lib.ps1'
[0.391s] INFO:colcon.colcon_core.shell:Creating environment descriptor '/home/rashwan/fake_depth2/install/fake_depth2_interfaces/share/fake_depth2_interfaces/hook/ld_library_path_lib.dsv'
[0.391s] INFO:colcon.colcon_core.shell:Creating environment hook '/home/rashwan/fake_depth2/install/fake_depth2_interfaces/share/fake_depth2_interfaces/hook/ld_library_path_lib.sh'
[0.391s] Level 1:colcon.colcon_core.environment:checking '/home/rashwan/fake_depth2/install/fake_depth2_interfaces/bin'
[0.391s] Level 1:colcon.colcon_core.environment:checking '/home/rashwan/fake_depth2/install/fake_depth2_interfaces/lib/pkgconfig/fake_depth2_interfaces.pc'
[0.391s] Level 1:colcon.colcon_core.environment:checking '/home/rashwan/fake_depth2/install/fake_depth2_interfaces/lib/python3.10/site-packages'
[0.391s] Level 1:colcon.colcon_core.environment:checking '/home/rashwan/fake_depth2/install/fake_depth2_interfaces/bin'
[0.392s] INFO:colcon.colcon_core.shell:Creating package script '/home/rashwan/fake_depth2/install/fake_depth2_interfaces/share/fake_depth2_interfaces/package.ps1'
[0.392s] INFO:colcon.colcon_core.shell:Creating package descriptor '/home/rashwan/fake_depth2/install/fake_depth2_interfaces/share/fake_depth2_interfaces/package.dsv'
[0.392s] INFO:colcon.colcon_core.shell:Creating package script '/home/rashwan/fake_depth2/install/fake_depth2_interfaces/share/fake_depth2_interfaces/package.sh'
[0.392s] INFO:colcon.colcon_core.shell:Creating package script '/home/rashwan/fake_depth2/install/fake_depth2_interfaces/share/fake_depth2_interfaces/package.bash'
[0.392s] INFO:colcon.colcon_core.shell:Creating package script '/home/rashwan/fake_depth2/install/fake_depth2_interfaces/share/fake_depth2_interfaces/package.zsh'
[0.392s] Level 1:colcon.colcon_core.environment:create_file_with_runtime_dependencies(/home/rashwan/fake_depth2/install/fake_depth2_interfaces/share/colcon-core/packages/fake_depth2_interfaces)
[0.393s] INFO:colcon.colcon_ros.task.ament_cmake.build:Building ROS package in '/home/rashwan/fake_depth2/src/fake_depth2' with build type 'ament_cmake'
[0.393s] INFO:colcon.colcon_cmake.task.cmake.build:Building CMake package in '/home/rashwan/fake_depth2/src/fake_depth2'
[0.393s] INFO:colcon.colcon_core.shell:Skip shell extension 'powershell' for command environment: Not usable outside of PowerShell
[0.393s] DEBUG:colcon.colcon_core.shell:Skip shell extension 'dsv' for command environment
[0.401s] DEBUG:colcon.colcon_core.event_handler.log_command:Invoking command in '/home/rashwan/fake_depth2/build/fake_depth2': CMAKE_PREFIX_PATH=/home/rashwan/fake_depth2/install/fake_depth2_interfaces:/home/rashwan/fake_depth2/install/fake_depth2:/opt/ros/humble /usr/bin/cmake --build /home/rashwan/fake_depth2/build/fake_depth2 -- -j28 -l28
[0.448s] DEBUG:colcon.colcon_core.event_handler.log_command:Invoked command in '/home/rashwan/fake_depth2/build/fake_depth2' returned '0': CMAKE_PREFIX_PATH=/home/rashwan/fake_depth2/install/fake_depth2_interfaces:/home/rashwan/fake_depth2/install/fake_depth2:/opt/ros/humble /usr/bin/cmake --build /home/rashwan/fake_depth2/build/fake_depth2 -- -j28 -l28
[0.449s] DEBUG:colcon.colcon_core.event_handler.log_command:Invoking command in '/home/rashwan/fake_depth2/build/fake_depth2': CMAKE_PREFIX_PATH=/home/rashwan/fake_depth2/install/fake_depth2_interfaces:/home/rashwan/fake_depth2/install/fake_depth2:/opt/ros/humble /usr/bin/cmake --install /home/rashwan/fake_depth2/build/fake_depth2
[0.458s] Level 1:colcon.colcon_core.environment:create_environment_scripts_only(fake_depth2)
[0.458s] Level 1:colcon.colcon_core.environment:checking '/home/rashwan/fake_depth2/install/fake_depth2' for CMake module files
[0.458s] DEBUG:colcon.colcon_core.event_handler.log_command:Invoked command in '/home/rashwan/fake_depth2/build/fake_depth2' returned '0': CMAKE_PREFIX_PATH=/home/rashwan/fake_depth2/install/fake_depth2_interfaces:/home/rashwan/fake_depth2/install/fake_depth2:/opt/ros/humble /usr/bin/cmake --install /home/rashwan/fake_depth2/build/fake_depth2
[0.459s] Level 1:colcon.colcon_core.environment:checking '/home/rashwan/fake_depth2/install/fake_depth2' for CMake config files
[0.459s] Level 1:colcon.colcon_core.shell:create_environment_hook('fake_depth2', 'cmake_prefix_path')
[0.459s] INFO:colcon.colcon_core.shell:Creating environment hook '/home/rashwan/fake_depth2/install/fake_depth2/share/fake_depth2/hook/cmake_prefix_path.ps1'
[0.460s] INFO:colcon.colcon_core.shell:Creating environment descriptor '/home/rashwan/fake_depth2/install/fake_depth2/share/fake_depth2/hook/cmake_prefix_path.dsv'
[0.460s] INFO:colcon.colcon_core.shell:Creating environment hook '/home/rashwan/fake_depth2/install/fake_depth2/share/fake_depth2/hook/cmake_prefix_path.sh'
[0.460s] Level 1:colcon.colcon_core.environment:checking '/home/rashwan/fake_depth2/install/fake_depth2/lib'
[0.460s] Level 1:colcon.colcon_core.environment:checking '/home/rashwan/fake_depth2/install/fake_depth2/bin'
[0.460s] Level 1:colcon.colcon_core.environment:checking '/home/rashwan/fake_depth2/install/fake_depth2/lib/pkgconfig/fake_depth2.pc'
[0.461s] Level 1:colcon.colcon_core.environment:checking '/home/rashwan/fake_depth2/install/fake_depth2/lib/python3.10/site-packages'
[0.461s] Level 1:colcon.colcon_core.environment:checking '/home/rashwan/fake_depth2/install/fake_depth2/bin'
[0.461s] INFO:colcon.colcon_core.shell:Creating package script '/home/rashwan/fake_depth2/install/fake_depth2/share/fake_depth2/package.ps1'
[0.461s] INFO:colcon.colcon_core.shell:Creating package descriptor '/home/rashwan/fake_depth2/install/fake_depth2/share/fake_depth2/package.dsv'
[0.462s] INFO:colcon.colcon_core.shell:Creating package script '/home/rashwan/fake_depth2/install/fake_depth2/share/fake_depth2/package.sh'
[0.462s] INFO:colcon.colcon_core.shell:Creating package script '/home/rashwan/fake_depth2/install/fake_depth2/share/fake_depth2/package.bash'
[0.462s] INFO:colcon.colcon_core.shell:Creating package script '/home/rashwan/fake_depth2/install/fake_depth2/share/fake_depth2/package.zsh'
[0.462s] Level 1:colcon.colcon_core.environment:create_file_with_runtime_dependencies(/home/rashwan/fake_depth2/install/fake_depth2/share/colcon-core/packages/fake_depth2)
[0.463s] Level 1:colcon.colcon_core.environment:create_environment_scripts_only(fake_depth2)
[0.463s] Level 1:colcon.colcon_core.environment:checking '/home/rashwan/fake_depth2/install/fake_depth2' for CMake module files
[0.463s] Level 1:colcon.colcon_core.environment:checking '/home/rashwan/fake_depth2/install/fake_depth2' for CMake config files
[0.464s] Level 1:colcon.colcon_core.shell:create_environment_hook('fake_depth2', 'cmake_prefix_path')
[0.464s] INFO:colcon.colcon_core.shell:Creating environment hook '/home/rashwan/fake_depth2/install/fake_depth2/share/fake_depth2/hook/cmake_prefix_path.ps1'
[0.464s] INFO:colcon.colcon_core.shell:Creating environment descriptor '/home/rashwan/fake_depth2/install/fake_depth2/share/fake_depth2/hook/cmake_prefix_path.dsv'
[0.464s] INFO:colcon.colcon_core.shell:Creating environment hook '/home/rashwan/fake_depth2/install/fake_depth2/share/fake_depth2/hook/cmake_prefix_path.sh'
[0.464s] Level 1:colcon.colcon_core.environment:checking '/home/rashwan/fake_depth2/install/fake_depth2/lib'
[0.465s] Level 1:colcon.colcon_core.environment:checking '/home/rashwan/fake_depth2/install/fake_depth2/bin'
[0.465s] Level 1:colcon.colcon_core.environment:checking '/home/rashwan/fake_depth2/install/fake_depth2/lib/pkgconfig/fake_depth2.pc'
[0.465s] Level 1:colcon.colcon_core.environment:checking '/home/rashwan/fake_depth2/install/fake_depth2/lib/python3.10/site-packages'
[0.465s] Level 1:colcon.colcon_core.environment:checking '/home/rashwan/fake_depth2/install/fake_depth2/bin'
[0.465s] INFO:colcon.colcon_core.shell:Creating package script '/home/rashwan/fake_depth2/install/fake_depth2/share/fake_depth2/package.ps1'
[0.465s] INFO:colcon.colcon_core.shell:Creating package descriptor '/home/rashwan/fake_depth2/install/fake_depth2/share/fake_depth2/package.dsv'
[0.465s] INFO:colcon.colcon_core.shell:Creating package script '/home/rashwan/fake_depth2/install/fake_depth2/share/fake_depth2/package.sh'
[0.466s] INFO:colcon.colcon_core.shell:Creating package script '/home/rashwan/fake_depth2/install/fake_depth2/share/fake_depth2/package.bash'
[0.466s] INFO:colcon.colcon_core.shell:Creating package script '/home/rashwan/fake_depth2/install/fake_depth2/share/fake_depth2/package.zsh'
[0.466s] Level 1:colcon.colcon_core.environment:create_file_with_runtime_dependencies(/home/rashwan/fake_depth2/install/fake_depth2/share/colcon-core/packages/fake_depth2)
[0.466s] DEBUG:colcon.colcon_parallel_executor.executor.parallel:closing loop
[0.466s] DEBUG:colcon.colcon_parallel_executor.executor.parallel:loop closed
[0.466s] DEBUG:colcon.colcon_parallel_executor.executor.parallel:run_until_complete finished with '0'
[0.466s] DEBUG:colcon.colcon_core.event_reactor:joining thread
[0.469s] INFO:colcon.colcon_core.plugin_system:Skipping extension 'colcon_notification.desktop_notification.terminal_notifier': Not used on non-Darwin systems
[0.469s] INFO:colcon.colcon_core.plugin_system:Skipping extension 'colcon_notification.desktop_notification.win32': Not used on non-Windows systems
[0.469s] INFO:colcon.colcon_notification.desktop_notification:Sending desktop notification using 'notify2'
[0.475s] DEBUG:colcon.colcon_core.event_reactor:joined thread
[0.475s] INFO:colcon.colcon_core.shell:Creating prefix script '/home/rashwan/fake_depth2/install/local_setup.ps1'
[0.476s] INFO:colcon.colcon_core.shell:Creating prefix util module '/home/rashwan/fake_depth2/install/_local_setup_util_ps1.py'
[0.477s] INFO:colcon.colcon_core.shell:Creating prefix chain script '/home/rashwan/fake_depth2/install/setup.ps1'
[0.477s] INFO:colcon.colcon_core.shell:Creating prefix script '/home/rashwan/fake_depth2/install/local_setup.sh'
[0.478s] INFO:colcon.colcon_core.shell:Creating prefix util module '/home/rashwan/fake_depth2/install/_local_setup_util_sh.py'
[0.478s] INFO:colcon.colcon_core.shell:Creating prefix chain script '/home/rashwan/fake_depth2/install/setup.sh'
[0.479s] INFO:colcon.colcon_core.shell:Creating prefix script '/home/rashwan/fake_depth2/install/local_setup.bash'
[0.479s] INFO:colcon.colcon_core.shell:Creating prefix chain script '/home/rashwan/fake_depth2/install/setup.bash'
[0.480s] INFO:colcon.colcon_core.shell:Creating prefix script '/home/rashwan/fake_depth2/install/local_setup.zsh'
[0.480s] INFO:colcon.colcon_core.shell:Creating prefix chain script '/home/rashwan/fake_depth2/install/setup.zsh'
