[0.000000] (-) TimerEvent: {}
[0.000134] (depth_interfaces) JobQueued: {'identifier': 'depth_interfaces', 'dependencies': OrderedDict()}
[0.000562] (fake_depth_sensor) JobQueued: {'identifier': 'fake_depth_sensor', 'dependencies': OrderedDict()}
[0.000689] (depth_core) JobQueued: {'identifier': 'depth_core', 'dependencies': OrderedDict([('depth_interfaces', '/workspace/ros2/install/depth_interfaces')])}
[0.000725] (depth_interfaces) JobStarted: {'identifier': 'depth_interfaces'}
[0.004329] (fake_depth_sensor) JobStarted: {'identifier': 'fake_depth_sensor'}
[0.007403] (depth_interfaces) JobProgress: {'identifier': 'depth_interfaces', 'progress': 'cmake'}
[0.007659] (depth_interfaces) Command: {'cmd': ['/usr/bin/cmake', '/workspace/ros2/src/depth_interfaces', '-DAMENT_CMAKE_SYMLINK_INSTALL=1', '-DCMAKE_INSTALL_PREFIX=/workspace/ros2/install/depth_interfaces'], 'cwd': '/workspace/ros2/build/depth_interfaces', 'env': OrderedDict([('HOSTNAME', 'ziad-Dell-G15-5530'), ('SHLVL', '1'), ('LD_LIBRARY_PATH', '/workspace/ros2/install/depth_interfaces/lib:/opt/ros/humble/opt/rviz_ogre_vendor/lib:/opt/ros/humble/lib/x86_64-linux-gnu:/opt/ros/humble/lib'), ('HOME', '/home/ros'), ('OLDPWD', '/workspace/ros2'), ('ROS_PYTHON_VERSION', '3'), ('COLCON_PREFIX_PATH', '/workspace/ros2/install'), ('ROS_DISTRO', 'humble'), ('_', '/usr/bin/colcon'), ('ROS_VERSION', '2'), ('TERM', 'xterm'), ('ROS_LOCALHOST_ONLY', '0'), ('PATH', '/opt/ros/humble/bin:/usr/local/sbin:/usr/local/bin:/usr/sbin:/usr/bin:/sbin:/bin'), ('DISPLAY', ':0'), ('LANG', 'C.UTF-8'), ('AMENT_PREFIX_PATH', '/workspace/ros2/install/fake_depth_sensor:/workspace/ros2/install/depth_core:/workspace/ros2/install/depth_interfaces:/opt/ros/humble'), ('PWD', '/workspace/ros2/build/depth_interfaces'), ('LC_ALL', 'C.UTF-8'), ('PYTHONPATH', '/workspace/ros2/build/fake_depth_sensor:/workspace/ros2/install/fake_depth_sensor/lib/python3.10/site-packages:/workspace/ros2/build/depth_core:/workspace/ros2/install/depth_core/lib/python3.10/site-packages:/workspace/ros2/install/depth_interfaces/local/lib/python3.10/dist-packages:/opt/ros/humble/lib/python3.10/site-packages:/opt/ros/humble/local/lib/python3.10/dist-packages'), ('COLCON', '1'), ('CMAKE_PREFIX_PATH', '/workspace/ros2/install/depth_interfaces:/workspace/ros2/install/fake_depth_sensor:/workspace/ros2/install/depth_core:/opt/ros/humble')]), 'shell': False}
[0.049267] (depth_interfaces) StdoutLine: {'line': b'-- The C compiler identification is GNU 11.4.0\n'}
[0.090473] (depth_interfaces) StdoutLine: {'line': b'-- The CXX compiler identification is GNU 11.4.0\n'}
[0.094875] (depth_interfaces) StdoutLine: {'line': b'-- Detecting C compiler ABI info\n'}
[0.099941] (-) TimerEvent: {}
[0.142646] (depth_interfaces) StdoutLine: {'line': b'-- Detecting C compiler ABI info - done\n'}
[0.146852] (depth_interfaces) StdoutLine: {'line': b'-- Check for working C compiler: /usr/bin/cc - skipped\n'}
[0.146962] (depth_interfaces) StdoutLine: {'line': b'-- Detecting C compile features\n'}
[0.147255] (depth_interfaces) StdoutLine: {'line': b'-- Detecting C compile features - done\n'}
[0.148915] (depth_interfaces) StdoutLine: {'line': b'-- Detecting CXX compiler ABI info\n'}
[0.200099] (-) TimerEvent: {}
[0.201752] (depth_interfaces) StdoutLine: {'line': b'-- Detecting CXX compiler ABI info - done\n'}
[0.206583] (depth_interfaces) StdoutLine: {'line': b'-- Check for working CXX compiler: /usr/bin/c++ - skipped\n'}
[0.206719] (depth_interfaces) StdoutLine: {'line': b'-- Detecting CXX compile features\n'}
[0.206870] (depth_interfaces) StdoutLine: {'line': b'-- Detecting CXX compile features - done\n'}
[0.208573] (depth_interfaces) StdoutLine: {'line': b'-- Found ament_cmake: 1.3.14 (/opt/ros/humble/share/ament_cmake/cmake)\n'}
[0.300191] (-) TimerEvent: {}
[0.307647] (depth_interfaces) StdoutLine: {'line': b'-- Found Python3: /usr/bin/python3 (found version "3.10.12") found components: Interpreter \n'}
[0.354798] (depth_interfaces) StdoutLine: {'line': b'-- Override CMake install command with custom implementation using symlinks instead of copying resources\n'}
[0.373135] (depth_interfaces) StdoutLine: {'line': b'-- Found rosidl_default_generators: 1.2.1 (/opt/ros/humble/share/rosidl_default_generators/cmake)\n'}
[0.376216] (depth_interfaces) StdoutLine: {'line': b'-- Using all available rosidl_typesupport_c: rosidl_typesupport_fastrtps_c;rosidl_typesupport_introspection_c\n'}
[0.382972] (depth_interfaces) StdoutLine: {'line': b'-- Found rosidl_adapter: 3.1.8 (/opt/ros/humble/share/rosidl_adapter/cmake)\n'}
[0.400281] (-) TimerEvent: {}
[0.409118] (depth_interfaces) StdoutLine: {'line': b'-- Using all available rosidl_typesupport_cpp: rosidl_typesupport_fastrtps_cpp;rosidl_typesupport_introspection_cpp\n'}
[0.414047] (fake_depth_sensor) Command: {'cmd': ['/usr/bin/python3', '-W', 'ignore:setup.py install is deprecated', '-W', 'ignore:easy_install command is deprecated', 'setup.py', 'develop', '--editable', '--build-directory', '/workspace/ros2/build/fake_depth_sensor/build', '--no-deps', 'symlink_data'], 'cwd': '/workspace/ros2/build/fake_depth_sensor', 'env': {'HOSTNAME': 'ziad-Dell-G15-5530', 'SHLVL': '1', 'LD_LIBRARY_PATH': '/workspace/ros2/install/depth_interfaces/lib:/opt/ros/humble/opt/rviz_ogre_vendor/lib:/opt/ros/humble/lib/x86_64-linux-gnu:/opt/ros/humble/lib', 'HOME': '/home/ros', 'OLDPWD': '/workspace/ros2', 'ROS_PYTHON_VERSION': '3', 'COLCON_PREFIX_PATH': '/workspace/ros2/install', 'ROS_DISTRO': 'humble', '_': '/usr/bin/colcon', 'ROS_VERSION': '2', 'TERM': 'xterm', 'ROS_LOCALHOST_ONLY': '0', 'PATH': '/opt/ros/humble/bin:/usr/local/sbin:/usr/local/bin:/usr/sbin:/usr/bin:/sbin:/bin', 'DISPLAY': ':0', 'LANG': 'C.UTF-8', 'AMENT_PREFIX_PATH': '/workspace/ros2/install/fake_depth_sensor:/workspace/ros2/install/depth_core:/workspace/ros2/install/depth_interfaces:/opt/ros/humble', 'PWD': '/workspace/ros2/build/fake_depth_sensor', 'LC_ALL': 'C.UTF-8', 'PYTHONPATH': '/workspace/ros2/build/fake_depth_sensor/prefix_override:/usr/lib/python3/dist-packages/colcon_core/task/python/colcon_distutils_commands:/workspace/ros2/install/fake_depth_sensor/lib/python3.10/site-packages:/workspace/ros2/build/fake_depth_sensor:/workspace/ros2/install/fake_depth_sensor/lib/python3.10/site-packages:/workspace/ros2/build/depth_core:/workspace/ros2/install/depth_core/lib/python3.10/site-packages:/workspace/ros2/install/depth_interfaces/local/lib/python3.10/dist-packages:/opt/ros/humble/lib/python3.10/site-packages:/opt/ros/humble/local/lib/python3.10/dist-packages', 'COLCON': '1', 'CMAKE_PREFIX_PATH': '/workspace/ros2/install/depth_interfaces'}, 'shell': False}
[0.500441] (-) TimerEvent: {}
[0.565335] (fake_depth_sensor) StdoutLine: {'line': b'running develop\n'}
[0.600550] (-) TimerEvent: {}
[0.621702] (depth_interfaces) StdoutLine: {'line': b'-- Found ament_cmake_ros: 0.10.0 (/opt/ros/humble/share/ament_cmake_ros/cmake)\n'}
[0.624205] (fake_depth_sensor) StdoutLine: {'line': b'running egg_info\n'}
[0.624287] (fake_depth_sensor) StdoutLine: {'line': b'creating fake_depth_sensor.egg-info\n'}
[0.624320] (fake_depth_sensor) StdoutLine: {'line': b'writing fake_depth_sensor.egg-info/PKG-INFO\n'}
[0.624460] (fake_depth_sensor) StdoutLine: {'line': b'writing dependency_links to fake_depth_sensor.egg-info/dependency_links.txt\n'}
[0.624529] (fake_depth_sensor) StdoutLine: {'line': b'writing entry points to fake_depth_sensor.egg-info/entry_points.txt\n'}
[0.624560] (fake_depth_sensor) StdoutLine: {'line': b'writing requirements to fake_depth_sensor.egg-info/requires.txt\n'}
[0.624584] (fake_depth_sensor) StdoutLine: {'line': b'writing top-level names to fake_depth_sensor.egg-info/top_level.txt\n'}
[0.624651] (fake_depth_sensor) StdoutLine: {'line': b"writing manifest file 'fake_depth_sensor.egg-info/SOURCES.txt'\n"}
[0.625567] (fake_depth_sensor) StdoutLine: {'line': b"reading manifest file 'fake_depth_sensor.egg-info/SOURCES.txt'\n"}
[0.625726] (fake_depth_sensor) StdoutLine: {'line': b"writing manifest file 'fake_depth_sensor.egg-info/SOURCES.txt'\n"}
[0.626562] (fake_depth_sensor) StdoutLine: {'line': b'running build_ext\n'}
[0.626623] (fake_depth_sensor) StdoutLine: {'line': b'Creating /workspace/ros2/install/fake_depth_sensor/lib/python3.10/site-packages/fake-depth-sensor.egg-link (link to .)\n'}
[0.627041] (fake_depth_sensor) StdoutLine: {'line': b'Installing publisher_node script to /workspace/ros2/install/fake_depth_sensor/lib/fake_depth_sensor\n'}
[0.627110] (fake_depth_sensor) StdoutLine: {'line': b'Installing subscriber_node script to /workspace/ros2/install/fake_depth_sensor/lib/fake_depth_sensor\n'}
[0.627243] (fake_depth_sensor) StdoutLine: {'line': b'\n'}
[0.627318] (fake_depth_sensor) StdoutLine: {'line': b'Installed /workspace/ros2/build/fake_depth_sensor\n'}
[0.627354] (fake_depth_sensor) StdoutLine: {'line': b'running symlink_data\n'}
[0.627379] (fake_depth_sensor) StdoutLine: {'line': b'creating /workspace/ros2/install/fake_depth_sensor/share/ament_index\n'}
[0.627402] (fake_depth_sensor) StdoutLine: {'line': b'creating /workspace/ros2/install/fake_depth_sensor/share/ament_index/resource_index\n'}
[0.627429] (fake_depth_sensor) StdoutLine: {'line': b'creating /workspace/ros2/install/fake_depth_sensor/share/ament_index/resource_index/packages\n'}
[0.627451] (fake_depth_sensor) StdoutLine: {'line': b'symbolically linking /workspace/ros2/build/fake_depth_sensor/resource/fake_depth_sensor -> /workspace/ros2/install/fake_depth_sensor/share/ament_index/resource_index/packages\n'}
[0.627476] (fake_depth_sensor) StdoutLine: {'line': b'symbolically linking /workspace/ros2/build/fake_depth_sensor/package.xml -> /workspace/ros2/install/fake_depth_sensor/share/fake_depth_sensor\n'}
[0.641399] (fake_depth_sensor) CommandEnded: {'returncode': 0}
[0.647910] (fake_depth_sensor) JobEnded: {'identifier': 'fake_depth_sensor', 'rc': 0}
[0.700631] (-) TimerEvent: {}
[0.762005] (depth_interfaces) StdoutLine: {'line': b'-- Using all available rosidl_typesupport_c: rosidl_typesupport_fastrtps_c;rosidl_typesupport_introspection_c\n'}
[0.800791] (-) TimerEvent: {}
[0.901081] (-) TimerEvent: {}
[0.922308] (depth_interfaces) StdoutLine: {'line': b'-- Using all available rosidl_typesupport_cpp: rosidl_typesupport_fastrtps_cpp;rosidl_typesupport_introspection_cpp\n'}
[0.939743] (depth_interfaces) StdoutLine: {'line': b'-- Found PythonInterp: /usr/bin/python3 (found suitable version "3.10.12", minimum required is "3.6") \n'}
[0.941714] (depth_interfaces) StdoutLine: {'line': b'-- Found python_cmake_module: 0.10.0 (/opt/ros/humble/share/python_cmake_module/cmake)\n'}
[0.957245] (depth_interfaces) StdoutLine: {'line': b'-- Found PythonLibs: /usr/lib/x86_64-linux-gnu/libpython3.10.so (found suitable version "3.10.12", minimum required is "3.5") \n'}
[0.957473] (depth_interfaces) StdoutLine: {'line': b'-- Using PYTHON_EXECUTABLE: /usr/bin/python3\n'}
[0.957508] (depth_interfaces) StdoutLine: {'line': b'-- Using PYTHON_INCLUDE_DIRS: /usr/include/python3.10\n'}
[0.957531] (depth_interfaces) StdoutLine: {'line': b'-- Using PYTHON_LIBRARIES: /usr/lib/x86_64-linux-gnu/libpython3.10.so\n'}
[0.972929] (depth_interfaces) StdoutLine: {'line': b'-- Found PythonExtra: .so  \n'}
[1.001169] (-) TimerEvent: {}
[1.041076] (depth_interfaces) StdoutLine: {'line': b'-- Found ament_lint_auto: 0.12.15 (/opt/ros/humble/share/ament_lint_auto/cmake)\n'}
[1.054158] (depth_interfaces) StdoutLine: {'line': b"-- Added test 'lint_cmake' to check CMake code style\n"}
[1.055317] (depth_interfaces) StdoutLine: {'line': b"-- Added test 'xmllint' to check XML markup files\n"}
[1.057198] (depth_interfaces) StdoutLine: {'line': b'-- Configuring done\n'}
[1.075227] (depth_interfaces) StdoutLine: {'line': b'-- Generating done\n'}
[1.081744] (depth_interfaces) StdoutLine: {'line': b'-- Build files have been written to: /workspace/ros2/build/depth_interfaces\n'}
[1.087304] (depth_interfaces) CommandEnded: {'returncode': 0}
[1.087658] (depth_interfaces) JobProgress: {'identifier': 'depth_interfaces', 'progress': 'build'}
[1.088238] (depth_interfaces) Command: {'cmd': ['/usr/bin/cmake', '--build', '/workspace/ros2/build/depth_interfaces', '--', '-j20', '-l20'], 'cwd': '/workspace/ros2/build/depth_interfaces', 'env': OrderedDict([('HOSTNAME', 'ziad-Dell-G15-5530'), ('SHLVL', '1'), ('LD_LIBRARY_PATH', '/workspace/ros2/install/depth_interfaces/lib:/opt/ros/humble/opt/rviz_ogre_vendor/lib:/opt/ros/humble/lib/x86_64-linux-gnu:/opt/ros/humble/lib'), ('HOME', '/home/ros'), ('OLDPWD', '/workspace/ros2'), ('ROS_PYTHON_VERSION', '3'), ('COLCON_PREFIX_PATH', '/workspace/ros2/install'), ('ROS_DISTRO', 'humble'), ('_', '/usr/bin/colcon'), ('ROS_VERSION', '2'), ('TERM', 'xterm'), ('ROS_LOCALHOST_ONLY', '0'), ('PATH', '/opt/ros/humble/bin:/usr/local/sbin:/usr/local/bin:/usr/sbin:/usr/bin:/sbin:/bin'), ('DISPLAY', ':0'), ('LANG', 'C.UTF-8'), ('AMENT_PREFIX_PATH', '/workspace/ros2/install/fake_depth_sensor:/workspace/ros2/install/depth_core:/workspace/ros2/install/depth_interfaces:/opt/ros/humble'), ('PWD', '/workspace/ros2/build/depth_interfaces'), ('LC_ALL', 'C.UTF-8'), ('PYTHONPATH', '/workspace/ros2/build/fake_depth_sensor:/workspace/ros2/install/fake_depth_sensor/lib/python3.10/site-packages:/workspace/ros2/build/depth_core:/workspace/ros2/install/depth_core/lib/python3.10/site-packages:/workspace/ros2/install/depth_interfaces/local/lib/python3.10/dist-packages:/opt/ros/humble/lib/python3.10/site-packages:/opt/ros/humble/local/lib/python3.10/dist-packages'), ('COLCON', '1'), ('CMAKE_PREFIX_PATH', '/workspace/ros2/install/depth_interfaces:/workspace/ros2/install/fake_depth_sensor:/workspace/ros2/install/depth_core:/opt/ros/humble')]), 'shell': False}
[1.101270] (-) TimerEvent: {}
[1.126910] (depth_interfaces) StdoutLine: {'line': b'[  2%] \x1b[34m\x1b[1mGenerating C code for ROS interfaces\x1b[0m\n'}
[1.134385] (depth_interfaces) StdoutLine: {'line': b'[  5%] \x1b[34m\x1b[1mGenerating C++ code for ROS interfaces\x1b[0m\n'}
[1.135010] (depth_interfaces) StdoutLine: {'line': b'[  7%] \x1b[34m\x1b[1mGenerating Rust code for ROS interfaces\x1b[0m\n'}
[1.141006] (depth_interfaces) StdoutLine: {'line': b'[  7%] Built target ament_cmake_python_symlink_depth_interfaces\n'}
[1.201361] (-) TimerEvent: {}
[1.269203] (depth_interfaces) StdoutLine: {'line': b'running egg_info\n'}
[1.269612] (depth_interfaces) StdoutLine: {'line': b'creating depth_interfaces.egg-info\n'}
[1.269665] (depth_interfaces) StdoutLine: {'line': b'writing depth_interfaces.egg-info/PKG-INFO\n'}
[1.269723] (depth_interfaces) StdoutLine: {'line': b'writing dependency_links to depth_interfaces.egg-info/dependency_links.txt\n'}
[1.269774] (depth_interfaces) StdoutLine: {'line': b'writing top-level names to depth_interfaces.egg-info/top_level.txt\n'}
[1.269830] (depth_interfaces) StdoutLine: {'line': b"writing manifest file 'depth_interfaces.egg-info/SOURCES.txt'\n"}
[1.271007] (depth_interfaces) StdoutLine: {'line': b"reading manifest file 'depth_interfaces.egg-info/SOURCES.txt'\n"}
[1.271229] (depth_interfaces) StdoutLine: {'line': b"writing manifest file 'depth_interfaces.egg-info/SOURCES.txt'\n"}
[1.289037] (depth_interfaces) StdoutLine: {'line': b'[  7%] Built target ament_cmake_python_build_depth_interfaces_egg\n'}
[1.301468] (-) TimerEvent: {}
[1.314876] (depth_interfaces) StdoutLine: {'line': b'[  7%] Built target depth_interfaces__rs\n'}
[1.401573] (-) TimerEvent: {}
[1.403217] (depth_interfaces) StdoutLine: {'line': b'[  7%] Built target depth_interfaces__cpp\n'}
[1.404842] (depth_interfaces) StdoutLine: {'line': b'[ 10%] \x1b[32mBuilding C object CMakeFiles/depth_interfaces__rosidl_generator_c.dir/rosidl_generator_c/depth_interfaces/srv/detail/calibrate__functions.c.o\x1b[0m\n'}
[1.405077] (depth_interfaces) StdoutLine: {'line': b'[ 12%] \x1b[32mBuilding C object CMakeFiles/depth_interfaces__rosidl_generator_c.dir/rosidl_generator_c/depth_interfaces/action/detail/dive__functions.c.o\x1b[0m\n'}
[1.408798] (depth_interfaces) StdoutLine: {'line': b'[ 17%] \x1b[34m\x1b[1mGenerating C++ introspection for ROS interfaces\x1b[0m\n'}
[1.409150] (depth_interfaces) StdoutLine: {'line': b'[ 17%] \x1b[34m\x1b[1mGenerating C++ type support dispatch for ROS interfaces\x1b[0m\n'}
[1.412376] (depth_interfaces) StdoutLine: {'line': b'[ 20%] \x1b[34m\x1b[1mGenerating C++ type support for eProsima Fast-RTPS\x1b[0m\n'}
[1.491866] (depth_interfaces) StdoutLine: {'line': b'[ 22%] \x1b[32m\x1b[1mLinking C shared library libdepth_interfaces__rosidl_generator_c.so\x1b[0m\n'}
[1.501688] (-) TimerEvent: {}
[1.515571] (depth_interfaces) StdoutLine: {'line': b'[ 22%] Built target depth_interfaces__rosidl_generator_c\n'}
[1.523192] (depth_interfaces) StdoutLine: {'line': b'[ 25%] \x1b[34m\x1b[1mGenerating C type support for eProsima Fast-RTPS\x1b[0m\n'}
[1.524074] (depth_interfaces) StdoutLine: {'line': b'[ 30%] \x1b[34m\x1b[1mGenerating C introspection for ROS interfaces\x1b[0m\n'}
[1.524172] (depth_interfaces) StdoutLine: {'line': b'[ 30%] \x1b[34m\x1b[1mGenerating C type support dispatch for ROS interfaces\x1b[0m\n'}
[1.589733] (depth_interfaces) StdoutLine: {'line': b'[ 35%] \x1b[32mBuilding CXX object CMakeFiles/depth_interfaces__rosidl_typesupport_cpp.dir/rosidl_typesupport_cpp/depth_interfaces/action/dive__type_support.cpp.o\x1b[0m\n'}
[1.589905] (depth_interfaces) StdoutLine: {'line': b'[ 35%] \x1b[32mBuilding CXX object CMakeFiles/depth_interfaces__rosidl_typesupport_cpp.dir/rosidl_typesupport_cpp/depth_interfaces/srv/calibrate__type_support.cpp.o\x1b[0m\n'}
[1.601819] (-) TimerEvent: {}
[1.619087] (depth_interfaces) StdoutLine: {'line': b'[ 40%] \x1b[32mBuilding CXX object CMakeFiles/depth_interfaces__rosidl_typesupport_introspection_cpp.dir/rosidl_typesupport_introspection_cpp/depth_interfaces/srv/detail/calibrate__type_support.cpp.o\x1b[0m\n'}
[1.619258] (depth_interfaces) StdoutLine: {'line': b'[ 40%] \x1b[32mBuilding CXX object CMakeFiles/depth_interfaces__rosidl_typesupport_introspection_cpp.dir/rosidl_typesupport_introspection_cpp/depth_interfaces/action/detail/dive__type_support.cpp.o\x1b[0m\n'}
[1.655320] (depth_interfaces) StdoutLine: {'line': b'[ 42%] \x1b[32mBuilding CXX object CMakeFiles/depth_interfaces__rosidl_typesupport_fastrtps_cpp.dir/rosidl_typesupport_fastrtps_cpp/depth_interfaces/srv/detail/dds_fastrtps/calibrate__type_support.cpp.o\x1b[0m\n'}
[1.658123] (depth_interfaces) StdoutLine: {'line': b'[ 45%] \x1b[32mBuilding CXX object CMakeFiles/depth_interfaces__rosidl_typesupport_fastrtps_cpp.dir/rosidl_typesupport_fastrtps_cpp/depth_interfaces/action/detail/dds_fastrtps/dive__type_support.cpp.o\x1b[0m\n'}
[1.701948] (-) TimerEvent: {}
[1.716885] (depth_interfaces) StdoutLine: {'line': b'[ 47%] \x1b[32mBuilding CXX object CMakeFiles/depth_interfaces__rosidl_typesupport_c.dir/rosidl_typesupport_c/depth_interfaces/srv/calibrate__type_support.cpp.o\x1b[0m\n'}
[1.717066] (depth_interfaces) StdoutLine: {'line': b'[ 50%] \x1b[32mBuilding CXX object CMakeFiles/depth_interfaces__rosidl_typesupport_c.dir/rosidl_typesupport_c/depth_interfaces/action/dive__type_support.cpp.o\x1b[0m\n'}
[1.755818] (depth_interfaces) StdoutLine: {'line': b'[ 52%] \x1b[32mBuilding C object CMakeFiles/depth_interfaces__rosidl_typesupport_introspection_c.dir/rosidl_typesupport_introspection_c/depth_interfaces/srv/detail/calibrate__type_support.c.o\x1b[0m\n'}
[1.756719] (depth_interfaces) StdoutLine: {'line': b'[ 55%] \x1b[32m\x1b[1mLinking CXX shared library libdepth_interfaces__rosidl_typesupport_c.so\x1b[0m\n'}
[1.757079] (depth_interfaces) StdoutLine: {'line': b'[ 57%] \x1b[32mBuilding C object CMakeFiles/depth_interfaces__rosidl_typesupport_introspection_c.dir/rosidl_typesupport_introspection_c/depth_interfaces/action/detail/dive__type_support.c.o\x1b[0m\n'}
[1.768584] (depth_interfaces) StdoutLine: {'line': b'[ 60%] \x1b[32mBuilding CXX object CMakeFiles/depth_interfaces__rosidl_typesupport_fastrtps_c.dir/rosidl_typesupport_fastrtps_c/depth_interfaces/srv/detail/calibrate__type_support_c.cpp.o\x1b[0m\n'}
[1.771862] (depth_interfaces) StdoutLine: {'line': b'[ 62%] \x1b[32mBuilding CXX object CMakeFiles/depth_interfaces__rosidl_typesupport_fastrtps_c.dir/rosidl_typesupport_fastrtps_c/depth_interfaces/action/detail/dive__type_support_c.cpp.o\x1b[0m\n'}
[1.787106] (depth_interfaces) StdoutLine: {'line': b'[ 62%] Built target depth_interfaces__rosidl_typesupport_c\n'}
[1.792182] (depth_interfaces) StdoutLine: {'line': b'[ 65%] \x1b[32m\x1b[1mLinking C shared library libdepth_interfaces__rosidl_typesupport_introspection_c.so\x1b[0m\n'}
[1.802024] (-) TimerEvent: {}
[1.816348] (depth_interfaces) StdoutLine: {'line': b'[ 65%] Built target depth_interfaces__rosidl_typesupport_introspection_c\n'}
[1.844796] (depth_interfaces) StdoutLine: {'line': b'[ 67%] \x1b[32m\x1b[1mLinking CXX shared library libdepth_interfaces__rosidl_typesupport_cpp.so\x1b[0m\n'}
[1.875775] (depth_interfaces) StdoutLine: {'line': b'[ 67%] Built target depth_interfaces__rosidl_typesupport_cpp\n'}
[1.902083] (-) TimerEvent: {}
[1.978641] (depth_interfaces) StdoutLine: {'line': b'[ 70%] \x1b[32m\x1b[1mLinking CXX shared library libdepth_interfaces__rosidl_typesupport_fastrtps_c.so\x1b[0m\n'}
[2.001922] (depth_interfaces) StdoutLine: {'line': b'[ 72%] \x1b[32m\x1b[1mLinking CXX shared library libdepth_interfaces__rosidl_typesupport_fastrtps_cpp.so\x1b[0m\n'}
[2.002113] (-) TimerEvent: {}
[2.024622] (depth_interfaces) StdoutLine: {'line': b'[ 72%] Built target depth_interfaces__rosidl_typesupport_fastrtps_c\n'}
[2.035406] (depth_interfaces) StdoutLine: {'line': b'[ 75%] \x1b[32m\x1b[1mLinking CXX shared library libdepth_interfaces__rosidl_typesupport_introspection_cpp.so\x1b[0m\n'}
[2.049982] (depth_interfaces) StdoutLine: {'line': b'[ 75%] Built target depth_interfaces__rosidl_typesupport_fastrtps_cpp\n'}
[2.093390] (depth_interfaces) StdoutLine: {'line': b'[ 75%] Built target depth_interfaces__rosidl_typesupport_introspection_cpp\n'}
[2.102237] (-) TimerEvent: {}
[2.122237] (depth_interfaces) StdoutLine: {'line': b'[ 75%] Built target depth_interfaces\n'}
[2.151332] (depth_interfaces) StdoutLine: {'line': b'[ 77%] \x1b[34m\x1b[1mGenerating Python code for ROS interfaces\x1b[0m\n'}
[2.202363] (-) TimerEvent: {}
[2.302675] (-) TimerEvent: {}
[2.402991] (-) TimerEvent: {}
[2.503228] (-) TimerEvent: {}
[2.603512] (-) TimerEvent: {}
[2.611707] (depth_interfaces) StdoutLine: {'line': b'[ 77%] Built target depth_interfaces__py\n'}
[2.625961] (depth_interfaces) StdoutLine: {'line': b'[ 80%] \x1b[32mBuilding C object CMakeFiles/depth_interfaces__rosidl_generator_py.dir/rosidl_generator_py/depth_interfaces/srv/_calibrate_s.c.o\x1b[0m\n'}
[2.627457] (depth_interfaces) StdoutLine: {'line': b'[ 82%] \x1b[32mBuilding C object CMakeFiles/depth_interfaces__rosidl_generator_py.dir/rosidl_generator_py/depth_interfaces/action/_dive_s.c.o\x1b[0m\n'}
[2.703603] (-) TimerEvent: {}
[2.713785] (depth_interfaces) StdoutLine: {'line': b'[ 85%] \x1b[32m\x1b[1mLinking C shared library rosidl_generator_py/depth_interfaces/libdepth_interfaces__rosidl_generator_py.so\x1b[0m\n'}
[2.741885] (depth_interfaces) StdoutLine: {'line': b'[ 85%] Built target depth_interfaces__rosidl_generator_py\n'}
[2.760741] (depth_interfaces) StdoutLine: {'line': b'[ 92%] \x1b[32mBuilding C object CMakeFiles/depth_interfaces__rosidl_typesupport_c__pyext.dir/rosidl_generator_py/depth_interfaces/_depth_interfaces_s.ep.rosidl_typesupport_c.c.o\x1b[0m\n'}
[2.760938] (depth_interfaces) StdoutLine: {'line': b'[ 92%] \x1b[32mBuilding C object CMakeFiles/depth_interfaces__rosidl_typesupport_fastrtps_c__pyext.dir/rosidl_generator_py/depth_interfaces/_depth_interfaces_s.ep.rosidl_typesupport_fastrtps_c.c.o\x1b[0m\n'}
[2.761047] (depth_interfaces) StdoutLine: {'line': b'[ 92%] \x1b[32mBuilding C object CMakeFiles/depth_interfaces__rosidl_typesupport_introspection_c__pyext.dir/rosidl_generator_py/depth_interfaces/_depth_interfaces_s.ep.rosidl_typesupport_introspection_c.c.o\x1b[0m\n'}
[2.803803] (-) TimerEvent: {}
[2.832282] (depth_interfaces) StdoutLine: {'line': b'[ 95%] \x1b[32m\x1b[1mLinking C shared library rosidl_generator_py/depth_interfaces/depth_interfaces_s__rosidl_typesupport_introspection_c.cpython-310-x86_64-linux-gnu.so\x1b[0m\n'}
[2.840236] (depth_interfaces) StdoutLine: {'line': b'[ 97%] \x1b[32m\x1b[1mLinking C shared library rosidl_generator_py/depth_interfaces/depth_interfaces_s__rosidl_typesupport_fastrtps_c.cpython-310-x86_64-linux-gnu.so\x1b[0m\n'}
[2.845887] (depth_interfaces) StdoutLine: {'line': b'[100%] \x1b[32m\x1b[1mLinking C shared library rosidl_generator_py/depth_interfaces/depth_interfaces_s__rosidl_typesupport_c.cpython-310-x86_64-linux-gnu.so\x1b[0m\n'}
[2.864705] (depth_interfaces) StdoutLine: {'line': b'[100%] Built target depth_interfaces__rosidl_typesupport_fastrtps_c__pyext\n'}
[2.868090] (depth_interfaces) StdoutLine: {'line': b'[100%] Built target depth_interfaces__rosidl_typesupport_introspection_c__pyext\n'}
[2.876264] (depth_interfaces) StdoutLine: {'line': b'[100%] Built target depth_interfaces__rosidl_typesupport_c__pyext\n'}
[2.885207] (depth_interfaces) CommandEnded: {'returncode': 0}
[2.885738] (depth_interfaces) JobProgress: {'identifier': 'depth_interfaces', 'progress': 'install'}
[2.895090] (depth_interfaces) Command: {'cmd': ['/usr/bin/cmake', '--install', '/workspace/ros2/build/depth_interfaces'], 'cwd': '/workspace/ros2/build/depth_interfaces', 'env': OrderedDict([('HOSTNAME', 'ziad-Dell-G15-5530'), ('SHLVL', '1'), ('LD_LIBRARY_PATH', '/workspace/ros2/install/depth_interfaces/lib:/opt/ros/humble/opt/rviz_ogre_vendor/lib:/opt/ros/humble/lib/x86_64-linux-gnu:/opt/ros/humble/lib'), ('HOME', '/home/ros'), ('OLDPWD', '/workspace/ros2'), ('ROS_PYTHON_VERSION', '3'), ('COLCON_PREFIX_PATH', '/workspace/ros2/install'), ('ROS_DISTRO', 'humble'), ('_', '/usr/bin/colcon'), ('ROS_VERSION', '2'), ('TERM', 'xterm'), ('ROS_LOCALHOST_ONLY', '0'), ('PATH', '/opt/ros/humble/bin:/usr/local/sbin:/usr/local/bin:/usr/sbin:/usr/bin:/sbin:/bin'), ('DISPLAY', ':0'), ('LANG', 'C.UTF-8'), ('AMENT_PREFIX_PATH', '/workspace/ros2/install/fake_depth_sensor:/workspace/ros2/install/depth_core:/workspace/ros2/install/depth_interfaces:/opt/ros/humble'), ('PWD', '/workspace/ros2/build/depth_interfaces'), ('LC_ALL', 'C.UTF-8'), ('PYTHONPATH', '/workspace/ros2/build/fake_depth_sensor:/workspace/ros2/install/fake_depth_sensor/lib/python3.10/site-packages:/workspace/ros2/build/depth_core:/workspace/ros2/install/depth_core/lib/python3.10/site-packages:/workspace/ros2/install/depth_interfaces/local/lib/python3.10/dist-packages:/opt/ros/humble/lib/python3.10/site-packages:/opt/ros/humble/local/lib/python3.10/dist-packages'), ('COLCON', '1'), ('CMAKE_PREFIX_PATH', '/workspace/ros2/install/depth_interfaces:/workspace/ros2/install/fake_depth_sensor:/workspace/ros2/install/depth_core:/opt/ros/humble')]), 'shell': False}
[2.903914] (-) TimerEvent: {}
[2.904277] (depth_interfaces) StdoutLine: {'line': b'-- Install configuration: ""\n'}
[2.905015] (depth_interfaces) StdoutLine: {'line': b'-- Execute custom install script\n'}
[2.905483] (depth_interfaces) StdoutLine: {'line': b'-- Symlinking: /workspace/ros2/install/depth_interfaces/share/ament_index/resource_index/rosidl_interfaces/depth_interfaces\n'}
[2.917230] (depth_interfaces) StdoutLine: {'line': b'-- Symlinking: /workspace/ros2/install/depth_interfaces/include/depth_interfaces/depth_interfaces/action/detail/dive__functions.h\n'}
[2.925164] (depth_interfaces) StdoutLine: {'line': b'-- Symlinking: /workspace/ros2/install/depth_interfaces/include/depth_interfaces/depth_interfaces/action/detail/dive__struct.h\n'}
[2.934974] (depth_interfaces) StdoutLine: {'line': b'-- Symlinking: /workspace/ros2/install/depth_interfaces/include/depth_interfaces/depth_interfaces/action/detail/dive__type_support.h\n'}
[2.946783] (depth_interfaces) StdoutLine: {'line': b'-- Symlinking: /workspace/ros2/install/depth_interfaces/include/depth_interfaces/depth_interfaces/action/dive.h\n'}
[2.960622] (depth_interfaces) StdoutLine: {'line': b'-- Symlinking: /workspace/ros2/install/depth_interfaces/include/depth_interfaces/depth_interfaces/msg/rosidl_generator_c__visibility_control.h\n'}
[2.967176] (depth_interfaces) StdoutLine: {'line': b'-- Symlinking: /workspace/ros2/install/depth_interfaces/include/depth_interfaces/depth_interfaces/srv/calibrate.h\n'}
[2.976064] (depth_interfaces) StdoutLine: {'line': b'-- Symlinking: /workspace/ros2/install/depth_interfaces/include/depth_interfaces/depth_interfaces/srv/detail/calibrate__functions.h\n'}
[2.986351] (depth_interfaces) StdoutLine: {'line': b'-- Symlinking: /workspace/ros2/install/depth_interfaces/include/depth_interfaces/depth_interfaces/srv/detail/calibrate__struct.h\n'}
[2.997034] (depth_interfaces) StdoutLine: {'line': b'-- Symlinking: /workspace/ros2/install/depth_interfaces/include/depth_interfaces/depth_interfaces/srv/detail/calibrate__type_support.h\n'}
[3.004123] (-) TimerEvent: {}
[3.007295] (depth_interfaces) StdoutLine: {'line': b'-- Symlinking: /workspace/ros2/install/depth_interfaces/share/depth_interfaces/environment/library_path.sh\n'}
[3.017504] (depth_interfaces) StdoutLine: {'line': b'-- Symlinking: /workspace/ros2/install/depth_interfaces/share/depth_interfaces/environment/library_path.dsv\n'}
[3.030944] (depth_interfaces) StdoutLine: {'line': b'-- Symlinking: /workspace/ros2/install/depth_interfaces/include/depth_interfaces/depth_interfaces/action/detail/dive__rosidl_typesupport_fastrtps_c.h\n'}
[3.036621] (depth_interfaces) StdoutLine: {'line': b'-- Symlinking: /workspace/ros2/install/depth_interfaces/include/depth_interfaces/depth_interfaces/msg/rosidl_typesupport_fastrtps_c__visibility_control.h\n'}
[3.043609] (depth_interfaces) StdoutLine: {'line': b'-- Symlinking: /workspace/ros2/install/depth_interfaces/include/depth_interfaces/depth_interfaces/srv/detail/calibrate__rosidl_typesupport_fastrtps_c.h\n'}
[3.050838] (depth_interfaces) StdoutLine: {'line': b'-- Symlinking: /workspace/ros2/install/depth_interfaces/include/depth_interfaces/depth_interfaces/action/detail/dive__rosidl_typesupport_introspection_c.h\n'}
[3.056201] (depth_interfaces) StdoutLine: {'line': b'-- Symlinking: /workspace/ros2/install/depth_interfaces/include/depth_interfaces/depth_interfaces/msg/rosidl_typesupport_introspection_c__visibility_control.h\n'}
[3.061535] (depth_interfaces) StdoutLine: {'line': b'-- Symlinking: /workspace/ros2/install/depth_interfaces/include/depth_interfaces/depth_interfaces/srv/detail/calibrate__rosidl_typesupport_introspection_c.h\n'}
[3.069180] (depth_interfaces) StdoutLine: {'line': b'-- Symlinking: /workspace/ros2/install/depth_interfaces/include/depth_interfaces/depth_interfaces/action/detail/dive__builder.hpp\n'}
[3.077089] (depth_interfaces) StdoutLine: {'line': b'-- Symlinking: /workspace/ros2/install/depth_interfaces/include/depth_interfaces/depth_interfaces/action/detail/dive__struct.hpp\n'}
[3.087016] (depth_interfaces) StdoutLine: {'line': b'-- Symlinking: /workspace/ros2/install/depth_interfaces/include/depth_interfaces/depth_interfaces/action/detail/dive__traits.hpp\n'}
[3.098625] (depth_interfaces) StdoutLine: {'line': b'-- Symlinking: /workspace/ros2/install/depth_interfaces/include/depth_interfaces/depth_interfaces/action/detail/dive__type_support.hpp\n'}
[3.104261] (-) TimerEvent: {}
[3.109983] (depth_interfaces) StdoutLine: {'line': b'-- Symlinking: /workspace/ros2/install/depth_interfaces/include/depth_interfaces/depth_interfaces/action/dive.hpp\n'}
[3.116555] (depth_interfaces) StdoutLine: {'line': b'-- Symlinking: /workspace/ros2/install/depth_interfaces/include/depth_interfaces/depth_interfaces/msg/rosidl_generator_cpp__visibility_control.hpp\n'}
[3.123606] (depth_interfaces) StdoutLine: {'line': b'-- Symlinking: /workspace/ros2/install/depth_interfaces/include/depth_interfaces/depth_interfaces/srv/calibrate.hpp\n'}
[3.135320] (depth_interfaces) StdoutLine: {'line': b'-- Symlinking: /workspace/ros2/install/depth_interfaces/include/depth_interfaces/depth_interfaces/srv/detail/calibrate__builder.hpp\n'}
[3.149080] (depth_interfaces) StdoutLine: {'line': b'-- Symlinking: /workspace/ros2/install/depth_interfaces/include/depth_interfaces/depth_interfaces/srv/detail/calibrate__struct.hpp\n'}
[3.156092] (depth_interfaces) StdoutLine: {'line': b'-- Symlinking: /workspace/ros2/install/depth_interfaces/include/depth_interfaces/depth_interfaces/srv/detail/calibrate__traits.hpp\n'}
[3.162516] (depth_interfaces) StdoutLine: {'line': b'-- Symlinking: /workspace/ros2/install/depth_interfaces/include/depth_interfaces/depth_interfaces/srv/detail/calibrate__type_support.hpp\n'}
[3.173339] (depth_interfaces) StdoutLine: {'line': b'-- Symlinking: /workspace/ros2/install/depth_interfaces/include/depth_interfaces/depth_interfaces/action/detail/dive__rosidl_typesupport_fastrtps_cpp.hpp\n'}
[3.178918] (depth_interfaces) StdoutLine: {'line': b'-- Symlinking: /workspace/ros2/install/depth_interfaces/include/depth_interfaces/depth_interfaces/msg/rosidl_typesupport_fastrtps_cpp__visibility_control.h\n'}
[3.186384] (depth_interfaces) StdoutLine: {'line': b'-- Symlinking: /workspace/ros2/install/depth_interfaces/include/depth_interfaces/depth_interfaces/srv/detail/calibrate__rosidl_typesupport_fastrtps_cpp.hpp\n'}
[3.195941] (depth_interfaces) StdoutLine: {'line': b'-- Symlinking: /workspace/ros2/install/depth_interfaces/include/depth_interfaces/depth_interfaces/action/detail/dive__rosidl_typesupport_introspection_cpp.hpp\n'}
[3.204339] (-) TimerEvent: {}
[3.206104] (depth_interfaces) StdoutLine: {'line': b'-- Symlinking: /workspace/ros2/install/depth_interfaces/include/depth_interfaces/depth_interfaces/srv/detail/calibrate__rosidl_typesupport_introspection_cpp.hpp\n'}
[3.215392] (depth_interfaces) StdoutLine: {'line': b'-- Symlinking: /workspace/ros2/install/depth_interfaces/share/depth_interfaces/environment/pythonpath.sh\n'}
[3.224855] (depth_interfaces) StdoutLine: {'line': b'-- Symlinking: /workspace/ros2/install/depth_interfaces/share/depth_interfaces/environment/pythonpath.dsv\n'}
[3.235397] (depth_interfaces) StdoutLine: {'line': b'-- Symlinking: /workspace/ros2/install/depth_interfaces/local/lib/python3.10/dist-packages/depth_interfaces-0.0.0-py3.10.egg-info/PKG-INFO\n'}
[3.245890] (depth_interfaces) StdoutLine: {'line': b'-- Symlinking: /workspace/ros2/install/depth_interfaces/local/lib/python3.10/dist-packages/depth_interfaces-0.0.0-py3.10.egg-info/SOURCES.txt\n'}
[3.257598] (depth_interfaces) StdoutLine: {'line': b'-- Symlinking: /workspace/ros2/install/depth_interfaces/local/lib/python3.10/dist-packages/depth_interfaces-0.0.0-py3.10.egg-info/dependency_links.txt\n'}
[3.263245] (depth_interfaces) StdoutLine: {'line': b'-- Symlinking: /workspace/ros2/install/depth_interfaces/local/lib/python3.10/dist-packages/depth_interfaces-0.0.0-py3.10.egg-info/top_level.txt\n'}
[3.271075] (depth_interfaces) StdoutLine: {'line': b'-- Symlinking: /workspace/ros2/install/depth_interfaces/local/lib/python3.10/dist-packages/depth_interfaces/__init__.py\n'}
[3.276525] (depth_interfaces) StdoutLine: {'line': b'-- Symlinking: /workspace/ros2/install/depth_interfaces/local/lib/python3.10/dist-packages/depth_interfaces/_depth_interfaces_s.ep.rosidl_typesupport_c.c\n'}
[3.281909] (depth_interfaces) StdoutLine: {'line': b'-- Symlinking: /workspace/ros2/install/depth_interfaces/local/lib/python3.10/dist-packages/depth_interfaces/_depth_interfaces_s.ep.rosidl_typesupport_fastrtps_c.c\n'}
[3.289049] (depth_interfaces) StdoutLine: {'line': b'-- Symlinking: /workspace/ros2/install/depth_interfaces/local/lib/python3.10/dist-packages/depth_interfaces/_depth_interfaces_s.ep.rosidl_typesupport_introspection_c.c\n'}
[3.295244] (depth_interfaces) StdoutLine: {'line': b'-- Symlinking: /workspace/ros2/install/depth_interfaces/local/lib/python3.10/dist-packages/depth_interfaces/action/__init__.py\n'}
[3.301008] (depth_interfaces) StdoutLine: {'line': b'-- Symlinking: /workspace/ros2/install/depth_interfaces/local/lib/python3.10/dist-packages/depth_interfaces/action/_dive.py\n'}
[3.304460] (-) TimerEvent: {}
[3.304945] (depth_interfaces) StdoutLine: {'line': b'-- Symlinking: /workspace/ros2/install/depth_interfaces/local/lib/python3.10/dist-packages/depth_interfaces/action/_dive_s.c\n'}
[3.310840] (depth_interfaces) StdoutLine: {'line': b'-- Symlinking: /workspace/ros2/install/depth_interfaces/local/lib/python3.10/dist-packages/depth_interfaces/depth_interfaces_s__rosidl_typesupport_c.cpython-310-x86_64-linux-gnu.so\n'}
[3.319935] (depth_interfaces) StdoutLine: {'line': b'-- Symlinking: /workspace/ros2/install/depth_interfaces/local/lib/python3.10/dist-packages/depth_interfaces/depth_interfaces_s__rosidl_typesupport_fastrtps_c.cpython-310-x86_64-linux-gnu.so\n'}
[3.326046] (depth_interfaces) StdoutLine: {'line': b'-- Symlinking: /workspace/ros2/install/depth_interfaces/local/lib/python3.10/dist-packages/depth_interfaces/depth_interfaces_s__rosidl_typesupport_introspection_c.cpython-310-x86_64-linux-gnu.so\n'}
[3.334245] (depth_interfaces) StdoutLine: {'line': b'-- Symlinking: /workspace/ros2/install/depth_interfaces/local/lib/python3.10/dist-packages/depth_interfaces/libdepth_interfaces__rosidl_generator_py.so\n'}
[3.343034] (depth_interfaces) StdoutLine: {'line': b'-- Symlinking: /workspace/ros2/install/depth_interfaces/local/lib/python3.10/dist-packages/depth_interfaces/srv/__init__.py\n'}
[3.350748] (depth_interfaces) StdoutLine: {'line': b'-- Symlinking: /workspace/ros2/install/depth_interfaces/local/lib/python3.10/dist-packages/depth_interfaces/srv/_calibrate.py\n'}
[3.355913] (depth_interfaces) StdoutLine: {'line': b'-- Symlinking: /workspace/ros2/install/depth_interfaces/local/lib/python3.10/dist-packages/depth_interfaces/srv/_calibrate_s.c\n'}
[3.362560] (depth_interfaces) StdoutLine: {'line': b'-- Up-to-date symlink: /workspace/ros2/install/depth_interfaces/local/lib/python3.10/dist-packages/depth_interfaces/depth_interfaces_s__rosidl_typesupport_fastrtps_c.cpython-310-x86_64-linux-gnu.so\n'}
[3.362642] (depth_interfaces) StdoutLine: {'line': b'-- Up-to-date symlink: /workspace/ros2/install/depth_interfaces/local/lib/python3.10/dist-packages/depth_interfaces/depth_interfaces_s__rosidl_typesupport_introspection_c.cpython-310-x86_64-linux-gnu.so\n'}
[3.362686] (depth_interfaces) StdoutLine: {'line': b'-- Up-to-date symlink: /workspace/ros2/install/depth_interfaces/local/lib/python3.10/dist-packages/depth_interfaces/depth_interfaces_s__rosidl_typesupport_c.cpython-310-x86_64-linux-gnu.so\n'}
[3.362725] (depth_interfaces) StdoutLine: {'line': b'-- Symlinking: /workspace/ros2/install/depth_interfaces/share/ament_index/resource_index/rust_packages/depth_interfaces\n'}
[3.369279] (depth_interfaces) StdoutLine: {'line': b'-- Symlinking: /workspace/ros2/install/depth_interfaces/share/depth_interfaces/rust/Cargo.toml\n'}
[3.375255] (depth_interfaces) StdoutLine: {'line': b'-- Symlinking: /workspace/ros2/install/depth_interfaces/share/depth_interfaces/rust/build.rs\n'}
[3.381741] (depth_interfaces) StdoutLine: {'line': b'-- Symlinking: /workspace/ros2/install/depth_interfaces/share/depth_interfaces/rust/src/action.rs\n'}
[3.385957] (depth_interfaces) StdoutLine: {'line': b'-- Symlinking: /workspace/ros2/install/depth_interfaces/share/depth_interfaces/rust/src/action/rmw.rs\n'}
[3.392549] (depth_interfaces) StdoutLine: {'line': b'-- Symlinking: /workspace/ros2/install/depth_interfaces/share/depth_interfaces/rust/src/lib.rs\n'}
[3.397716] (depth_interfaces) StdoutLine: {'line': b'-- Symlinking: /workspace/ros2/install/depth_interfaces/share/depth_interfaces/rust/src/srv.rs\n'}
[3.403739] (depth_interfaces) StdoutLine: {'line': b'-- Symlinking: /workspace/ros2/install/depth_interfaces/share/depth_interfaces/rust/src/srv/rmw.rs\n'}
[3.404512] (-) TimerEvent: {}
[3.413479] (depth_interfaces) StdoutLine: {'line': b'-- Symlinking: /workspace/ros2/install/depth_interfaces/share/depth_interfaces/srv/Calibrate.idl\n'}
[3.422292] (depth_interfaces) StdoutLine: {'line': b'-- Symlinking: /workspace/ros2/install/depth_interfaces/share/depth_interfaces/action/Dive.idl\n'}
[3.432928] (depth_interfaces) StdoutLine: {'line': b'-- Symlinking: /workspace/ros2/install/depth_interfaces/share/depth_interfaces/srv/Calibrate.srv\n'}
[3.441567] (depth_interfaces) StdoutLine: {'line': b'-- Symlinking: /workspace/ros2/install/depth_interfaces/share/depth_interfaces/srv/Calibrate_Request.msg\n'}
[3.450922] (depth_interfaces) StdoutLine: {'line': b'-- Symlinking: /workspace/ros2/install/depth_interfaces/share/depth_interfaces/srv/Calibrate_Response.msg\n'}
[3.460328] (depth_interfaces) StdoutLine: {'line': b'-- Symlinking: /workspace/ros2/install/depth_interfaces/share/depth_interfaces/action/Dive.action\n'}
[3.469464] (depth_interfaces) StdoutLine: {'line': b'-- Symlinking: /workspace/ros2/install/depth_interfaces/share/ament_index/resource_index/package_run_dependencies/depth_interfaces\n'}
[3.479120] (depth_interfaces) StdoutLine: {'line': b'-- Symlinking: /workspace/ros2/install/depth_interfaces/share/ament_index/resource_index/parent_prefix_path/depth_interfaces\n'}
[3.488178] (depth_interfaces) StdoutLine: {'line': b'-- Symlinking: /workspace/ros2/install/depth_interfaces/share/depth_interfaces/environment/ament_prefix_path.sh\n'}
[3.497696] (depth_interfaces) StdoutLine: {'line': b'-- Symlinking: /workspace/ros2/install/depth_interfaces/share/depth_interfaces/environment/ament_prefix_path.dsv\n'}
[3.504628] (-) TimerEvent: {}
[3.508124] (depth_interfaces) StdoutLine: {'line': b'-- Symlinking: /workspace/ros2/install/depth_interfaces/share/depth_interfaces/environment/path.sh\n'}
[3.517716] (depth_interfaces) StdoutLine: {'line': b'-- Symlinking: /workspace/ros2/install/depth_interfaces/share/depth_interfaces/environment/path.dsv\n'}
[3.528537] (depth_interfaces) StdoutLine: {'line': b'-- Symlinking: /workspace/ros2/install/depth_interfaces/share/depth_interfaces/local_setup.bash\n'}
[3.538719] (depth_interfaces) StdoutLine: {'line': b'-- Symlinking: /workspace/ros2/install/depth_interfaces/share/depth_interfaces/local_setup.sh\n'}
[3.549904] (depth_interfaces) StdoutLine: {'line': b'-- Symlinking: /workspace/ros2/install/depth_interfaces/share/depth_interfaces/local_setup.zsh\n'}
[3.559279] (depth_interfaces) StdoutLine: {'line': b'-- Symlinking: /workspace/ros2/install/depth_interfaces/share/depth_interfaces/local_setup.dsv\n'}
[3.568849] (depth_interfaces) StdoutLine: {'line': b'-- Symlinking: /workspace/ros2/install/depth_interfaces/share/depth_interfaces/package.dsv\n'}
[3.578002] (depth_interfaces) StdoutLine: {'line': b'-- Symlinking: /workspace/ros2/install/depth_interfaces/share/ament_index/resource_index/packages/depth_interfaces\n'}
[3.587948] (depth_interfaces) StdoutLine: {'line': b'-- Symlinking: /workspace/ros2/install/depth_interfaces/share/depth_interfaces/cmake/rosidl_cmake-extras.cmake\n'}
[3.597304] (depth_interfaces) StdoutLine: {'line': b'-- Symlinking: /workspace/ros2/install/depth_interfaces/share/depth_interfaces/cmake/ament_cmake_export_dependencies-extras.cmake\n'}
[3.604802] (-) TimerEvent: {}
[3.606291] (depth_interfaces) StdoutLine: {'line': b'-- Symlinking: /workspace/ros2/install/depth_interfaces/share/depth_interfaces/cmake/ament_cmake_export_include_directories-extras.cmake\n'}
[3.616587] (depth_interfaces) StdoutLine: {'line': b'-- Symlinking: /workspace/ros2/install/depth_interfaces/share/depth_interfaces/cmake/ament_cmake_export_libraries-extras.cmake\n'}
[3.625787] (depth_interfaces) StdoutLine: {'line': b'-- Symlinking: /workspace/ros2/install/depth_interfaces/share/depth_interfaces/cmake/ament_cmake_export_targets-extras.cmake\n'}
[3.636201] (depth_interfaces) StdoutLine: {'line': b'-- Symlinking: /workspace/ros2/install/depth_interfaces/share/depth_interfaces/cmake/rosidl_cmake_export_typesupport_targets-extras.cmake\n'}
[3.646545] (depth_interfaces) StdoutLine: {'line': b'-- Symlinking: /workspace/ros2/install/depth_interfaces/share/depth_interfaces/cmake/rosidl_cmake_export_typesupport_libraries-extras.cmake\n'}
[3.659132] (depth_interfaces) StdoutLine: {'line': b'-- Symlinking: /workspace/ros2/install/depth_interfaces/share/depth_interfaces/cmake/depth_interfacesConfig.cmake\n'}
[3.668908] (depth_interfaces) StdoutLine: {'line': b'-- Symlinking: /workspace/ros2/install/depth_interfaces/share/depth_interfaces/cmake/depth_interfacesConfig-version.cmake\n'}
[3.678619] (depth_interfaces) StdoutLine: {'line': b'-- Symlinking: /workspace/ros2/install/depth_interfaces/share/depth_interfaces/package.xml\n'}
[3.688216] (depth_interfaces) StdoutLine: {'line': b'-- Installing: /workspace/ros2/install/depth_interfaces/lib/libdepth_interfaces__rosidl_generator_c.so\n'}
[3.690136] (depth_interfaces) StdoutLine: {'line': b'-- Set runtime path of "/workspace/ros2/install/depth_interfaces/lib/libdepth_interfaces__rosidl_generator_c.so" to ""\n'}
[3.690222] (depth_interfaces) StdoutLine: {'line': b'-- Installing: /workspace/ros2/install/depth_interfaces/lib/libdepth_interfaces__rosidl_typesupport_fastrtps_c.so\n'}
[3.690277] (depth_interfaces) StdoutLine: {'line': b'-- Set runtime path of "/workspace/ros2/install/depth_interfaces/lib/libdepth_interfaces__rosidl_typesupport_fastrtps_c.so" to ""\n'}
[3.690330] (depth_interfaces) StdoutLine: {'line': b'-- Installing: /workspace/ros2/install/depth_interfaces/lib/libdepth_interfaces__rosidl_typesupport_introspection_c.so\n'}
[3.690379] (depth_interfaces) StdoutLine: {'line': b'-- Set runtime path of "/workspace/ros2/install/depth_interfaces/lib/libdepth_interfaces__rosidl_typesupport_introspection_c.so" to ""\n'}
[3.690429] (depth_interfaces) StdoutLine: {'line': b'-- Installing: /workspace/ros2/install/depth_interfaces/lib/libdepth_interfaces__rosidl_typesupport_c.so\n'}
[3.690479] (depth_interfaces) StdoutLine: {'line': b'-- Set runtime path of "/workspace/ros2/install/depth_interfaces/lib/libdepth_interfaces__rosidl_typesupport_c.so" to ""\n'}
[3.690532] (depth_interfaces) StdoutLine: {'line': b'-- Installing: /workspace/ros2/install/depth_interfaces/lib/libdepth_interfaces__rosidl_typesupport_fastrtps_cpp.so\n'}
[3.690642] (depth_interfaces) StdoutLine: {'line': b'-- Set runtime path of "/workspace/ros2/install/depth_interfaces/lib/libdepth_interfaces__rosidl_typesupport_fastrtps_cpp.so" to ""\n'}
[3.690696] (depth_interfaces) StdoutLine: {'line': b'-- Installing: /workspace/ros2/install/depth_interfaces/lib/libdepth_interfaces__rosidl_typesupport_introspection_cpp.so\n'}
[3.690902] (depth_interfaces) StdoutLine: {'line': b'-- Set runtime path of "/workspace/ros2/install/depth_interfaces/lib/libdepth_interfaces__rosidl_typesupport_introspection_cpp.so" to ""\n'}
[3.690956] (depth_interfaces) StdoutLine: {'line': b'-- Installing: /workspace/ros2/install/depth_interfaces/lib/libdepth_interfaces__rosidl_typesupport_cpp.so\n'}
[3.691448] (depth_interfaces) StdoutLine: {'line': b'-- Set runtime path of "/workspace/ros2/install/depth_interfaces/lib/libdepth_interfaces__rosidl_typesupport_cpp.so" to ""\n'}
[3.704968] (-) TimerEvent: {}
[3.725001] (depth_interfaces) StdoutLine: {'line': b"Listing '/workspace/ros2/install/depth_interfaces/local/lib/python3.10/dist-packages/depth_interfaces'...\n"}
[3.725088] (depth_interfaces) StdoutLine: {'line': b"Compiling '/workspace/ros2/install/depth_interfaces/local/lib/python3.10/dist-packages/depth_interfaces/__init__.py'...\n"}
[3.725122] (depth_interfaces) StdoutLine: {'line': b"Listing '/workspace/ros2/install/depth_interfaces/local/lib/python3.10/dist-packages/depth_interfaces/action'...\n"}
[3.725145] (depth_interfaces) StdoutLine: {'line': b"Compiling '/workspace/ros2/install/depth_interfaces/local/lib/python3.10/dist-packages/depth_interfaces/action/__init__.py'...\n"}
[3.725166] (depth_interfaces) StdoutLine: {'line': b"Compiling '/workspace/ros2/install/depth_interfaces/local/lib/python3.10/dist-packages/depth_interfaces/action/_dive.py'...\n"}
[3.725187] (depth_interfaces) StdoutLine: {'line': b"Listing '/workspace/ros2/install/depth_interfaces/local/lib/python3.10/dist-packages/depth_interfaces/srv'...\n"}
[3.725208] (depth_interfaces) StdoutLine: {'line': b"Compiling '/workspace/ros2/install/depth_interfaces/local/lib/python3.10/dist-packages/depth_interfaces/srv/__init__.py'...\n"}
[3.725233] (depth_interfaces) StdoutLine: {'line': b"Compiling '/workspace/ros2/install/depth_interfaces/local/lib/python3.10/dist-packages/depth_interfaces/srv/_calibrate.py'...\n"}
[3.727241] (depth_interfaces) StdoutLine: {'line': b'-- Installing: /workspace/ros2/install/depth_interfaces/lib/libdepth_interfaces__rosidl_generator_py.so\n'}
[3.727424] (depth_interfaces) StdoutLine: {'line': b'-- Set runtime path of "/workspace/ros2/install/depth_interfaces/lib/libdepth_interfaces__rosidl_generator_py.so" to ""\n'}
[3.727502] (depth_interfaces) StdoutLine: {'line': b'-- Installing: /workspace/ros2/install/depth_interfaces/share/depth_interfaces/cmake/export_depth_interfaces__rosidl_generator_cExport.cmake\n'}
[3.727531] (depth_interfaces) StdoutLine: {'line': b'-- Installing: /workspace/ros2/install/depth_interfaces/share/depth_interfaces/cmake/export_depth_interfaces__rosidl_generator_cExport-noconfig.cmake\n'}
[3.727558] (depth_interfaces) StdoutLine: {'line': b'-- Installing: /workspace/ros2/install/depth_interfaces/share/depth_interfaces/cmake/export_depth_interfaces__rosidl_typesupport_fastrtps_cExport.cmake\n'}
[3.727608] (depth_interfaces) StdoutLine: {'line': b'-- Installing: /workspace/ros2/install/depth_interfaces/share/depth_interfaces/cmake/export_depth_interfaces__rosidl_typesupport_fastrtps_cExport-noconfig.cmake\n'}
[3.727645] (depth_interfaces) StdoutLine: {'line': b'-- Installing: /workspace/ros2/install/depth_interfaces/share/depth_interfaces/cmake/depth_interfaces__rosidl_typesupport_introspection_cExport.cmake\n'}
[3.727667] (depth_interfaces) StdoutLine: {'line': b'-- Installing: /workspace/ros2/install/depth_interfaces/share/depth_interfaces/cmake/depth_interfaces__rosidl_typesupport_introspection_cExport-noconfig.cmake\n'}
[3.727695] (depth_interfaces) StdoutLine: {'line': b'-- Installing: /workspace/ros2/install/depth_interfaces/share/depth_interfaces/cmake/depth_interfaces__rosidl_typesupport_cExport.cmake\n'}
[3.727756] (depth_interfaces) StdoutLine: {'line': b'-- Installing: /workspace/ros2/install/depth_interfaces/share/depth_interfaces/cmake/depth_interfaces__rosidl_typesupport_cExport-noconfig.cmake\n'}
[3.727787] (depth_interfaces) StdoutLine: {'line': b'-- Installing: /workspace/ros2/install/depth_interfaces/share/depth_interfaces/cmake/export_depth_interfaces__rosidl_generator_cppExport.cmake\n'}
[3.727820] (depth_interfaces) StdoutLine: {'line': b'-- Installing: /workspace/ros2/install/depth_interfaces/share/depth_interfaces/cmake/export_depth_interfaces__rosidl_typesupport_fastrtps_cppExport.cmake\n'}
[3.727877] (depth_interfaces) StdoutLine: {'line': b'-- Installing: /workspace/ros2/install/depth_interfaces/share/depth_interfaces/cmake/export_depth_interfaces__rosidl_typesupport_fastrtps_cppExport-noconfig.cmake\n'}
[3.727934] (depth_interfaces) StdoutLine: {'line': b'-- Installing: /workspace/ros2/install/depth_interfaces/share/depth_interfaces/cmake/depth_interfaces__rosidl_typesupport_introspection_cppExport.cmake\n'}
[3.727998] (depth_interfaces) StdoutLine: {'line': b'-- Installing: /workspace/ros2/install/depth_interfaces/share/depth_interfaces/cmake/depth_interfaces__rosidl_typesupport_introspection_cppExport-noconfig.cmake\n'}
[3.728056] (depth_interfaces) StdoutLine: {'line': b'-- Installing: /workspace/ros2/install/depth_interfaces/share/depth_interfaces/cmake/depth_interfaces__rosidl_typesupport_cppExport.cmake\n'}
[3.728110] (depth_interfaces) StdoutLine: {'line': b'-- Installing: /workspace/ros2/install/depth_interfaces/share/depth_interfaces/cmake/depth_interfaces__rosidl_typesupport_cppExport-noconfig.cmake\n'}
[3.728165] (depth_interfaces) StdoutLine: {'line': b'-- Installing: /workspace/ros2/install/depth_interfaces/share/depth_interfaces/cmake/export_depth_interfaces__rosidl_generator_pyExport.cmake\n'}
[3.728219] (depth_interfaces) StdoutLine: {'line': b'-- Installing: /workspace/ros2/install/depth_interfaces/share/depth_interfaces/cmake/export_depth_interfaces__rosidl_generator_pyExport-noconfig.cmake\n'}
[3.729687] (depth_interfaces) CommandEnded: {'returncode': 0}
[3.738060] (depth_interfaces) JobEnded: {'identifier': 'depth_interfaces', 'rc': 0}
[3.738573] (depth_core) JobStarted: {'identifier': 'depth_core'}
[3.805066] (-) TimerEvent: {}
[3.905233] (-) TimerEvent: {}
[4.005448] (-) TimerEvent: {}
[4.105666] (-) TimerEvent: {}
[4.185290] (depth_core) Command: {'cmd': ['/usr/bin/python3', '-W', 'ignore:setup.py install is deprecated', '-W', 'ignore:easy_install command is deprecated', 'setup.py', 'develop', '--editable', '--build-directory', '/workspace/ros2/build/depth_core/build', '--no-deps', 'symlink_data'], 'cwd': '/workspace/ros2/build/depth_core', 'env': {'HOSTNAME': 'ziad-Dell-G15-5530', 'SHLVL': '1', 'LD_LIBRARY_PATH': '/workspace/ros2/install/depth_interfaces/lib:/opt/ros/humble/opt/rviz_ogre_vendor/lib:/opt/ros/humble/lib/x86_64-linux-gnu:/opt/ros/humble/lib', 'HOME': '/home/ros', 'OLDPWD': '/workspace/ros2', 'ROS_PYTHON_VERSION': '3', 'COLCON_PREFIX_PATH': '/workspace/ros2/install', 'ROS_DISTRO': 'humble', '_': '/usr/bin/colcon', 'ROS_VERSION': '2', 'TERM': 'xterm', 'ROS_LOCALHOST_ONLY': '0', 'PATH': '/opt/ros/humble/bin:/usr/local/sbin:/usr/local/bin:/usr/sbin:/usr/bin:/sbin:/bin', 'DISPLAY': ':0', 'LANG': 'C.UTF-8', 'AMENT_PREFIX_PATH': '/workspace/ros2/install/fake_depth_sensor:/workspace/ros2/install/depth_core:/workspace/ros2/install/depth_interfaces:/opt/ros/humble', 'PWD': '/workspace/ros2/build/depth_core', 'LC_ALL': 'C.UTF-8', 'PYTHONPATH': '/workspace/ros2/build/depth_core/prefix_override:/usr/lib/python3/dist-packages/colcon_core/task/python/colcon_distutils_commands:/workspace/ros2/install/depth_core/lib/python3.10/site-packages:/workspace/ros2/build/fake_depth_sensor:/workspace/ros2/install/fake_depth_sensor/lib/python3.10/site-packages:/workspace/ros2/build/depth_core:/workspace/ros2/install/depth_core/lib/python3.10/site-packages:/workspace/ros2/install/depth_interfaces/local/lib/python3.10/dist-packages:/opt/ros/humble/lib/python3.10/site-packages:/opt/ros/humble/local/lib/python3.10/dist-packages', 'COLCON': '1', 'CMAKE_PREFIX_PATH': '/workspace/ros2/install/depth_interfaces'}, 'shell': False}
[4.205771] (-) TimerEvent: {}
[4.306061] (-) TimerEvent: {}
[4.309800] (depth_core) StdoutLine: {'line': b'running develop\n'}
[4.366624] (depth_core) StdoutLine: {'line': b'running egg_info\n'}
[4.366795] (depth_core) StdoutLine: {'line': b'creating depth_core.egg-info\n'}
[4.366834] (depth_core) StdoutLine: {'line': b'writing depth_core.egg-info/PKG-INFO\n'}
[4.366890] (depth_core) StdoutLine: {'line': b'writing dependency_links to depth_core.egg-info/dependency_links.txt\n'}
[4.366918] (depth_core) StdoutLine: {'line': b'writing entry points to depth_core.egg-info/entry_points.txt\n'}
[4.366956] (depth_core) StdoutLine: {'line': b'writing requirements to depth_core.egg-info/requires.txt\n'}
[4.366993] (depth_core) StdoutLine: {'line': b'writing top-level names to depth_core.egg-info/top_level.txt\n'}
[4.367026] (depth_core) StdoutLine: {'line': b"writing manifest file 'depth_core.egg-info/SOURCES.txt'\n"}
[4.367990] (depth_core) StdoutLine: {'line': b"reading manifest file 'depth_core.egg-info/SOURCES.txt'\n"}
[4.368123] (depth_core) StdoutLine: {'line': b"writing manifest file 'depth_core.egg-info/SOURCES.txt'\n"}
[4.368823] (depth_core) StdoutLine: {'line': b'running build_ext\n'}
[4.368893] (depth_core) StdoutLine: {'line': b'Creating /workspace/ros2/install/depth_core/lib/python3.10/site-packages/depth-core.egg-link (link to .)\n'}
[4.369339] (depth_core) StdoutLine: {'line': b'Installing fake_sensor_node script to /workspace/ros2/install/depth_core/lib/depth_core\n'}
[4.369479] (depth_core) StdoutLine: {'line': b'\n'}
[4.369509] (depth_core) StdoutLine: {'line': b'Installed /workspace/ros2/build/depth_core\n'}
[4.369532] (depth_core) StdoutLine: {'line': b'running symlink_data\n'}
[4.369579] (depth_core) StdoutLine: {'line': b'creating /workspace/ros2/install/depth_core/share/ament_index\n'}
[4.369602] (depth_core) StdoutLine: {'line': b'creating /workspace/ros2/install/depth_core/share/ament_index/resource_index\n'}
[4.369625] (depth_core) StdoutLine: {'line': b'creating /workspace/ros2/install/depth_core/share/ament_index/resource_index/packages\n'}
[4.369647] (depth_core) StdoutLine: {'line': b'symbolically linking /workspace/ros2/build/depth_core/resource/depth_core -> /workspace/ros2/install/depth_core/share/ament_index/resource_index/packages\n'}
[4.369670] (depth_core) StdoutLine: {'line': b'symbolically linking /workspace/ros2/build/depth_core/package.xml -> /workspace/ros2/install/depth_core/share/depth_core\n'}
[4.369691] (depth_core) StdoutLine: {'line': b'creating /workspace/ros2/install/depth_core/share/depth_core/launch\n'}
[4.369713] (depth_core) StdoutLine: {'line': b'symbolically linking /workspace/ros2/build/depth_core/launch/project_launch.py -> /workspace/ros2/install/depth_core/share/depth_core/launch\n'}
[4.381830] (depth_core) CommandEnded: {'returncode': 0}
[4.385859] (depth_core) JobEnded: {'identifier': 'depth_core', 'rc': 0}
[4.386124] (-) EventReactorShutdown: {}
