[0.052s] DEBUG:colcon:Command line arguments: ['/usr/bin/colcon', 'build', '--symlink-install']
[0.052s] DEBUG:colcon:Parsed command line arguments: Namespace(log_base=None, log_level=None, verb_name='build', build_base='build', install_base='install', merge_install=False, symlink_install=True, test_result_base=None, continue_on_error=False, executor='parallel', parallel_workers=20, event_handlers=None, ignore_user_meta=False, metas=['./colcon.meta'], base_paths=['.'], packages_ignore=None, packages_ignore_regex=None, paths=None, packages_up_to=None, packages_up_to_regex=None, packages_above=None, packages_above_and_dependencies=None, packages_above_depth=None, packages_select_by_dep=None, packages_skip_by_dep=None, packages_skip_up_to=None, packages_select_build_failed=False, packages_skip_build_finished=False, packages_select_test_failures=False, packages_skip_test_passed=False, packages_select=None, packages_skip=None, packages_select_regex=None, packages_skip_regex=None, packages_start=None, packages_end=None, cmake_args=None, cmake_target=None, cmake_target_skip_unavailable=False, cmake_clean_cache=False, cmake_clean_first=False, cmake_force_configure=False, ament_cmake_args=None, catkin_cmake_args=None, catkin_skip_building_tests=False, mixin_files=None, mixin=None, verb_parser=<colcon_mixin.mixin.mixin_argument.MixinArgumentDecorator object at 0x7b382db60520>, verb_extension=<colcon_core.verb.build.BuildVerb object at 0x7b382db2ffa0>, main=<bound method BuildVerb.main of <colcon_core.verb.build.BuildVerb object at 0x7b382db2ffa0>>, mixin_verb=('build',))
[0.117s] Level 1:colcon.colcon_core.package_discovery:discover_packages(colcon_meta) check parameters
[0.117s] Level 1:colcon.colcon_core.package_discovery:discover_packages(recursive) check parameters
[0.117s] Level 1:colcon.colcon_core.package_discovery:discover_packages(ignore) check parameters
[0.117s] Level 1:colcon.colcon_core.package_discovery:discover_packages(path) check parameters
[0.117s] Level 1:colcon.colcon_core.package_discovery:discover_packages(colcon_meta) discover
[0.117s] Level 1:colcon.colcon_core.package_discovery:discover_packages(recursive) discover
[0.117s] INFO:colcon.colcon_core.package_discovery:Crawling recursively for packages in '/workspace/ros2'
[0.117s] Level 1:colcon.colcon_core.package_identification:_identify(.) by extensions ['ignore', 'ignore_ament_install']
[0.117s] Level 1:colcon.colcon_core.package_identification:_identify(.) by extension 'ignore'
[0.117s] Level 1:colcon.colcon_core.package_identification:_identify(.) by extension 'ignore_ament_install'
[0.117s] Level 1:colcon.colcon_core.package_identification:_identify(.) by extensions ['colcon_pkg']
[0.117s] Level 1:colcon.colcon_core.package_identification:_identify(.) by extension 'colcon_pkg'
[0.117s] Level 1:colcon.colcon_core.package_identification:_identify(.) by extensions ['colcon_meta']
[0.117s] Level 1:colcon.colcon_core.package_identification:_identify(.) by extension 'colcon_meta'
[0.117s] Level 1:colcon.colcon_core.package_identification:_identify(.) by extensions ['ros']
[0.117s] Level 1:colcon.colcon_core.package_identification:_identify(.) by extension 'ros'
[0.123s] Level 1:colcon.colcon_core.package_identification:_identify(.) by extensions ['cmake', 'python']
[0.123s] Level 1:colcon.colcon_core.package_identification:_identify(.) by extension 'cmake'
[0.123s] Level 1:colcon.colcon_core.package_identification:_identify(.) by extension 'python'
[0.123s] Level 1:colcon.colcon_core.package_identification:_identify(.) by extensions ['python_setup_py']
[0.123s] Level 1:colcon.colcon_core.package_identification:_identify(.) by extension 'python_setup_py'
[0.123s] Level 1:colcon.colcon_core.package_identification:_identify(build) by extensions ['ignore', 'ignore_ament_install']
[0.123s] Level 1:colcon.colcon_core.package_identification:_identify(build) by extension 'ignore'
[0.124s] Level 1:colcon.colcon_core.package_identification:_identify(build) ignored
[0.124s] Level 1:colcon.colcon_core.package_identification:_identify(install) by extensions ['ignore', 'ignore_ament_install']
[0.124s] Level 1:colcon.colcon_core.package_identification:_identify(install) by extension 'ignore'
[0.124s] Level 1:colcon.colcon_core.package_identification:_identify(install) ignored
[0.124s] Level 1:colcon.colcon_core.package_identification:_identify(log) by extensions ['ignore', 'ignore_ament_install']
[0.124s] Level 1:colcon.colcon_core.package_identification:_identify(log) by extension 'ignore'
[0.124s] Level 1:colcon.colcon_core.package_identification:_identify(log) ignored
[0.124s] Level 1:colcon.colcon_core.package_identification:_identify(src) by extensions ['ignore', 'ignore_ament_install']
[0.124s] Level 1:colcon.colcon_core.package_identification:_identify(src) by extension 'ignore'
[0.124s] Level 1:colcon.colcon_core.package_identification:_identify(src) by extension 'ignore_ament_install'
[0.124s] Level 1:colcon.colcon_core.package_identification:_identify(src) by extensions ['colcon_pkg']
[0.124s] Level 1:colcon.colcon_core.package_identification:_identify(src) by extension 'colcon_pkg'
[0.124s] Level 1:colcon.colcon_core.package_identification:_identify(src) by extensions ['colcon_meta']
[0.124s] Level 1:colcon.colcon_core.package_identification:_identify(src) by extension 'colcon_meta'
[0.124s] Level 1:colcon.colcon_core.package_identification:_identify(src) by extensions ['ros']
[0.124s] Level 1:colcon.colcon_core.package_identification:_identify(src) by extension 'ros'
[0.124s] Level 1:colcon.colcon_core.package_identification:_identify(src) by extensions ['cmake', 'python']
[0.124s] Level 1:colcon.colcon_core.package_identification:_identify(src) by extension 'cmake'
[0.124s] Level 1:colcon.colcon_core.package_identification:_identify(src) by extension 'python'
[0.124s] Level 1:colcon.colcon_core.package_identification:_identify(src) by extensions ['python_setup_py']
[0.124s] Level 1:colcon.colcon_core.package_identification:_identify(src) by extension 'python_setup_py'
[0.124s] Level 1:colcon.colcon_core.package_identification:_identify(src/depth_core) by extensions ['ignore', 'ignore_ament_install']
[0.124s] Level 1:colcon.colcon_core.package_identification:_identify(src/depth_core) by extension 'ignore'
[0.124s] Level 1:colcon.colcon_core.package_identification:_identify(src/depth_core) by extension 'ignore_ament_install'
[0.124s] Level 1:colcon.colcon_core.package_identification:_identify(src/depth_core) by extensions ['colcon_pkg']
[0.124s] Level 1:colcon.colcon_core.package_identification:_identify(src/depth_core) by extension 'colcon_pkg'
[0.124s] Level 1:colcon.colcon_core.package_identification:_identify(src/depth_core) by extensions ['colcon_meta']
[0.124s] Level 1:colcon.colcon_core.package_identification:_identify(src/depth_core) by extension 'colcon_meta'
[0.124s] Level 1:colcon.colcon_core.package_identification:_identify(src/depth_core) by extensions ['ros']
[0.124s] Level 1:colcon.colcon_core.package_identification:_identify(src/depth_core) by extension 'ros'
[0.125s] DEBUG:colcon.colcon_core.package_identification:Package 'src/depth_core' with type 'ros.ament_python' and name 'depth_core'
[0.125s] Level 1:colcon.colcon_core.package_identification:_identify(src/depth_interfaces) by extensions ['ignore', 'ignore_ament_install']
[0.125s] Level 1:colcon.colcon_core.package_identification:_identify(src/depth_interfaces) by extension 'ignore'
[0.126s] Level 1:colcon.colcon_core.package_identification:_identify(src/depth_interfaces) by extension 'ignore_ament_install'
[0.126s] Level 1:colcon.colcon_core.package_identification:_identify(src/depth_interfaces) by extensions ['colcon_pkg']
[0.126s] Level 1:colcon.colcon_core.package_identification:_identify(src/depth_interfaces) by extension 'colcon_pkg'
[0.126s] Level 1:colcon.colcon_core.package_identification:_identify(src/depth_interfaces) by extensions ['colcon_meta']
[0.126s] Level 1:colcon.colcon_core.package_identification:_identify(src/depth_interfaces) by extension 'colcon_meta'
[0.126s] Level 1:colcon.colcon_core.package_identification:_identify(src/depth_interfaces) by extensions ['ros']
[0.126s] Level 1:colcon.colcon_core.package_identification:_identify(src/depth_interfaces) by extension 'ros'
[0.126s] DEBUG:colcon.colcon_core.package_identification:Package 'src/depth_interfaces' with type 'ros.ament_cmake' and name 'depth_interfaces'
[0.126s] Level 1:colcon.colcon_core.package_identification:_identify(src/fake_depth_sensor) by extensions ['ignore', 'ignore_ament_install']
[0.126s] Level 1:colcon.colcon_core.package_identification:_identify(src/fake_depth_sensor) by extension 'ignore'
[0.126s] Level 1:colcon.colcon_core.package_identification:_identify(src/fake_depth_sensor) by extension 'ignore_ament_install'
[0.126s] Level 1:colcon.colcon_core.package_identification:_identify(src/fake_depth_sensor) by extensions ['colcon_pkg']
[0.126s] Level 1:colcon.colcon_core.package_identification:_identify(src/fake_depth_sensor) by extension 'colcon_pkg'
[0.126s] Level 1:colcon.colcon_core.package_identification:_identify(src/fake_depth_sensor) by extensions ['colcon_meta']
[0.126s] Level 1:colcon.colcon_core.package_identification:_identify(src/fake_depth_sensor) by extension 'colcon_meta'
[0.126s] Level 1:colcon.colcon_core.package_identification:_identify(src/fake_depth_sensor) by extensions ['ros']
[0.126s] Level 1:colcon.colcon_core.package_identification:_identify(src/fake_depth_sensor) by extension 'ros'
[0.126s] DEBUG:colcon.colcon_core.package_identification:Package 'src/fake_depth_sensor' with type 'ros.ament_python' and name 'fake_depth_sensor'
[0.126s] Level 1:colcon.colcon_core.package_discovery:discover_packages(recursive) using defaults
[0.126s] Level 1:colcon.colcon_core.package_discovery:discover_packages(ignore) discover
[0.126s] Level 1:colcon.colcon_core.package_discovery:discover_packages(ignore) using defaults
[0.127s] Level 1:colcon.colcon_core.package_discovery:discover_packages(path) discover
[0.127s] Level 1:colcon.colcon_core.package_discovery:discover_packages(path) using defaults
[0.137s] Level 5:colcon.colcon_core.verb:set package 'depth_interfaces' build argument 'cmake_args' from command line to 'None'
[0.137s] Level 5:colcon.colcon_core.verb:set package 'depth_interfaces' build argument 'cmake_target' from command line to 'None'
[0.137s] Level 5:colcon.colcon_core.verb:set package 'depth_interfaces' build argument 'cmake_target_skip_unavailable' from command line to 'False'
[0.137s] Level 5:colcon.colcon_core.verb:set package 'depth_interfaces' build argument 'cmake_clean_cache' from command line to 'False'
[0.137s] Level 5:colcon.colcon_core.verb:set package 'depth_interfaces' build argument 'cmake_clean_first' from command line to 'False'
[0.137s] Level 5:colcon.colcon_core.verb:set package 'depth_interfaces' build argument 'cmake_force_configure' from command line to 'False'
[0.137s] Level 5:colcon.colcon_core.verb:set package 'depth_interfaces' build argument 'ament_cmake_args' from command line to 'None'
[0.137s] Level 5:colcon.colcon_core.verb:set package 'depth_interfaces' build argument 'catkin_cmake_args' from command line to 'None'
[0.137s] Level 5:colcon.colcon_core.verb:set package 'depth_interfaces' build argument 'catkin_skip_building_tests' from command line to 'False'
[0.137s] DEBUG:colcon.colcon_core.verb:Building package 'depth_interfaces' with the following arguments: {'ament_cmake_args': None, 'build_base': '/workspace/ros2/build/depth_interfaces', 'catkin_cmake_args': None, 'catkin_skip_building_tests': False, 'cmake_args': None, 'cmake_clean_cache': False, 'cmake_clean_first': False, 'cmake_force_configure': False, 'cmake_target': None, 'cmake_target_skip_unavailable': False, 'install_base': '/workspace/ros2/install/depth_interfaces', 'merge_install': False, 'path': '/workspace/ros2/src/depth_interfaces', 'symlink_install': True, 'test_result_base': None}
[0.137s] Level 5:colcon.colcon_core.verb:set package 'fake_depth_sensor' build argument 'cmake_args' from command line to 'None'
[0.137s] Level 5:colcon.colcon_core.verb:set package 'fake_depth_sensor' build argument 'cmake_target' from command line to 'None'
[0.137s] Level 5:colcon.colcon_core.verb:set package 'fake_depth_sensor' build argument 'cmake_target_skip_unavailable' from command line to 'False'
[0.137s] Level 5:colcon.colcon_core.verb:set package 'fake_depth_sensor' build argument 'cmake_clean_cache' from command line to 'False'
[0.137s] Level 5:colcon.colcon_core.verb:set package 'fake_depth_sensor' build argument 'cmake_clean_first' from command line to 'False'
[0.137s] Level 5:colcon.colcon_core.verb:set package 'fake_depth_sensor' build argument 'cmake_force_configure' from command line to 'False'
[0.137s] Level 5:colcon.colcon_core.verb:set package 'fake_depth_sensor' build argument 'ament_cmake_args' from command line to 'None'
[0.137s] Level 5:colcon.colcon_core.verb:set package 'fake_depth_sensor' build argument 'catkin_cmake_args' from command line to 'None'
[0.137s] Level 5:colcon.colcon_core.verb:set package 'fake_depth_sensor' build argument 'catkin_skip_building_tests' from command line to 'False'
[0.137s] DEBUG:colcon.colcon_core.verb:Building package 'fake_depth_sensor' with the following arguments: {'ament_cmake_args': None, 'build_base': '/workspace/ros2/build/fake_depth_sensor', 'catkin_cmake_args': None, 'catkin_skip_building_tests': False, 'cmake_args': None, 'cmake_clean_cache': False, 'cmake_clean_first': False, 'cmake_force_configure': False, 'cmake_target': None, 'cmake_target_skip_unavailable': False, 'install_base': '/workspace/ros2/install/fake_depth_sensor', 'merge_install': False, 'path': '/workspace/ros2/src/fake_depth_sensor', 'symlink_install': True, 'test_result_base': None}
[0.137s] Level 5:colcon.colcon_core.verb:set package 'depth_core' build argument 'cmake_args' from command line to 'None'
[0.137s] Level 5:colcon.colcon_core.verb:set package 'depth_core' build argument 'cmake_target' from command line to 'None'
[0.137s] Level 5:colcon.colcon_core.verb:set package 'depth_core' build argument 'cmake_target_skip_unavailable' from command line to 'False'
[0.137s] Level 5:colcon.colcon_core.verb:set package 'depth_core' build argument 'cmake_clean_cache' from command line to 'False'
[0.137s] Level 5:colcon.colcon_core.verb:set package 'depth_core' build argument 'cmake_clean_first' from command line to 'False'
[0.137s] Level 5:colcon.colcon_core.verb:set package 'depth_core' build argument 'cmake_force_configure' from command line to 'False'
[0.137s] Level 5:colcon.colcon_core.verb:set package 'depth_core' build argument 'ament_cmake_args' from command line to 'None'
[0.137s] Level 5:colcon.colcon_core.verb:set package 'depth_core' build argument 'catkin_cmake_args' from command line to 'None'
[0.137s] Level 5:colcon.colcon_core.verb:set package 'depth_core' build argument 'catkin_skip_building_tests' from command line to 'False'
[0.137s] DEBUG:colcon.colcon_core.verb:Building package 'depth_core' with the following arguments: {'ament_cmake_args': None, 'build_base': '/workspace/ros2/build/depth_core', 'catkin_cmake_args': None, 'catkin_skip_building_tests': False, 'cmake_args': None, 'cmake_clean_cache': False, 'cmake_clean_first': False, 'cmake_force_configure': False, 'cmake_target': None, 'cmake_target_skip_unavailable': False, 'install_base': '/workspace/ros2/install/depth_core', 'merge_install': False, 'path': '/workspace/ros2/src/depth_core', 'symlink_install': True, 'test_result_base': None}
[0.137s] INFO:colcon.colcon_core.executor:Executing jobs using 'parallel' executor
[0.138s] DEBUG:colcon.colcon_parallel_executor.executor.parallel:run_until_complete
[0.138s] INFO:colcon.colcon_ros.task.ament_cmake.build:Building ROS package in '/workspace/ros2/src/depth_interfaces' with build type 'ament_cmake'
[0.138s] INFO:colcon.colcon_cmake.task.cmake.build:Building CMake package in '/workspace/ros2/src/depth_interfaces'
[0.139s] INFO:colcon.colcon_core.plugin_system:Skipping extension 'colcon_core.shell.bat': Not used on non-Windows systems
[0.139s] INFO:colcon.colcon_core.shell:Skip shell extension 'powershell' for command environment: Not usable outside of PowerShell
[0.139s] DEBUG:colcon.colcon_core.shell:Skip shell extension 'dsv' for command environment
[0.140s] WARNING:colcon.colcon_ros.prefix_path.ament:The path '/workspace/ros2/install/fake_depth_sensor' in the environment variable AMENT_PREFIX_PATH doesn't exist
[0.140s] WARNING:colcon.colcon_ros.prefix_path.ament:The path '/workspace/ros2/install/depth_core' in the environment variable AMENT_PREFIX_PATH doesn't exist
[0.140s] WARNING:colcon.colcon_ros.prefix_path.ament:The path '/workspace/ros2/install/depth_interfaces' in the environment variable AMENT_PREFIX_PATH doesn't exist
[0.140s] WARNING:colcon.colcon_ros.prefix_path.catkin:The path '/workspace/ros2/install/depth_interfaces' in the environment variable CMAKE_PREFIX_PATH doesn't exist
[0.142s] INFO:colcon.colcon_ros.task.ament_python.build:Building ROS package in '/workspace/ros2/src/fake_depth_sensor' with build type 'ament_python'
[0.142s] Level 1:colcon.colcon_core.shell:create_environment_hook('fake_depth_sensor', 'ament_prefix_path')
[0.142s] INFO:colcon.colcon_core.shell:Creating environment hook '/workspace/ros2/install/fake_depth_sensor/share/fake_depth_sensor/hook/ament_prefix_path.ps1'
[0.142s] INFO:colcon.colcon_core.shell:Creating environment descriptor '/workspace/ros2/install/fake_depth_sensor/share/fake_depth_sensor/hook/ament_prefix_path.dsv'
[0.143s] INFO:colcon.colcon_core.shell:Creating environment hook '/workspace/ros2/install/fake_depth_sensor/share/fake_depth_sensor/hook/ament_prefix_path.sh'
[0.143s] INFO:colcon.colcon_core.shell:Skip shell extension 'powershell' for command environment: Not usable outside of PowerShell
[0.143s] DEBUG:colcon.colcon_core.shell:Skip shell extension 'dsv' for command environment
[0.147s] DEBUG:colcon.colcon_core.event_handler.log_command:Invoking command in '/workspace/ros2/build/depth_interfaces': CMAKE_PREFIX_PATH=${CMAKE_PREFIX_PATH}:/workspace/ros2/install/fake_depth_sensor:/workspace/ros2/install/depth_core:/opt/ros/humble /usr/bin/cmake /workspace/ros2/src/depth_interfaces -DAMENT_CMAKE_SYMLINK_INSTALL=1 -DCMAKE_INSTALL_PREFIX=/workspace/ros2/install/depth_interfaces
[0.260s] INFO:colcon.colcon_core.task.python.build:Building Python package in '/workspace/ros2/src/fake_depth_sensor'
[0.261s] INFO:colcon.colcon_core.shell:Skip shell extension 'powershell' for command environment: Not usable outside of PowerShell
[0.261s] DEBUG:colcon.colcon_core.shell:Skip shell extension 'dsv' for command environment
[0.414s] DEBUG:colcon.colcon_core.task.python.build:Available setuptools commands: alias, upload_docs, install_headers, easy_install, bdist_egg, install_lib, register, develop, test, install, check, install_egg_info, build, bdist_rpm, install_scripts, symlink_data, sdist, bdist_dumb, saveopts, install_data, egg_info, build_py, bdist, build_clib, dist_info, setopt, clean, rotate, build_ext, upload, build_scripts
[0.552s] DEBUG:colcon.colcon_core.task.python.build:Available setuptools 'develop' options: --dry-run, --uninstall, --exclude-scripts, --find-links, --help, --force-installation-into-system-dir, --always-unzip, --optimize, --local-snapshots-ok, --multi-version, --record, --verbose, --zip-ok, --version, --install-dir, --no-user-cfg, --editable, --user, --build-directory, --egg-path, --install-layout, --index-url, --site-dirs, --quiet, --always-copy, --no-deps, --allow-hosts, --upgrade, --prefix, --no-find-links, --script-dir
[0.553s] DEBUG:colcon.colcon_core.event_handler.log_command:Invoking command in '/workspace/ros2/build/fake_depth_sensor': PYTHONPATH=/workspace/ros2/build/fake_depth_sensor/prefix_override:/usr/lib/python3/dist-packages/colcon_core/task/python/colcon_distutils_commands:/workspace/ros2/install/fake_depth_sensor/lib/python3.10/site-packages:${PYTHONPATH} /usr/bin/python3 -W ignore:setup.py install is deprecated -W ignore:easy_install command is deprecated setup.py develop --editable --build-directory /workspace/ros2/build/fake_depth_sensor/build --no-deps symlink_data
[0.779s] Level 1:colcon.colcon_core.shell:create_environment_hook('fake_depth_sensor', 'pythonpath_develop')
[0.779s] INFO:colcon.colcon_core.shell:Creating environment hook '/workspace/ros2/build/fake_depth_sensor/share/fake_depth_sensor/hook/pythonpath_develop.ps1'
[0.780s] DEBUG:colcon.colcon_core.event_handler.log_command:Invoked command in '/workspace/ros2/build/fake_depth_sensor' returned '0': PYTHONPATH=/workspace/ros2/build/fake_depth_sensor/prefix_override:/usr/lib/python3/dist-packages/colcon_core/task/python/colcon_distutils_commands:/workspace/ros2/install/fake_depth_sensor/lib/python3.10/site-packages:${PYTHONPATH} /usr/bin/python3 -W ignore:setup.py install is deprecated -W ignore:easy_install command is deprecated setup.py develop --editable --build-directory /workspace/ros2/build/fake_depth_sensor/build --no-deps symlink_data
[0.780s] INFO:colcon.colcon_core.shell:Creating environment descriptor '/workspace/ros2/build/fake_depth_sensor/share/fake_depth_sensor/hook/pythonpath_develop.dsv'
[0.780s] INFO:colcon.colcon_core.shell:Creating environment hook '/workspace/ros2/build/fake_depth_sensor/share/fake_depth_sensor/hook/pythonpath_develop.sh'
[0.781s] Level 1:colcon.colcon_core.environment:checking '/workspace/ros2/install/fake_depth_sensor' for CMake module files
[0.781s] Level 1:colcon.colcon_core.environment:checking '/workspace/ros2/install/fake_depth_sensor' for CMake config files
[0.782s] Level 1:colcon.colcon_core.environment:checking '/workspace/ros2/install/fake_depth_sensor/lib'
[0.782s] Level 1:colcon.colcon_core.environment:checking '/workspace/ros2/install/fake_depth_sensor/bin'
[0.782s] Level 1:colcon.colcon_core.environment:checking '/workspace/ros2/install/fake_depth_sensor/lib/pkgconfig/fake_depth_sensor.pc'
[0.782s] Level 1:colcon.colcon_core.environment:checking '/workspace/ros2/install/fake_depth_sensor/lib/python3.10/site-packages'
[0.782s] Level 1:colcon.colcon_core.shell:create_environment_hook('fake_depth_sensor', 'pythonpath')
[0.782s] INFO:colcon.colcon_core.shell:Creating environment hook '/workspace/ros2/install/fake_depth_sensor/share/fake_depth_sensor/hook/pythonpath.ps1'
[0.782s] INFO:colcon.colcon_core.shell:Creating environment descriptor '/workspace/ros2/install/fake_depth_sensor/share/fake_depth_sensor/hook/pythonpath.dsv'
[0.782s] INFO:colcon.colcon_core.shell:Creating environment hook '/workspace/ros2/install/fake_depth_sensor/share/fake_depth_sensor/hook/pythonpath.sh'
[0.783s] Level 1:colcon.colcon_core.environment:checking '/workspace/ros2/install/fake_depth_sensor/bin'
[0.783s] Level 1:colcon.colcon_core.environment:create_environment_scripts_only(fake_depth_sensor)
[0.783s] INFO:colcon.colcon_core.shell:Creating package script '/workspace/ros2/install/fake_depth_sensor/share/fake_depth_sensor/package.ps1'
[0.784s] INFO:colcon.colcon_core.shell:Creating package descriptor '/workspace/ros2/install/fake_depth_sensor/share/fake_depth_sensor/package.dsv'
[0.784s] INFO:colcon.colcon_core.shell:Creating package script '/workspace/ros2/install/fake_depth_sensor/share/fake_depth_sensor/package.sh'
[0.784s] INFO:colcon.colcon_core.shell:Creating package script '/workspace/ros2/install/fake_depth_sensor/share/fake_depth_sensor/package.bash'
[0.785s] INFO:colcon.colcon_core.shell:Creating package script '/workspace/ros2/install/fake_depth_sensor/share/fake_depth_sensor/package.zsh'
[0.785s] Level 1:colcon.colcon_core.environment:create_file_with_runtime_dependencies(/workspace/ros2/install/fake_depth_sensor/share/colcon-core/packages/fake_depth_sensor)
[1.225s] DEBUG:colcon.colcon_core.event_handler.log_command:Invoked command in '/workspace/ros2/build/depth_interfaces' returned '0': CMAKE_PREFIX_PATH=${CMAKE_PREFIX_PATH}:/workspace/ros2/install/fake_depth_sensor:/workspace/ros2/install/depth_core:/opt/ros/humble /usr/bin/cmake /workspace/ros2/src/depth_interfaces -DAMENT_CMAKE_SYMLINK_INSTALL=1 -DCMAKE_INSTALL_PREFIX=/workspace/ros2/install/depth_interfaces
[1.226s] DEBUG:colcon.colcon_core.event_handler.log_command:Invoking command in '/workspace/ros2/build/depth_interfaces': CMAKE_PREFIX_PATH=${CMAKE_PREFIX_PATH}:/workspace/ros2/install/fake_depth_sensor:/workspace/ros2/install/depth_core:/opt/ros/humble /usr/bin/cmake --build /workspace/ros2/build/depth_interfaces -- -j20 -l20
[3.023s] DEBUG:colcon.colcon_core.event_handler.log_command:Invoked command in '/workspace/ros2/build/depth_interfaces' returned '0': CMAKE_PREFIX_PATH=${CMAKE_PREFIX_PATH}:/workspace/ros2/install/fake_depth_sensor:/workspace/ros2/install/depth_core:/opt/ros/humble /usr/bin/cmake --build /workspace/ros2/build/depth_interfaces -- -j20 -l20
[3.034s] DEBUG:colcon.colcon_core.event_handler.log_command:Invoking command in '/workspace/ros2/build/depth_interfaces': CMAKE_PREFIX_PATH=${CMAKE_PREFIX_PATH}:/workspace/ros2/install/fake_depth_sensor:/workspace/ros2/install/depth_core:/opt/ros/humble /usr/bin/cmake --install /workspace/ros2/build/depth_interfaces
[3.867s] Level 1:colcon.colcon_core.environment:create_environment_scripts_only(depth_interfaces)
[3.868s] Level 1:colcon.colcon_core.environment:checking '/workspace/ros2/install/depth_interfaces' for CMake module files
[3.868s] DEBUG:colcon.colcon_core.event_handler.log_command:Invoked command in '/workspace/ros2/build/depth_interfaces' returned '0': CMAKE_PREFIX_PATH=${CMAKE_PREFIX_PATH}:/workspace/ros2/install/fake_depth_sensor:/workspace/ros2/install/depth_core:/opt/ros/humble /usr/bin/cmake --install /workspace/ros2/build/depth_interfaces
[3.868s] Level 1:colcon.colcon_core.environment:checking '/workspace/ros2/install/depth_interfaces' for CMake config files
[3.869s] Level 1:colcon.colcon_core.shell:create_environment_hook('depth_interfaces', 'cmake_prefix_path')
[3.869s] INFO:colcon.colcon_core.shell:Creating environment hook '/workspace/ros2/install/depth_interfaces/share/depth_interfaces/hook/cmake_prefix_path.ps1'
[3.869s] INFO:colcon.colcon_core.shell:Creating environment descriptor '/workspace/ros2/install/depth_interfaces/share/depth_interfaces/hook/cmake_prefix_path.dsv'
[3.869s] INFO:colcon.colcon_core.shell:Creating environment hook '/workspace/ros2/install/depth_interfaces/share/depth_interfaces/hook/cmake_prefix_path.sh'
[3.869s] Level 1:colcon.colcon_core.environment:checking '/workspace/ros2/install/depth_interfaces/lib'
[3.870s] Level 1:colcon.colcon_core.shell:create_environment_hook('depth_interfaces', 'ld_library_path_lib')
[3.870s] INFO:colcon.colcon_core.shell:Creating environment hook '/workspace/ros2/install/depth_interfaces/share/depth_interfaces/hook/ld_library_path_lib.ps1'
[3.870s] INFO:colcon.colcon_core.shell:Creating environment descriptor '/workspace/ros2/install/depth_interfaces/share/depth_interfaces/hook/ld_library_path_lib.dsv'
[3.870s] INFO:colcon.colcon_core.shell:Creating environment hook '/workspace/ros2/install/depth_interfaces/share/depth_interfaces/hook/ld_library_path_lib.sh'
[3.870s] Level 1:colcon.colcon_core.environment:checking '/workspace/ros2/install/depth_interfaces/bin'
[3.870s] Level 1:colcon.colcon_core.environment:checking '/workspace/ros2/install/depth_interfaces/lib/pkgconfig/depth_interfaces.pc'
[3.870s] Level 1:colcon.colcon_core.environment:checking '/workspace/ros2/install/depth_interfaces/lib/python3.10/site-packages'
[3.870s] Level 1:colcon.colcon_core.environment:checking '/workspace/ros2/install/depth_interfaces/bin'
[3.871s] INFO:colcon.colcon_core.shell:Creating package script '/workspace/ros2/install/depth_interfaces/share/depth_interfaces/package.ps1'
[3.871s] INFO:colcon.colcon_core.shell:Creating package descriptor '/workspace/ros2/install/depth_interfaces/share/depth_interfaces/package.dsv'
[3.871s] INFO:colcon.colcon_core.shell:Creating package script '/workspace/ros2/install/depth_interfaces/share/depth_interfaces/package.sh'
[3.871s] INFO:colcon.colcon_core.shell:Creating package script '/workspace/ros2/install/depth_interfaces/share/depth_interfaces/package.bash'
[3.871s] INFO:colcon.colcon_core.shell:Creating package script '/workspace/ros2/install/depth_interfaces/share/depth_interfaces/package.zsh'
[3.872s] Level 1:colcon.colcon_core.environment:create_file_with_runtime_dependencies(/workspace/ros2/install/depth_interfaces/share/colcon-core/packages/depth_interfaces)
[3.872s] Level 1:colcon.colcon_core.environment:create_environment_scripts_only(depth_interfaces)
[3.872s] Level 1:colcon.colcon_core.environment:checking '/workspace/ros2/install/depth_interfaces' for CMake module files
[3.872s] Level 1:colcon.colcon_core.environment:checking '/workspace/ros2/install/depth_interfaces' for CMake config files
[3.873s] Level 1:colcon.colcon_core.shell:create_environment_hook('depth_interfaces', 'cmake_prefix_path')
[3.873s] INFO:colcon.colcon_core.shell:Creating environment hook '/workspace/ros2/install/depth_interfaces/share/depth_interfaces/hook/cmake_prefix_path.ps1'
[3.873s] INFO:colcon.colcon_core.shell:Creating environment descriptor '/workspace/ros2/install/depth_interfaces/share/depth_interfaces/hook/cmake_prefix_path.dsv'
[3.873s] INFO:colcon.colcon_core.shell:Creating environment hook '/workspace/ros2/install/depth_interfaces/share/depth_interfaces/hook/cmake_prefix_path.sh'
[3.873s] Level 1:colcon.colcon_core.environment:checking '/workspace/ros2/install/depth_interfaces/lib'
[3.874s] Level 1:colcon.colcon_core.shell:create_environment_hook('depth_interfaces', 'ld_library_path_lib')
[3.874s] INFO:colcon.colcon_core.shell:Creating environment hook '/workspace/ros2/install/depth_interfaces/share/depth_interfaces/hook/ld_library_path_lib.ps1'
[3.874s] INFO:colcon.colcon_core.shell:Creating environment descriptor '/workspace/ros2/install/depth_interfaces/share/depth_interfaces/hook/ld_library_path_lib.dsv'
[3.874s] INFO:colcon.colcon_core.shell:Creating environment hook '/workspace/ros2/install/depth_interfaces/share/depth_interfaces/hook/ld_library_path_lib.sh'
[3.874s] Level 1:colcon.colcon_core.environment:checking '/workspace/ros2/install/depth_interfaces/bin'
[3.874s] Level 1:colcon.colcon_core.environment:checking '/workspace/ros2/install/depth_interfaces/lib/pkgconfig/depth_interfaces.pc'
[3.874s] Level 1:colcon.colcon_core.environment:checking '/workspace/ros2/install/depth_interfaces/lib/python3.10/site-packages'
[3.874s] Level 1:colcon.colcon_core.environment:checking '/workspace/ros2/install/depth_interfaces/bin'
[3.875s] INFO:colcon.colcon_core.shell:Creating package script '/workspace/ros2/install/depth_interfaces/share/depth_interfaces/package.ps1'
[3.875s] INFO:colcon.colcon_core.shell:Creating package descriptor '/workspace/ros2/install/depth_interfaces/share/depth_interfaces/package.dsv'
[3.875s] INFO:colcon.colcon_core.shell:Creating package script '/workspace/ros2/install/depth_interfaces/share/depth_interfaces/package.sh'
[3.875s] INFO:colcon.colcon_core.shell:Creating package script '/workspace/ros2/install/depth_interfaces/share/depth_interfaces/package.bash'
[3.876s] INFO:colcon.colcon_core.shell:Creating package script '/workspace/ros2/install/depth_interfaces/share/depth_interfaces/package.zsh'
[3.876s] Level 1:colcon.colcon_core.environment:create_file_with_runtime_dependencies(/workspace/ros2/install/depth_interfaces/share/colcon-core/packages/depth_interfaces)
[3.876s] INFO:colcon.colcon_ros.task.ament_python.build:Building ROS package in '/workspace/ros2/src/depth_core' with build type 'ament_python'
[3.876s] Level 1:colcon.colcon_core.shell:create_environment_hook('depth_core', 'ament_prefix_path')
[3.876s] INFO:colcon.colcon_core.shell:Creating environment hook '/workspace/ros2/install/depth_core/share/depth_core/hook/ament_prefix_path.ps1'
[3.876s] INFO:colcon.colcon_core.shell:Creating environment descriptor '/workspace/ros2/install/depth_core/share/depth_core/hook/ament_prefix_path.dsv'
[3.877s] INFO:colcon.colcon_core.shell:Creating environment hook '/workspace/ros2/install/depth_core/share/depth_core/hook/ament_prefix_path.sh'
[3.877s] INFO:colcon.colcon_core.shell:Skip shell extension 'powershell' for command environment: Not usable outside of PowerShell
[3.877s] DEBUG:colcon.colcon_core.shell:Skip shell extension 'dsv' for command environment
[4.030s] INFO:colcon.colcon_core.task.python.build:Building Python package in '/workspace/ros2/src/depth_core'
[4.030s] INFO:colcon.colcon_core.shell:Skip shell extension 'powershell' for command environment: Not usable outside of PowerShell
[4.030s] DEBUG:colcon.colcon_core.shell:Skip shell extension 'dsv' for command environment
[4.200s] DEBUG:colcon.colcon_core.task.python.build:Available setuptools commands: alias, upload_docs, install_headers, easy_install, bdist_egg, install_lib, register, develop, test, install, check, install_egg_info, build, bdist_rpm, install_scripts, symlink_data, sdist, bdist_dumb, saveopts, install_data, egg_info, build_py, bdist, build_clib, dist_info, setopt, clean, rotate, build_ext, upload, build_scripts
[4.323s] DEBUG:colcon.colcon_core.task.python.build:Available setuptools 'develop' options: --dry-run, --uninstall, --exclude-scripts, --find-links, --help, --force-installation-into-system-dir, --always-unzip, --optimize, --local-snapshots-ok, --multi-version, --record, --verbose, --zip-ok, --version, --install-dir, --no-user-cfg, --editable, --user, --build-directory, --egg-path, --install-layout, --index-url, --site-dirs, --quiet, --always-copy, --no-deps, --allow-hosts, --upgrade, --prefix, --no-find-links, --script-dir
[4.324s] DEBUG:colcon.colcon_core.event_handler.log_command:Invoking command in '/workspace/ros2/build/depth_core': PYTHONPATH=/workspace/ros2/build/depth_core/prefix_override:/usr/lib/python3/dist-packages/colcon_core/task/python/colcon_distutils_commands:/workspace/ros2/install/depth_core/lib/python3.10/site-packages:${PYTHONPATH} /usr/bin/python3 -W ignore:setup.py install is deprecated -W ignore:easy_install command is deprecated setup.py develop --editable --build-directory /workspace/ros2/build/depth_core/build --no-deps symlink_data
[4.520s] Level 1:colcon.colcon_core.shell:create_environment_hook('depth_core', 'pythonpath_develop')
[4.520s] INFO:colcon.colcon_core.shell:Creating environment hook '/workspace/ros2/build/depth_core/share/depth_core/hook/pythonpath_develop.ps1'
[4.520s] DEBUG:colcon.colcon_core.event_handler.log_command:Invoked command in '/workspace/ros2/build/depth_core' returned '0': PYTHONPATH=/workspace/ros2/build/depth_core/prefix_override:/usr/lib/python3/dist-packages/colcon_core/task/python/colcon_distutils_commands:/workspace/ros2/install/depth_core/lib/python3.10/site-packages:${PYTHONPATH} /usr/bin/python3 -W ignore:setup.py install is deprecated -W ignore:easy_install command is deprecated setup.py develop --editable --build-directory /workspace/ros2/build/depth_core/build --no-deps symlink_data
[4.521s] INFO:colcon.colcon_core.shell:Creating environment descriptor '/workspace/ros2/build/depth_core/share/depth_core/hook/pythonpath_develop.dsv'
[4.521s] INFO:colcon.colcon_core.shell:Creating environment hook '/workspace/ros2/build/depth_core/share/depth_core/hook/pythonpath_develop.sh'
[4.521s] Level 1:colcon.colcon_core.environment:checking '/workspace/ros2/install/depth_core' for CMake module files
[4.521s] Level 1:colcon.colcon_core.environment:checking '/workspace/ros2/install/depth_core' for CMake config files
[4.521s] Level 1:colcon.colcon_core.environment:checking '/workspace/ros2/install/depth_core/lib'
[4.521s] Level 1:colcon.colcon_core.environment:checking '/workspace/ros2/install/depth_core/bin'
[4.521s] Level 1:colcon.colcon_core.environment:checking '/workspace/ros2/install/depth_core/lib/pkgconfig/depth_core.pc'
[4.522s] Level 1:colcon.colcon_core.environment:checking '/workspace/ros2/install/depth_core/lib/python3.10/site-packages'
[4.522s] Level 1:colcon.colcon_core.shell:create_environment_hook('depth_core', 'pythonpath')
[4.522s] INFO:colcon.colcon_core.shell:Creating environment hook '/workspace/ros2/install/depth_core/share/depth_core/hook/pythonpath.ps1'
[4.522s] INFO:colcon.colcon_core.shell:Creating environment descriptor '/workspace/ros2/install/depth_core/share/depth_core/hook/pythonpath.dsv'
[4.522s] INFO:colcon.colcon_core.shell:Creating environment hook '/workspace/ros2/install/depth_core/share/depth_core/hook/pythonpath.sh'
[4.522s] Level 1:colcon.colcon_core.environment:checking '/workspace/ros2/install/depth_core/bin'
[4.522s] Level 1:colcon.colcon_core.environment:create_environment_scripts_only(depth_core)
[4.522s] INFO:colcon.colcon_core.shell:Creating package script '/workspace/ros2/install/depth_core/share/depth_core/package.ps1'
[4.523s] INFO:colcon.colcon_core.shell:Creating package descriptor '/workspace/ros2/install/depth_core/share/depth_core/package.dsv'
[4.523s] INFO:colcon.colcon_core.shell:Creating package script '/workspace/ros2/install/depth_core/share/depth_core/package.sh'
[4.523s] INFO:colcon.colcon_core.shell:Creating package script '/workspace/ros2/install/depth_core/share/depth_core/package.bash'
[4.523s] INFO:colcon.colcon_core.shell:Creating package script '/workspace/ros2/install/depth_core/share/depth_core/package.zsh'
[4.523s] Level 1:colcon.colcon_core.environment:create_file_with_runtime_dependencies(/workspace/ros2/install/depth_core/share/colcon-core/packages/depth_core)
[4.524s] DEBUG:colcon.colcon_parallel_executor.executor.parallel:closing loop
[4.524s] DEBUG:colcon.colcon_parallel_executor.executor.parallel:loop closed
[4.524s] DEBUG:colcon.colcon_parallel_executor.executor.parallel:run_until_complete finished with '0'
[4.524s] DEBUG:colcon.colcon_core.event_reactor:joining thread
[4.527s] INFO:colcon.colcon_core.plugin_system:Skipping extension 'colcon_notification.desktop_notification.notify_send': Could not find 'notify-send'
[4.527s] INFO:colcon.colcon_core.plugin_system:Skipping extension 'colcon_notification.desktop_notification.terminal_notifier': Not used on non-Darwin systems
[4.527s] INFO:colcon.colcon_core.plugin_system:Skipping extension 'colcon_notification.desktop_notification.win32': Not used on non-Windows systems
[4.527s] INFO:colcon.colcon_notification.desktop_notification:Sending desktop notification using 'notify2'
[4.529s] DEBUG:colcon.colcon_notification.desktop_notification.notify2:Failed to initialize notify2: org.freedesktop.DBus.Error.Spawn.ExecFailed: /usr/bin/dbus-launch terminated abnormally without any error message
[4.529s] DEBUG:colcon.colcon_core.event_reactor:joined thread
[4.529s] INFO:colcon.colcon_core.shell:Creating prefix script '/workspace/ros2/install/local_setup.ps1'
[4.529s] INFO:colcon.colcon_core.shell:Creating prefix util module '/workspace/ros2/install/_local_setup_util_ps1.py'
[4.530s] INFO:colcon.colcon_core.shell:Creating prefix chain script '/workspace/ros2/install/setup.ps1'
[4.531s] INFO:colcon.colcon_core.shell:Creating prefix script '/workspace/ros2/install/local_setup.sh'
[4.531s] INFO:colcon.colcon_core.shell:Creating prefix util module '/workspace/ros2/install/_local_setup_util_sh.py'
[4.531s] INFO:colcon.colcon_core.shell:Creating prefix chain script '/workspace/ros2/install/setup.sh'
[4.532s] INFO:colcon.colcon_core.shell:Creating prefix script '/workspace/ros2/install/local_setup.bash'
[4.532s] INFO:colcon.colcon_core.shell:Creating prefix chain script '/workspace/ros2/install/setup.bash'
[4.532s] INFO:colcon.colcon_core.shell:Creating prefix script '/workspace/ros2/install/local_setup.zsh'
[4.533s] INFO:colcon.colcon_core.shell:Creating prefix chain script '/workspace/ros2/install/setup.zsh'
