running egg_info
writing ../../build/fake_depth_sensor/fake_depth_sensor.egg-info/PKG-INFO
writing dependency_links to ../../build/fake_depth_sensor/fake_depth_sensor.egg-info/dependency_links.txt
writing entry points to ../../build/fake_depth_sensor/fake_depth_sensor.egg-info/entry_points.txt
writing requirements to ../../build/fake_depth_sensor/fake_depth_sensor.egg-info/requires.txt
writing top-level names to ../../build/fake_depth_sensor/fake_depth_sensor.egg-info/top_level.txt
reading manifest file '../../build/fake_depth_sensor/fake_depth_sensor.egg-info/SOURCES.txt'
writing manifest file '../../build/fake_depth_sensor/fake_depth_sensor.egg-info/SOURCES.txt'
running build
running build_py
running install
running install_lib
running install_data
running install_egg_info
removing '/workspace/install/fake_depth_sensor/lib/python3.10/site-packages/fake_depth_sensor-0.0.0-py3.10.egg-info' (and everything under it)
Copying ../../build/fake_depth_sensor/fake_depth_sensor.egg-info to /workspace/install/fake_depth_sensor/lib/python3.10/site-packages/fake_depth_sensor-0.0.0-py3.10.egg-info
running install_scripts
Installing publisher_node script to /workspace/install/fake_depth_sensor/lib/fake_depth_sensor
Installing subscriber_node script to /workspace/install/fake_depth_sensor/lib/fake_depth_sensor
writing list of installed files to '/workspace/build/fake_depth_sensor/install.log'
