[0.287s] Invoking command in '/workspace/src/fake_depth_sensor': PYTHONPATH=/workspace/build/fake_depth_sensor/prefix_override:/usr/lib/python3/dist-packages/colcon_core/task/python/colcon_distutils_commands:/workspace/install/fake_depth_sensor/lib/python3.10/site-packages:${PYTHONPATH} /usr/bin/python3 -W ignore:setup.py install is deprecated -W ignore:easy_install command is deprecated setup.py egg_info --egg-base ../../build/fake_depth_sensor build --build-base /workspace/build/fake_depth_sensor/build install --record /workspace/build/fake_depth_sensor/install.log --install-scripts $base/lib/fake_depth_sensor --single-version-externally-managed install_data
[0.397s] running egg_info
[0.398s] writing ../../build/fake_depth_sensor/fake_depth_sensor.egg-info/PKG-INFO
[0.398s] writing dependency_links to ../../build/fake_depth_sensor/fake_depth_sensor.egg-info/dependency_links.txt
[0.398s] writing entry points to ../../build/fake_depth_sensor/fake_depth_sensor.egg-info/entry_points.txt
[0.398s] writing requirements to ../../build/fake_depth_sensor/fake_depth_sensor.egg-info/requires.txt
[0.398s] writing top-level names to ../../build/fake_depth_sensor/fake_depth_sensor.egg-info/top_level.txt
[0.399s] reading manifest file '../../build/fake_depth_sensor/fake_depth_sensor.egg-info/SOURCES.txt'
[0.399s] writing manifest file '../../build/fake_depth_sensor/fake_depth_sensor.egg-info/SOURCES.txt'
[0.399s] running build
[0.399s] running build_py
[0.399s] running install
[0.399s] running install_lib
[0.400s] running install_data
[0.400s] running install_egg_info
[0.401s] removing '/workspace/install/fake_depth_sensor/lib/python3.10/site-packages/fake_depth_sensor-0.0.0-py3.10.egg-info' (and everything under it)
[0.401s] Copying ../../build/fake_depth_sensor/fake_depth_sensor.egg-info to /workspace/install/fake_depth_sensor/lib/python3.10/site-packages/fake_depth_sensor-0.0.0-py3.10.egg-info
[0.401s] running install_scripts
[0.413s] Installing publisher_node script to /workspace/install/fake_depth_sensor/lib/fake_depth_sensor
[0.413s] Installing subscriber_node script to /workspace/install/fake_depth_sensor/lib/fake_depth_sensor
[0.413s] writing list of installed files to '/workspace/build/fake_depth_sensor/install.log'
[0.425s] Invoked command in '/workspace/src/fake_depth_sensor' returned '0': PYTHONPATH=/workspace/build/fake_depth_sensor/prefix_override:/usr/lib/python3/dist-packages/colcon_core/task/python/colcon_distutils_commands:/workspace/install/fake_depth_sensor/lib/python3.10/site-packages:${PYTHONPATH} /usr/bin/python3 -W ignore:setup.py install is deprecated -W ignore:easy_install command is deprecated setup.py egg_info --egg-base ../../build/fake_depth_sensor build --build-base /workspace/build/fake_depth_sensor/build install --record /workspace/build/fake_depth_sensor/install.log --install-scripts $base/lib/fake_depth_sensor --single-version-externally-managed install_data
