[0.139s] DEBUG:colcon:Command line arguments: ['/usr/bin/colcon', 'build', '--base-paths', 'src', '--packages-select', 'real_joy', '--symlink-install']
[0.139s] DEBUG:colcon:Parsed command line arguments: Namespace(log_base=None, log_level=None, verb_name='build', build_base='build', install_base='install', merge_install=False, symlink_install=True, test_result_base=None, continue_on_error=False, executor='parallel', parallel_workers=16, event_handlers=None, ignore_user_meta=False, metas=['./colcon.meta'], base_paths=['src'], packages_ignore=None, packages_ignore_regex=None, paths=None, packages_up_to=None, packages_up_to_regex=None, packages_above=None, packages_above_and_dependencies=None, packages_above_depth=None, packages_select_by_dep=None, packages_skip_by_dep=None, packages_skip_up_to=None, packages_select_build_failed=False, packages_skip_build_finished=False, packages_select_test_failures=False, packages_skip_test_passed=False, packages_select=['real_joy'], packages_skip=None, packages_select_regex=None, packages_skip_regex=None, packages_start=None, packages_end=None, allow_overriding=[], cmake_args=None, cmake_target=None, cmake_target_skip_unavailable=False, cmake_clean_cache=False, cmake_clean_first=False, cmake_force_configure=False, ament_cmake_args=None, catkin_cmake_args=None, catkin_skip_building_tests=False, verb_parser=<colcon_defaults.argument_parser.defaults.DefaultArgumentsDecorator object at 0x7eef0273c4f0>, verb_extension=<colcon_core.verb.build.BuildVerb object at 0x7eef0270bf70>, main=<bound method BuildVerb.main of <colcon_core.verb.build.BuildVerb object at 0x7eef0270bf70>>)
[0.372s] Level 1:colcon.colcon_core.package_discovery:discover_packages(colcon_meta) check parameters
[0.372s] Level 1:colcon.colcon_core.package_discovery:discover_packages(recursive) check parameters
[0.372s] Level 1:colcon.colcon_core.package_discovery:discover_packages(ignore) check parameters
[0.372s] Level 1:colcon.colcon_core.package_discovery:discover_packages(path) check parameters
[0.372s] Level 1:colcon.colcon_core.package_discovery:discover_packages(recursive) discover
[0.373s] INFO:colcon.colcon_core.package_discovery:Crawling recursively for packages in '/home/boda/Software2026/src'
[0.373s] Level 1:colcon.colcon_core.package_identification:_identify(src) by extensions ['ignore', 'ignore_ament_install']
[0.373s] Level 1:colcon.colcon_core.package_identification:_identify(src) by extension 'ignore'
[0.373s] Level 1:colcon.colcon_core.package_identification:_identify(src) by extension 'ignore_ament_install'
[0.373s] Level 1:colcon.colcon_core.package_identification:_identify(src) by extensions ['colcon_pkg']
[0.373s] Level 1:colcon.colcon_core.package_identification:_identify(src) by extension 'colcon_pkg'
[0.373s] Level 1:colcon.colcon_core.package_identification:_identify(src) by extensions ['colcon_meta']
[0.373s] Level 1:colcon.colcon_core.package_identification:_identify(src) by extension 'colcon_meta'
[0.373s] Level 1:colcon.colcon_core.package_identification:_identify(src) by extensions ['ros']
[0.373s] Level 1:colcon.colcon_core.package_identification:_identify(src) by extension 'ros'
[0.401s] Level 1:colcon.colcon_core.package_identification:_identify(src) by extensions ['cmake', 'python']
[0.402s] Level 1:colcon.colcon_core.package_identification:_identify(src) by extension 'cmake'
[0.402s] Level 1:colcon.colcon_core.package_identification:_identify(src) by extension 'python'
[0.402s] Level 1:colcon.colcon_core.package_identification:_identify(src) by extensions ['python_setup_py']
[0.402s] Level 1:colcon.colcon_core.package_identification:_identify(src) by extension 'python_setup_py'
[0.402s] Level 1:colcon.colcon_core.package_identification:_identify(src/real_joy) by extensions ['ignore', 'ignore_ament_install']
[0.402s] Level 1:colcon.colcon_core.package_identification:_identify(src/real_joy) by extension 'ignore'
[0.402s] Level 1:colcon.colcon_core.package_identification:_identify(src/real_joy) by extension 'ignore_ament_install'
[0.402s] Level 1:colcon.colcon_core.package_identification:_identify(src/real_joy) by extensions ['colcon_pkg']
[0.402s] Level 1:colcon.colcon_core.package_identification:_identify(src/real_joy) by extension 'colcon_pkg'
[0.402s] Level 1:colcon.colcon_core.package_identification:_identify(src/real_joy) by extensions ['colcon_meta']
[0.402s] Level 1:colcon.colcon_core.package_identification:_identify(src/real_joy) by extension 'colcon_meta'
[0.402s] Level 1:colcon.colcon_core.package_identification:_identify(src/real_joy) by extensions ['ros']
[0.402s] Level 1:colcon.colcon_core.package_identification:_identify(src/real_joy) by extension 'ros'
[0.405s] DEBUG:colcon.colcon_core.package_identification:Package 'src/real_joy' with type 'ros.ament_cmake' and name 'real_joy'
[0.405s] Level 1:colcon.colcon_core.package_discovery:discover_packages(recursive) using defaults
[0.429s] Level 1:colcon.colcon_core.package_discovery:discover_packages(prefix_path) check parameters
[0.429s] Level 1:colcon.colcon_core.package_discovery:discover_packages(prefix_path) discover
[0.432s] DEBUG:colcon.colcon_installed_package_information.package_discovery:Found 3 installed packages in /home/boda/mako_ws/install
[0.433s] DEBUG:colcon.colcon_installed_package_information.package_discovery:Found 1 installed packages in /home/boda/Software2026/install
[0.434s] DEBUG:colcon.colcon_installed_package_information.package_discovery:Found 252 installed packages in /opt/ros/humble
[0.436s] Level 1:colcon.colcon_core.package_discovery:discover_packages(prefix_path) using defaults
[0.469s] Level 5:colcon.colcon_core.verb:set package 'real_joy' build argument 'cmake_args' from command line to 'None'
[0.469s] Level 5:colcon.colcon_core.verb:set package 'real_joy' build argument 'cmake_target' from command line to 'None'
[0.469s] Level 5:colcon.colcon_core.verb:set package 'real_joy' build argument 'cmake_target_skip_unavailable' from command line to 'False'
[0.469s] Level 5:colcon.colcon_core.verb:set package 'real_joy' build argument 'cmake_clean_cache' from command line to 'False'
[0.469s] Level 5:colcon.colcon_core.verb:set package 'real_joy' build argument 'cmake_clean_first' from command line to 'False'
[0.469s] Level 5:colcon.colcon_core.verb:set package 'real_joy' build argument 'cmake_force_configure' from command line to 'False'
[0.469s] Level 5:colcon.colcon_core.verb:set package 'real_joy' build argument 'ament_cmake_args' from command line to 'None'
[0.469s] Level 5:colcon.colcon_core.verb:set package 'real_joy' build argument 'catkin_cmake_args' from command line to 'None'
[0.469s] Level 5:colcon.colcon_core.verb:set package 'real_joy' build argument 'catkin_skip_building_tests' from command line to 'False'
[0.469s] DEBUG:colcon.colcon_core.verb:Building package 'real_joy' with the following arguments: {'ament_cmake_args': None, 'build_base': '/home/boda/Software2026/build/real_joy', 'catkin_cmake_args': None, 'catkin_skip_building_tests': False, 'cmake_args': None, 'cmake_clean_cache': False, 'cmake_clean_first': False, 'cmake_force_configure': False, 'cmake_target': None, 'cmake_target_skip_unavailable': False, 'install_base': '/home/boda/Software2026/install/real_joy', 'merge_install': False, 'path': '/home/boda/Software2026/src/real_joy', 'symlink_install': True, 'test_result_base': None}
[0.469s] INFO:colcon.colcon_core.executor:Executing jobs using 'parallel' executor
[0.470s] DEBUG:colcon.colcon_parallel_executor.executor.parallel:run_until_complete
[0.471s] INFO:colcon.colcon_ros.task.ament_cmake.build:Building ROS package in '/home/boda/Software2026/src/real_joy' with build type 'ament_cmake'
[0.471s] INFO:colcon.colcon_cmake.task.cmake.build:Building CMake package in '/home/boda/Software2026/src/real_joy'
[0.475s] INFO:colcon.colcon_core.plugin_system:Skipping extension 'colcon_core.shell.bat': Not used on non-Windows systems
[0.475s] INFO:colcon.colcon_core.shell:Skip shell extension 'powershell' for command environment: Not usable outside of PowerShell
[0.475s] DEBUG:colcon.colcon_core.shell:Skip shell extension 'dsv' for command environment
[0.488s] DEBUG:colcon.colcon_core.event_handler.log_command:Invoking command in '/home/boda/Software2026/build/real_joy': CMAKE_PREFIX_PATH=${CMAKE_PREFIX_PATH}:/home/boda/mako_ws/install/mavros_autotune:/opt/ros/humble /usr/bin/cmake --build /home/boda/Software2026/build/real_joy -- -j16 -l16
[17.609s] DEBUG:colcon.colcon_core.event_handler.log_command:Invoked command in '/home/boda/Software2026/build/real_joy' returned '0': CMAKE_PREFIX_PATH=${CMAKE_PREFIX_PATH}:/home/boda/mako_ws/install/mavros_autotune:/opt/ros/humble /usr/bin/cmake --build /home/boda/Software2026/build/real_joy -- -j16 -l16
[17.622s] DEBUG:colcon.colcon_core.event_handler.log_command:Invoking command in '/home/boda/Software2026/build/real_joy': CMAKE_PREFIX_PATH=${CMAKE_PREFIX_PATH}:/home/boda/mako_ws/install/mavros_autotune:/opt/ros/humble /usr/bin/cmake --install /home/boda/Software2026/build/real_joy
[17.645s] Level 1:colcon.colcon_core.environment:create_environment_scripts_only(real_joy)
[17.646s] DEBUG:colcon.colcon_core.event_handler.log_command:Invoked command in '/home/boda/Software2026/build/real_joy' returned '0': CMAKE_PREFIX_PATH=${CMAKE_PREFIX_PATH}:/home/boda/mako_ws/install/mavros_autotune:/opt/ros/humble /usr/bin/cmake --install /home/boda/Software2026/build/real_joy
[17.648s] Level 1:colcon.colcon_core.environment:checking '/home/boda/Software2026/install/real_joy' for CMake module files
[17.648s] Level 1:colcon.colcon_core.environment:checking '/home/boda/Software2026/install/real_joy' for CMake config files
[17.648s] Level 1:colcon.colcon_core.shell:create_environment_hook('real_joy', 'cmake_prefix_path')
[17.649s] INFO:colcon.colcon_core.shell:Creating environment hook '/home/boda/Software2026/install/real_joy/share/real_joy/hook/cmake_prefix_path.ps1'
[17.649s] INFO:colcon.colcon_core.shell:Creating environment descriptor '/home/boda/Software2026/install/real_joy/share/real_joy/hook/cmake_prefix_path.dsv'
[17.650s] INFO:colcon.colcon_core.shell:Creating environment hook '/home/boda/Software2026/install/real_joy/share/real_joy/hook/cmake_prefix_path.sh'
[17.651s] Level 1:colcon.colcon_core.environment:checking '/home/boda/Software2026/install/real_joy/lib'
[17.651s] Level 1:colcon.colcon_core.environment:checking '/home/boda/Software2026/install/real_joy/bin'
[17.651s] Level 1:colcon.colcon_core.environment:checking '/home/boda/Software2026/install/real_joy/lib/pkgconfig/real_joy.pc'
[17.651s] Level 1:colcon.colcon_core.environment:checking '/home/boda/Software2026/install/real_joy/lib/python3.10/site-packages'
[17.652s] Level 1:colcon.colcon_core.environment:checking '/home/boda/Software2026/install/real_joy/bin'
[17.652s] INFO:colcon.colcon_core.shell:Creating package script '/home/boda/Software2026/install/real_joy/share/real_joy/package.ps1'
[17.653s] INFO:colcon.colcon_core.shell:Creating package descriptor '/home/boda/Software2026/install/real_joy/share/real_joy/package.dsv'
[17.654s] INFO:colcon.colcon_core.shell:Creating package script '/home/boda/Software2026/install/real_joy/share/real_joy/package.sh'
[17.654s] INFO:colcon.colcon_core.shell:Creating package script '/home/boda/Software2026/install/real_joy/share/real_joy/package.bash'
[17.655s] INFO:colcon.colcon_core.shell:Creating package script '/home/boda/Software2026/install/real_joy/share/real_joy/package.zsh'
[17.656s] Level 1:colcon.colcon_core.environment:create_file_with_runtime_dependencies(/home/boda/Software2026/install/real_joy/share/colcon-core/packages/real_joy)
[17.657s] Level 1:colcon.colcon_core.environment:create_environment_scripts_only(real_joy)
[17.657s] Level 1:colcon.colcon_core.environment:checking '/home/boda/Software2026/install/real_joy' for CMake module files
[17.658s] Level 1:colcon.colcon_core.environment:checking '/home/boda/Software2026/install/real_joy' for CMake config files
[17.659s] Level 1:colcon.colcon_core.shell:create_environment_hook('real_joy', 'cmake_prefix_path')
[17.659s] INFO:colcon.colcon_core.shell:Creating environment hook '/home/boda/Software2026/install/real_joy/share/real_joy/hook/cmake_prefix_path.ps1'
[17.659s] INFO:colcon.colcon_core.shell:Creating environment descriptor '/home/boda/Software2026/install/real_joy/share/real_joy/hook/cmake_prefix_path.dsv'
[17.660s] INFO:colcon.colcon_core.shell:Creating environment hook '/home/boda/Software2026/install/real_joy/share/real_joy/hook/cmake_prefix_path.sh'
[17.660s] Level 1:colcon.colcon_core.environment:checking '/home/boda/Software2026/install/real_joy/lib'
[17.660s] Level 1:colcon.colcon_core.environment:checking '/home/boda/Software2026/install/real_joy/bin'
[17.660s] Level 1:colcon.colcon_core.environment:checking '/home/boda/Software2026/install/real_joy/lib/pkgconfig/real_joy.pc'
[17.660s] Level 1:colcon.colcon_core.environment:checking '/home/boda/Software2026/install/real_joy/lib/python3.10/site-packages'
[17.661s] Level 1:colcon.colcon_core.environment:checking '/home/boda/Software2026/install/real_joy/bin'
[17.661s] INFO:colcon.colcon_core.shell:Creating package script '/home/boda/Software2026/install/real_joy/share/real_joy/package.ps1'
[17.662s] INFO:colcon.colcon_core.shell:Creating package descriptor '/home/boda/Software2026/install/real_joy/share/real_joy/package.dsv'
[17.662s] INFO:colcon.colcon_core.shell:Creating package script '/home/boda/Software2026/install/real_joy/share/real_joy/package.sh'
[17.662s] INFO:colcon.colcon_core.shell:Creating package script '/home/boda/Software2026/install/real_joy/share/real_joy/package.bash'
[17.663s] INFO:colcon.colcon_core.shell:Creating package script '/home/boda/Software2026/install/real_joy/share/real_joy/package.zsh'
[17.663s] Level 1:colcon.colcon_core.environment:create_file_with_runtime_dependencies(/home/boda/Software2026/install/real_joy/share/colcon-core/packages/real_joy)
[17.663s] DEBUG:colcon.colcon_parallel_executor.executor.parallel:closing loop
[17.664s] DEBUG:colcon.colcon_parallel_executor.executor.parallel:loop closed
[17.664s] DEBUG:colcon.colcon_parallel_executor.executor.parallel:run_until_complete finished with '0'
[17.664s] DEBUG:colcon.colcon_core.event_reactor:joining thread
[17.670s] INFO:colcon.colcon_core.plugin_system:Skipping extension 'colcon_notification.desktop_notification.terminal_notifier': Not used on non-Darwin systems
[17.670s] INFO:colcon.colcon_core.plugin_system:Skipping extension 'colcon_notification.desktop_notification.win32': Not used on non-Windows systems
[17.670s] INFO:colcon.colcon_notification.desktop_notification:Sending desktop notification using 'notify2'
[17.680s] DEBUG:colcon.colcon_core.event_reactor:joined thread
[17.680s] INFO:colcon.colcon_core.shell:Creating prefix script '/home/boda/Software2026/install/local_setup.ps1'
[17.681s] INFO:colcon.colcon_core.shell:Creating prefix util module '/home/boda/Software2026/install/_local_setup_util_ps1.py'
[17.683s] INFO:colcon.colcon_core.shell:Creating prefix chain script '/home/boda/Software2026/install/setup.ps1'
[17.685s] INFO:colcon.colcon_core.shell:Creating prefix script '/home/boda/Software2026/install/local_setup.sh'
[17.685s] INFO:colcon.colcon_core.shell:Creating prefix util module '/home/boda/Software2026/install/_local_setup_util_sh.py'
[17.686s] INFO:colcon.colcon_core.shell:Creating prefix chain script '/home/boda/Software2026/install/setup.sh'
[17.687s] INFO:colcon.colcon_core.shell:Creating prefix script '/home/boda/Software2026/install/local_setup.bash'
[17.687s] INFO:colcon.colcon_core.shell:Creating prefix chain script '/home/boda/Software2026/install/setup.bash'
[17.688s] INFO:colcon.colcon_core.shell:Creating prefix script '/home/boda/Software2026/install/local_setup.zsh'
[17.689s] INFO:colcon.colcon_core.shell:Creating prefix chain script '/home/boda/Software2026/install/setup.zsh'
