[35m[1mConsolidate compiler generated dependencies of target fake_depth2_interfaces__rosidl_generator_c[0m
[  2%] Built target fake_depth2_interfaces__rs
[ 14%] Built target fake_depth2_interfaces__rosidl_generator_c
[ 14%] Built target fake_depth2_interfaces__cpp
[ 14%] Built target ament_cmake_python_symlink_fake_depth2_interfaces
[35m[1mConsolidate compiler generated dependencies of target fake_depth2_interfaces__rosidl_typesupport_cpp[0m
[35m[1mConsolidate compiler generated dependencies of target fake_depth2_interfaces__rosidl_typesupport_c[0m
[35m[1mConsolidate compiler generated dependencies of target fake_depth2_interfaces__rosidl_typesupport_fastrtps_c[0m
[35m[1mConsolidate compiler generated dependencies of target fake_depth2_interfaces__rosidl_typesupport_introspection_c[0m
[35m[1mConsolidate compiler generated dependencies of target fake_depth2_interfaces__rosidl_typesupport_fastrtps_cpp[0m
[35m[1mConsolidate compiler generated dependencies of target fake_depth2_interfaces__rosidl_typesupport_introspection_cpp[0m
[ 25%] Built target fake_depth2_interfaces__rosidl_typesupport_fastrtps_c
[ 35%] Built target fake_depth2_interfaces__rosidl_typesupport_cpp
[ 45%] Built target fake_depth2_interfaces__rosidl_typesupport_c
[ 56%] Built target fake_depth2_interfaces__rosidl_typesupport_introspection_c
[ 66%] Built target fake_depth2_interfaces__rosidl_typesupport_introspection_cpp
[ 77%] Built target fake_depth2_interfaces__rosidl_typesupport_fastrtps_cpp
[ 77%] Built target fake_depth2_interfaces
[ 79%] Built target fake_depth2_interfaces__py
[35m[1mConsolidate compiler generated dependencies of target fake_depth2_interfaces__rosidl_generator_py[0m
[ 87%] Built target fake_depth2_interfaces__rosidl_generator_py
[35m[1mConsolidate compiler generated dependencies of target fake_depth2_interfaces__rosidl_typesupport_fastrtps_c__pyext[0m
[35m[1mConsolidate compiler generated dependencies of target fake_depth2_interfaces__rosidl_typesupport_introspection_c__pyext[0m
[35m[1mConsolidate compiler generated dependencies of target fake_depth2_interfaces__rosidl_typesupport_c__pyext[0m
[ 91%] Built target fake_depth2_interfaces__rosidl_typesupport_introspection_c__pyext
[ 95%] Built target fake_depth2_interfaces__rosidl_typesupport_fastrtps_c__pyext
[100%] Built target fake_depth2_interfaces__rosidl_typesupport_c__pyext
running egg_info
writing fake_depth2_interfaces.egg-info/PKG-INFO
writing dependency_links to fake_depth2_interfaces.egg-info/dependency_links.txt
writing top-level names to fake_depth2_interfaces.egg-info/top_level.txt
reading manifest file 'fake_depth2_interfaces.egg-info/SOURCES.txt'
writing manifest file 'fake_depth2_interfaces.egg-info/SOURCES.txt'
[100%] Built target ament_cmake_python_build_fake_depth2_interfaces_egg
-- Install configuration: ""
-- Execute custom install script
-- Up-to-date symlink: /home/rashwan/fake_depth2/install/fake_depth2_interfaces/share/ament_index/resource_index/rosidl_interfaces/fake_depth2_interfaces
-- Up-to-date symlink: /home/rashwan/fake_depth2/install/fake_depth2_interfaces/include/fake_depth2_interfaces/fake_depth2_interfaces/action/detail/dive_to_depth__functions.h
-- Up-to-date symlink: /home/rashwan/fake_depth2/install/fake_depth2_interfaces/include/fake_depth2_interfaces/fake_depth2_interfaces/action/detail/dive_to_depth__struct.h
-- Up-to-date symlink: /home/rashwan/fake_depth2/install/fake_depth2_interfaces/include/fake_depth2_interfaces/fake_depth2_interfaces/action/detail/dive_to_depth__type_support.h
-- Up-to-date symlink: /home/rashwan/fake_depth2/install/fake_depth2_interfaces/include/fake_depth2_interfaces/fake_depth2_interfaces/action/dive_to_depth.h
-- Up-to-date symlink: /home/rashwan/fake_depth2/install/fake_depth2_interfaces/include/fake_depth2_interfaces/fake_depth2_interfaces/msg/depth_reading.h
-- Up-to-date symlink: /home/rashwan/fake_depth2/install/fake_depth2_interfaces/include/fake_depth2_interfaces/fake_depth2_interfaces/msg/detail/depth_reading__functions.h
-- Up-to-date symlink: /home/rashwan/fake_depth2/install/fake_depth2_interfaces/include/fake_depth2_interfaces/fake_depth2_interfaces/msg/detail/depth_reading__struct.h
-- Up-to-date symlink: /home/rashwan/fake_depth2/install/fake_depth2_interfaces/include/fake_depth2_interfaces/fake_depth2_interfaces/msg/detail/depth_reading__type_support.h
-- Up-to-date symlink: /home/rashwan/fake_depth2/install/fake_depth2_interfaces/include/fake_depth2_interfaces/fake_depth2_interfaces/msg/rosidl_generator_c__visibility_control.h
-- Up-to-date symlink: /home/rashwan/fake_depth2/install/fake_depth2_interfaces/include/fake_depth2_interfaces/fake_depth2_interfaces/srv/calibrate_depth.h
-- Up-to-date symlink: /home/rashwan/fake_depth2/install/fake_depth2_interfaces/include/fake_depth2_interfaces/fake_depth2_interfaces/srv/detail/calibrate_depth__functions.h
-- Up-to-date symlink: /home/rashwan/fake_depth2/install/fake_depth2_interfaces/include/fake_depth2_interfaces/fake_depth2_interfaces/srv/detail/calibrate_depth__struct.h
-- Up-to-date symlink: /home/rashwan/fake_depth2/install/fake_depth2_interfaces/include/fake_depth2_interfaces/fake_depth2_interfaces/srv/detail/calibrate_depth__type_support.h
-- Up-to-date symlink: /home/rashwan/fake_depth2/install/fake_depth2_interfaces/share/fake_depth2_interfaces/environment/library_path.sh
-- Up-to-date symlink: /home/rashwan/fake_depth2/install/fake_depth2_interfaces/share/fake_depth2_interfaces/environment/library_path.dsv
-- Up-to-date symlink: /home/rashwan/fake_depth2/install/fake_depth2_interfaces/include/fake_depth2_interfaces/fake_depth2_interfaces/action/detail/dive_to_depth__rosidl_typesupport_fastrtps_c.h
-- Up-to-date symlink: /home/rashwan/fake_depth2/install/fake_depth2_interfaces/include/fake_depth2_interfaces/fake_depth2_interfaces/msg/detail/depth_reading__rosidl_typesupport_fastrtps_c.h
-- Up-to-date symlink: /home/rashwan/fake_depth2/install/fake_depth2_interfaces/include/fake_depth2_interfaces/fake_depth2_interfaces/msg/rosidl_typesupport_fastrtps_c__visibility_control.h
-- Up-to-date symlink: /home/rashwan/fake_depth2/install/fake_depth2_interfaces/include/fake_depth2_interfaces/fake_depth2_interfaces/srv/detail/calibrate_depth__rosidl_typesupport_fastrtps_c.h
-- Up-to-date symlink: /home/rashwan/fake_depth2/install/fake_depth2_interfaces/include/fake_depth2_interfaces/fake_depth2_interfaces/action/detail/dive_to_depth__rosidl_typesupport_introspection_c.h
-- Up-to-date symlink: /home/rashwan/fake_depth2/install/fake_depth2_interfaces/include/fake_depth2_interfaces/fake_depth2_interfaces/msg/detail/depth_reading__rosidl_typesupport_introspection_c.h
-- Up-to-date symlink: /home/rashwan/fake_depth2/install/fake_depth2_interfaces/include/fake_depth2_interfaces/fake_depth2_interfaces/msg/rosidl_typesupport_introspection_c__visibility_control.h
-- Up-to-date symlink: /home/rashwan/fake_depth2/install/fake_depth2_interfaces/include/fake_depth2_interfaces/fake_depth2_interfaces/srv/detail/calibrate_depth__rosidl_typesupport_introspection_c.h
-- Up-to-date symlink: /home/rashwan/fake_depth2/install/fake_depth2_interfaces/include/fake_depth2_interfaces/fake_depth2_interfaces/action/detail/dive_to_depth__builder.hpp
-- Up-to-date symlink: /home/rashwan/fake_depth2/install/fake_depth2_interfaces/include/fake_depth2_interfaces/fake_depth2_interfaces/action/detail/dive_to_depth__struct.hpp
-- Up-to-date symlink: /home/rashwan/fake_depth2/install/fake_depth2_interfaces/include/fake_depth2_interfaces/fake_depth2_interfaces/action/detail/dive_to_depth__traits.hpp
-- Up-to-date symlink: /home/rashwan/fake_depth2/install/fake_depth2_interfaces/include/fake_depth2_interfaces/fake_depth2_interfaces/action/detail/dive_to_depth__type_support.hpp
-- Up-to-date symlink: /home/rashwan/fake_depth2/install/fake_depth2_interfaces/include/fake_depth2_interfaces/fake_depth2_interfaces/action/dive_to_depth.hpp
-- Up-to-date symlink: /home/rashwan/fake_depth2/install/fake_depth2_interfaces/include/fake_depth2_interfaces/fake_depth2_interfaces/msg/depth_reading.hpp
-- Up-to-date symlink: /home/rashwan/fake_depth2/install/fake_depth2_interfaces/include/fake_depth2_interfaces/fake_depth2_interfaces/msg/detail/depth_reading__builder.hpp
-- Up-to-date symlink: /home/rashwan/fake_depth2/install/fake_depth2_interfaces/include/fake_depth2_interfaces/fake_depth2_interfaces/msg/detail/depth_reading__struct.hpp
-- Up-to-date symlink: /home/rashwan/fake_depth2/install/fake_depth2_interfaces/include/fake_depth2_interfaces/fake_depth2_interfaces/msg/detail/depth_reading__traits.hpp
-- Up-to-date symlink: /home/rashwan/fake_depth2/install/fake_depth2_interfaces/include/fake_depth2_interfaces/fake_depth2_interfaces/msg/detail/depth_reading__type_support.hpp
-- Up-to-date symlink: /home/rashwan/fake_depth2/install/fake_depth2_interfaces/include/fake_depth2_interfaces/fake_depth2_interfaces/msg/rosidl_generator_cpp__visibility_control.hpp
-- Up-to-date symlink: /home/rashwan/fake_depth2/install/fake_depth2_interfaces/include/fake_depth2_interfaces/fake_depth2_interfaces/srv/calibrate_depth.hpp
-- Up-to-date symlink: /home/rashwan/fake_depth2/install/fake_depth2_interfaces/include/fake_depth2_interfaces/fake_depth2_interfaces/srv/detail/calibrate_depth__builder.hpp
-- Up-to-date symlink: /home/rashwan/fake_depth2/install/fake_depth2_interfaces/include/fake_depth2_interfaces/fake_depth2_interfaces/srv/detail/calibrate_depth__struct.hpp
-- Up-to-date symlink: /home/rashwan/fake_depth2/install/fake_depth2_interfaces/include/fake_depth2_interfaces/fake_depth2_interfaces/srv/detail/calibrate_depth__traits.hpp
-- Up-to-date symlink: /home/rashwan/fake_depth2/install/fake_depth2_interfaces/include/fake_depth2_interfaces/fake_depth2_interfaces/srv/detail/calibrate_depth__type_support.hpp
-- Up-to-date symlink: /home/rashwan/fake_depth2/install/fake_depth2_interfaces/include/fake_depth2_interfaces/fake_depth2_interfaces/action/detail/dive_to_depth__rosidl_typesupport_fastrtps_cpp.hpp
-- Up-to-date symlink: /home/rashwan/fake_depth2/install/fake_depth2_interfaces/include/fake_depth2_interfaces/fake_depth2_interfaces/msg/detail/depth_reading__rosidl_typesupport_fastrtps_cpp.hpp
-- Up-to-date symlink: /home/rashwan/fake_depth2/install/fake_depth2_interfaces/include/fake_depth2_interfaces/fake_depth2_interfaces/msg/rosidl_typesupport_fastrtps_cpp__visibility_control.h
-- Up-to-date symlink: /home/rashwan/fake_depth2/install/fake_depth2_interfaces/include/fake_depth2_interfaces/fake_depth2_interfaces/srv/detail/calibrate_depth__rosidl_typesupport_fastrtps_cpp.hpp
-- Up-to-date symlink: /home/rashwan/fake_depth2/install/fake_depth2_interfaces/include/fake_depth2_interfaces/fake_depth2_interfaces/action/detail/dive_to_depth__rosidl_typesupport_introspection_cpp.hpp
-- Up-to-date symlink: /home/rashwan/fake_depth2/install/fake_depth2_interfaces/include/fake_depth2_interfaces/fake_depth2_interfaces/msg/detail/depth_reading__rosidl_typesupport_introspection_cpp.hpp
-- Up-to-date symlink: /home/rashwan/fake_depth2/install/fake_depth2_interfaces/include/fake_depth2_interfaces/fake_depth2_interfaces/srv/detail/calibrate_depth__rosidl_typesupport_introspection_cpp.hpp
-- Up-to-date symlink: /home/rashwan/fake_depth2/install/fake_depth2_interfaces/share/fake_depth2_interfaces/environment/pythonpath.sh
-- Up-to-date symlink: /home/rashwan/fake_depth2/install/fake_depth2_interfaces/share/fake_depth2_interfaces/environment/pythonpath.dsv
-- Up-to-date symlink: /home/rashwan/fake_depth2/install/fake_depth2_interfaces/local/lib/python3.10/dist-packages/fake_depth2_interfaces-0.1.0-py3.10.egg-info/PKG-INFO
-- Up-to-date symlink: /home/rashwan/fake_depth2/install/fake_depth2_interfaces/local/lib/python3.10/dist-packages/fake_depth2_interfaces-0.1.0-py3.10.egg-info/SOURCES.txt
-- Up-to-date symlink: /home/rashwan/fake_depth2/install/fake_depth2_interfaces/local/lib/python3.10/dist-packages/fake_depth2_interfaces-0.1.0-py3.10.egg-info/dependency_links.txt
-- Up-to-date symlink: /home/rashwan/fake_depth2/install/fake_depth2_interfaces/local/lib/python3.10/dist-packages/fake_depth2_interfaces-0.1.0-py3.10.egg-info/top_level.txt
-- Up-to-date symlink: /home/rashwan/fake_depth2/install/fake_depth2_interfaces/local/lib/python3.10/dist-packages/fake_depth2_interfaces/__init__.py
-- Up-to-date symlink: /home/rashwan/fake_depth2/install/fake_depth2_interfaces/local/lib/python3.10/dist-packages/fake_depth2_interfaces/_fake_depth2_interfaces_s.ep.rosidl_typesupport_c.c
-- Up-to-date symlink: /home/rashwan/fake_depth2/install/fake_depth2_interfaces/local/lib/python3.10/dist-packages/fake_depth2_interfaces/_fake_depth2_interfaces_s.ep.rosidl_typesupport_fastrtps_c.c
-- Up-to-date symlink: /home/rashwan/fake_depth2/install/fake_depth2_interfaces/local/lib/python3.10/dist-packages/fake_depth2_interfaces/_fake_depth2_interfaces_s.ep.rosidl_typesupport_introspection_c.c
-- Up-to-date symlink: /home/rashwan/fake_depth2/install/fake_depth2_interfaces/local/lib/python3.10/dist-packages/fake_depth2_interfaces/action/__init__.py
-- Up-to-date symlink: /home/rashwan/fake_depth2/install/fake_depth2_interfaces/local/lib/python3.10/dist-packages/fake_depth2_interfaces/action/_dive_to_depth.py
-- Up-to-date symlink: /home/rashwan/fake_depth2/install/fake_depth2_interfaces/local/lib/python3.10/dist-packages/fake_depth2_interfaces/action/_dive_to_depth_s.c
-- Up-to-date symlink: /home/rashwan/fake_depth2/install/fake_depth2_interfaces/local/lib/python3.10/dist-packages/fake_depth2_interfaces/fake_depth2_interfaces_s__rosidl_typesupport_c.cpython-310-x86_64-linux-gnu.so
-- Up-to-date symlink: /home/rashwan/fake_depth2/install/fake_depth2_interfaces/local/lib/python3.10/dist-packages/fake_depth2_interfaces/fake_depth2_interfaces_s__rosidl_typesupport_fastrtps_c.cpython-310-x86_64-linux-gnu.so
-- Up-to-date symlink: /home/rashwan/fake_depth2/install/fake_depth2_interfaces/local/lib/python3.10/dist-packages/fake_depth2_interfaces/fake_depth2_interfaces_s__rosidl_typesupport_introspection_c.cpython-310-x86_64-linux-gnu.so
-- Up-to-date symlink: /home/rashwan/fake_depth2/install/fake_depth2_interfaces/local/lib/python3.10/dist-packages/fake_depth2_interfaces/libfake_depth2_interfaces__rosidl_generator_py.so
-- Up-to-date symlink: /home/rashwan/fake_depth2/install/fake_depth2_interfaces/local/lib/python3.10/dist-packages/fake_depth2_interfaces/msg/__init__.py
-- Up-to-date symlink: /home/rashwan/fake_depth2/install/fake_depth2_interfaces/local/lib/python3.10/dist-packages/fake_depth2_interfaces/msg/_depth_reading.py
-- Up-to-date symlink: /home/rashwan/fake_depth2/install/fake_depth2_interfaces/local/lib/python3.10/dist-packages/fake_depth2_interfaces/msg/_depth_reading_s.c
-- Up-to-date symlink: /home/rashwan/fake_depth2/install/fake_depth2_interfaces/local/lib/python3.10/dist-packages/fake_depth2_interfaces/srv/__init__.py
-- Up-to-date symlink: /home/rashwan/fake_depth2/install/fake_depth2_interfaces/local/lib/python3.10/dist-packages/fake_depth2_interfaces/srv/_calibrate_depth.py
-- Up-to-date symlink: /home/rashwan/fake_depth2/install/fake_depth2_interfaces/local/lib/python3.10/dist-packages/fake_depth2_interfaces/srv/_calibrate_depth_s.c
-- Up-to-date symlink: /home/rashwan/fake_depth2/install/fake_depth2_interfaces/local/lib/python3.10/dist-packages/fake_depth2_interfaces/fake_depth2_interfaces_s__rosidl_typesupport_fastrtps_c.cpython-310-x86_64-linux-gnu.so
-- Up-to-date symlink: /home/rashwan/fake_depth2/install/fake_depth2_interfaces/local/lib/python3.10/dist-packages/fake_depth2_interfaces/fake_depth2_interfaces_s__rosidl_typesupport_introspection_c.cpython-310-x86_64-linux-gnu.so
-- Up-to-date symlink: /home/rashwan/fake_depth2/install/fake_depth2_interfaces/local/lib/python3.10/dist-packages/fake_depth2_interfaces/fake_depth2_interfaces_s__rosidl_typesupport_c.cpython-310-x86_64-linux-gnu.so
-- Up-to-date symlink: /home/rashwan/fake_depth2/install/fake_depth2_interfaces/share/ament_index/resource_index/rust_packages/fake_depth2_interfaces
-- Up-to-date symlink: /home/rashwan/fake_depth2/install/fake_depth2_interfaces/share/fake_depth2_interfaces/rust/Cargo.toml
-- Up-to-date symlink: /home/rashwan/fake_depth2/install/fake_depth2_interfaces/share/fake_depth2_interfaces/rust/build.rs
-- Up-to-date symlink: /home/rashwan/fake_depth2/install/fake_depth2_interfaces/share/fake_depth2_interfaces/rust/src/action.rs
-- Up-to-date symlink: /home/rashwan/fake_depth2/install/fake_depth2_interfaces/share/fake_depth2_interfaces/rust/src/action/rmw.rs
-- Up-to-date symlink: /home/rashwan/fake_depth2/install/fake_depth2_interfaces/share/fake_depth2_interfaces/rust/src/lib.rs
-- Up-to-date symlink: /home/rashwan/fake_depth2/install/fake_depth2_interfaces/share/fake_depth2_interfaces/rust/src/msg.rs
-- Up-to-date symlink: /home/rashwan/fake_depth2/install/fake_depth2_interfaces/share/fake_depth2_interfaces/rust/src/msg/rmw.rs
-- Up-to-date symlink: /home/rashwan/fake_depth2/install/fake_depth2_interfaces/share/fake_depth2_interfaces/rust/src/srv.rs
-- Up-to-date symlink: /home/rashwan/fake_depth2/install/fake_depth2_interfaces/share/fake_depth2_interfaces/rust/src/srv/rmw.rs
-- Up-to-date symlink: /home/rashwan/fake_depth2/install/fake_depth2_interfaces/share/fake_depth2_interfaces/msg/DepthReading.idl
-- Up-to-date symlink: /home/rashwan/fake_depth2/install/fake_depth2_interfaces/share/fake_depth2_interfaces/srv/CalibrateDepth.idl
-- Up-to-date symlink: /home/rashwan/fake_depth2/install/fake_depth2_interfaces/share/fake_depth2_interfaces/action/DiveToDepth.idl
-- Up-to-date symlink: /home/rashwan/fake_depth2/install/fake_depth2_interfaces/share/fake_depth2_interfaces/msg/DepthReading.msg
-- Up-to-date symlink: /home/rashwan/fake_depth2/install/fake_depth2_interfaces/share/fake_depth2_interfaces/srv/CalibrateDepth.srv
-- Up-to-date symlink: /home/rashwan/fake_depth2/install/fake_depth2_interfaces/share/fake_depth2_interfaces/srv/CalibrateDepth_Request.msg
-- Up-to-date symlink: /home/rashwan/fake_depth2/install/fake_depth2_interfaces/share/fake_depth2_interfaces/srv/CalibrateDepth_Response.msg
-- Up-to-date symlink: /home/rashwan/fake_depth2/install/fake_depth2_interfaces/share/fake_depth2_interfaces/action/DiveToDepth.action
-- Up-to-date symlink: /home/rashwan/fake_depth2/install/fake_depth2_interfaces/share/ament_index/resource_index/package_run_dependencies/fake_depth2_interfaces
-- Up-to-date symlink: /home/rashwan/fake_depth2/install/fake_depth2_interfaces/share/ament_index/resource_index/parent_prefix_path/fake_depth2_interfaces
-- Up-to-date symlink: /home/rashwan/fake_depth2/install/fake_depth2_interfaces/share/fake_depth2_interfaces/environment/ament_prefix_path.sh
-- Up-to-date symlink: /home/rashwan/fake_depth2/install/fake_depth2_interfaces/share/fake_depth2_interfaces/environment/ament_prefix_path.dsv
-- Up-to-date symlink: /home/rashwan/fake_depth2/install/fake_depth2_interfaces/share/fake_depth2_interfaces/environment/path.sh
-- Up-to-date symlink: /home/rashwan/fake_depth2/install/fake_depth2_interfaces/share/fake_depth2_interfaces/environment/path.dsv
-- Up-to-date symlink: /home/rashwan/fake_depth2/install/fake_depth2_interfaces/share/fake_depth2_interfaces/local_setup.bash
-- Up-to-date symlink: /home/rashwan/fake_depth2/install/fake_depth2_interfaces/share/fake_depth2_interfaces/local_setup.sh
-- Up-to-date symlink: /home/rashwan/fake_depth2/install/fake_depth2_interfaces/share/fake_depth2_interfaces/local_setup.zsh
-- Up-to-date symlink: /home/rashwan/fake_depth2/install/fake_depth2_interfaces/share/fake_depth2_interfaces/local_setup.dsv
-- Symlinking: /home/rashwan/fake_depth2/install/fake_depth2_interfaces/share/fake_depth2_interfaces/package.dsv
-- Up-to-date symlink: /home/rashwan/fake_depth2/install/fake_depth2_interfaces/share/ament_index/resource_index/packages/fake_depth2_interfaces
-- Up-to-date symlink: /home/rashwan/fake_depth2/install/fake_depth2_interfaces/share/fake_depth2_interfaces/cmake/rosidl_cmake-extras.cmake
-- Up-to-date symlink: /home/rashwan/fake_depth2/install/fake_depth2_interfaces/share/fake_depth2_interfaces/cmake/ament_cmake_export_dependencies-extras.cmake
-- Up-to-date symlink: /home/rashwan/fake_depth2/install/fake_depth2_interfaces/share/fake_depth2_interfaces/cmake/ament_cmake_export_include_directories-extras.cmake
-- Up-to-date symlink: /home/rashwan/fake_depth2/install/fake_depth2_interfaces/share/fake_depth2_interfaces/cmake/ament_cmake_export_libraries-extras.cmake
-- Up-to-date symlink: /home/rashwan/fake_depth2/install/fake_depth2_interfaces/share/fake_depth2_interfaces/cmake/ament_cmake_export_targets-extras.cmake
-- Up-to-date symlink: /home/rashwan/fake_depth2/install/fake_depth2_interfaces/share/fake_depth2_interfaces/cmake/rosidl_cmake_export_typesupport_targets-extras.cmake
-- Up-to-date symlink: /home/rashwan/fake_depth2/install/fake_depth2_interfaces/share/fake_depth2_interfaces/cmake/rosidl_cmake_export_typesupport_libraries-extras.cmake
-- Up-to-date symlink: /home/rashwan/fake_depth2/install/fake_depth2_interfaces/share/fake_depth2_interfaces/cmake/rosidl_cmake_aggregate_target-extras.cmake
-- Up-to-date symlink: /home/rashwan/fake_depth2/install/fake_depth2_interfaces/share/fake_depth2_interfaces/cmake/fake_depth2_interfacesConfig.cmake
-- Up-to-date symlink: /home/rashwan/fake_depth2/install/fake_depth2_interfaces/share/fake_depth2_interfaces/cmake/fake_depth2_interfacesConfig-version.cmake
-- Up-to-date symlink: /home/rashwan/fake_depth2/install/fake_depth2_interfaces/share/fake_depth2_interfaces/package.xml
-- Up-to-date: /home/rashwan/fake_depth2/install/fake_depth2_interfaces/lib/libfake_depth2_interfaces__rosidl_generator_c.so
-- Up-to-date: /home/rashwan/fake_depth2/install/fake_depth2_interfaces/lib/libfake_depth2_interfaces__rosidl_typesupport_fastrtps_c.so
-- Up-to-date: /home/rashwan/fake_depth2/install/fake_depth2_interfaces/lib/libfake_depth2_interfaces__rosidl_typesupport_introspection_c.so
-- Up-to-date: /home/rashwan/fake_depth2/install/fake_depth2_interfaces/lib/libfake_depth2_interfaces__rosidl_typesupport_c.so
-- Up-to-date: /home/rashwan/fake_depth2/install/fake_depth2_interfaces/lib/libfake_depth2_interfaces__rosidl_typesupport_fastrtps_cpp.so
-- Up-to-date: /home/rashwan/fake_depth2/install/fake_depth2_interfaces/lib/libfake_depth2_interfaces__rosidl_typesupport_introspection_cpp.so
-- Up-to-date: /home/rashwan/fake_depth2/install/fake_depth2_interfaces/lib/libfake_depth2_interfaces__rosidl_typesupport_cpp.so
Listing '/home/rashwan/fake_depth2/install/fake_depth2_interfaces/local/lib/python3.10/dist-packages/fake_depth2_interfaces'...
Listing '/home/rashwan/fake_depth2/install/fake_depth2_interfaces/local/lib/python3.10/dist-packages/fake_depth2_interfaces/action'...
Listing '/home/rashwan/fake_depth2/install/fake_depth2_interfaces/local/lib/python3.10/dist-packages/fake_depth2_interfaces/msg'...
Listing '/home/rashwan/fake_depth2/install/fake_depth2_interfaces/local/lib/python3.10/dist-packages/fake_depth2_interfaces/srv'...
-- Up-to-date: /home/rashwan/fake_depth2/install/fake_depth2_interfaces/lib/libfake_depth2_interfaces__rosidl_generator_py.so
-- Up-to-date: /home/rashwan/fake_depth2/install/fake_depth2_interfaces/share/fake_depth2_interfaces/cmake/export_fake_depth2_interfaces__rosidl_generator_cExport.cmake
-- Up-to-date: /home/rashwan/fake_depth2/install/fake_depth2_interfaces/share/fake_depth2_interfaces/cmake/export_fake_depth2_interfaces__rosidl_generator_cExport-noconfig.cmake
-- Up-to-date: /home/rashwan/fake_depth2/install/fake_depth2_interfaces/share/fake_depth2_interfaces/cmake/export_fake_depth2_interfaces__rosidl_typesupport_fastrtps_cExport.cmake
-- Up-to-date: /home/rashwan/fake_depth2/install/fake_depth2_interfaces/share/fake_depth2_interfaces/cmake/export_fake_depth2_interfaces__rosidl_typesupport_fastrtps_cExport-noconfig.cmake
-- Up-to-date: /home/rashwan/fake_depth2/install/fake_depth2_interfaces/share/fake_depth2_interfaces/cmake/fake_depth2_interfaces__rosidl_typesupport_introspection_cExport.cmake
-- Up-to-date: /home/rashwan/fake_depth2/install/fake_depth2_interfaces/share/fake_depth2_interfaces/cmake/fake_depth2_interfaces__rosidl_typesupport_introspection_cExport-noconfig.cmake
-- Up-to-date: /home/rashwan/fake_depth2/install/fake_depth2_interfaces/share/fake_depth2_interfaces/cmake/fake_depth2_interfaces__rosidl_typesupport_cExport.cmake
-- Up-to-date: /home/rashwan/fake_depth2/install/fake_depth2_interfaces/share/fake_depth2_interfaces/cmake/fake_depth2_interfaces__rosidl_typesupport_cExport-noconfig.cmake
-- Up-to-date: /home/rashwan/fake_depth2/install/fake_depth2_interfaces/share/fake_depth2_interfaces/cmake/export_fake_depth2_interfaces__rosidl_generator_cppExport.cmake
-- Up-to-date: /home/rashwan/fake_depth2/install/fake_depth2_interfaces/share/fake_depth2_interfaces/cmake/export_fake_depth2_interfaces__rosidl_typesupport_fastrtps_cppExport.cmake
-- Up-to-date: /home/rashwan/fake_depth2/install/fake_depth2_interfaces/share/fake_depth2_interfaces/cmake/export_fake_depth2_interfaces__rosidl_typesupport_fastrtps_cppExport-noconfig.cmake
-- Up-to-date: /home/rashwan/fake_depth2/install/fake_depth2_interfaces/share/fake_depth2_interfaces/cmake/fake_depth2_interfaces__rosidl_typesupport_introspection_cppExport.cmake
-- Up-to-date: /home/rashwan/fake_depth2/install/fake_depth2_interfaces/share/fake_depth2_interfaces/cmake/fake_depth2_interfaces__rosidl_typesupport_introspection_cppExport-noconfig.cmake
-- Up-to-date: /home/rashwan/fake_depth2/install/fake_depth2_interfaces/share/fake_depth2_interfaces/cmake/fake_depth2_interfaces__rosidl_typesupport_cppExport.cmake
-- Up-to-date: /home/rashwan/fake_depth2/install/fake_depth2_interfaces/share/fake_depth2_interfaces/cmake/fake_depth2_interfaces__rosidl_typesupport_cppExport-noconfig.cmake
-- Up-to-date: /home/rashwan/fake_depth2/install/fake_depth2_interfaces/share/fake_depth2_interfaces/cmake/export_fake_depth2_interfaces__rosidl_generator_pyExport.cmake
-- Up-to-date: /home/rashwan/fake_depth2/install/fake_depth2_interfaces/share/fake_depth2_interfaces/cmake/export_fake_depth2_interfaces__rosidl_generator_pyExport-noconfig.cmake
