[0.005s] Invoking command in '/home/rashwan/fake_depth2/build/fake_depth2_interfaces': CMAKE_PREFIX_PATH=/opt/ros/humble /usr/bin/cmake --build /home/rashwan/fake_depth2/build/fake_depth2_interfaces -- -j28 -l28
[0.030s] [35m[1mConsolidate compiler generated dependencies of target fake_depth2_interfaces__rosidl_generator_c[0m
[0.037s] [  2%] Built target fake_depth2_interfaces__rs
[0.037s] [ 14%] Built target fake_depth2_interfaces__rosidl_generator_c
[0.037s] [ 14%] Built target fake_depth2_interfaces__cpp
[0.043s] [ 14%] Built target ament_cmake_python_symlink_fake_depth2_interfaces
[0.043s] [35m[1mConsolidate compiler generated dependencies of target fake_depth2_interfaces__rosidl_typesupport_cpp[0m
[0.043s] [35m[1mConsolidate compiler generated dependencies of target fake_depth2_interfaces__rosidl_typesupport_c[0m
[0.044s] [35m[1mConsolidate compiler generated dependencies of target fake_depth2_interfaces__rosidl_typesupport_fastrtps_c[0m
[0.045s] [35m[1mConsolidate compiler generated dependencies of target fake_depth2_interfaces__rosidl_typesupport_introspection_c[0m
[0.046s] [35m[1mConsolidate compiler generated dependencies of target fake_depth2_interfaces__rosidl_typesupport_fastrtps_cpp[0m
[0.046s] [35m[1mConsolidate compiler generated dependencies of target fake_depth2_interfaces__rosidl_typesupport_introspection_cpp[0m
[0.049s] [ 25%] Built target fake_depth2_interfaces__rosidl_typesupport_fastrtps_c
[0.050s] [ 35%] Built target fake_depth2_interfaces__rosidl_typesupport_cpp
[0.050s] [ 45%] Built target fake_depth2_interfaces__rosidl_typesupport_c
[0.052s] [ 56%] Built target fake_depth2_interfaces__rosidl_typesupport_introspection_c
[0.054s] [ 66%] Built target fake_depth2_interfaces__rosidl_typesupport_introspection_cpp
[0.054s] [ 77%] Built target fake_depth2_interfaces__rosidl_typesupport_fastrtps_cpp
[0.066s] [ 77%] Built target fake_depth2_interfaces
[0.077s] [ 79%] Built target fake_depth2_interfaces__py
[0.082s] [35m[1mConsolidate compiler generated dependencies of target fake_depth2_interfaces__rosidl_generator_py[0m
[0.089s] [ 87%] Built target fake_depth2_interfaces__rosidl_generator_py
[0.095s] [35m[1mConsolidate compiler generated dependencies of target fake_depth2_interfaces__rosidl_typesupport_fastrtps_c__pyext[0m
[0.095s] [35m[1mConsolidate compiler generated dependencies of target fake_depth2_interfaces__rosidl_typesupport_introspection_c__pyext[0m
[0.095s] [35m[1mConsolidate compiler generated dependencies of target fake_depth2_interfaces__rosidl_typesupport_c__pyext[0m
[0.102s] [ 91%] Built target fake_depth2_interfaces__rosidl_typesupport_introspection_c__pyext
[0.102s] [ 95%] Built target fake_depth2_interfaces__rosidl_typesupport_fastrtps_c__pyext
[0.103s] [100%] Built target fake_depth2_interfaces__rosidl_typesupport_c__pyext
[0.144s] running egg_info
[0.144s] writing fake_depth2_interfaces.egg-info/PKG-INFO
[0.144s] writing dependency_links to fake_depth2_interfaces.egg-info/dependency_links.txt
[0.144s] writing top-level names to fake_depth2_interfaces.egg-info/top_level.txt
[0.145s] reading manifest file 'fake_depth2_interfaces.egg-info/SOURCES.txt'
[0.146s] writing manifest file 'fake_depth2_interfaces.egg-info/SOURCES.txt'
[0.158s] [100%] Built target ament_cmake_python_build_fake_depth2_interfaces_egg
[0.165s] Invoked command in '/home/rashwan/fake_depth2/build/fake_depth2_interfaces' returned '0': CMAKE_PREFIX_PATH=/opt/ros/humble /usr/bin/cmake --build /home/rashwan/fake_depth2/build/fake_depth2_interfaces -- -j28 -l28
[0.173s] Invoking command in '/home/rashwan/fake_depth2/build/fake_depth2_interfaces': CMAKE_PREFIX_PATH=/opt/ros/humble /usr/bin/cmake --install /home/rashwan/fake_depth2/build/fake_depth2_interfaces
[0.180s] -- Install configuration: ""
[0.180s] -- Execute custom install script
[0.180s] -- Up-to-date symlink: /home/rashwan/fake_depth2/install/fake_depth2_interfaces/share/ament_index/resource_index/rosidl_interfaces/fake_depth2_interfaces
[0.181s] -- Up-to-date symlink: /home/rashwan/fake_depth2/install/fake_depth2_interfaces/include/fake_depth2_interfaces/fake_depth2_interfaces/action/detail/dive_to_depth__functions.h
[0.181s] -- Up-to-date symlink: /home/rashwan/fake_depth2/install/fake_depth2_interfaces/include/fake_depth2_interfaces/fake_depth2_interfaces/action/detail/dive_to_depth__struct.h
[0.181s] -- Up-to-date symlink: /home/rashwan/fake_depth2/install/fake_depth2_interfaces/include/fake_depth2_interfaces/fake_depth2_interfaces/action/detail/dive_to_depth__type_support.h
[0.181s] -- Up-to-date symlink: /home/rashwan/fake_depth2/install/fake_depth2_interfaces/include/fake_depth2_interfaces/fake_depth2_interfaces/action/dive_to_depth.h
[0.181s] -- Up-to-date symlink: /home/rashwan/fake_depth2/install/fake_depth2_interfaces/include/fake_depth2_interfaces/fake_depth2_interfaces/msg/depth_reading.h
[0.181s] -- Up-to-date symlink: /home/rashwan/fake_depth2/install/fake_depth2_interfaces/include/fake_depth2_interfaces/fake_depth2_interfaces/msg/detail/depth_reading__functions.h
[0.181s] -- Up-to-date symlink: /home/rashwan/fake_depth2/install/fake_depth2_interfaces/include/fake_depth2_interfaces/fake_depth2_interfaces/msg/detail/depth_reading__struct.h
[0.181s] -- Up-to-date symlink: /home/rashwan/fake_depth2/install/fake_depth2_interfaces/include/fake_depth2_interfaces/fake_depth2_interfaces/msg/detail/depth_reading__type_support.h
[0.181s] -- Up-to-date symlink: /home/rashwan/fake_depth2/install/fake_depth2_interfaces/include/fake_depth2_interfaces/fake_depth2_interfaces/msg/rosidl_generator_c__visibility_control.h
[0.181s] -- Up-to-date symlink: /home/rashwan/fake_depth2/install/fake_depth2_interfaces/include/fake_depth2_interfaces/fake_depth2_interfaces/srv/calibrate_depth.h
[0.181s] -- Up-to-date symlink: /home/rashwan/fake_depth2/install/fake_depth2_interfaces/include/fake_depth2_interfaces/fake_depth2_interfaces/srv/detail/calibrate_depth__functions.h
[0.181s] -- Up-to-date symlink: /home/rashwan/fake_depth2/install/fake_depth2_interfaces/include/fake_depth2_interfaces/fake_depth2_interfaces/srv/detail/calibrate_depth__struct.h
[0.181s] -- Up-to-date symlink: /home/rashwan/fake_depth2/install/fake_depth2_interfaces/include/fake_depth2_interfaces/fake_depth2_interfaces/srv/detail/calibrate_depth__type_support.h
[0.181s] -- Up-to-date symlink: /home/rashwan/fake_depth2/install/fake_depth2_interfaces/share/fake_depth2_interfaces/environment/library_path.sh
[0.181s] -- Up-to-date symlink: /home/rashwan/fake_depth2/install/fake_depth2_interfaces/share/fake_depth2_interfaces/environment/library_path.dsv
[0.181s] -- Up-to-date symlink: /home/rashwan/fake_depth2/install/fake_depth2_interfaces/include/fake_depth2_interfaces/fake_depth2_interfaces/action/detail/dive_to_depth__rosidl_typesupport_fastrtps_c.h
[0.182s] -- Up-to-date symlink: /home/rashwan/fake_depth2/install/fake_depth2_interfaces/include/fake_depth2_interfaces/fake_depth2_interfaces/msg/detail/depth_reading__rosidl_typesupport_fastrtps_c.h
[0.182s] -- Up-to-date symlink: /home/rashwan/fake_depth2/install/fake_depth2_interfaces/include/fake_depth2_interfaces/fake_depth2_interfaces/msg/rosidl_typesupport_fastrtps_c__visibility_control.h
[0.182s] -- Up-to-date symlink: /home/rashwan/fake_depth2/install/fake_depth2_interfaces/include/fake_depth2_interfaces/fake_depth2_interfaces/srv/detail/calibrate_depth__rosidl_typesupport_fastrtps_c.h
[0.182s] -- Up-to-date symlink: /home/rashwan/fake_depth2/install/fake_depth2_interfaces/include/fake_depth2_interfaces/fake_depth2_interfaces/action/detail/dive_to_depth__rosidl_typesupport_introspection_c.h
[0.182s] -- Up-to-date symlink: /home/rashwan/fake_depth2/install/fake_depth2_interfaces/include/fake_depth2_interfaces/fake_depth2_interfaces/msg/detail/depth_reading__rosidl_typesupport_introspection_c.h
[0.182s] -- Up-to-date symlink: /home/rashwan/fake_depth2/install/fake_depth2_interfaces/include/fake_depth2_interfaces/fake_depth2_interfaces/msg/rosidl_typesupport_introspection_c__visibility_control.h
[0.182s] -- Up-to-date symlink: /home/rashwan/fake_depth2/install/fake_depth2_interfaces/include/fake_depth2_interfaces/fake_depth2_interfaces/srv/detail/calibrate_depth__rosidl_typesupport_introspection_c.h
[0.182s] -- Up-to-date symlink: /home/rashwan/fake_depth2/install/fake_depth2_interfaces/include/fake_depth2_interfaces/fake_depth2_interfaces/action/detail/dive_to_depth__builder.hpp
[0.182s] -- Up-to-date symlink: /home/rashwan/fake_depth2/install/fake_depth2_interfaces/include/fake_depth2_interfaces/fake_depth2_interfaces/action/detail/dive_to_depth__struct.hpp
[0.182s] -- Up-to-date symlink: /home/rashwan/fake_depth2/install/fake_depth2_interfaces/include/fake_depth2_interfaces/fake_depth2_interfaces/action/detail/dive_to_depth__traits.hpp
[0.182s] -- Up-to-date symlink: /home/rashwan/fake_depth2/install/fake_depth2_interfaces/include/fake_depth2_interfaces/fake_depth2_interfaces/action/detail/dive_to_depth__type_support.hpp
[0.182s] -- Up-to-date symlink: /home/rashwan/fake_depth2/install/fake_depth2_interfaces/include/fake_depth2_interfaces/fake_depth2_interfaces/action/dive_to_depth.hpp
[0.182s] -- Up-to-date symlink: /home/rashwan/fake_depth2/install/fake_depth2_interfaces/include/fake_depth2_interfaces/fake_depth2_interfaces/msg/depth_reading.hpp
[0.182s] -- Up-to-date symlink: /home/rashwan/fake_depth2/install/fake_depth2_interfaces/include/fake_depth2_interfaces/fake_depth2_interfaces/msg/detail/depth_reading__builder.hpp
[0.182s] -- Up-to-date symlink: /home/rashwan/fake_depth2/install/fake_depth2_interfaces/include/fake_depth2_interfaces/fake_depth2_interfaces/msg/detail/depth_reading__struct.hpp
[0.182s] -- Up-to-date symlink: /home/rashwan/fake_depth2/install/fake_depth2_interfaces/include/fake_depth2_interfaces/fake_depth2_interfaces/msg/detail/depth_reading__traits.hpp
[0.182s] -- Up-to-date symlink: /home/rashwan/fake_depth2/install/fake_depth2_interfaces/include/fake_depth2_interfaces/fake_depth2_interfaces/msg/detail/depth_reading__type_support.hpp
[0.182s] -- Up-to-date symlink: /home/rashwan/fake_depth2/install/fake_depth2_interfaces/include/fake_depth2_interfaces/fake_depth2_interfaces/msg/rosidl_generator_cpp__visibility_control.hpp
[0.182s] -- Up-to-date symlink: /home/rashwan/fake_depth2/install/fake_depth2_interfaces/include/fake_depth2_interfaces/fake_depth2_interfaces/srv/calibrate_depth.hpp
[0.182s] -- Up-to-date symlink: /home/rashwan/fake_depth2/install/fake_depth2_interfaces/include/fake_depth2_interfaces/fake_depth2_interfaces/srv/detail/calibrate_depth__builder.hpp
[0.182s] -- Up-to-date symlink: /home/rashwan/fake_depth2/install/fake_depth2_interfaces/include/fake_depth2_interfaces/fake_depth2_interfaces/srv/detail/calibrate_depth__struct.hpp
[0.182s] -- Up-to-date symlink: /home/rashwan/fake_depth2/install/fake_depth2_interfaces/include/fake_depth2_interfaces/fake_depth2_interfaces/srv/detail/calibrate_depth__traits.hpp
[0.183s] -- Up-to-date symlink: /home/rashwan/fake_depth2/install/fake_depth2_interfaces/include/fake_depth2_interfaces/fake_depth2_interfaces/srv/detail/calibrate_depth__type_support.hpp
[0.183s] -- Up-to-date symlink: /home/rashwan/fake_depth2/install/fake_depth2_interfaces/include/fake_depth2_interfaces/fake_depth2_interfaces/action/detail/dive_to_depth__rosidl_typesupport_fastrtps_cpp.hpp
[0.183s] -- Up-to-date symlink: /home/rashwan/fake_depth2/install/fake_depth2_interfaces/include/fake_depth2_interfaces/fake_depth2_interfaces/msg/detail/depth_reading__rosidl_typesupport_fastrtps_cpp.hpp
[0.183s] -- Up-to-date symlink: /home/rashwan/fake_depth2/install/fake_depth2_interfaces/include/fake_depth2_interfaces/fake_depth2_interfaces/msg/rosidl_typesupport_fastrtps_cpp__visibility_control.h
[0.183s] -- Up-to-date symlink: /home/rashwan/fake_depth2/install/fake_depth2_interfaces/include/fake_depth2_interfaces/fake_depth2_interfaces/srv/detail/calibrate_depth__rosidl_typesupport_fastrtps_cpp.hpp
[0.183s] -- Up-to-date symlink: /home/rashwan/fake_depth2/install/fake_depth2_interfaces/include/fake_depth2_interfaces/fake_depth2_interfaces/action/detail/dive_to_depth__rosidl_typesupport_introspection_cpp.hpp
[0.183s] -- Up-to-date symlink: /home/rashwan/fake_depth2/install/fake_depth2_interfaces/include/fake_depth2_interfaces/fake_depth2_interfaces/msg/detail/depth_reading__rosidl_typesupport_introspection_cpp.hpp
[0.183s] -- Up-to-date symlink: /home/rashwan/fake_depth2/install/fake_depth2_interfaces/include/fake_depth2_interfaces/fake_depth2_interfaces/srv/detail/calibrate_depth__rosidl_typesupport_introspection_cpp.hpp
[0.183s] -- Up-to-date symlink: /home/rashwan/fake_depth2/install/fake_depth2_interfaces/share/fake_depth2_interfaces/environment/pythonpath.sh
[0.183s] -- Up-to-date symlink: /home/rashwan/fake_depth2/install/fake_depth2_interfaces/share/fake_depth2_interfaces/environment/pythonpath.dsv
[0.183s] -- Up-to-date symlink: /home/rashwan/fake_depth2/install/fake_depth2_interfaces/local/lib/python3.10/dist-packages/fake_depth2_interfaces-0.1.0-py3.10.egg-info/PKG-INFO
[0.183s] -- Up-to-date symlink: /home/rashwan/fake_depth2/install/fake_depth2_interfaces/local/lib/python3.10/dist-packages/fake_depth2_interfaces-0.1.0-py3.10.egg-info/SOURCES.txt
[0.183s] -- Up-to-date symlink: /home/rashwan/fake_depth2/install/fake_depth2_interfaces/local/lib/python3.10/dist-packages/fake_depth2_interfaces-0.1.0-py3.10.egg-info/dependency_links.txt
[0.183s] -- Up-to-date symlink: /home/rashwan/fake_depth2/install/fake_depth2_interfaces/local/lib/python3.10/dist-packages/fake_depth2_interfaces-0.1.0-py3.10.egg-info/top_level.txt
[0.184s] -- Up-to-date symlink: /home/rashwan/fake_depth2/install/fake_depth2_interfaces/local/lib/python3.10/dist-packages/fake_depth2_interfaces/__init__.py
[0.184s] -- Up-to-date symlink: /home/rashwan/fake_depth2/install/fake_depth2_interfaces/local/lib/python3.10/dist-packages/fake_depth2_interfaces/_fake_depth2_interfaces_s.ep.rosidl_typesupport_c.c
[0.184s] -- Up-to-date symlink: /home/rashwan/fake_depth2/install/fake_depth2_interfaces/local/lib/python3.10/dist-packages/fake_depth2_interfaces/_fake_depth2_interfaces_s.ep.rosidl_typesupport_fastrtps_c.c
[0.184s] -- Up-to-date symlink: /home/rashwan/fake_depth2/install/fake_depth2_interfaces/local/lib/python3.10/dist-packages/fake_depth2_interfaces/_fake_depth2_interfaces_s.ep.rosidl_typesupport_introspection_c.c
[0.184s] -- Up-to-date symlink: /home/rashwan/fake_depth2/install/fake_depth2_interfaces/local/lib/python3.10/dist-packages/fake_depth2_interfaces/action/__init__.py
[0.184s] -- Up-to-date symlink: /home/rashwan/fake_depth2/install/fake_depth2_interfaces/local/lib/python3.10/dist-packages/fake_depth2_interfaces/action/_dive_to_depth.py
[0.184s] -- Up-to-date symlink: /home/rashwan/fake_depth2/install/fake_depth2_interfaces/local/lib/python3.10/dist-packages/fake_depth2_interfaces/action/_dive_to_depth_s.c
[0.184s] -- Up-to-date symlink: /home/rashwan/fake_depth2/install/fake_depth2_interfaces/local/lib/python3.10/dist-packages/fake_depth2_interfaces/fake_depth2_interfaces_s__rosidl_typesupport_c.cpython-310-x86_64-linux-gnu.so
[0.184s] -- Up-to-date symlink: /home/rashwan/fake_depth2/install/fake_depth2_interfaces/local/lib/python3.10/dist-packages/fake_depth2_interfaces/fake_depth2_interfaces_s__rosidl_typesupport_fastrtps_c.cpython-310-x86_64-linux-gnu.so
[0.184s] -- Up-to-date symlink: /home/rashwan/fake_depth2/install/fake_depth2_interfaces/local/lib/python3.10/dist-packages/fake_depth2_interfaces/fake_depth2_interfaces_s__rosidl_typesupport_introspection_c.cpython-310-x86_64-linux-gnu.so
[0.184s] -- Up-to-date symlink: /home/rashwan/fake_depth2/install/fake_depth2_interfaces/local/lib/python3.10/dist-packages/fake_depth2_interfaces/libfake_depth2_interfaces__rosidl_generator_py.so
[0.184s] -- Up-to-date symlink: /home/rashwan/fake_depth2/install/fake_depth2_interfaces/local/lib/python3.10/dist-packages/fake_depth2_interfaces/msg/__init__.py
[0.184s] -- Up-to-date symlink: /home/rashwan/fake_depth2/install/fake_depth2_interfaces/local/lib/python3.10/dist-packages/fake_depth2_interfaces/msg/_depth_reading.py
[0.184s] -- Up-to-date symlink: /home/rashwan/fake_depth2/install/fake_depth2_interfaces/local/lib/python3.10/dist-packages/fake_depth2_interfaces/msg/_depth_reading_s.c
[0.184s] -- Up-to-date symlink: /home/rashwan/fake_depth2/install/fake_depth2_interfaces/local/lib/python3.10/dist-packages/fake_depth2_interfaces/srv/__init__.py
[0.184s] -- Up-to-date symlink: /home/rashwan/fake_depth2/install/fake_depth2_interfaces/local/lib/python3.10/dist-packages/fake_depth2_interfaces/srv/_calibrate_depth.py
[0.184s] -- Up-to-date symlink: /home/rashwan/fake_depth2/install/fake_depth2_interfaces/local/lib/python3.10/dist-packages/fake_depth2_interfaces/srv/_calibrate_depth_s.c
[0.184s] -- Up-to-date symlink: /home/rashwan/fake_depth2/install/fake_depth2_interfaces/local/lib/python3.10/dist-packages/fake_depth2_interfaces/fake_depth2_interfaces_s__rosidl_typesupport_fastrtps_c.cpython-310-x86_64-linux-gnu.so
[0.185s] -- Up-to-date symlink: /home/rashwan/fake_depth2/install/fake_depth2_interfaces/local/lib/python3.10/dist-packages/fake_depth2_interfaces/fake_depth2_interfaces_s__rosidl_typesupport_introspection_c.cpython-310-x86_64-linux-gnu.so
[0.185s] -- Up-to-date symlink: /home/rashwan/fake_depth2/install/fake_depth2_interfaces/local/lib/python3.10/dist-packages/fake_depth2_interfaces/fake_depth2_interfaces_s__rosidl_typesupport_c.cpython-310-x86_64-linux-gnu.so
[0.185s] -- Up-to-date symlink: /home/rashwan/fake_depth2/install/fake_depth2_interfaces/share/ament_index/resource_index/rust_packages/fake_depth2_interfaces
[0.185s] -- Up-to-date symlink: /home/rashwan/fake_depth2/install/fake_depth2_interfaces/share/fake_depth2_interfaces/rust/Cargo.toml
[0.185s] -- Up-to-date symlink: /home/rashwan/fake_depth2/install/fake_depth2_interfaces/share/fake_depth2_interfaces/rust/build.rs
[0.185s] -- Up-to-date symlink: /home/rashwan/fake_depth2/install/fake_depth2_interfaces/share/fake_depth2_interfaces/rust/src/action.rs
[0.185s] -- Up-to-date symlink: /home/rashwan/fake_depth2/install/fake_depth2_interfaces/share/fake_depth2_interfaces/rust/src/action/rmw.rs
[0.185s] -- Up-to-date symlink: /home/rashwan/fake_depth2/install/fake_depth2_interfaces/share/fake_depth2_interfaces/rust/src/lib.rs
[0.185s] -- Up-to-date symlink: /home/rashwan/fake_depth2/install/fake_depth2_interfaces/share/fake_depth2_interfaces/rust/src/msg.rs
[0.185s] -- Up-to-date symlink: /home/rashwan/fake_depth2/install/fake_depth2_interfaces/share/fake_depth2_interfaces/rust/src/msg/rmw.rs
[0.185s] -- Up-to-date symlink: /home/rashwan/fake_depth2/install/fake_depth2_interfaces/share/fake_depth2_interfaces/rust/src/srv.rs
[0.185s] -- Up-to-date symlink: /home/rashwan/fake_depth2/install/fake_depth2_interfaces/share/fake_depth2_interfaces/rust/src/srv/rmw.rs
[0.185s] -- Up-to-date symlink: /home/rashwan/fake_depth2/install/fake_depth2_interfaces/share/fake_depth2_interfaces/msg/DepthReading.idl
[0.185s] -- Up-to-date symlink: /home/rashwan/fake_depth2/install/fake_depth2_interfaces/share/fake_depth2_interfaces/srv/CalibrateDepth.idl
[0.186s] -- Up-to-date symlink: /home/rashwan/fake_depth2/install/fake_depth2_interfaces/share/fake_depth2_interfaces/action/DiveToDepth.idl
[0.186s] -- Up-to-date symlink: /home/rashwan/fake_depth2/install/fake_depth2_interfaces/share/fake_depth2_interfaces/msg/DepthReading.msg
[0.186s] -- Up-to-date symlink: /home/rashwan/fake_depth2/install/fake_depth2_interfaces/share/fake_depth2_interfaces/srv/CalibrateDepth.srv
[0.186s] -- Up-to-date symlink: /home/rashwan/fake_depth2/install/fake_depth2_interfaces/share/fake_depth2_interfaces/srv/CalibrateDepth_Request.msg
[0.186s] -- Up-to-date symlink: /home/rashwan/fake_depth2/install/fake_depth2_interfaces/share/fake_depth2_interfaces/srv/CalibrateDepth_Response.msg
[0.186s] -- Up-to-date symlink: /home/rashwan/fake_depth2/install/fake_depth2_interfaces/share/fake_depth2_interfaces/action/DiveToDepth.action
[0.186s] -- Up-to-date symlink: /home/rashwan/fake_depth2/install/fake_depth2_interfaces/share/ament_index/resource_index/package_run_dependencies/fake_depth2_interfaces
[0.186s] -- Up-to-date symlink: /home/rashwan/fake_depth2/install/fake_depth2_interfaces/share/ament_index/resource_index/parent_prefix_path/fake_depth2_interfaces
[0.186s] -- Up-to-date symlink: /home/rashwan/fake_depth2/install/fake_depth2_interfaces/share/fake_depth2_interfaces/environment/ament_prefix_path.sh
[0.186s] -- Up-to-date symlink: /home/rashwan/fake_depth2/install/fake_depth2_interfaces/share/fake_depth2_interfaces/environment/ament_prefix_path.dsv
[0.186s] -- Up-to-date symlink: /home/rashwan/fake_depth2/install/fake_depth2_interfaces/share/fake_depth2_interfaces/environment/path.sh
[0.186s] -- Up-to-date symlink: /home/rashwan/fake_depth2/install/fake_depth2_interfaces/share/fake_depth2_interfaces/environment/path.dsv
[0.186s] -- Up-to-date symlink: /home/rashwan/fake_depth2/install/fake_depth2_interfaces/share/fake_depth2_interfaces/local_setup.bash
[0.186s] -- Up-to-date symlink: /home/rashwan/fake_depth2/install/fake_depth2_interfaces/share/fake_depth2_interfaces/local_setup.sh
[0.187s] -- Up-to-date symlink: /home/rashwan/fake_depth2/install/fake_depth2_interfaces/share/fake_depth2_interfaces/local_setup.zsh
[0.187s] -- Up-to-date symlink: /home/rashwan/fake_depth2/install/fake_depth2_interfaces/share/fake_depth2_interfaces/local_setup.dsv
[0.187s] -- Symlinking: /home/rashwan/fake_depth2/install/fake_depth2_interfaces/share/fake_depth2_interfaces/package.dsv
[0.193s] -- Up-to-date symlink: /home/rashwan/fake_depth2/install/fake_depth2_interfaces/share/ament_index/resource_index/packages/fake_depth2_interfaces
[0.194s] -- Up-to-date symlink: /home/rashwan/fake_depth2/install/fake_depth2_interfaces/share/fake_depth2_interfaces/cmake/rosidl_cmake-extras.cmake
[0.194s] -- Up-to-date symlink: /home/rashwan/fake_depth2/install/fake_depth2_interfaces/share/fake_depth2_interfaces/cmake/ament_cmake_export_dependencies-extras.cmake
[0.194s] -- Up-to-date symlink: /home/rashwan/fake_depth2/install/fake_depth2_interfaces/share/fake_depth2_interfaces/cmake/ament_cmake_export_include_directories-extras.cmake
[0.194s] -- Up-to-date symlink: /home/rashwan/fake_depth2/install/fake_depth2_interfaces/share/fake_depth2_interfaces/cmake/ament_cmake_export_libraries-extras.cmake
[0.194s] -- Up-to-date symlink: /home/rashwan/fake_depth2/install/fake_depth2_interfaces/share/fake_depth2_interfaces/cmake/ament_cmake_export_targets-extras.cmake
[0.194s] -- Up-to-date symlink: /home/rashwan/fake_depth2/install/fake_depth2_interfaces/share/fake_depth2_interfaces/cmake/rosidl_cmake_export_typesupport_targets-extras.cmake
[0.194s] -- Up-to-date symlink: /home/rashwan/fake_depth2/install/fake_depth2_interfaces/share/fake_depth2_interfaces/cmake/rosidl_cmake_export_typesupport_libraries-extras.cmake
[0.194s] -- Up-to-date symlink: /home/rashwan/fake_depth2/install/fake_depth2_interfaces/share/fake_depth2_interfaces/cmake/rosidl_cmake_aggregate_target-extras.cmake
[0.194s] -- Up-to-date symlink: /home/rashwan/fake_depth2/install/fake_depth2_interfaces/share/fake_depth2_interfaces/cmake/fake_depth2_interfacesConfig.cmake
[0.195s] -- Up-to-date symlink: /home/rashwan/fake_depth2/install/fake_depth2_interfaces/share/fake_depth2_interfaces/cmake/fake_depth2_interfacesConfig-version.cmake
[0.195s] -- Up-to-date symlink: /home/rashwan/fake_depth2/install/fake_depth2_interfaces/share/fake_depth2_interfaces/package.xml
[0.195s] -- Up-to-date: /home/rashwan/fake_depth2/install/fake_depth2_interfaces/lib/libfake_depth2_interfaces__rosidl_generator_c.so
[0.195s] -- Up-to-date: /home/rashwan/fake_depth2/install/fake_depth2_interfaces/lib/libfake_depth2_interfaces__rosidl_typesupport_fastrtps_c.so
[0.195s] -- Up-to-date: /home/rashwan/fake_depth2/install/fake_depth2_interfaces/lib/libfake_depth2_interfaces__rosidl_typesupport_introspection_c.so
[0.195s] -- Up-to-date: /home/rashwan/fake_depth2/install/fake_depth2_interfaces/lib/libfake_depth2_interfaces__rosidl_typesupport_c.so
[0.196s] -- Up-to-date: /home/rashwan/fake_depth2/install/fake_depth2_interfaces/lib/libfake_depth2_interfaces__rosidl_typesupport_fastrtps_cpp.so
[0.196s] -- Up-to-date: /home/rashwan/fake_depth2/install/fake_depth2_interfaces/lib/libfake_depth2_interfaces__rosidl_typesupport_introspection_cpp.so
[0.196s] -- Up-to-date: /home/rashwan/fake_depth2/install/fake_depth2_interfaces/lib/libfake_depth2_interfaces__rosidl_typesupport_cpp.so
[0.224s] Listing '/home/rashwan/fake_depth2/install/fake_depth2_interfaces/local/lib/python3.10/dist-packages/fake_depth2_interfaces'...
[0.224s] Listing '/home/rashwan/fake_depth2/install/fake_depth2_interfaces/local/lib/python3.10/dist-packages/fake_depth2_interfaces/action'...
[0.224s] Listing '/home/rashwan/fake_depth2/install/fake_depth2_interfaces/local/lib/python3.10/dist-packages/fake_depth2_interfaces/msg'...
[0.224s] Listing '/home/rashwan/fake_depth2/install/fake_depth2_interfaces/local/lib/python3.10/dist-packages/fake_depth2_interfaces/srv'...
[0.226s] -- Up-to-date: /home/rashwan/fake_depth2/install/fake_depth2_interfaces/lib/libfake_depth2_interfaces__rosidl_generator_py.so
[0.226s] -- Up-to-date: /home/rashwan/fake_depth2/install/fake_depth2_interfaces/share/fake_depth2_interfaces/cmake/export_fake_depth2_interfaces__rosidl_generator_cExport.cmake
[0.226s] -- Up-to-date: /home/rashwan/fake_depth2/install/fake_depth2_interfaces/share/fake_depth2_interfaces/cmake/export_fake_depth2_interfaces__rosidl_generator_cExport-noconfig.cmake
[0.226s] -- Up-to-date: /home/rashwan/fake_depth2/install/fake_depth2_interfaces/share/fake_depth2_interfaces/cmake/export_fake_depth2_interfaces__rosidl_typesupport_fastrtps_cExport.cmake
[0.226s] -- Up-to-date: /home/rashwan/fake_depth2/install/fake_depth2_interfaces/share/fake_depth2_interfaces/cmake/export_fake_depth2_interfaces__rosidl_typesupport_fastrtps_cExport-noconfig.cmake
[0.227s] -- Up-to-date: /home/rashwan/fake_depth2/install/fake_depth2_interfaces/share/fake_depth2_interfaces/cmake/fake_depth2_interfaces__rosidl_typesupport_introspection_cExport.cmake
[0.227s] -- Up-to-date: /home/rashwan/fake_depth2/install/fake_depth2_interfaces/share/fake_depth2_interfaces/cmake/fake_depth2_interfaces__rosidl_typesupport_introspection_cExport-noconfig.cmake
[0.227s] -- Up-to-date: /home/rashwan/fake_depth2/install/fake_depth2_interfaces/share/fake_depth2_interfaces/cmake/fake_depth2_interfaces__rosidl_typesupport_cExport.cmake
[0.227s] -- Up-to-date: /home/rashwan/fake_depth2/install/fake_depth2_interfaces/share/fake_depth2_interfaces/cmake/fake_depth2_interfaces__rosidl_typesupport_cExport-noconfig.cmake
[0.227s] -- Up-to-date: /home/rashwan/fake_depth2/install/fake_depth2_interfaces/share/fake_depth2_interfaces/cmake/export_fake_depth2_interfaces__rosidl_generator_cppExport.cmake
[0.227s] -- Up-to-date: /home/rashwan/fake_depth2/install/fake_depth2_interfaces/share/fake_depth2_interfaces/cmake/export_fake_depth2_interfaces__rosidl_typesupport_fastrtps_cppExport.cmake
[0.227s] -- Up-to-date: /home/rashwan/fake_depth2/install/fake_depth2_interfaces/share/fake_depth2_interfaces/cmake/export_fake_depth2_interfaces__rosidl_typesupport_fastrtps_cppExport-noconfig.cmake
[0.227s] -- Up-to-date: /home/rashwan/fake_depth2/install/fake_depth2_interfaces/share/fake_depth2_interfaces/cmake/fake_depth2_interfaces__rosidl_typesupport_introspection_cppExport.cmake
[0.227s] -- Up-to-date: /home/rashwan/fake_depth2/install/fake_depth2_interfaces/share/fake_depth2_interfaces/cmake/fake_depth2_interfaces__rosidl_typesupport_introspection_cppExport-noconfig.cmake
[0.227s] -- Up-to-date: /home/rashwan/fake_depth2/install/fake_depth2_interfaces/share/fake_depth2_interfaces/cmake/fake_depth2_interfaces__rosidl_typesupport_cppExport.cmake
[0.227s] -- Up-to-date: /home/rashwan/fake_depth2/install/fake_depth2_interfaces/share/fake_depth2_interfaces/cmake/fake_depth2_interfaces__rosidl_typesupport_cppExport-noconfig.cmake
[0.227s] -- Up-to-date: /home/rashwan/fake_depth2/install/fake_depth2_interfaces/share/fake_depth2_interfaces/cmake/export_fake_depth2_interfaces__rosidl_generator_pyExport.cmake
[0.227s] -- Up-to-date: /home/rashwan/fake_depth2/install/fake_depth2_interfaces/share/fake_depth2_interfaces/cmake/export_fake_depth2_interfaces__rosidl_generator_pyExport-noconfig.cmake
[0.228s] Invoked command in '/home/rashwan/fake_depth2/build/fake_depth2_interfaces' returned '0': CMAKE_PREFIX_PATH=/opt/ros/humble /usr/bin/cmake --install /home/rashwan/fake_depth2/build/fake_depth2_interfaces
