running egg_info
creating ../build/Fake_Depth_Sensor/Fake_Depth_Sensor.egg-info
writing ../build/Fake_Depth_Sensor/Fake_Depth_Sensor.egg-info/PKG-INFO
writing dependency_links to ../build/Fake_Depth_Sensor/Fake_Depth_Sensor.egg-info/dependency_links.txt
writing entry points to ../build/Fake_Depth_Sensor/Fake_Depth_Sensor.egg-info/entry_points.txt
writing requirements to ../build/Fake_Depth_Sensor/Fake_Depth_Sensor.egg-info/requires.txt
writing top-level names to ../build/Fake_Depth_Sensor/Fake_Depth_Sensor.egg-info/top_level.txt
writing manifest file '../build/Fake_Depth_Sensor/Fake_Depth_Sensor.egg-info/SOURCES.txt'
reading manifest file '../build/Fake_Depth_Sensor/Fake_Depth_Sensor.egg-info/SOURCES.txt'
writing manifest file '../build/Fake_Depth_Sensor/Fake_Depth_Sensor.egg-info/SOURCES.txt'
running build
running build_py
creating /home/ibrahim/Desktop/rov/adhamsherif67A-MarineXperts-Season-2027/ros2_ws/src/build/Fake_Depth_Sensor/build
creating /home/ibrahim/Desktop/rov/adhamsherif67A-MarineXperts-Season-2027/ros2_ws/src/build/Fake_Depth_Sensor/build/lib
creating /home/ibrahim/Desktop/rov/adhamsherif67A-MarineXperts-Season-2027/ros2_ws/src/build/Fake_Depth_Sensor/build/lib/Fake_Depth_Sensor
copying Fake_Depth_Sensor/sensor_sub.py -> /home/ibrahim/Desktop/rov/adhamsherif67A-MarineXperts-Season-2027/ros2_ws/src/build/Fake_Depth_Sensor/build/lib/Fake_Depth_Sensor
copying Fake_Depth_Sensor/__init__.py -> /home/ibrahim/Desktop/rov/adhamsherif67A-MarineXperts-Season-2027/ros2_ws/src/build/Fake_Depth_Sensor/build/lib/Fake_Depth_Sensor
copying Fake_Depth_Sensor/sensor_pub.py -> /home/ibrahim/Desktop/rov/adhamsherif67A-MarineXperts-Season-2027/ros2_ws/src/build/Fake_Depth_Sensor/build/lib/Fake_Depth_Sensor
running install
running install_lib
creating /home/ibrahim/Desktop/rov/adhamsherif67A-MarineXperts-Season-2027/ros2_ws/src/install/Fake_Depth_Sensor/lib/python3.10/site-packages/Fake_Depth_Sensor
copying /home/ibrahim/Desktop/rov/adhamsherif67A-MarineXperts-Season-2027/ros2_ws/src/build/Fake_Depth_Sensor/build/lib/Fake_Depth_Sensor/sensor_sub.py -> /home/ibrahim/Desktop/rov/adhamsherif67A-MarineXperts-Season-2027/ros2_ws/src/install/Fake_Depth_Sensor/lib/python3.10/site-packages/Fake_Depth_Sensor
copying /home/ibrahim/Desktop/rov/adhamsherif67A-MarineXperts-Season-2027/ros2_ws/src/build/Fake_Depth_Sensor/build/lib/Fake_Depth_Sensor/__init__.py -> /home/ibrahim/Desktop/rov/adhamsherif67A-MarineXperts-Season-2027/ros2_ws/src/install/Fake_Depth_Sensor/lib/python3.10/site-packages/Fake_Depth_Sensor
copying /home/ibrahim/Desktop/rov/adhamsherif67A-MarineXperts-Season-2027/ros2_ws/src/build/Fake_Depth_Sensor/build/lib/Fake_Depth_Sensor/sensor_pub.py -> /home/ibrahim/Desktop/rov/adhamsherif67A-MarineXperts-Season-2027/ros2_ws/src/install/Fake_Depth_Sensor/lib/python3.10/site-packages/Fake_Depth_Sensor
byte-compiling /home/ibrahim/Desktop/rov/adhamsherif67A-MarineXperts-Season-2027/ros2_ws/src/install/Fake_Depth_Sensor/lib/python3.10/site-packages/Fake_Depth_Sensor/sensor_sub.py to sensor_sub.cpython-310.pyc
byte-compiling /home/ibrahim/Desktop/rov/adhamsherif67A-MarineXperts-Season-2027/ros2_ws/src/install/Fake_Depth_Sensor/lib/python3.10/site-packages/Fake_Depth_Sensor/__init__.py to __init__.cpython-310.pyc
byte-compiling /home/ibrahim/Desktop/rov/adhamsherif67A-MarineXperts-Season-2027/ros2_ws/src/install/Fake_Depth_Sensor/lib/python3.10/site-packages/Fake_Depth_Sensor/sensor_pub.py to sensor_pub.cpython-310.pyc
running install_data
creating /home/ibrahim/Desktop/rov/adhamsherif67A-MarineXperts-Season-2027/ros2_ws/src/install/Fake_Depth_Sensor/share/ament_index
creating /home/ibrahim/Desktop/rov/adhamsherif67A-MarineXperts-Season-2027/ros2_ws/src/install/Fake_Depth_Sensor/share/ament_index/resource_index
creating /home/ibrahim/Desktop/rov/adhamsherif67A-MarineXperts-Season-2027/ros2_ws/src/install/Fake_Depth_Sensor/share/ament_index/resource_index/packages
copying resource/Fake_Depth_Sensor -> /home/ibrahim/Desktop/rov/adhamsherif67A-MarineXperts-Season-2027/ros2_ws/src/install/Fake_Depth_Sensor/share/ament_index/resource_index/packages
copying package.xml -> /home/ibrahim/Desktop/rov/adhamsherif67A-MarineXperts-Season-2027/ros2_ws/src/install/Fake_Depth_Sensor/share/Fake_Depth_Sensor
running install_egg_info
Copying ../build/Fake_Depth_Sensor/Fake_Depth_Sensor.egg-info to /home/ibrahim/Desktop/rov/adhamsherif67A-MarineXperts-Season-2027/ros2_ws/src/install/Fake_Depth_Sensor/lib/python3.10/site-packages/Fake_Depth_Sensor-0.0.0-py3.10.egg-info
running install_scripts
Installing sensor_pub script to /home/ibrahim/Desktop/rov/adhamsherif67A-MarineXperts-Season-2027/ros2_ws/src/install/Fake_Depth_Sensor/lib/Fake_Depth_Sensor
Installing sensor_sub script to /home/ibrahim/Desktop/rov/adhamsherif67A-MarineXperts-Season-2027/ros2_ws/src/install/Fake_Depth_Sensor/lib/Fake_Depth_Sensor
writing list of installed files to '/home/ibrahim/Desktop/rov/adhamsherif67A-MarineXperts-Season-2027/ros2_ws/src/build/Fake_Depth_Sensor/install.log'
