running egg_info
creating ../../build/mock_sensor_pkg/mock_sensor_pkg.egg-info
writing ../../build/mock_sensor_pkg/mock_sensor_pkg.egg-info/PKG-INFO
writing dependency_links to ../../build/mock_sensor_pkg/mock_sensor_pkg.egg-info/dependency_links.txt
writing entry points to ../../build/mock_sensor_pkg/mock_sensor_pkg.egg-info/entry_points.txt
writing requirements to ../../build/mock_sensor_pkg/mock_sensor_pkg.egg-info/requires.txt
writing top-level names to ../../build/mock_sensor_pkg/mock_sensor_pkg.egg-info/top_level.txt
writing manifest file '../../build/mock_sensor_pkg/mock_sensor_pkg.egg-info/SOURCES.txt'
reading manifest file '../../build/mock_sensor_pkg/mock_sensor_pkg.egg-info/SOURCES.txt'
writing manifest file '../../build/mock_sensor_pkg/mock_sensor_pkg.egg-info/SOURCES.txt'
running build
running build_py
creating /home/ibrahim/Desktop/rov/adhamsherif67A-MarineXperts-Season-2027/ros2_ws/build/mock_sensor_pkg/build
creating /home/ibrahim/Desktop/rov/adhamsherif67A-MarineXperts-Season-2027/ros2_ws/build/mock_sensor_pkg/build/lib
creating /home/ibrahim/Desktop/rov/adhamsherif67A-MarineXperts-Season-2027/ros2_ws/build/mock_sensor_pkg/build/lib/mock_sensor_pkg
copying mock_sensor_pkg/__init__.py -> /home/ibrahim/Desktop/rov/adhamsherif67A-MarineXperts-Season-2027/ros2_ws/build/mock_sensor_pkg/build/lib/mock_sensor_pkg
copying mock_sensor_pkg/mock_broadcaster.py -> /home/ibrahim/Desktop/rov/adhamsherif67A-MarineXperts-Season-2027/ros2_ws/build/mock_sensor_pkg/build/lib/mock_sensor_pkg
running install
running install_lib
creating /home/ibrahim/Desktop/rov/adhamsherif67A-MarineXperts-Season-2027/ros2_ws/install/mock_sensor_pkg/lib/python3.10/site-packages/mock_sensor_pkg
copying /home/ibrahim/Desktop/rov/adhamsherif67A-MarineXperts-Season-2027/ros2_ws/build/mock_sensor_pkg/build/lib/mock_sensor_pkg/__init__.py -> /home/ibrahim/Desktop/rov/adhamsherif67A-MarineXperts-Season-2027/ros2_ws/install/mock_sensor_pkg/lib/python3.10/site-packages/mock_sensor_pkg
copying /home/ibrahim/Desktop/rov/adhamsherif67A-MarineXperts-Season-2027/ros2_ws/build/mock_sensor_pkg/build/lib/mock_sensor_pkg/mock_broadcaster.py -> /home/ibrahim/Desktop/rov/adhamsherif67A-MarineXperts-Season-2027/ros2_ws/install/mock_sensor_pkg/lib/python3.10/site-packages/mock_sensor_pkg
byte-compiling /home/ibrahim/Desktop/rov/adhamsherif67A-MarineXperts-Season-2027/ros2_ws/install/mock_sensor_pkg/lib/python3.10/site-packages/mock_sensor_pkg/__init__.py to __init__.cpython-310.pyc
byte-compiling /home/ibrahim/Desktop/rov/adhamsherif67A-MarineXperts-Season-2027/ros2_ws/install/mock_sensor_pkg/lib/python3.10/site-packages/mock_sensor_pkg/mock_broadcaster.py to mock_broadcaster.cpython-310.pyc
running install_data
creating /home/ibrahim/Desktop/rov/adhamsherif67A-MarineXperts-Season-2027/ros2_ws/install/mock_sensor_pkg/share/ament_index
creating /home/ibrahim/Desktop/rov/adhamsherif67A-MarineXperts-Season-2027/ros2_ws/install/mock_sensor_pkg/share/ament_index/resource_index
creating /home/ibrahim/Desktop/rov/adhamsherif67A-MarineXperts-Season-2027/ros2_ws/install/mock_sensor_pkg/share/ament_index/resource_index/packages
copying resource/mock_sensor_pkg -> /home/ibrahim/Desktop/rov/adhamsherif67A-MarineXperts-Season-2027/ros2_ws/install/mock_sensor_pkg/share/ament_index/resource_index/packages
copying package.xml -> /home/ibrahim/Desktop/rov/adhamsherif67A-MarineXperts-Season-2027/ros2_ws/install/mock_sensor_pkg/share/mock_sensor_pkg
running install_egg_info
Copying ../../build/mock_sensor_pkg/mock_sensor_pkg.egg-info to /home/ibrahim/Desktop/rov/adhamsherif67A-MarineXperts-Season-2027/ros2_ws/install/mock_sensor_pkg/lib/python3.10/site-packages/mock_sensor_pkg-0.0.0-py3.10.egg-info
running install_scripts
Installing broadcaster_node script to /home/ibrahim/Desktop/rov/adhamsherif67A-MarineXperts-Season-2027/ros2_ws/install/mock_sensor_pkg/lib/mock_sensor_pkg
writing list of installed files to '/home/ibrahim/Desktop/rov/adhamsherif67A-MarineXperts-Season-2027/ros2_ws/build/mock_sensor_pkg/install.log'
