[0.007s] Invoking command in '/home/ibrahim/Desktop/rov/adhamsherif67A-MarineXperts-Season-2027/ros2_ws/src/build/fake_depth_interfaces': CMAKE_PREFIX_PATH=${CMAKE_PREFIX_PATH}:/home/ibrahim/Desktop/rov/adhamsherif67A-MarineXperts-Season-2027/ros2_ws/src/install/Fake_Depth_Sensor:/home/ibrahim/ros2_first_ws/install/my_robot_controller:/opt/ros/humble /usr/bin/cmake --build /home/ibrahim/Desktop/rov/adhamsherif67A-MarineXperts-Season-2027/ros2_ws/src/build/fake_depth_interfaces -- -j24 -l24
[0.042s] [35m[1mConsolidate compiler generated dependencies of target fake_depth_interfaces__rosidl_generator_c[0m
[0.054s] [  9%] Built target fake_depth_interfaces__rosidl_generator_c
[0.054s] [ 15%] Built target fake_depth_interfaces__cpp
[0.054s] [ 15%] Built target fake_depth_interfaces__rs
[0.059s] [35m[1mConsolidate compiler generated dependencies of target fake_depth_interfaces__rosidl_typesupport_introspection_c[0m
[0.060s] [35m[1mConsolidate compiler generated dependencies of target fake_depth_interfaces__rosidl_typesupport_fastrtps_c[0m
[0.060s] [35m[1mConsolidate compiler generated dependencies of target fake_depth_interfaces__rosidl_typesupport_introspection_cpp[0m
[0.063s] [ 15%] Built target ament_cmake_python_copy_fake_depth_interfaces
[0.064s] [35m[1mConsolidate compiler generated dependencies of target fake_depth_interfaces__rosidl_typesupport_c[0m
[0.064s] [35m[1mConsolidate compiler generated dependencies of target fake_depth_interfaces__rosidl_typesupport_fastrtps_cpp[0m
[0.064s] [35m[1mConsolidate compiler generated dependencies of target fake_depth_interfaces__rosidl_typesupport_cpp[0m
[0.067s] [ 25%] Built target fake_depth_interfaces__rosidl_typesupport_introspection_c
[0.068s] [ 34%] Built target fake_depth_interfaces__rosidl_typesupport_introspection_cpp
[0.070s] [ 43%] Built target fake_depth_interfaces__rosidl_typesupport_fastrtps_c
[0.070s] [ 53%] Built target fake_depth_interfaces__rosidl_typesupport_c
[0.073s] [ 62%] Built target fake_depth_interfaces__rosidl_typesupport_fastrtps_cpp
[0.074s] [ 71%] Built target fake_depth_interfaces__rosidl_typesupport_cpp
[0.087s] [ 71%] Built target fake_depth_interfaces
[0.101s] [ 75%] Built target fake_depth_interfaces__py
[0.108s] [35m[1mConsolidate compiler generated dependencies of target fake_depth_interfaces__rosidl_generator_py[0m
[0.116s] [ 81%] Built target fake_depth_interfaces__rosidl_generator_py
[0.123s] [35m[1mConsolidate compiler generated dependencies of target fake_depth_interfaces__rosidl_typesupport_fastrtps_c__pyext[0m
[0.124s] [35m[1mConsolidate compiler generated dependencies of target fake_depth_interfaces__rosidl_typesupport_c__pyext[0m
[0.124s] [35m[1mConsolidate compiler generated dependencies of target fake_depth_interfaces__rosidl_typesupport_introspection_c__pyext[0m
[0.133s] [100%] Built target fake_depth_interfaces__rosidl_typesupport_introspection_c__pyext
[0.133s] [100%] Built target fake_depth_interfaces__rosidl_typesupport_fastrtps_c__pyext
[0.133s] [100%] Built target fake_depth_interfaces__rosidl_typesupport_c__pyext
[0.185s] running egg_info
[0.185s] writing fake_depth_interfaces.egg-info/PKG-INFO
[0.185s] writing dependency_links to fake_depth_interfaces.egg-info/dependency_links.txt
[0.185s] writing top-level names to fake_depth_interfaces.egg-info/top_level.txt
[0.186s] reading manifest file 'fake_depth_interfaces.egg-info/SOURCES.txt'
[0.186s] writing manifest file 'fake_depth_interfaces.egg-info/SOURCES.txt'
[0.200s] [100%] Built target ament_cmake_python_build_fake_depth_interfaces_egg
[0.209s] Invoked command in '/home/ibrahim/Desktop/rov/adhamsherif67A-MarineXperts-Season-2027/ros2_ws/src/build/fake_depth_interfaces' returned '0': CMAKE_PREFIX_PATH=${CMAKE_PREFIX_PATH}:/home/ibrahim/Desktop/rov/adhamsherif67A-MarineXperts-Season-2027/ros2_ws/src/install/Fake_Depth_Sensor:/home/ibrahim/ros2_first_ws/install/my_robot_controller:/opt/ros/humble /usr/bin/cmake --build /home/ibrahim/Desktop/rov/adhamsherif67A-MarineXperts-Season-2027/ros2_ws/src/build/fake_depth_interfaces -- -j24 -l24
[0.218s] Invoking command in '/home/ibrahim/Desktop/rov/adhamsherif67A-MarineXperts-Season-2027/ros2_ws/src/build/fake_depth_interfaces': CMAKE_PREFIX_PATH=${CMAKE_PREFIX_PATH}:/home/ibrahim/Desktop/rov/adhamsherif67A-MarineXperts-Season-2027/ros2_ws/src/install/Fake_Depth_Sensor:/home/ibrahim/ros2_first_ws/install/my_robot_controller:/opt/ros/humble /usr/bin/cmake --install /home/ibrahim/Desktop/rov/adhamsherif67A-MarineXperts-Season-2027/ros2_ws/src/build/fake_depth_interfaces
[0.225s] -- Install configuration: ""
[0.225s] -- Up-to-date: /home/ibrahim/Desktop/rov/adhamsherif67A-MarineXperts-Season-2027/ros2_ws/src/install/fake_depth_interfaces/share/ament_index/resource_index/rosidl_interfaces/fake_depth_interfaces
[0.226s] -- Up-to-date: /home/ibrahim/Desktop/rov/adhamsherif67A-MarineXperts-Season-2027/ros2_ws/src/install/fake_depth_interfaces/include/fake_depth_interfaces/fake_depth_interfaces
[0.226s] -- Up-to-date: /home/ibrahim/Desktop/rov/adhamsherif67A-MarineXperts-Season-2027/ros2_ws/src/install/fake_depth_interfaces/include/fake_depth_interfaces/fake_depth_interfaces/msg
[0.226s] -- Up-to-date: /home/ibrahim/Desktop/rov/adhamsherif67A-MarineXperts-Season-2027/ros2_ws/src/install/fake_depth_interfaces/include/fake_depth_interfaces/fake_depth_interfaces/msg/rosidl_generator_c__visibility_control.h
[0.226s] -- Up-to-date: /home/ibrahim/Desktop/rov/adhamsherif67A-MarineXperts-Season-2027/ros2_ws/src/install/fake_depth_interfaces/include/fake_depth_interfaces/fake_depth_interfaces/action
[0.226s] -- Up-to-date: /home/ibrahim/Desktop/rov/adhamsherif67A-MarineXperts-Season-2027/ros2_ws/src/install/fake_depth_interfaces/include/fake_depth_interfaces/fake_depth_interfaces/action/dive.h
[0.226s] -- Up-to-date: /home/ibrahim/Desktop/rov/adhamsherif67A-MarineXperts-Season-2027/ros2_ws/src/install/fake_depth_interfaces/include/fake_depth_interfaces/fake_depth_interfaces/action/detail
[0.226s] -- Up-to-date: /home/ibrahim/Desktop/rov/adhamsherif67A-MarineXperts-Season-2027/ros2_ws/src/install/fake_depth_interfaces/include/fake_depth_interfaces/fake_depth_interfaces/action/detail/dive__functions.h
[0.226s] -- Up-to-date: /home/ibrahim/Desktop/rov/adhamsherif67A-MarineXperts-Season-2027/ros2_ws/src/install/fake_depth_interfaces/include/fake_depth_interfaces/fake_depth_interfaces/action/detail/dive__struct.h
[0.226s] -- Up-to-date: /home/ibrahim/Desktop/rov/adhamsherif67A-MarineXperts-Season-2027/ros2_ws/src/install/fake_depth_interfaces/include/fake_depth_interfaces/fake_depth_interfaces/action/detail/dive__type_support.h
[0.226s] -- Up-to-date: /home/ibrahim/Desktop/rov/adhamsherif67A-MarineXperts-Season-2027/ros2_ws/src/install/fake_depth_interfaces/include/fake_depth_interfaces/fake_depth_interfaces/action/detail/dive__functions.c
[0.226s] -- Up-to-date: /home/ibrahim/Desktop/rov/adhamsherif67A-MarineXperts-Season-2027/ros2_ws/src/install/fake_depth_interfaces/share/fake_depth_interfaces/environment/library_path.sh
[0.226s] -- Up-to-date: /home/ibrahim/Desktop/rov/adhamsherif67A-MarineXperts-Season-2027/ros2_ws/src/install/fake_depth_interfaces/share/fake_depth_interfaces/environment/library_path.dsv
[0.226s] -- Up-to-date: /home/ibrahim/Desktop/rov/adhamsherif67A-MarineXperts-Season-2027/ros2_ws/src/install/fake_depth_interfaces/lib/libfake_depth_interfaces__rosidl_generator_c.so
[0.227s] -- Up-to-date: /home/ibrahim/Desktop/rov/adhamsherif67A-MarineXperts-Season-2027/ros2_ws/src/install/fake_depth_interfaces/include/fake_depth_interfaces/fake_depth_interfaces
[0.227s] -- Up-to-date: /home/ibrahim/Desktop/rov/adhamsherif67A-MarineXperts-Season-2027/ros2_ws/src/install/fake_depth_interfaces/include/fake_depth_interfaces/fake_depth_interfaces/msg
[0.227s] -- Up-to-date: /home/ibrahim/Desktop/rov/adhamsherif67A-MarineXperts-Season-2027/ros2_ws/src/install/fake_depth_interfaces/include/fake_depth_interfaces/fake_depth_interfaces/msg/rosidl_typesupport_fastrtps_c__visibility_control.h
[0.227s] -- Up-to-date: /home/ibrahim/Desktop/rov/adhamsherif67A-MarineXperts-Season-2027/ros2_ws/src/install/fake_depth_interfaces/include/fake_depth_interfaces/fake_depth_interfaces/action
[0.227s] -- Up-to-date: /home/ibrahim/Desktop/rov/adhamsherif67A-MarineXperts-Season-2027/ros2_ws/src/install/fake_depth_interfaces/include/fake_depth_interfaces/fake_depth_interfaces/action/detail
[0.227s] -- Up-to-date: /home/ibrahim/Desktop/rov/adhamsherif67A-MarineXperts-Season-2027/ros2_ws/src/install/fake_depth_interfaces/include/fake_depth_interfaces/fake_depth_interfaces/action/detail/dive__rosidl_typesupport_fastrtps_c.h
[0.227s] -- Up-to-date: /home/ibrahim/Desktop/rov/adhamsherif67A-MarineXperts-Season-2027/ros2_ws/src/install/fake_depth_interfaces/lib/libfake_depth_interfaces__rosidl_typesupport_fastrtps_c.so
[0.227s] -- Up-to-date: /home/ibrahim/Desktop/rov/adhamsherif67A-MarineXperts-Season-2027/ros2_ws/src/install/fake_depth_interfaces/include/fake_depth_interfaces/fake_depth_interfaces
[0.227s] -- Up-to-date: /home/ibrahim/Desktop/rov/adhamsherif67A-MarineXperts-Season-2027/ros2_ws/src/install/fake_depth_interfaces/include/fake_depth_interfaces/fake_depth_interfaces/msg
[0.227s] -- Up-to-date: /home/ibrahim/Desktop/rov/adhamsherif67A-MarineXperts-Season-2027/ros2_ws/src/install/fake_depth_interfaces/include/fake_depth_interfaces/fake_depth_interfaces/msg/rosidl_typesupport_introspection_c__visibility_control.h
[0.227s] -- Up-to-date: /home/ibrahim/Desktop/rov/adhamsherif67A-MarineXperts-Season-2027/ros2_ws/src/install/fake_depth_interfaces/include/fake_depth_interfaces/fake_depth_interfaces/action
[0.227s] -- Up-to-date: /home/ibrahim/Desktop/rov/adhamsherif67A-MarineXperts-Season-2027/ros2_ws/src/install/fake_depth_interfaces/include/fake_depth_interfaces/fake_depth_interfaces/action/detail
[0.227s] -- Up-to-date: /home/ibrahim/Desktop/rov/adhamsherif67A-MarineXperts-Season-2027/ros2_ws/src/install/fake_depth_interfaces/include/fake_depth_interfaces/fake_depth_interfaces/action/detail/dive__rosidl_typesupport_introspection_c.h
[0.227s] -- Up-to-date: /home/ibrahim/Desktop/rov/adhamsherif67A-MarineXperts-Season-2027/ros2_ws/src/install/fake_depth_interfaces/include/fake_depth_interfaces/fake_depth_interfaces/action/detail/dive__type_support.c
[0.227s] -- Up-to-date: /home/ibrahim/Desktop/rov/adhamsherif67A-MarineXperts-Season-2027/ros2_ws/src/install/fake_depth_interfaces/lib/libfake_depth_interfaces__rosidl_typesupport_introspection_c.so
[0.227s] -- Up-to-date: /home/ibrahim/Desktop/rov/adhamsherif67A-MarineXperts-Season-2027/ros2_ws/src/install/fake_depth_interfaces/lib/libfake_depth_interfaces__rosidl_typesupport_c.so
[0.227s] -- Up-to-date: /home/ibrahim/Desktop/rov/adhamsherif67A-MarineXperts-Season-2027/ros2_ws/src/install/fake_depth_interfaces/include/fake_depth_interfaces/fake_depth_interfaces
[0.227s] -- Up-to-date: /home/ibrahim/Desktop/rov/adhamsherif67A-MarineXperts-Season-2027/ros2_ws/src/install/fake_depth_interfaces/include/fake_depth_interfaces/fake_depth_interfaces/msg
[0.227s] -- Up-to-date: /home/ibrahim/Desktop/rov/adhamsherif67A-MarineXperts-Season-2027/ros2_ws/src/install/fake_depth_interfaces/include/fake_depth_interfaces/fake_depth_interfaces/msg/rosidl_generator_cpp__visibility_control.hpp
[0.227s] -- Up-to-date: /home/ibrahim/Desktop/rov/adhamsherif67A-MarineXperts-Season-2027/ros2_ws/src/install/fake_depth_interfaces/include/fake_depth_interfaces/fake_depth_interfaces/action
[0.227s] -- Up-to-date: /home/ibrahim/Desktop/rov/adhamsherif67A-MarineXperts-Season-2027/ros2_ws/src/install/fake_depth_interfaces/include/fake_depth_interfaces/fake_depth_interfaces/action/dive.hpp
[0.227s] -- Up-to-date: /home/ibrahim/Desktop/rov/adhamsherif67A-MarineXperts-Season-2027/ros2_ws/src/install/fake_depth_interfaces/include/fake_depth_interfaces/fake_depth_interfaces/action/detail
[0.227s] -- Up-to-date: /home/ibrahim/Desktop/rov/adhamsherif67A-MarineXperts-Season-2027/ros2_ws/src/install/fake_depth_interfaces/include/fake_depth_interfaces/fake_depth_interfaces/action/detail/dive__builder.hpp
[0.227s] -- Up-to-date: /home/ibrahim/Desktop/rov/adhamsherif67A-MarineXperts-Season-2027/ros2_ws/src/install/fake_depth_interfaces/include/fake_depth_interfaces/fake_depth_interfaces/action/detail/dive__traits.hpp
[0.228s] -- Up-to-date: /home/ibrahim/Desktop/rov/adhamsherif67A-MarineXperts-Season-2027/ros2_ws/src/install/fake_depth_interfaces/include/fake_depth_interfaces/fake_depth_interfaces/action/detail/dive__type_support.hpp
[0.228s] -- Up-to-date: /home/ibrahim/Desktop/rov/adhamsherif67A-MarineXperts-Season-2027/ros2_ws/src/install/fake_depth_interfaces/include/fake_depth_interfaces/fake_depth_interfaces/action/detail/dive__struct.hpp
[0.228s] -- Up-to-date: /home/ibrahim/Desktop/rov/adhamsherif67A-MarineXperts-Season-2027/ros2_ws/src/install/fake_depth_interfaces/include/fake_depth_interfaces/fake_depth_interfaces
[0.228s] -- Up-to-date: /home/ibrahim/Desktop/rov/adhamsherif67A-MarineXperts-Season-2027/ros2_ws/src/install/fake_depth_interfaces/include/fake_depth_interfaces/fake_depth_interfaces/msg
[0.228s] -- Up-to-date: /home/ibrahim/Desktop/rov/adhamsherif67A-MarineXperts-Season-2027/ros2_ws/src/install/fake_depth_interfaces/include/fake_depth_interfaces/fake_depth_interfaces/msg/rosidl_typesupport_fastrtps_cpp__visibility_control.h
[0.228s] -- Up-to-date: /home/ibrahim/Desktop/rov/adhamsherif67A-MarineXperts-Season-2027/ros2_ws/src/install/fake_depth_interfaces/include/fake_depth_interfaces/fake_depth_interfaces/action
[0.228s] -- Up-to-date: /home/ibrahim/Desktop/rov/adhamsherif67A-MarineXperts-Season-2027/ros2_ws/src/install/fake_depth_interfaces/include/fake_depth_interfaces/fake_depth_interfaces/action/detail
[0.228s] -- Up-to-date: /home/ibrahim/Desktop/rov/adhamsherif67A-MarineXperts-Season-2027/ros2_ws/src/install/fake_depth_interfaces/include/fake_depth_interfaces/fake_depth_interfaces/action/detail/dds_fastrtps
[0.228s] -- Up-to-date: /home/ibrahim/Desktop/rov/adhamsherif67A-MarineXperts-Season-2027/ros2_ws/src/install/fake_depth_interfaces/include/fake_depth_interfaces/fake_depth_interfaces/action/detail/dive__rosidl_typesupport_fastrtps_cpp.hpp
[0.228s] -- Up-to-date: /home/ibrahim/Desktop/rov/adhamsherif67A-MarineXperts-Season-2027/ros2_ws/src/install/fake_depth_interfaces/lib/libfake_depth_interfaces__rosidl_typesupport_fastrtps_cpp.so
[0.228s] -- Up-to-date: /home/ibrahim/Desktop/rov/adhamsherif67A-MarineXperts-Season-2027/ros2_ws/src/install/fake_depth_interfaces/include/fake_depth_interfaces/fake_depth_interfaces
[0.228s] -- Up-to-date: /home/ibrahim/Desktop/rov/adhamsherif67A-MarineXperts-Season-2027/ros2_ws/src/install/fake_depth_interfaces/include/fake_depth_interfaces/fake_depth_interfaces/action
[0.228s] -- Up-to-date: /home/ibrahim/Desktop/rov/adhamsherif67A-MarineXperts-Season-2027/ros2_ws/src/install/fake_depth_interfaces/include/fake_depth_interfaces/fake_depth_interfaces/action/detail
[0.228s] -- Up-to-date: /home/ibrahim/Desktop/rov/adhamsherif67A-MarineXperts-Season-2027/ros2_ws/src/install/fake_depth_interfaces/include/fake_depth_interfaces/fake_depth_interfaces/action/detail/dive__rosidl_typesupport_introspection_cpp.hpp
[0.228s] -- Up-to-date: /home/ibrahim/Desktop/rov/adhamsherif67A-MarineXperts-Season-2027/ros2_ws/src/install/fake_depth_interfaces/include/fake_depth_interfaces/fake_depth_interfaces/action/detail/dive__type_support.cpp
[0.228s] -- Up-to-date: /home/ibrahim/Desktop/rov/adhamsherif67A-MarineXperts-Season-2027/ros2_ws/src/install/fake_depth_interfaces/lib/libfake_depth_interfaces__rosidl_typesupport_introspection_cpp.so
[0.228s] -- Up-to-date: /home/ibrahim/Desktop/rov/adhamsherif67A-MarineXperts-Season-2027/ros2_ws/src/install/fake_depth_interfaces/lib/libfake_depth_interfaces__rosidl_typesupport_cpp.so
[0.228s] -- Up-to-date: /home/ibrahim/Desktop/rov/adhamsherif67A-MarineXperts-Season-2027/ros2_ws/src/install/fake_depth_interfaces/share/fake_depth_interfaces/environment/pythonpath.sh
[0.228s] -- Up-to-date: /home/ibrahim/Desktop/rov/adhamsherif67A-MarineXperts-Season-2027/ros2_ws/src/install/fake_depth_interfaces/share/fake_depth_interfaces/environment/pythonpath.dsv
[0.228s] -- Up-to-date: /home/ibrahim/Desktop/rov/adhamsherif67A-MarineXperts-Season-2027/ros2_ws/src/install/fake_depth_interfaces/local/lib/python3.10/dist-packages/fake_depth_interfaces-0.0.0-py3.10.egg-info
[0.228s] -- Installing: /home/ibrahim/Desktop/rov/adhamsherif67A-MarineXperts-Season-2027/ros2_ws/src/install/fake_depth_interfaces/local/lib/python3.10/dist-packages/fake_depth_interfaces-0.0.0-py3.10.egg-info/top_level.txt
[0.228s] -- Installing: /home/ibrahim/Desktop/rov/adhamsherif67A-MarineXperts-Season-2027/ros2_ws/src/install/fake_depth_interfaces/local/lib/python3.10/dist-packages/fake_depth_interfaces-0.0.0-py3.10.egg-info/PKG-INFO
[0.228s] -- Installing: /home/ibrahim/Desktop/rov/adhamsherif67A-MarineXperts-Season-2027/ros2_ws/src/install/fake_depth_interfaces/local/lib/python3.10/dist-packages/fake_depth_interfaces-0.0.0-py3.10.egg-info/SOURCES.txt
[0.228s] -- Installing: /home/ibrahim/Desktop/rov/adhamsherif67A-MarineXperts-Season-2027/ros2_ws/src/install/fake_depth_interfaces/local/lib/python3.10/dist-packages/fake_depth_interfaces-0.0.0-py3.10.egg-info/dependency_links.txt
[0.228s] -- Up-to-date: /home/ibrahim/Desktop/rov/adhamsherif67A-MarineXperts-Season-2027/ros2_ws/src/install/fake_depth_interfaces/local/lib/python3.10/dist-packages/fake_depth_interfaces
[0.228s] -- Up-to-date: /home/ibrahim/Desktop/rov/adhamsherif67A-MarineXperts-Season-2027/ros2_ws/src/install/fake_depth_interfaces/local/lib/python3.10/dist-packages/fake_depth_interfaces/_fake_depth_interfaces_s.ep.rosidl_typesupport_c.c
[0.228s] -- Up-to-date: /home/ibrahim/Desktop/rov/adhamsherif67A-MarineXperts-Season-2027/ros2_ws/src/install/fake_depth_interfaces/local/lib/python3.10/dist-packages/fake_depth_interfaces/fake_depth_interfaces_s__rosidl_typesupport_introspection_c.cpython-310-x86_64-linux-gnu.so
[0.228s] -- Up-to-date: /home/ibrahim/Desktop/rov/adhamsherif67A-MarineXperts-Season-2027/ros2_ws/src/install/fake_depth_interfaces/local/lib/python3.10/dist-packages/fake_depth_interfaces/_fake_depth_interfaces_s.ep.rosidl_typesupport_introspection_c.c
[0.228s] -- Up-to-date: /home/ibrahim/Desktop/rov/adhamsherif67A-MarineXperts-Season-2027/ros2_ws/src/install/fake_depth_interfaces/local/lib/python3.10/dist-packages/fake_depth_interfaces/fake_depth_interfaces_s__rosidl_typesupport_fastrtps_c.cpython-310-x86_64-linux-gnu.so
[0.228s] -- Up-to-date: /home/ibrahim/Desktop/rov/adhamsherif67A-MarineXperts-Season-2027/ros2_ws/src/install/fake_depth_interfaces/local/lib/python3.10/dist-packages/fake_depth_interfaces/fake_depth_interfaces_s__rosidl_typesupport_c.cpython-310-x86_64-linux-gnu.so
[0.228s] -- Up-to-date: /home/ibrahim/Desktop/rov/adhamsherif67A-MarineXperts-Season-2027/ros2_ws/src/install/fake_depth_interfaces/local/lib/python3.10/dist-packages/fake_depth_interfaces/_fake_depth_interfaces_s.ep.rosidl_typesupport_fastrtps_c.c
[0.228s] -- Up-to-date: /home/ibrahim/Desktop/rov/adhamsherif67A-MarineXperts-Season-2027/ros2_ws/src/install/fake_depth_interfaces/local/lib/python3.10/dist-packages/fake_depth_interfaces/__init__.py
[0.228s] -- Up-to-date: /home/ibrahim/Desktop/rov/adhamsherif67A-MarineXperts-Season-2027/ros2_ws/src/install/fake_depth_interfaces/local/lib/python3.10/dist-packages/fake_depth_interfaces/action
[0.228s] -- Up-to-date: /home/ibrahim/Desktop/rov/adhamsherif67A-MarineXperts-Season-2027/ros2_ws/src/install/fake_depth_interfaces/local/lib/python3.10/dist-packages/fake_depth_interfaces/action/_dive.py
[0.229s] -- Up-to-date: /home/ibrahim/Desktop/rov/adhamsherif67A-MarineXperts-Season-2027/ros2_ws/src/install/fake_depth_interfaces/local/lib/python3.10/dist-packages/fake_depth_interfaces/action/_dive_s.c
[0.229s] -- Up-to-date: /home/ibrahim/Desktop/rov/adhamsherif67A-MarineXperts-Season-2027/ros2_ws/src/install/fake_depth_interfaces/local/lib/python3.10/dist-packages/fake_depth_interfaces/action/__init__.py
[0.229s] -- Up-to-date: /home/ibrahim/Desktop/rov/adhamsherif67A-MarineXperts-Season-2027/ros2_ws/src/install/fake_depth_interfaces/local/lib/python3.10/dist-packages/fake_depth_interfaces/libfake_depth_interfaces__rosidl_generator_py.so
[0.258s] Listing '/home/ibrahim/Desktop/rov/adhamsherif67A-MarineXperts-Season-2027/ros2_ws/src/install/fake_depth_interfaces/local/lib/python3.10/dist-packages/fake_depth_interfaces'...
[0.258s] Listing '/home/ibrahim/Desktop/rov/adhamsherif67A-MarineXperts-Season-2027/ros2_ws/src/install/fake_depth_interfaces/local/lib/python3.10/dist-packages/fake_depth_interfaces/action'...
[0.260s] -- Up-to-date: /home/ibrahim/Desktop/rov/adhamsherif67A-MarineXperts-Season-2027/ros2_ws/src/install/fake_depth_interfaces/local/lib/python3.10/dist-packages/fake_depth_interfaces/fake_depth_interfaces_s__rosidl_typesupport_fastrtps_c.cpython-310-x86_64-linux-gnu.so
[0.260s] -- Up-to-date: /home/ibrahim/Desktop/rov/adhamsherif67A-MarineXperts-Season-2027/ros2_ws/src/install/fake_depth_interfaces/local/lib/python3.10/dist-packages/fake_depth_interfaces/fake_depth_interfaces_s__rosidl_typesupport_introspection_c.cpython-310-x86_64-linux-gnu.so
[0.260s] -- Up-to-date: /home/ibrahim/Desktop/rov/adhamsherif67A-MarineXperts-Season-2027/ros2_ws/src/install/fake_depth_interfaces/local/lib/python3.10/dist-packages/fake_depth_interfaces/fake_depth_interfaces_s__rosidl_typesupport_c.cpython-310-x86_64-linux-gnu.so
[0.261s] -- Up-to-date: /home/ibrahim/Desktop/rov/adhamsherif67A-MarineXperts-Season-2027/ros2_ws/src/install/fake_depth_interfaces/lib/libfake_depth_interfaces__rosidl_generator_py.so
[0.261s] -- Up-to-date: /home/ibrahim/Desktop/rov/adhamsherif67A-MarineXperts-Season-2027/ros2_ws/src/install/fake_depth_interfaces/share/ament_index/resource_index/rust_packages/fake_depth_interfaces
[0.261s] -- Up-to-date: /home/ibrahim/Desktop/rov/adhamsherif67A-MarineXperts-Season-2027/ros2_ws/src/install/fake_depth_interfaces/share/fake_depth_interfaces/rust
[0.261s] -- Up-to-date: /home/ibrahim/Desktop/rov/adhamsherif67A-MarineXperts-Season-2027/ros2_ws/src/install/fake_depth_interfaces/share/fake_depth_interfaces/rust/Cargo.toml
[0.261s] -- Up-to-date: /home/ibrahim/Desktop/rov/adhamsherif67A-MarineXperts-Season-2027/ros2_ws/src/install/fake_depth_interfaces/share/fake_depth_interfaces/rust/src
[0.261s] -- Up-to-date: /home/ibrahim/Desktop/rov/adhamsherif67A-MarineXperts-Season-2027/ros2_ws/src/install/fake_depth_interfaces/share/fake_depth_interfaces/rust/src/action.rs
[0.261s] -- Up-to-date: /home/ibrahim/Desktop/rov/adhamsherif67A-MarineXperts-Season-2027/ros2_ws/src/install/fake_depth_interfaces/share/fake_depth_interfaces/rust/src/lib.rs
[0.261s] -- Up-to-date: /home/ibrahim/Desktop/rov/adhamsherif67A-MarineXperts-Season-2027/ros2_ws/src/install/fake_depth_interfaces/share/fake_depth_interfaces/rust/src/action
[0.261s] -- Up-to-date: /home/ibrahim/Desktop/rov/adhamsherif67A-MarineXperts-Season-2027/ros2_ws/src/install/fake_depth_interfaces/share/fake_depth_interfaces/rust/src/action/rmw.rs
[0.261s] -- Up-to-date: /home/ibrahim/Desktop/rov/adhamsherif67A-MarineXperts-Season-2027/ros2_ws/src/install/fake_depth_interfaces/share/fake_depth_interfaces/rust/build.rs
[0.261s] -- Up-to-date: /home/ibrahim/Desktop/rov/adhamsherif67A-MarineXperts-Season-2027/ros2_ws/src/install/fake_depth_interfaces/share/fake_depth_interfaces/action/Dive.idl
[0.261s] -- Up-to-date: /home/ibrahim/Desktop/rov/adhamsherif67A-MarineXperts-Season-2027/ros2_ws/src/install/fake_depth_interfaces/share/fake_depth_interfaces/action/Dive.action
[0.261s] -- Up-to-date: /home/ibrahim/Desktop/rov/adhamsherif67A-MarineXperts-Season-2027/ros2_ws/src/install/fake_depth_interfaces/share/ament_index/resource_index/package_run_dependencies/fake_depth_interfaces
[0.261s] -- Up-to-date: /home/ibrahim/Desktop/rov/adhamsherif67A-MarineXperts-Season-2027/ros2_ws/src/install/fake_depth_interfaces/share/ament_index/resource_index/parent_prefix_path/fake_depth_interfaces
[0.261s] -- Up-to-date: /home/ibrahim/Desktop/rov/adhamsherif67A-MarineXperts-Season-2027/ros2_ws/src/install/fake_depth_interfaces/share/fake_depth_interfaces/environment/ament_prefix_path.sh
[0.261s] -- Up-to-date: /home/ibrahim/Desktop/rov/adhamsherif67A-MarineXperts-Season-2027/ros2_ws/src/install/fake_depth_interfaces/share/fake_depth_interfaces/environment/ament_prefix_path.dsv
[0.261s] -- Up-to-date: /home/ibrahim/Desktop/rov/adhamsherif67A-MarineXperts-Season-2027/ros2_ws/src/install/fake_depth_interfaces/share/fake_depth_interfaces/environment/path.sh
[0.261s] -- Up-to-date: /home/ibrahim/Desktop/rov/adhamsherif67A-MarineXperts-Season-2027/ros2_ws/src/install/fake_depth_interfaces/share/fake_depth_interfaces/environment/path.dsv
[0.261s] -- Up-to-date: /home/ibrahim/Desktop/rov/adhamsherif67A-MarineXperts-Season-2027/ros2_ws/src/install/fake_depth_interfaces/share/fake_depth_interfaces/local_setup.bash
[0.261s] -- Up-to-date: /home/ibrahim/Desktop/rov/adhamsherif67A-MarineXperts-Season-2027/ros2_ws/src/install/fake_depth_interfaces/share/fake_depth_interfaces/local_setup.sh
[0.261s] -- Up-to-date: /home/ibrahim/Desktop/rov/adhamsherif67A-MarineXperts-Season-2027/ros2_ws/src/install/fake_depth_interfaces/share/fake_depth_interfaces/local_setup.zsh
[0.261s] -- Up-to-date: /home/ibrahim/Desktop/rov/adhamsherif67A-MarineXperts-Season-2027/ros2_ws/src/install/fake_depth_interfaces/share/fake_depth_interfaces/local_setup.dsv
[0.261s] -- Installing: /home/ibrahim/Desktop/rov/adhamsherif67A-MarineXperts-Season-2027/ros2_ws/src/install/fake_depth_interfaces/share/fake_depth_interfaces/package.dsv
[0.261s] -- Up-to-date: /home/ibrahim/Desktop/rov/adhamsherif67A-MarineXperts-Season-2027/ros2_ws/src/install/fake_depth_interfaces/share/ament_index/resource_index/packages/fake_depth_interfaces
[0.261s] -- Up-to-date: /home/ibrahim/Desktop/rov/adhamsherif67A-MarineXperts-Season-2027/ros2_ws/src/install/fake_depth_interfaces/share/fake_depth_interfaces/cmake/export_fake_depth_interfaces__rosidl_generator_cExport.cmake
[0.262s] -- Up-to-date: /home/ibrahim/Desktop/rov/adhamsherif67A-MarineXperts-Season-2027/ros2_ws/src/install/fake_depth_interfaces/share/fake_depth_interfaces/cmake/export_fake_depth_interfaces__rosidl_generator_cExport-noconfig.cmake
[0.262s] -- Up-to-date: /home/ibrahim/Desktop/rov/adhamsherif67A-MarineXperts-Season-2027/ros2_ws/src/install/fake_depth_interfaces/share/fake_depth_interfaces/cmake/export_fake_depth_interfaces__rosidl_typesupport_fastrtps_cExport.cmake
[0.262s] -- Up-to-date: /home/ibrahim/Desktop/rov/adhamsherif67A-MarineXperts-Season-2027/ros2_ws/src/install/fake_depth_interfaces/share/fake_depth_interfaces/cmake/export_fake_depth_interfaces__rosidl_typesupport_fastrtps_cExport-noconfig.cmake
[0.262s] -- Up-to-date: /home/ibrahim/Desktop/rov/adhamsherif67A-MarineXperts-Season-2027/ros2_ws/src/install/fake_depth_interfaces/share/fake_depth_interfaces/cmake/fake_depth_interfaces__rosidl_typesupport_introspection_cExport.cmake
[0.262s] -- Up-to-date: /home/ibrahim/Desktop/rov/adhamsherif67A-MarineXperts-Season-2027/ros2_ws/src/install/fake_depth_interfaces/share/fake_depth_interfaces/cmake/fake_depth_interfaces__rosidl_typesupport_introspection_cExport-noconfig.cmake
[0.262s] -- Up-to-date: /home/ibrahim/Desktop/rov/adhamsherif67A-MarineXperts-Season-2027/ros2_ws/src/install/fake_depth_interfaces/share/fake_depth_interfaces/cmake/fake_depth_interfaces__rosidl_typesupport_cExport.cmake
[0.262s] -- Up-to-date: /home/ibrahim/Desktop/rov/adhamsherif67A-MarineXperts-Season-2027/ros2_ws/src/install/fake_depth_interfaces/share/fake_depth_interfaces/cmake/fake_depth_interfaces__rosidl_typesupport_cExport-noconfig.cmake
[0.262s] -- Up-to-date: /home/ibrahim/Desktop/rov/adhamsherif67A-MarineXperts-Season-2027/ros2_ws/src/install/fake_depth_interfaces/share/fake_depth_interfaces/cmake/export_fake_depth_interfaces__rosidl_generator_cppExport.cmake
[0.262s] -- Up-to-date: /home/ibrahim/Desktop/rov/adhamsherif67A-MarineXperts-Season-2027/ros2_ws/src/install/fake_depth_interfaces/share/fake_depth_interfaces/cmake/export_fake_depth_interfaces__rosidl_typesupport_fastrtps_cppExport.cmake
[0.262s] -- Up-to-date: /home/ibrahim/Desktop/rov/adhamsherif67A-MarineXperts-Season-2027/ros2_ws/src/install/fake_depth_interfaces/share/fake_depth_interfaces/cmake/export_fake_depth_interfaces__rosidl_typesupport_fastrtps_cppExport-noconfig.cmake
[0.262s] -- Up-to-date: /home/ibrahim/Desktop/rov/adhamsherif67A-MarineXperts-Season-2027/ros2_ws/src/install/fake_depth_interfaces/share/fake_depth_interfaces/cmake/fake_depth_interfaces__rosidl_typesupport_introspection_cppExport.cmake
[0.262s] -- Up-to-date: /home/ibrahim/Desktop/rov/adhamsherif67A-MarineXperts-Season-2027/ros2_ws/src/install/fake_depth_interfaces/share/fake_depth_interfaces/cmake/fake_depth_interfaces__rosidl_typesupport_introspection_cppExport-noconfig.cmake
[0.262s] -- Up-to-date: /home/ibrahim/Desktop/rov/adhamsherif67A-MarineXperts-Season-2027/ros2_ws/src/install/fake_depth_interfaces/share/fake_depth_interfaces/cmake/fake_depth_interfaces__rosidl_typesupport_cppExport.cmake
[0.262s] -- Up-to-date: /home/ibrahim/Desktop/rov/adhamsherif67A-MarineXperts-Season-2027/ros2_ws/src/install/fake_depth_interfaces/share/fake_depth_interfaces/cmake/fake_depth_interfaces__rosidl_typesupport_cppExport-noconfig.cmake
[0.262s] -- Up-to-date: /home/ibrahim/Desktop/rov/adhamsherif67A-MarineXperts-Season-2027/ros2_ws/src/install/fake_depth_interfaces/share/fake_depth_interfaces/cmake/export_fake_depth_interfaces__rosidl_generator_pyExport.cmake
[0.262s] -- Up-to-date: /home/ibrahim/Desktop/rov/adhamsherif67A-MarineXperts-Season-2027/ros2_ws/src/install/fake_depth_interfaces/share/fake_depth_interfaces/cmake/export_fake_depth_interfaces__rosidl_generator_pyExport-noconfig.cmake
[0.262s] -- Up-to-date: /home/ibrahim/Desktop/rov/adhamsherif67A-MarineXperts-Season-2027/ros2_ws/src/install/fake_depth_interfaces/share/fake_depth_interfaces/cmake/rosidl_cmake-extras.cmake
[0.262s] -- Up-to-date: /home/ibrahim/Desktop/rov/adhamsherif67A-MarineXperts-Season-2027/ros2_ws/src/install/fake_depth_interfaces/share/fake_depth_interfaces/cmake/ament_cmake_export_dependencies-extras.cmake
[0.262s] -- Up-to-date: /home/ibrahim/Desktop/rov/adhamsherif67A-MarineXperts-Season-2027/ros2_ws/src/install/fake_depth_interfaces/share/fake_depth_interfaces/cmake/ament_cmake_export_include_directories-extras.cmake
[0.262s] -- Up-to-date: /home/ibrahim/Desktop/rov/adhamsherif67A-MarineXperts-Season-2027/ros2_ws/src/install/fake_depth_interfaces/share/fake_depth_interfaces/cmake/ament_cmake_export_libraries-extras.cmake
[0.262s] -- Up-to-date: /home/ibrahim/Desktop/rov/adhamsherif67A-MarineXperts-Season-2027/ros2_ws/src/install/fake_depth_interfaces/share/fake_depth_interfaces/cmake/ament_cmake_export_targets-extras.cmake
[0.262s] -- Up-to-date: /home/ibrahim/Desktop/rov/adhamsherif67A-MarineXperts-Season-2027/ros2_ws/src/install/fake_depth_interfaces/share/fake_depth_interfaces/cmake/rosidl_cmake_export_typesupport_targets-extras.cmake
[0.262s] -- Up-to-date: /home/ibrahim/Desktop/rov/adhamsherif67A-MarineXperts-Season-2027/ros2_ws/src/install/fake_depth_interfaces/share/fake_depth_interfaces/cmake/rosidl_cmake_export_typesupport_libraries-extras.cmake
[0.262s] -- Up-to-date: /home/ibrahim/Desktop/rov/adhamsherif67A-MarineXperts-Season-2027/ros2_ws/src/install/fake_depth_interfaces/share/fake_depth_interfaces/cmake/rosidl_cmake_aggregate_target-extras.cmake
[0.262s] -- Up-to-date: /home/ibrahim/Desktop/rov/adhamsherif67A-MarineXperts-Season-2027/ros2_ws/src/install/fake_depth_interfaces/share/fake_depth_interfaces/cmake/fake_depth_interfacesConfig.cmake
[0.262s] -- Up-to-date: /home/ibrahim/Desktop/rov/adhamsherif67A-MarineXperts-Season-2027/ros2_ws/src/install/fake_depth_interfaces/share/fake_depth_interfaces/cmake/fake_depth_interfacesConfig-version.cmake
[0.262s] -- Up-to-date: /home/ibrahim/Desktop/rov/adhamsherif67A-MarineXperts-Season-2027/ros2_ws/src/install/fake_depth_interfaces/share/fake_depth_interfaces/package.xml
[0.264s] Invoked command in '/home/ibrahim/Desktop/rov/adhamsherif67A-MarineXperts-Season-2027/ros2_ws/src/build/fake_depth_interfaces' returned '0': CMAKE_PREFIX_PATH=${CMAKE_PREFIX_PATH}:/home/ibrahim/Desktop/rov/adhamsherif67A-MarineXperts-Season-2027/ros2_ws/src/install/Fake_Depth_Sensor:/home/ibrahim/ros2_first_ws/install/my_robot_controller:/opt/ros/humble /usr/bin/cmake --install /home/ibrahim/Desktop/rov/adhamsherif67A-MarineXperts-Season-2027/ros2_ws/src/build/fake_depth_interfaces
