[0.008s] Invoking command in '/home/rashwan/fake_depth2/build/fake_depth2': CMAKE_PREFIX_PATH=/home/rashwan/fake_depth2/install/fake_depth2_interfaces:/home/rashwan/fake_depth2/install/fake_depth2:/opt/ros/humble /usr/bin/cmake --build /home/rashwan/fake_depth2/build/fake_depth2 -- -j28 -l28
[0.048s] [ 25%] Built target depth_monitor_node
[0.048s] [ 50%] Built target depth_sensor_node
[0.049s] [ 75%] Built target dive_client
[0.049s] [100%] Built target calibrate_client
[0.055s] Invoked command in '/home/rashwan/fake_depth2/build/fake_depth2' returned '0': CMAKE_PREFIX_PATH=/home/rashwan/fake_depth2/install/fake_depth2_interfaces:/home/rashwan/fake_depth2/install/fake_depth2:/opt/ros/humble /usr/bin/cmake --build /home/rashwan/fake_depth2/build/fake_depth2 -- -j28 -l28
[0.056s] Invoking command in '/home/rashwan/fake_depth2/build/fake_depth2': CMAKE_PREFIX_PATH=/home/rashwan/fake_depth2/install/fake_depth2_interfaces:/home/rashwan/fake_depth2/install/fake_depth2:/opt/ros/humble /usr/bin/cmake --install /home/rashwan/fake_depth2/build/fake_depth2
[0.059s] -- Install configuration: ""
[0.060s] -- Execute custom install script
[0.060s] -- Up-to-date symlink: /home/rashwan/fake_depth2/install/fake_depth2/lib/fake_depth2/depth_sensor_node
[0.060s] -- Up-to-date symlink: /home/rashwan/fake_depth2/install/fake_depth2/lib/fake_depth2/depth_monitor_node
[0.060s] -- Up-to-date symlink: /home/rashwan/fake_depth2/install/fake_depth2/lib/fake_depth2/calibrate_client
[0.060s] -- Up-to-date symlink: /home/rashwan/fake_depth2/install/fake_depth2/lib/fake_depth2/dive_client
[0.060s] -- Up-to-date symlink: /home/rashwan/fake_depth2/install/fake_depth2/share/fake_depth2/launch/fake_depth2.launch.py
[0.060s] -- Up-to-date symlink: /home/rashwan/fake_depth2/install/fake_depth2/share/fake_depth2/config/params.yaml
[0.060s] -- Up-to-date symlink: /home/rashwan/fake_depth2/install/fake_depth2/share/ament_index/resource_index/package_run_dependencies/fake_depth2
[0.060s] -- Up-to-date symlink: /home/rashwan/fake_depth2/install/fake_depth2/share/ament_index/resource_index/parent_prefix_path/fake_depth2
[0.060s] -- Up-to-date symlink: /home/rashwan/fake_depth2/install/fake_depth2/share/fake_depth2/environment/ament_prefix_path.sh
[0.060s] -- Up-to-date symlink: /home/rashwan/fake_depth2/install/fake_depth2/share/fake_depth2/environment/ament_prefix_path.dsv
[0.060s] -- Up-to-date symlink: /home/rashwan/fake_depth2/install/fake_depth2/share/fake_depth2/environment/path.sh
[0.060s] -- Up-to-date symlink: /home/rashwan/fake_depth2/install/fake_depth2/share/fake_depth2/environment/path.dsv
[0.060s] -- Up-to-date symlink: /home/rashwan/fake_depth2/install/fake_depth2/share/fake_depth2/local_setup.bash
[0.061s] -- Up-to-date symlink: /home/rashwan/fake_depth2/install/fake_depth2/share/fake_depth2/local_setup.sh
[0.061s] -- Up-to-date symlink: /home/rashwan/fake_depth2/install/fake_depth2/share/fake_depth2/local_setup.zsh
[0.061s] -- Up-to-date symlink: /home/rashwan/fake_depth2/install/fake_depth2/share/fake_depth2/local_setup.dsv
[0.061s] -- Symlinking: /home/rashwan/fake_depth2/install/fake_depth2/share/fake_depth2/package.dsv
[0.064s] -- Up-to-date symlink: /home/rashwan/fake_depth2/install/fake_depth2/share/ament_index/resource_index/packages/fake_depth2
[0.064s] -- Up-to-date symlink: /home/rashwan/fake_depth2/install/fake_depth2/share/fake_depth2/cmake/fake_depth2Config.cmake
[0.064s] -- Up-to-date symlink: /home/rashwan/fake_depth2/install/fake_depth2/share/fake_depth2/cmake/fake_depth2Config-version.cmake
[0.064s] -- Up-to-date symlink: /home/rashwan/fake_depth2/install/fake_depth2/share/fake_depth2/package.xml
[0.065s] Invoked command in '/home/rashwan/fake_depth2/build/fake_depth2' returned '0': CMAKE_PREFIX_PATH=/home/rashwan/fake_depth2/install/fake_depth2_interfaces:/home/rashwan/fake_depth2/install/fake_depth2:/opt/ros/humble /usr/bin/cmake --install /home/rashwan/fake_depth2/build/fake_depth2
