[0.073s] DEBUG:colcon:Command line arguments: ['/usr/bin/colcon', 'build', '--packages-select', 'tf2_drill']
[0.073s] DEBUG:colcon:Parsed command line arguments: Namespace(log_base=None, log_level=None, verb_name='build', build_base='build', install_base='install', merge_install=False, symlink_install=False, test_result_base=None, continue_on_error=False, executor='parallel', parallel_workers=20, event_handlers=None, ignore_user_meta=False, metas=['./colcon.meta'], base_paths=['.'], packages_ignore=None, packages_ignore_regex=None, paths=None, packages_up_to=None, packages_up_to_regex=None, packages_above=None, packages_above_and_dependencies=None, packages_above_depth=None, packages_select_by_dep=None, packages_skip_by_dep=None, packages_skip_up_to=None, packages_select_build_failed=False, packages_skip_build_finished=False, packages_select_test_failures=False, packages_skip_test_passed=False, packages_select=['tf2_drill'], packages_skip=None, packages_select_regex=None, packages_skip_regex=None, packages_start=None, packages_end=None, cmake_args=None, cmake_target=None, cmake_target_skip_unavailable=False, cmake_clean_cache=False, cmake_clean_first=False, cmake_force_configure=False, ament_cmake_args=None, catkin_cmake_args=None, catkin_skip_building_tests=False, mixin_files=None, mixin=None, verb_parser=<colcon_mixin.mixin.mixin_argument.MixinArgumentDecorator object at 0x7dfed8c2f520>, verb_extension=<colcon_core.verb.build.BuildVerb object at 0x7dfed8c2efe0>, main=<bound method BuildVerb.main of <colcon_core.verb.build.BuildVerb object at 0x7dfed8c2efe0>>, mixin_verb=('build',))
[0.154s] Level 1:colcon.colcon_core.package_discovery:discover_packages(colcon_meta) check parameters
[0.154s] Level 1:colcon.colcon_core.package_discovery:discover_packages(recursive) check parameters
[0.154s] Level 1:colcon.colcon_core.package_discovery:discover_packages(ignore) check parameters
[0.154s] Level 1:colcon.colcon_core.package_discovery:discover_packages(path) check parameters
[0.154s] Level 1:colcon.colcon_core.package_discovery:discover_packages(colcon_meta) discover
[0.154s] Level 1:colcon.colcon_core.package_discovery:discover_packages(recursive) discover
[0.154s] INFO:colcon.colcon_core.package_discovery:Crawling recursively for packages in '/ros2_ws'
[0.154s] Level 1:colcon.colcon_core.package_identification:_identify(.) by extensions ['ignore', 'ignore_ament_install']
[0.154s] Level 1:colcon.colcon_core.package_identification:_identify(.) by extension 'ignore'
[0.154s] Level 1:colcon.colcon_core.package_identification:_identify(.) by extension 'ignore_ament_install'
[0.154s] Level 1:colcon.colcon_core.package_identification:_identify(.) by extensions ['colcon_pkg']
[0.154s] Level 1:colcon.colcon_core.package_identification:_identify(.) by extension 'colcon_pkg'
[0.154s] Level 1:colcon.colcon_core.package_identification:_identify(.) by extensions ['colcon_meta']
[0.154s] Level 1:colcon.colcon_core.package_identification:_identify(.) by extension 'colcon_meta'
[0.154s] Level 1:colcon.colcon_core.package_identification:_identify(.) by extensions ['ros']
[0.154s] Level 1:colcon.colcon_core.package_identification:_identify(.) by extension 'ros'
[0.161s] Level 1:colcon.colcon_core.package_identification:_identify(.) by extensions ['cmake', 'python']
[0.161s] Level 1:colcon.colcon_core.package_identification:_identify(.) by extension 'cmake'
[0.161s] Level 1:colcon.colcon_core.package_identification:_identify(.) by extension 'python'
[0.161s] Level 1:colcon.colcon_core.package_identification:_identify(.) by extensions ['python_setup_py']
[0.161s] Level 1:colcon.colcon_core.package_identification:_identify(.) by extension 'python_setup_py'
[0.161s] Level 1:colcon.colcon_core.package_identification:_identify(build) by extensions ['ignore', 'ignore_ament_install']
[0.161s] Level 1:colcon.colcon_core.package_identification:_identify(build) by extension 'ignore'
[0.161s] Level 1:colcon.colcon_core.package_identification:_identify(build) ignored
[0.161s] Level 1:colcon.colcon_core.package_identification:_identify(install) by extensions ['ignore', 'ignore_ament_install']
[0.161s] Level 1:colcon.colcon_core.package_identification:_identify(install) by extension 'ignore'
[0.161s] Level 1:colcon.colcon_core.package_identification:_identify(install) ignored
[0.161s] Level 1:colcon.colcon_core.package_identification:_identify(log) by extensions ['ignore', 'ignore_ament_install']
[0.161s] Level 1:colcon.colcon_core.package_identification:_identify(log) by extension 'ignore'
[0.161s] Level 1:colcon.colcon_core.package_identification:_identify(log) ignored
[0.161s] Level 1:colcon.colcon_core.package_identification:_identify(src) by extensions ['ignore', 'ignore_ament_install']
[0.161s] Level 1:colcon.colcon_core.package_identification:_identify(src) by extension 'ignore'
[0.161s] Level 1:colcon.colcon_core.package_identification:_identify(src) by extension 'ignore_ament_install'
[0.161s] Level 1:colcon.colcon_core.package_identification:_identify(src) by extensions ['colcon_pkg']
[0.161s] Level 1:colcon.colcon_core.package_identification:_identify(src) by extension 'colcon_pkg'
[0.161s] Level 1:colcon.colcon_core.package_identification:_identify(src) by extensions ['colcon_meta']
[0.161s] Level 1:colcon.colcon_core.package_identification:_identify(src) by extension 'colcon_meta'
[0.161s] Level 1:colcon.colcon_core.package_identification:_identify(src) by extensions ['ros']
[0.161s] Level 1:colcon.colcon_core.package_identification:_identify(src) by extension 'ros'
[0.161s] Level 1:colcon.colcon_core.package_identification:_identify(src) by extensions ['cmake', 'python']
[0.161s] Level 1:colcon.colcon_core.package_identification:_identify(src) by extension 'cmake'
[0.161s] Level 1:colcon.colcon_core.package_identification:_identify(src) by extension 'python'
[0.161s] Level 1:colcon.colcon_core.package_identification:_identify(src) by extensions ['python_setup_py']
[0.161s] Level 1:colcon.colcon_core.package_identification:_identify(src) by extension 'python_setup_py'
[0.161s] Level 1:colcon.colcon_core.package_identification:_identify(src/depth_core) by extensions ['ignore', 'ignore_ament_install']
[0.161s] Level 1:colcon.colcon_core.package_identification:_identify(src/depth_core) by extension 'ignore'
[0.161s] Level 1:colcon.colcon_core.package_identification:_identify(src/depth_core) by extension 'ignore_ament_install'
[0.161s] Level 1:colcon.colcon_core.package_identification:_identify(src/depth_core) by extensions ['colcon_pkg']
[0.161s] Level 1:colcon.colcon_core.package_identification:_identify(src/depth_core) by extension 'colcon_pkg'
[0.162s] Level 1:colcon.colcon_core.package_identification:_identify(src/depth_core) by extensions ['colcon_meta']
[0.162s] Level 1:colcon.colcon_core.package_identification:_identify(src/depth_core) by extension 'colcon_meta'
[0.162s] Level 1:colcon.colcon_core.package_identification:_identify(src/depth_core) by extensions ['ros']
[0.162s] Level 1:colcon.colcon_core.package_identification:_identify(src/depth_core) by extension 'ros'
[0.163s] DEBUG:colcon.colcon_core.package_identification:Package 'src/depth_core' with type 'ros.ament_python' and name 'depth_core'
[0.163s] Level 1:colcon.colcon_core.package_identification:_identify(src/depth_interfaces) by extensions ['ignore', 'ignore_ament_install']
[0.163s] Level 1:colcon.colcon_core.package_identification:_identify(src/depth_interfaces) by extension 'ignore'
[0.163s] Level 1:colcon.colcon_core.package_identification:_identify(src/depth_interfaces) by extension 'ignore_ament_install'
[0.163s] Level 1:colcon.colcon_core.package_identification:_identify(src/depth_interfaces) by extensions ['colcon_pkg']
[0.163s] Level 1:colcon.colcon_core.package_identification:_identify(src/depth_interfaces) by extension 'colcon_pkg'
[0.163s] Level 1:colcon.colcon_core.package_identification:_identify(src/depth_interfaces) by extensions ['colcon_meta']
[0.163s] Level 1:colcon.colcon_core.package_identification:_identify(src/depth_interfaces) by extension 'colcon_meta'
[0.163s] Level 1:colcon.colcon_core.package_identification:_identify(src/depth_interfaces) by extensions ['ros']
[0.163s] Level 1:colcon.colcon_core.package_identification:_identify(src/depth_interfaces) by extension 'ros'
[0.164s] DEBUG:colcon.colcon_core.package_identification:Package 'src/depth_interfaces' with type 'ros.ament_cmake' and name 'depth_interfaces'
[0.164s] Level 1:colcon.colcon_core.package_identification:_identify(src/fake_depth_sensor) by extensions ['ignore', 'ignore_ament_install']
[0.164s] Level 1:colcon.colcon_core.package_identification:_identify(src/fake_depth_sensor) by extension 'ignore'
[0.164s] Level 1:colcon.colcon_core.package_identification:_identify(src/fake_depth_sensor) by extension 'ignore_ament_install'
[0.164s] Level 1:colcon.colcon_core.package_identification:_identify(src/fake_depth_sensor) by extensions ['colcon_pkg']
[0.164s] Level 1:colcon.colcon_core.package_identification:_identify(src/fake_depth_sensor) by extension 'colcon_pkg'
[0.164s] Level 1:colcon.colcon_core.package_identification:_identify(src/fake_depth_sensor) by extensions ['colcon_meta']
[0.164s] Level 1:colcon.colcon_core.package_identification:_identify(src/fake_depth_sensor) by extension 'colcon_meta'
[0.164s] Level 1:colcon.colcon_core.package_identification:_identify(src/fake_depth_sensor) by extensions ['ros']
[0.164s] Level 1:colcon.colcon_core.package_identification:_identify(src/fake_depth_sensor) by extension 'ros'
[0.165s] DEBUG:colcon.colcon_core.package_identification:Package 'src/fake_depth_sensor' with type 'ros.ament_python' and name 'fake_depth_sensor'
[0.165s] Level 1:colcon.colcon_core.package_identification:_identify(src/tf2_drill) by extensions ['ignore', 'ignore_ament_install']
[0.165s] Level 1:colcon.colcon_core.package_identification:_identify(src/tf2_drill) by extension 'ignore'
[0.165s] Level 1:colcon.colcon_core.package_identification:_identify(src/tf2_drill) by extension 'ignore_ament_install'
[0.165s] Level 1:colcon.colcon_core.package_identification:_identify(src/tf2_drill) by extensions ['colcon_pkg']
[0.165s] Level 1:colcon.colcon_core.package_identification:_identify(src/tf2_drill) by extension 'colcon_pkg'
[0.165s] Level 1:colcon.colcon_core.package_identification:_identify(src/tf2_drill) by extensions ['colcon_meta']
[0.165s] Level 1:colcon.colcon_core.package_identification:_identify(src/tf2_drill) by extension 'colcon_meta'
[0.165s] Level 1:colcon.colcon_core.package_identification:_identify(src/tf2_drill) by extensions ['ros']
[0.165s] Level 1:colcon.colcon_core.package_identification:_identify(src/tf2_drill) by extension 'ros'
[0.166s] DEBUG:colcon.colcon_core.package_identification:Package 'src/tf2_drill' with type 'ros.ament_cmake' and name 'tf2_drill'
[0.166s] Level 1:colcon.colcon_core.package_discovery:discover_packages(recursive) using defaults
[0.166s] Level 1:colcon.colcon_core.package_discovery:discover_packages(ignore) discover
[0.166s] Level 1:colcon.colcon_core.package_discovery:discover_packages(ignore) using defaults
[0.166s] Level 1:colcon.colcon_core.package_discovery:discover_packages(path) discover
[0.166s] Level 1:colcon.colcon_core.package_discovery:discover_packages(path) using defaults
[0.179s] INFO:colcon.colcon_core.package_selection:Skipping not selected package 'depth_interfaces' in 'src/depth_interfaces'
[0.179s] INFO:colcon.colcon_core.package_selection:Skipping not selected package 'fake_depth_sensor' in 'src/fake_depth_sensor'
[0.179s] INFO:colcon.colcon_core.package_selection:Skipping not selected package 'depth_core' in 'src/depth_core'
[0.180s] Level 5:colcon.colcon_core.verb:set package 'tf2_drill' build argument 'cmake_args' from command line to 'None'
[0.180s] Level 5:colcon.colcon_core.verb:set package 'tf2_drill' build argument 'cmake_target' from command line to 'None'
[0.180s] Level 5:colcon.colcon_core.verb:set package 'tf2_drill' build argument 'cmake_target_skip_unavailable' from command line to 'False'
[0.180s] Level 5:colcon.colcon_core.verb:set package 'tf2_drill' build argument 'cmake_clean_cache' from command line to 'False'
[0.180s] Level 5:colcon.colcon_core.verb:set package 'tf2_drill' build argument 'cmake_clean_first' from command line to 'False'
[0.180s] Level 5:colcon.colcon_core.verb:set package 'tf2_drill' build argument 'cmake_force_configure' from command line to 'False'
[0.180s] Level 5:colcon.colcon_core.verb:set package 'tf2_drill' build argument 'ament_cmake_args' from command line to 'None'
[0.180s] Level 5:colcon.colcon_core.verb:set package 'tf2_drill' build argument 'catkin_cmake_args' from command line to 'None'
[0.180s] Level 5:colcon.colcon_core.verb:set package 'tf2_drill' build argument 'catkin_skip_building_tests' from command line to 'False'
[0.180s] DEBUG:colcon.colcon_core.verb:Building package 'tf2_drill' with the following arguments: {'ament_cmake_args': None, 'build_base': '/ros2_ws/build/tf2_drill', 'catkin_cmake_args': None, 'catkin_skip_building_tests': False, 'cmake_args': None, 'cmake_clean_cache': False, 'cmake_clean_first': False, 'cmake_force_configure': False, 'cmake_target': None, 'cmake_target_skip_unavailable': False, 'install_base': '/ros2_ws/install/tf2_drill', 'merge_install': False, 'path': '/ros2_ws/src/tf2_drill', 'symlink_install': False, 'test_result_base': None}
[0.180s] INFO:colcon.colcon_core.executor:Executing jobs using 'parallel' executor
[0.181s] DEBUG:colcon.colcon_parallel_executor.executor.parallel:run_until_complete
[0.181s] INFO:colcon.colcon_ros.task.ament_cmake.build:Building ROS package in '/ros2_ws/src/tf2_drill' with build type 'ament_cmake'
[0.181s] INFO:colcon.colcon_cmake.task.cmake.build:Building CMake package in '/ros2_ws/src/tf2_drill'
[0.183s] INFO:colcon.colcon_core.plugin_system:Skipping extension 'colcon_core.shell.bat': Not used on non-Windows systems
[0.184s] INFO:colcon.colcon_core.shell:Skip shell extension 'powershell' for command environment: Not usable outside of PowerShell
[0.184s] DEBUG:colcon.colcon_core.shell:Skip shell extension 'dsv' for command environment
[0.189s] DEBUG:colcon.colcon_core.event_handler.log_command:Invoking command in '/ros2_ws/build/tf2_drill': CMAKE_PREFIX_PATH=/opt/ros/humble /usr/bin/cmake /ros2_ws/src/tf2_drill -DCMAKE_INSTALL_PREFIX=/ros2_ws/install/tf2_drill
[1.335s] DEBUG:colcon.colcon_core.event_handler.log_command:Invoked command in '/ros2_ws/build/tf2_drill' returned '0': CMAKE_PREFIX_PATH=/opt/ros/humble /usr/bin/cmake /ros2_ws/src/tf2_drill -DCMAKE_INSTALL_PREFIX=/ros2_ws/install/tf2_drill
[1.337s] DEBUG:colcon.colcon_core.event_handler.log_command:Invoking command in '/ros2_ws/build/tf2_drill': CMAKE_PREFIX_PATH=/opt/ros/humble /usr/bin/cmake --build /ros2_ws/build/tf2_drill -- -j20 -l20
[3.650s] DEBUG:colcon.colcon_core.event_handler.log_command:Invoked command in '/ros2_ws/build/tf2_drill' returned '0': CMAKE_PREFIX_PATH=/opt/ros/humble /usr/bin/cmake --build /ros2_ws/build/tf2_drill -- -j20 -l20
[3.658s] DEBUG:colcon.colcon_core.event_handler.log_command:Invoking command in '/ros2_ws/build/tf2_drill': CMAKE_PREFIX_PATH=/opt/ros/humble /usr/bin/cmake --install /ros2_ws/build/tf2_drill
[3.672s] Level 1:colcon.colcon_core.environment:create_environment_scripts_only(tf2_drill)
[3.673s] DEBUG:colcon.colcon_core.event_handler.log_command:Invoked command in '/ros2_ws/build/tf2_drill' returned '0': CMAKE_PREFIX_PATH=/opt/ros/humble /usr/bin/cmake --install /ros2_ws/build/tf2_drill
[3.679s] Level 1:colcon.colcon_core.environment:checking '/ros2_ws/install/tf2_drill' for CMake module files
[3.680s] Level 1:colcon.colcon_core.environment:checking '/ros2_ws/install/tf2_drill' for CMake config files
[3.680s] Level 1:colcon.colcon_core.shell:create_environment_hook('tf2_drill', 'cmake_prefix_path')
[3.680s] INFO:colcon.colcon_core.shell:Creating environment hook '/ros2_ws/install/tf2_drill/share/tf2_drill/hook/cmake_prefix_path.ps1'
[3.682s] INFO:colcon.colcon_core.shell:Creating environment descriptor '/ros2_ws/install/tf2_drill/share/tf2_drill/hook/cmake_prefix_path.dsv'
[3.683s] INFO:colcon.colcon_core.shell:Creating environment hook '/ros2_ws/install/tf2_drill/share/tf2_drill/hook/cmake_prefix_path.sh'
[3.684s] Level 1:colcon.colcon_core.environment:checking '/ros2_ws/install/tf2_drill/lib'
[3.685s] Level 1:colcon.colcon_core.environment:checking '/ros2_ws/install/tf2_drill/bin'
[3.685s] Level 1:colcon.colcon_core.environment:checking '/ros2_ws/install/tf2_drill/lib/pkgconfig/tf2_drill.pc'
[3.689s] Level 1:colcon.colcon_core.environment:checking '/ros2_ws/install/tf2_drill/lib/python3.10/site-packages'
[3.690s] Level 1:colcon.colcon_core.environment:checking '/ros2_ws/install/tf2_drill/bin'
[3.691s] INFO:colcon.colcon_core.shell:Creating package script '/ros2_ws/install/tf2_drill/share/tf2_drill/package.ps1'
[3.692s] INFO:colcon.colcon_core.shell:Creating package descriptor '/ros2_ws/install/tf2_drill/share/tf2_drill/package.dsv'
[3.694s] INFO:colcon.colcon_core.shell:Creating package script '/ros2_ws/install/tf2_drill/share/tf2_drill/package.sh'
[3.695s] INFO:colcon.colcon_core.shell:Creating package script '/ros2_ws/install/tf2_drill/share/tf2_drill/package.bash'
[3.697s] INFO:colcon.colcon_core.shell:Creating package script '/ros2_ws/install/tf2_drill/share/tf2_drill/package.zsh'
[3.698s] Level 1:colcon.colcon_core.environment:create_file_with_runtime_dependencies(/ros2_ws/install/tf2_drill/share/colcon-core/packages/tf2_drill)
[3.700s] Level 1:colcon.colcon_core.environment:create_environment_scripts_only(tf2_drill)
[3.700s] Level 1:colcon.colcon_core.environment:checking '/ros2_ws/install/tf2_drill' for CMake module files
[3.701s] Level 1:colcon.colcon_core.environment:checking '/ros2_ws/install/tf2_drill' for CMake config files
[3.701s] Level 1:colcon.colcon_core.shell:create_environment_hook('tf2_drill', 'cmake_prefix_path')
[3.701s] INFO:colcon.colcon_core.shell:Creating environment hook '/ros2_ws/install/tf2_drill/share/tf2_drill/hook/cmake_prefix_path.ps1'
[3.702s] INFO:colcon.colcon_core.shell:Creating environment descriptor '/ros2_ws/install/tf2_drill/share/tf2_drill/hook/cmake_prefix_path.dsv'
[3.702s] INFO:colcon.colcon_core.shell:Creating environment hook '/ros2_ws/install/tf2_drill/share/tf2_drill/hook/cmake_prefix_path.sh'
[3.703s] Level 1:colcon.colcon_core.environment:checking '/ros2_ws/install/tf2_drill/lib'
[3.703s] Level 1:colcon.colcon_core.environment:checking '/ros2_ws/install/tf2_drill/bin'
[3.703s] Level 1:colcon.colcon_core.environment:checking '/ros2_ws/install/tf2_drill/lib/pkgconfig/tf2_drill.pc'
[3.704s] Level 1:colcon.colcon_core.environment:checking '/ros2_ws/install/tf2_drill/lib/python3.10/site-packages'
[3.704s] Level 1:colcon.colcon_core.environment:checking '/ros2_ws/install/tf2_drill/bin'
[3.704s] INFO:colcon.colcon_core.shell:Creating package script '/ros2_ws/install/tf2_drill/share/tf2_drill/package.ps1'
[3.705s] INFO:colcon.colcon_core.shell:Creating package descriptor '/ros2_ws/install/tf2_drill/share/tf2_drill/package.dsv'
[3.706s] INFO:colcon.colcon_core.shell:Creating package script '/ros2_ws/install/tf2_drill/share/tf2_drill/package.sh'
[3.706s] INFO:colcon.colcon_core.shell:Creating package script '/ros2_ws/install/tf2_drill/share/tf2_drill/package.bash'
[3.706s] INFO:colcon.colcon_core.shell:Creating package script '/ros2_ws/install/tf2_drill/share/tf2_drill/package.zsh'
[3.707s] Level 1:colcon.colcon_core.environment:create_file_with_runtime_dependencies(/ros2_ws/install/tf2_drill/share/colcon-core/packages/tf2_drill)
[3.707s] DEBUG:colcon.colcon_parallel_executor.executor.parallel:closing loop
[3.707s] DEBUG:colcon.colcon_parallel_executor.executor.parallel:loop closed
[3.707s] DEBUG:colcon.colcon_parallel_executor.executor.parallel:run_until_complete finished with '0'
[3.707s] DEBUG:colcon.colcon_core.event_reactor:joining thread
[3.731s] INFO:colcon.colcon_core.plugin_system:Skipping extension 'colcon_notification.desktop_notification.notify_send': Could not find 'notify-send'
[3.731s] INFO:colcon.colcon_core.plugin_system:Skipping extension 'colcon_notification.desktop_notification.terminal_notifier': Not used on non-Darwin systems
[3.731s] INFO:colcon.colcon_core.plugin_system:Skipping extension 'colcon_notification.desktop_notification.win32': Not used on non-Windows systems
[3.731s] INFO:colcon.colcon_notification.desktop_notification:Sending desktop notification using 'notify2'
[3.734s] DEBUG:colcon.colcon_notification.desktop_notification.notify2:Failed to initialize notify2: org.freedesktop.DBus.Error.Spawn.ExecFailed: /usr/bin/dbus-launch terminated abnormally without any error message
[3.734s] DEBUG:colcon.colcon_core.event_reactor:joined thread
[3.734s] INFO:colcon.colcon_core.shell:Creating prefix script '/ros2_ws/install/local_setup.ps1'
[3.736s] INFO:colcon.colcon_core.shell:Creating prefix util module '/ros2_ws/install/_local_setup_util_ps1.py'
[3.737s] INFO:colcon.colcon_core.shell:Creating prefix chain script '/ros2_ws/install/setup.ps1'
[3.738s] INFO:colcon.colcon_core.shell:Creating prefix script '/ros2_ws/install/local_setup.sh'
[3.739s] INFO:colcon.colcon_core.shell:Creating prefix util module '/ros2_ws/install/_local_setup_util_sh.py'
[3.739s] INFO:colcon.colcon_core.shell:Creating prefix chain script '/ros2_ws/install/setup.sh'
[3.741s] INFO:colcon.colcon_core.shell:Creating prefix script '/ros2_ws/install/local_setup.bash'
[3.742s] INFO:colcon.colcon_core.shell:Creating prefix chain script '/ros2_ws/install/setup.bash'
[3.743s] INFO:colcon.colcon_core.shell:Creating prefix script '/ros2_ws/install/local_setup.zsh'
[3.744s] INFO:colcon.colcon_core.shell:Creating prefix chain script '/ros2_ws/install/setup.zsh'
