[0.072s] DEBUG:colcon:Command line arguments: ['/usr/bin/colcon', 'build', '--base-paths', 'src', '--packages-select', 'real_joy', '--symlink-install']
[0.072s] DEBUG:colcon:Parsed command line arguments: Namespace(log_base=None, log_level=None, verb_name='build', build_base='build', install_base='install', merge_install=False, symlink_install=True, test_result_base=None, continue_on_error=False, executor='parallel', parallel_workers=16, event_handlers=None, ignore_user_meta=False, metas=['./colcon.meta'], base_paths=['src'], packages_ignore=None, packages_ignore_regex=None, paths=None, packages_up_to=None, packages_up_to_regex=None, packages_above=None, packages_above_and_dependencies=None, packages_above_depth=None, packages_select_by_dep=None, packages_skip_by_dep=None, packages_skip_up_to=None, packages_select_build_failed=False, packages_skip_build_finished=False, packages_select_test_failures=False, packages_skip_test_passed=False, packages_select=['real_joy'], packages_skip=None, packages_select_regex=None, packages_skip_regex=None, packages_start=None, packages_end=None, allow_overriding=[], cmake_args=None, cmake_target=None, cmake_target_skip_unavailable=False, cmake_clean_cache=False, cmake_clean_first=False, cmake_force_configure=False, ament_cmake_args=None, catkin_cmake_args=None, catkin_skip_building_tests=False, verb_parser=<colcon_defaults.argument_parser.defaults.DefaultArgumentsDecorator object at 0x7521f35144f0>, verb_extension=<colcon_core.verb.build.BuildVerb object at 0x7521f34e7f70>, main=<bound method BuildVerb.main of <colcon_core.verb.build.BuildVerb object at 0x7521f34e7f70>>)
[0.210s] Level 1:colcon.colcon_core.package_discovery:discover_packages(colcon_meta) check parameters
[0.210s] Level 1:colcon.colcon_core.package_discovery:discover_packages(recursive) check parameters
[0.210s] Level 1:colcon.colcon_core.package_discovery:discover_packages(ignore) check parameters
[0.210s] Level 1:colcon.colcon_core.package_discovery:discover_packages(path) check parameters
[0.210s] Level 1:colcon.colcon_core.package_discovery:discover_packages(recursive) discover
[0.210s] INFO:colcon.colcon_core.package_discovery:Crawling recursively for packages in '/home/boda/Software2026/src'
[0.210s] Level 1:colcon.colcon_core.package_identification:_identify(src) by extensions ['ignore', 'ignore_ament_install']
[0.210s] Level 1:colcon.colcon_core.package_identification:_identify(src) by extension 'ignore'
[0.210s] Level 1:colcon.colcon_core.package_identification:_identify(src) by extension 'ignore_ament_install'
[0.210s] Level 1:colcon.colcon_core.package_identification:_identify(src) by extensions ['colcon_pkg']
[0.210s] Level 1:colcon.colcon_core.package_identification:_identify(src) by extension 'colcon_pkg'
[0.211s] Level 1:colcon.colcon_core.package_identification:_identify(src) by extensions ['colcon_meta']
[0.211s] Level 1:colcon.colcon_core.package_identification:_identify(src) by extension 'colcon_meta'
[0.211s] Level 1:colcon.colcon_core.package_identification:_identify(src) by extensions ['ros']
[0.211s] Level 1:colcon.colcon_core.package_identification:_identify(src) by extension 'ros'
[0.224s] Level 1:colcon.colcon_core.package_identification:_identify(src) by extensions ['cmake', 'python']
[0.224s] Level 1:colcon.colcon_core.package_identification:_identify(src) by extension 'cmake'
[0.224s] Level 1:colcon.colcon_core.package_identification:_identify(src) by extension 'python'
[0.224s] Level 1:colcon.colcon_core.package_identification:_identify(src) by extensions ['python_setup_py']
[0.224s] Level 1:colcon.colcon_core.package_identification:_identify(src) by extension 'python_setup_py'
[0.224s] Level 1:colcon.colcon_core.package_identification:_identify(src/real_joy) by extensions ['ignore', 'ignore_ament_install']
[0.224s] Level 1:colcon.colcon_core.package_identification:_identify(src/real_joy) by extension 'ignore'
[0.224s] Level 1:colcon.colcon_core.package_identification:_identify(src/real_joy) by extension 'ignore_ament_install'
[0.224s] Level 1:colcon.colcon_core.package_identification:_identify(src/real_joy) by extensions ['colcon_pkg']
[0.224s] Level 1:colcon.colcon_core.package_identification:_identify(src/real_joy) by extension 'colcon_pkg'
[0.224s] Level 1:colcon.colcon_core.package_identification:_identify(src/real_joy) by extensions ['colcon_meta']
[0.224s] Level 1:colcon.colcon_core.package_identification:_identify(src/real_joy) by extension 'colcon_meta'
[0.225s] Level 1:colcon.colcon_core.package_identification:_identify(src/real_joy) by extensions ['ros']
[0.225s] Level 1:colcon.colcon_core.package_identification:_identify(src/real_joy) by extension 'ros'
[0.227s] DEBUG:colcon.colcon_core.package_identification:Package 'src/real_joy' with type 'ros.ament_cmake' and name 'real_joy'
[0.227s] Level 1:colcon.colcon_core.package_discovery:discover_packages(recursive) using defaults
[0.241s] Level 1:colcon.colcon_core.package_discovery:discover_packages(prefix_path) check parameters
[0.241s] Level 1:colcon.colcon_core.package_discovery:discover_packages(prefix_path) discover
[0.242s] DEBUG:colcon.colcon_installed_package_information.package_discovery:Found 3 installed packages in /home/boda/mako_ws/install
[0.243s] DEBUG:colcon.colcon_installed_package_information.package_discovery:Found 1 installed packages in /home/boda/Software2026/install
[0.244s] DEBUG:colcon.colcon_installed_package_information.package_discovery:Found 252 installed packages in /opt/ros/humble
[0.244s] Level 1:colcon.colcon_core.package_discovery:discover_packages(prefix_path) using defaults
[0.265s] Level 5:colcon.colcon_core.verb:set package 'real_joy' build argument 'cmake_args' from command line to 'None'
[0.265s] Level 5:colcon.colcon_core.verb:set package 'real_joy' build argument 'cmake_target' from command line to 'None'
[0.265s] Level 5:colcon.colcon_core.verb:set package 'real_joy' build argument 'cmake_target_skip_unavailable' from command line to 'False'
[0.265s] Level 5:colcon.colcon_core.verb:set package 'real_joy' build argument 'cmake_clean_cache' from command line to 'False'
[0.265s] Level 5:colcon.colcon_core.verb:set package 'real_joy' build argument 'cmake_clean_first' from command line to 'False'
[0.265s] Level 5:colcon.colcon_core.verb:set package 'real_joy' build argument 'cmake_force_configure' from command line to 'False'
[0.265s] Level 5:colcon.colcon_core.verb:set package 'real_joy' build argument 'ament_cmake_args' from command line to 'None'
[0.265s] Level 5:colcon.colcon_core.verb:set package 'real_joy' build argument 'catkin_cmake_args' from command line to 'None'
[0.265s] Level 5:colcon.colcon_core.verb:set package 'real_joy' build argument 'catkin_skip_building_tests' from command line to 'False'
[0.265s] DEBUG:colcon.colcon_core.verb:Building package 'real_joy' with the following arguments: {'ament_cmake_args': None, 'build_base': '/home/boda/Software2026/build/real_joy', 'catkin_cmake_args': None, 'catkin_skip_building_tests': False, 'cmake_args': None, 'cmake_clean_cache': False, 'cmake_clean_first': False, 'cmake_force_configure': False, 'cmake_target': None, 'cmake_target_skip_unavailable': False, 'install_base': '/home/boda/Software2026/install/real_joy', 'merge_install': False, 'path': '/home/boda/Software2026/src/real_joy', 'symlink_install': True, 'test_result_base': None}
[0.265s] INFO:colcon.colcon_core.executor:Executing jobs using 'parallel' executor
[0.266s] DEBUG:colcon.colcon_parallel_executor.executor.parallel:run_until_complete
[0.266s] INFO:colcon.colcon_ros.task.ament_cmake.build:Building ROS package in '/home/boda/Software2026/src/real_joy' with build type 'ament_cmake'
[0.266s] INFO:colcon.colcon_cmake.task.cmake.build:Building CMake package in '/home/boda/Software2026/src/real_joy'
[0.267s] INFO:colcon.colcon_core.plugin_system:Skipping extension 'colcon_core.shell.bat': Not used on non-Windows systems
[0.267s] INFO:colcon.colcon_core.shell:Skip shell extension 'powershell' for command environment: Not usable outside of PowerShell
[0.267s] DEBUG:colcon.colcon_core.shell:Skip shell extension 'dsv' for command environment
[0.275s] DEBUG:colcon.colcon_core.event_handler.log_command:Invoking command in '/home/boda/Software2026/build/real_joy': CMAKE_PREFIX_PATH=${CMAKE_PREFIX_PATH}:/home/boda/mako_ws/install/mavros_autotune:/opt/ros/humble /usr/bin/cmake --build /home/boda/Software2026/build/real_joy -- -j16 -l16
[13.135s] DEBUG:colcon.colcon_core.event_handler.log_command:Invoked command in '/home/boda/Software2026/build/real_joy' returned '0': CMAKE_PREFIX_PATH=${CMAKE_PREFIX_PATH}:/home/boda/mako_ws/install/mavros_autotune:/opt/ros/humble /usr/bin/cmake --build /home/boda/Software2026/build/real_joy -- -j16 -l16
[13.143s] DEBUG:colcon.colcon_core.event_handler.log_command:Invoking command in '/home/boda/Software2026/build/real_joy': CMAKE_PREFIX_PATH=${CMAKE_PREFIX_PATH}:/home/boda/mako_ws/install/mavros_autotune:/opt/ros/humble /usr/bin/cmake --install /home/boda/Software2026/build/real_joy
[13.163s] Level 1:colcon.colcon_core.environment:create_environment_scripts_only(real_joy)
[13.163s] DEBUG:colcon.colcon_core.event_handler.log_command:Invoked command in '/home/boda/Software2026/build/real_joy' returned '0': CMAKE_PREFIX_PATH=${CMAKE_PREFIX_PATH}:/home/boda/mako_ws/install/mavros_autotune:/opt/ros/humble /usr/bin/cmake --install /home/boda/Software2026/build/real_joy
[13.164s] Level 1:colcon.colcon_core.environment:checking '/home/boda/Software2026/install/real_joy' for CMake module files
[13.165s] Level 1:colcon.colcon_core.environment:checking '/home/boda/Software2026/install/real_joy' for CMake config files
[13.165s] Level 1:colcon.colcon_core.shell:create_environment_hook('real_joy', 'cmake_prefix_path')
[13.165s] INFO:colcon.colcon_core.shell:Creating environment hook '/home/boda/Software2026/install/real_joy/share/real_joy/hook/cmake_prefix_path.ps1'
[13.166s] INFO:colcon.colcon_core.shell:Creating environment descriptor '/home/boda/Software2026/install/real_joy/share/real_joy/hook/cmake_prefix_path.dsv'
[13.166s] INFO:colcon.colcon_core.shell:Creating environment hook '/home/boda/Software2026/install/real_joy/share/real_joy/hook/cmake_prefix_path.sh'
[13.167s] Level 1:colcon.colcon_core.environment:checking '/home/boda/Software2026/install/real_joy/lib'
[13.167s] Level 1:colcon.colcon_core.environment:checking '/home/boda/Software2026/install/real_joy/bin'
[13.167s] Level 1:colcon.colcon_core.environment:checking '/home/boda/Software2026/install/real_joy/lib/pkgconfig/real_joy.pc'
[13.167s] Level 1:colcon.colcon_core.environment:checking '/home/boda/Software2026/install/real_joy/lib/python3.10/site-packages'
[13.167s] Level 1:colcon.colcon_core.environment:checking '/home/boda/Software2026/install/real_joy/bin'
[13.167s] INFO:colcon.colcon_core.shell:Creating package script '/home/boda/Software2026/install/real_joy/share/real_joy/package.ps1'
[13.168s] INFO:colcon.colcon_core.shell:Creating package descriptor '/home/boda/Software2026/install/real_joy/share/real_joy/package.dsv'
[13.168s] INFO:colcon.colcon_core.shell:Creating package script '/home/boda/Software2026/install/real_joy/share/real_joy/package.sh'
[13.169s] INFO:colcon.colcon_core.shell:Creating package script '/home/boda/Software2026/install/real_joy/share/real_joy/package.bash'
[13.169s] INFO:colcon.colcon_core.shell:Creating package script '/home/boda/Software2026/install/real_joy/share/real_joy/package.zsh'
[13.170s] Level 1:colcon.colcon_core.environment:create_file_with_runtime_dependencies(/home/boda/Software2026/install/real_joy/share/colcon-core/packages/real_joy)
[13.170s] Level 1:colcon.colcon_core.environment:create_environment_scripts_only(real_joy)
[13.170s] Level 1:colcon.colcon_core.environment:checking '/home/boda/Software2026/install/real_joy' for CMake module files
[13.170s] Level 1:colcon.colcon_core.environment:checking '/home/boda/Software2026/install/real_joy' for CMake config files
[13.171s] Level 1:colcon.colcon_core.shell:create_environment_hook('real_joy', 'cmake_prefix_path')
[13.171s] INFO:colcon.colcon_core.shell:Creating environment hook '/home/boda/Software2026/install/real_joy/share/real_joy/hook/cmake_prefix_path.ps1'
[13.171s] INFO:colcon.colcon_core.shell:Creating environment descriptor '/home/boda/Software2026/install/real_joy/share/real_joy/hook/cmake_prefix_path.dsv'
[13.171s] INFO:colcon.colcon_core.shell:Creating environment hook '/home/boda/Software2026/install/real_joy/share/real_joy/hook/cmake_prefix_path.sh'
[13.171s] Level 1:colcon.colcon_core.environment:checking '/home/boda/Software2026/install/real_joy/lib'
[13.172s] Level 1:colcon.colcon_core.environment:checking '/home/boda/Software2026/install/real_joy/bin'
[13.172s] Level 1:colcon.colcon_core.environment:checking '/home/boda/Software2026/install/real_joy/lib/pkgconfig/real_joy.pc'
[13.172s] Level 1:colcon.colcon_core.environment:checking '/home/boda/Software2026/install/real_joy/lib/python3.10/site-packages'
[13.172s] Level 1:colcon.colcon_core.environment:checking '/home/boda/Software2026/install/real_joy/bin'
[13.172s] INFO:colcon.colcon_core.shell:Creating package script '/home/boda/Software2026/install/real_joy/share/real_joy/package.ps1'
[13.172s] INFO:colcon.colcon_core.shell:Creating package descriptor '/home/boda/Software2026/install/real_joy/share/real_joy/package.dsv'
[13.173s] INFO:colcon.colcon_core.shell:Creating package script '/home/boda/Software2026/install/real_joy/share/real_joy/package.sh'
[13.173s] INFO:colcon.colcon_core.shell:Creating package script '/home/boda/Software2026/install/real_joy/share/real_joy/package.bash'
[13.173s] INFO:colcon.colcon_core.shell:Creating package script '/home/boda/Software2026/install/real_joy/share/real_joy/package.zsh'
[13.173s] Level 1:colcon.colcon_core.environment:create_file_with_runtime_dependencies(/home/boda/Software2026/install/real_joy/share/colcon-core/packages/real_joy)
[13.174s] DEBUG:colcon.colcon_parallel_executor.executor.parallel:closing loop
[13.174s] DEBUG:colcon.colcon_parallel_executor.executor.parallel:loop closed
[13.174s] DEBUG:colcon.colcon_parallel_executor.executor.parallel:run_until_complete finished with '0'
[13.174s] DEBUG:colcon.colcon_core.event_reactor:joining thread
[13.178s] INFO:colcon.colcon_core.plugin_system:Skipping extension 'colcon_notification.desktop_notification.terminal_notifier': Not used on non-Darwin systems
[13.178s] INFO:colcon.colcon_core.plugin_system:Skipping extension 'colcon_notification.desktop_notification.win32': Not used on non-Windows systems
[13.178s] INFO:colcon.colcon_notification.desktop_notification:Sending desktop notification using 'notify2'
[13.185s] DEBUG:colcon.colcon_core.event_reactor:joined thread
[13.186s] INFO:colcon.colcon_core.shell:Creating prefix script '/home/boda/Software2026/install/local_setup.ps1'
[13.186s] INFO:colcon.colcon_core.shell:Creating prefix util module '/home/boda/Software2026/install/_local_setup_util_ps1.py'
[13.187s] INFO:colcon.colcon_core.shell:Creating prefix chain script '/home/boda/Software2026/install/setup.ps1'
[13.188s] INFO:colcon.colcon_core.shell:Creating prefix script '/home/boda/Software2026/install/local_setup.sh'
[13.188s] INFO:colcon.colcon_core.shell:Creating prefix util module '/home/boda/Software2026/install/_local_setup_util_sh.py'
[13.189s] INFO:colcon.colcon_core.shell:Creating prefix chain script '/home/boda/Software2026/install/setup.sh'
[13.189s] INFO:colcon.colcon_core.shell:Creating prefix script '/home/boda/Software2026/install/local_setup.bash'
[13.190s] INFO:colcon.colcon_core.shell:Creating prefix chain script '/home/boda/Software2026/install/setup.bash'
[13.190s] INFO:colcon.colcon_core.shell:Creating prefix script '/home/boda/Software2026/install/local_setup.zsh'
[13.191s] INFO:colcon.colcon_core.shell:Creating prefix chain script '/home/boda/Software2026/install/setup.zsh'
