-- The C compiler identification is GNU 11.4.0
-- The CXX compiler identification is GNU 11.4.0
-- Detecting C compiler ABI info
-- Detecting C compiler ABI info - done
-- Check for working C compiler: /usr/lib/ccache/cc - skipped
-- Detecting C compile features
-- Detecting C compile features - done
-- Detecting CXX compiler ABI info
-- Detecting CXX compiler ABI info - done
-- Check for working CXX compiler: /usr/lib/ccache/c++ - skipped
-- Detecting CXX compile features
-- Detecting CXX compile features - done
-- Found ament_cmake: 1.3.12 (/opt/ros/humble/share/ament_cmake/cmake)
-- Found Python3: /usr/bin/python3 (found version "3.10.12") found components: Interpreter 
-- Override CMake install command with custom implementation using symlinks instead of copying resources
-- Configuring done
-- Generating done
-- Build files have been written to: /home/boda/mako_ws/build/robot_description
-- Install configuration: ""
-- Execute custom install script
-- Symlinking: /home/boda/mako_ws/install/robot_description/share/robot_description/config/joint_names_mako urdf ass.yaml
-- Symlinking: /home/boda/mako_ws/install/robot_description/share/robot_description/launch/display.launch.py
-- Symlinking: /home/boda/mako_ws/install/robot_description/share/robot_description/launch/gazebo.launch.py
-- Symlinking: /home/boda/mako_ws/install/robot_description/share/robot_description/meshes/base_link.STL
-- Symlinking: /home/boda/mako_ws/install/robot_description/share/robot_description/meshes/t1.STL
-- Symlinking: /home/boda/mako_ws/install/robot_description/share/robot_description/meshes/t2.STL
-- Symlinking: /home/boda/mako_ws/install/robot_description/share/robot_description/meshes/t3.STL
-- Symlinking: /home/boda/mako_ws/install/robot_description/share/robot_description/meshes/t4.STL
-- Symlinking: /home/boda/mako_ws/install/robot_description/share/robot_description/meshes/t5.STL
-- Symlinking: /home/boda/mako_ws/install/robot_description/share/robot_description/meshes/t6.STL
-- Symlinking: /home/boda/mako_ws/install/robot_description/share/robot_description/urdf/mako urdf ass.csv
-- Symlinking: /home/boda/mako_ws/install/robot_description/share/robot_description/urdf/robot_description.urdf
-- Symlinking: /home/boda/mako_ws/install/robot_description/share/robot_description/package.xml
-- Symlinking: /home/boda/mako_ws/install/robot_description/share/ament_index/resource_index/package_run_dependencies/robot_description
-- Symlinking: /home/boda/mako_ws/install/robot_description/share/ament_index/resource_index/parent_prefix_path/robot_description
-- Symlinking: /home/boda/mako_ws/install/robot_description/share/robot_description/environment/ament_prefix_path.sh
-- Symlinking: /home/boda/mako_ws/install/robot_description/share/robot_description/environment/ament_prefix_path.dsv
-- Symlinking: /home/boda/mako_ws/install/robot_description/share/robot_description/environment/path.sh
-- Symlinking: /home/boda/mako_ws/install/robot_description/share/robot_description/environment/path.dsv
-- Symlinking: /home/boda/mako_ws/install/robot_description/share/robot_description/local_setup.bash
-- Symlinking: /home/boda/mako_ws/install/robot_description/share/robot_description/local_setup.sh
-- Symlinking: /home/boda/mako_ws/install/robot_description/share/robot_description/local_setup.zsh
-- Symlinking: /home/boda/mako_ws/install/robot_description/share/robot_description/local_setup.dsv
-- Symlinking: /home/boda/mako_ws/install/robot_description/share/robot_description/package.dsv
-- Symlinking: /home/boda/mako_ws/install/robot_description/share/ament_index/resource_index/packages/robot_description
-- Symlinking: /home/boda/mako_ws/install/robot_description/share/robot_description/cmake/robot_descriptionConfig.cmake
-- Symlinking: /home/boda/mako_ws/install/robot_description/share/robot_description/cmake/robot_descriptionConfig-version.cmake
-- Up-to-date symlink: /home/boda/mako_ws/install/robot_description/share/robot_description/package.xml
