[0.017s] Invoking command in '/home/boda/Software2026/build/real_joy': CMAKE_PREFIX_PATH=${CMAKE_PREFIX_PATH}:/home/boda/mako_ws/install/mavros_autotune:/opt/ros/humble /usr/bin/cmake --build /home/boda/Software2026/build/real_joy -- -j16 -l16
[0.079s] Consolidate compiler generated dependencies of target realjoy_node
[0.094s] [ 50%] Building CXX object CMakeFiles/realjoy_node.dir/src/joystick.cpp.o
[3.076s] In file included from /home/boda/Software2026/src/real_joy/src/joystick.cpp:15:
[3.077s] /home/boda/Software2026/src/real_joy/include/RealJoy/keelDepth.hpp: In member function ‘void PressureToDepthCm::onSetZeroDepth(std::shared_ptr<std_srvs::srv::Trigger_Request_<std::allocator<void> > >, std::shared_ptr<std_srvs::srv::Trigger_Response_<std::allocator<void> > >)’:
[3.077s] /home/boda/Software2026/src/real_joy/include/RealJoy/keelDepth.hpp:110:60: warning: unused parameter ‘req’ [-Wunused-parameter]
[3.077s]   110 |     const std::shared_ptr<std_srvs::srv::Trigger::Request> req,
[3.077s]       |     ~~~~~~~~~~~~~~~~~~~~~~~~~~~~~~~~~~~~~~~~~~~~~~~~~~~~~~~^~~
[16.219s] [100%] Linking CXX executable realjoy_node
[17.122s] [100%] Built target realjoy_node
[17.137s] Invoked command in '/home/boda/Software2026/build/real_joy' returned '0': CMAKE_PREFIX_PATH=${CMAKE_PREFIX_PATH}:/home/boda/mako_ws/install/mavros_autotune:/opt/ros/humble /usr/bin/cmake --build /home/boda/Software2026/build/real_joy -- -j16 -l16
[17.150s] Invoking command in '/home/boda/Software2026/build/real_joy': CMAKE_PREFIX_PATH=${CMAKE_PREFIX_PATH}:/home/boda/mako_ws/install/mavros_autotune:/opt/ros/humble /usr/bin/cmake --install /home/boda/Software2026/build/real_joy
[17.157s] -- Install configuration: ""
[17.158s] -- Execute custom install script
[17.158s] -- Up-to-date symlink: /home/boda/Software2026/install/real_joy/lib/real_joy/realjoy_node
[17.158s] -- Up-to-date symlink: /home/boda/Software2026/install/real_joy/include/RealJoy/keelDepth.hpp
[17.158s] -- Up-to-date symlink: /home/boda/Software2026/install/real_joy/include/RealJoy/manual.hpp
[17.158s] -- Up-to-date symlink: /home/boda/Software2026/install/real_joy/include/RealJoy/modes.hpp
[17.159s] -- Up-to-date symlink: /home/boda/Software2026/install/real_joy/include/RealJoy/rel_alt.hpp
[17.159s] -- Up-to-date symlink: /home/boda/Software2026/install/real_joy/share/real_joy/launch/real_joy.launch.py
[17.159s] -- Up-to-date symlink: /home/boda/Software2026/install/real_joy/share/real_joy/config/cyclonedds.xml
[17.159s] -- Up-to-date symlink: /home/boda/Software2026/install/real_joy/lib/real_joy/zed_to_mavros_pose.py
[17.159s] -- Up-to-date symlink: /home/boda/Software2026/install/real_joy/lib/real_joy/rov_gui_gst.py
[17.159s] -- Up-to-date symlink: /home/boda/Software2026/install/real_joy/lib/real_joy/mako_station/__init__.py
[17.160s] -- Up-to-date symlink: /home/boda/Software2026/install/real_joy/lib/real_joy/mako_station/__pycache__/__init__.cpython-310.pyc
[17.160s] -- Up-to-date symlink: /home/boda/Software2026/install/real_joy/lib/real_joy/mako_station/__pycache__/app.cpython-310.pyc
[17.160s] -- Up-to-date symlink: /home/boda/Software2026/install/real_joy/lib/real_joy/mako_station/__pycache__/ros_worker.cpython-310.pyc
[17.160s] -- Up-to-date symlink: /home/boda/Software2026/install/real_joy/lib/real_joy/mako_station/__pycache__/simulation.cpython-310.pyc
[17.160s] -- Up-to-date symlink: /home/boda/Software2026/install/real_joy/lib/real_joy/mako_station/app.py
[17.160s] -- Up-to-date symlink: /home/boda/Software2026/install/real_joy/lib/real_joy/mako_station/ros_worker.py
[17.160s] -- Up-to-date symlink: /home/boda/Software2026/install/real_joy/lib/real_joy/mako_station/simulation.py
[17.161s] -- Up-to-date symlink: /home/boda/Software2026/install/real_joy/lib/real_joy/rov_gui_gst_legacy.py
[17.161s] -- Up-to-date symlink: /home/boda/Software2026/install/real_joy/share/ament_index/resource_index/package_run_dependencies/real_joy
[17.161s] -- Up-to-date symlink: /home/boda/Software2026/install/real_joy/share/ament_index/resource_index/parent_prefix_path/real_joy
[17.161s] -- Up-to-date symlink: /home/boda/Software2026/install/real_joy/share/real_joy/environment/ament_prefix_path.sh
[17.161s] -- Up-to-date symlink: /home/boda/Software2026/install/real_joy/share/real_joy/environment/ament_prefix_path.dsv
[17.161s] -- Up-to-date symlink: /home/boda/Software2026/install/real_joy/share/real_joy/environment/path.sh
[17.161s] -- Up-to-date symlink: /home/boda/Software2026/install/real_joy/share/real_joy/environment/path.dsv
[17.162s] -- Up-to-date symlink: /home/boda/Software2026/install/real_joy/share/real_joy/local_setup.bash
[17.162s] -- Up-to-date symlink: /home/boda/Software2026/install/real_joy/share/real_joy/local_setup.sh
[17.162s] -- Up-to-date symlink: /home/boda/Software2026/install/real_joy/share/real_joy/local_setup.zsh
[17.162s] -- Up-to-date symlink: /home/boda/Software2026/install/real_joy/share/real_joy/local_setup.dsv
[17.162s] -- Symlinking: /home/boda/Software2026/install/real_joy/share/real_joy/package.dsv
[17.172s] -- Up-to-date symlink: /home/boda/Software2026/install/real_joy/share/ament_index/resource_index/packages/real_joy
[17.173s] -- Up-to-date symlink: /home/boda/Software2026/install/real_joy/share/real_joy/cmake/real_joyConfig.cmake
[17.173s] -- Up-to-date symlink: /home/boda/Software2026/install/real_joy/share/real_joy/cmake/real_joyConfig-version.cmake
[17.173s] -- Up-to-date symlink: /home/boda/Software2026/install/real_joy/share/real_joy/package.xml
[17.175s] Invoked command in '/home/boda/Software2026/build/real_joy' returned '0': CMAKE_PREFIX_PATH=${CMAKE_PREFIX_PATH}:/home/boda/mako_ws/install/mavros_autotune:/opt/ros/humble /usr/bin/cmake --install /home/boda/Software2026/build/real_joy
