running egg_info
creating ../../build/flight_monitor_pkg/flight_monitor_pkg.egg-info
writing ../../build/flight_monitor_pkg/flight_monitor_pkg.egg-info/PKG-INFO
writing dependency_links to ../../build/flight_monitor_pkg/flight_monitor_pkg.egg-info/dependency_links.txt
writing entry points to ../../build/flight_monitor_pkg/flight_monitor_pkg.egg-info/entry_points.txt
writing requirements to ../../build/flight_monitor_pkg/flight_monitor_pkg.egg-info/requires.txt
writing top-level names to ../../build/flight_monitor_pkg/flight_monitor_pkg.egg-info/top_level.txt
writing manifest file '../../build/flight_monitor_pkg/flight_monitor_pkg.egg-info/SOURCES.txt'
reading manifest file '../../build/flight_monitor_pkg/flight_monitor_pkg.egg-info/SOURCES.txt'
writing manifest file '../../build/flight_monitor_pkg/flight_monitor_pkg.egg-info/SOURCES.txt'
running build
running build_py
creating /home/ibrahim/Desktop/rov/adhamsherif67A-MarineXperts-Season-2027/ros2_ws/build/flight_monitor_pkg/build/lib/flight_monitor_pkg
copying flight_monitor_pkg/state_monitor_node.py -> /home/ibrahim/Desktop/rov/adhamsherif67A-MarineXperts-Season-2027/ros2_ws/build/flight_monitor_pkg/build/lib/flight_monitor_pkg
copying flight_monitor_pkg/__init__.py -> /home/ibrahim/Desktop/rov/adhamsherif67A-MarineXperts-Season-2027/ros2_ws/build/flight_monitor_pkg/build/lib/flight_monitor_pkg
running install
running install_lib
creating /home/ibrahim/Desktop/rov/adhamsherif67A-MarineXperts-Season-2027/ros2_ws/install/flight_monitor_pkg/lib/python3.10/site-packages/flight_monitor_pkg
copying /home/ibrahim/Desktop/rov/adhamsherif67A-MarineXperts-Season-2027/ros2_ws/build/flight_monitor_pkg/build/lib/flight_monitor_pkg/state_monitor_node.py -> /home/ibrahim/Desktop/rov/adhamsherif67A-MarineXperts-Season-2027/ros2_ws/install/flight_monitor_pkg/lib/python3.10/site-packages/flight_monitor_pkg
copying /home/ibrahim/Desktop/rov/adhamsherif67A-MarineXperts-Season-2027/ros2_ws/build/flight_monitor_pkg/build/lib/flight_monitor_pkg/__init__.py -> /home/ibrahim/Desktop/rov/adhamsherif67A-MarineXperts-Season-2027/ros2_ws/install/flight_monitor_pkg/lib/python3.10/site-packages/flight_monitor_pkg
byte-compiling /home/ibrahim/Desktop/rov/adhamsherif67A-MarineXperts-Season-2027/ros2_ws/install/flight_monitor_pkg/lib/python3.10/site-packages/flight_monitor_pkg/state_monitor_node.py to state_monitor_node.cpython-310.pyc
byte-compiling /home/ibrahim/Desktop/rov/adhamsherif67A-MarineXperts-Season-2027/ros2_ws/install/flight_monitor_pkg/lib/python3.10/site-packages/flight_monitor_pkg/__init__.py to __init__.cpython-310.pyc
running install_data
creating /home/ibrahim/Desktop/rov/adhamsherif67A-MarineXperts-Season-2027/ros2_ws/install/flight_monitor_pkg/share/ament_index/resource_index/packages
copying resource/flight_monitor_pkg -> /home/ibrahim/Desktop/rov/adhamsherif67A-MarineXperts-Season-2027/ros2_ws/install/flight_monitor_pkg/share/ament_index/resource_index/packages
copying package.xml -> /home/ibrahim/Desktop/rov/adhamsherif67A-MarineXperts-Season-2027/ros2_ws/install/flight_monitor_pkg/share/flight_monitor_pkg
running install_egg_info
Copying ../../build/flight_monitor_pkg/flight_monitor_pkg.egg-info to /home/ibrahim/Desktop/rov/adhamsherif67A-MarineXperts-Season-2027/ros2_ws/install/flight_monitor_pkg/lib/python3.10/site-packages/flight_monitor_pkg-0.0.0-py3.10.egg-info
running install_scripts
Installing state_monitor_node script to /home/ibrahim/Desktop/rov/adhamsherif67A-MarineXperts-Season-2027/ros2_ws/install/flight_monitor_pkg/lib/flight_monitor_pkg
writing list of installed files to '/home/ibrahim/Desktop/rov/adhamsherif67A-MarineXperts-Season-2027/ros2_ws/build/flight_monitor_pkg/install.log'
