(2026-09-08T20:02:16.386424681) (2026-09-08T20:02:16.386437264) [Msg] Gazebo Sim Server v8.14.0
(2026-09-08T20:02:16.403286907) (2026-09-08T20:02:16.403294490) [Msg] Loading SDF world file[/home/boda/mako_ws/src/robot_description/worlds/pool.sdf].
(2026-09-08T20:02:16.581908155) (2026-09-08T20:02:16.581924495) [Msg] Serving entity system service on [/entity/system/add]
(2026-09-08T20:02:16.650046298) (2026-09-08T20:02:16.650056767) [Dbg] [Physics.cc:945] Loaded [gz::physics::dartsim::Plugin] from library [/usr/lib/x86_64-linux-gnu/gz-physics-7/engine-plugins/libgz-physics-dartsim-plugin.so]
(2026-09-08T20:02:16.650189361) (2026-09-08T20:02:16.650195142) [Dbg] [SystemManager.cc:80] Loaded system [gz::sim::systems::Physics] for entity [1]
(2026-09-08T20:02:16.655997532) (2026-09-08T20:02:16.656006769) [Dbg] [Sensors.cc:697] Configuring Sensors system
(2026-09-08T20:02:16.656112153) (2026-09-08T20:02:16.656117834) [Dbg] [Sensors.cc:557] SensorsPrivate::Run
(2026-09-08T20:02:16.656219831) (2026-09-08T20:02:16.656225812) [Dbg] [SystemManager.cc:80] Loaded system [gz::sim::systems::Sensors] for entity [1]
(2026-09-08T20:02:16.657382103) (2026-09-08T20:02:16.657388665) [Dbg] [SystemManager.cc:80] Loaded system [gz::sim::systems::Imu] for entity [1]
(2026-09-08T20:02:16.657598171) (2026-09-08T20:02:16.657604913) [Dbg] [Sensors.cc:532] SensorsPrivate::RenderThread started
(2026-09-08T20:02:16.657641591) (2026-09-08T20:02:16.657647051) [Dbg] [Sensors.cc:337] Waiting for init
(2026-09-08T20:02:16.660747613) (2026-09-08T20:02:16.660756399) [Msg] Create service on [/world/CompetitionWorld2025/create_multiple] (async)
(2026-09-08T20:02:16.660910183) (2026-09-08T20:02:16.660916013) [Msg] Create service on [/world/CompetitionWorld2025/create_multiple/blocking] (blocking)
(2026-09-08T20:02:16.661087810) (2026-09-08T20:02:16.661094111) [Msg] Remove service on [/world/CompetitionWorld2025/remove] (async)
(2026-09-08T20:02:16.661142370) (2026-09-08T20:02:16.661147620) [Msg] Remove service on [/world/CompetitionWorld2025/remove/blocking] (blocking)
(2026-09-08T20:02:16.661300912) (2026-09-08T20:02:16.661306673) [Msg] Pose service on [/world/CompetitionWorld2025/set_pose] (async)
(2026-09-08T20:02:16.661336718) (2026-09-08T20:02:16.661341698) [Msg] Pose service on [/world/CompetitionWorld2025/set_pose/blocking] (blocking)
(2026-09-08T20:02:16.661473530) (2026-09-08T20:02:16.661479391) [Msg] Pose service on [/world/CompetitionWorld2025/set_pose_vector] (async)
(2026-09-08T20:02:16.661508856) (2026-09-08T20:02:16.661513905) [Msg] Pose service on [/world/CompetitionWorld2025/set_pose_vector/blocking] (blocking)
(2026-09-08T20:02:16.661696101) (2026-09-08T20:02:16.661702392) [Msg] Light configuration service on [/world/CompetitionWorld2025/light_config] (async)
(2026-09-08T20:02:16.661746584) (2026-09-08T20:02:16.661751743) [Msg] Light configuration service on [/world/CompetitionWorld2025/light_config/blocking] (blocking)
(2026-09-08T20:02:16.661983580) (2026-09-08T20:02:16.661989521) [Msg] Physics service on [/world/CompetitionWorld2025/set_physics] (async)
(2026-09-08T20:02:16.662073115) (2026-09-08T20:02:16.662078565) [Msg] Physics service on [/world/CompetitionWorld2025/set_physics/blocking] (blocking)
(2026-09-08T20:02:16.662265500) (2026-09-08T20:02:16.662271471) [Msg] SphericalCoordinates service on [/world/CompetitionWorld2025/set_spherical_coordinates] (async)
(2026-09-08T20:02:16.662318637) (2026-09-08T20:02:16.662323807) [Msg] SphericalCoordinates service on [/world/CompetitionWorld2025/set_spherical_coordinates/blocking] (blocking)
(2026-09-08T20:02:16.662449519) (2026-09-08T20:02:16.662455409) [Msg] Enable collision service on [/world/CompetitionWorld2025/enable_collision] (async)
(2026-09-08T20:02:16.662499511) (2026-09-08T20:02:16.662504610) [Msg] Enable collision service on [/world/CompetitionWorld2025/enable_collision/blocking] (blocking)
(2026-09-08T20:02:16.662623890) (2026-09-08T20:02:16.662629691) [Msg] Disable collision service on [/world/CompetitionWorld2025/disable_collision] (async)
(2026-09-08T20:02:16.662673291) (2026-09-08T20:02:16.662678400) [Msg] Disable collision service on [/world/CompetitionWorld2025/disable_collision/blocking] (blocking)
(2026-09-08T20:02:16.662902323) (2026-09-08T20:02:16.662908404) [Msg] Material service on [/world/CompetitionWorld2025/visual_config] (async)
(2026-09-08T20:02:16.662950371) (2026-09-08T20:02:16.662955411) [Msg] Material service on [/world/CompetitionWorld2025/visual_config/blocking] (blocking)
(2026-09-08T20:02:16.663103684) (2026-09-08T20:02:16.663109494) [Msg] Material service on [/world/CompetitionWorld2025/wheel_slip] (async)
(2026-09-08T20:02:16.663150680) (2026-09-08T20:02:16.663155790) [Msg] Material service on [/world/CompetitionWorld2025/wheel_slip/blocking] (blocking)
(2026-09-08T20:02:16.663202436) (2026-09-08T20:02:16.663207655) [Dbg] [SystemManager.cc:80] Loaded system [gz::sim::systems::UserCommands] for entity [1]
(2026-09-08T20:02:16.664573401) (2026-09-08T20:02:16.664580324) [Dbg] [SystemManager.cc:80] Loaded system [gz::sim::systems::SceneBroadcaster] for entity [1]
(2026-09-08T20:02:16.665709094) (2026-09-08T20:02:16.665716177) [Dbg] [Buoyancy.cc:494] Default density set to 998
(2026-09-08T20:02:16.665767562) (2026-09-08T20:02:16.665779233) [Dbg] [Buoyancy.cc:512] Added layer at 0, 1.225
(2026-09-08T20:02:16.665814197) (2026-09-08T20:02:16.665819317) [Dbg] [SystemManager.cc:80] Loaded system [gz::sim::systems::Buoyancy] for entity [1]
(2026-09-08T20:02:16.666706592) (2026-09-08T20:02:16.666713284) [Msg] Loaded level [default]
(2026-09-08T20:02:16.667513999) (2026-09-08T20:02:16.667521012) [Msg] Serving world controls on [/world/CompetitionWorld2025/control], [/world/CompetitionWorld2025/control/state] and [/world/CompetitionWorld2025/playback/control]
(2026-09-08T20:02:16.667619293) (2026-09-08T20:02:16.667624984) [Msg] Serving GUI information on [/world/CompetitionWorld2025/gui/info]
(2026-09-08T20:02:16.667657093) (2026-09-08T20:02:16.667662202) [Msg] World [CompetitionWorld2025] initialized with [1ms] physics profile.
(2026-09-08T20:02:16.667810495) (2026-09-08T20:02:16.667816436) [Msg] Serving world SDF generation service on [/world/CompetitionWorld2025/generate_world_sdf]
(2026-09-08T20:02:16.667927561) (2026-09-08T20:02:16.667933292) [Msg] Serving world names on [/gazebo/worlds]
(2026-09-08T20:02:16.668000716) (2026-09-08T20:02:16.668006116) [Msg] Resource path add service on [/gazebo/resource_paths/add].
(2026-09-08T20:02:16.668069813) (2026-09-08T20:02:16.668075233) [Msg] Resource path get service on [/gazebo/resource_paths/get].
(2026-09-08T20:02:16.668138950) (2026-09-08T20:02:16.668144360) [Msg] Resource path resolve service on [/gazebo/resource_paths/resolve].
(2026-09-08T20:02:16.668235699) (2026-09-08T20:02:16.668241209) [Msg] Resource paths published on [/gazebo/resource_paths].
(2026-09-08T20:02:16.668343036) (2026-09-08T20:02:16.668348687) [Msg] Server control service on [/server_control].
(2026-09-08T20:02:18.389797079) (2026-09-08T20:02:18.389821934) [Msg] Found no publishers on /stats, adding root stats topic
(2026-09-08T20:02:18.390136133) (2026-09-08T20:02:18.390150440) [Msg] Found no publishers on /clock, adding root clock topic
(2026-09-08T20:02:18.390355778) (2026-09-08T20:02:18.390369002) [Dbg] [SimulationRunner.cc:627] Creating PostUpdate worker threads: 5
(2026-09-08T20:02:18.390421569) (2026-09-08T20:02:18.390433471) [Dbg] [SimulationRunner.cc:638] Creating postupdate worker thread (0)
(2026-09-08T20:02:18.390524659) (2026-09-08T20:02:18.390528496) [Dbg] [SimulationRunner.cc:638] Creating postupdate worker thread (1)
(2026-09-08T20:02:18.390649249) (2026-09-08T20:02:18.390654378) [Dbg] [SimulationRunner.cc:638] Creating postupdate worker thread (2)
(2026-09-08T20:02:18.390722744) (2026-09-08T20:02:18.390726731) [Dbg] [SimulationRunner.cc:638] Creating postupdate worker thread (3)
(2026-09-08T20:02:18.393714505) (2026-09-08T20:02:18.393721589) [Dbg] [SimulationFeatures.cc:90] Simulation timestep set to: 0.003
(2026-09-08T20:02:18.394854666) (2026-09-08T20:02:18.394865836) [Msg] Serving scene information on [/world/CompetitionWorld2025/scene/info]
(2026-09-08T20:02:18.394957255) (2026-09-08T20:02:18.394975579) [Msg] Serving graph information on [/world/CompetitionWorld2025/scene/graph]
(2026-09-08T20:02:18.395136645) (2026-09-08T20:02:18.395144690) [Msg] Serving full state on [/world/CompetitionWorld2025/state]
(2026-09-08T20:02:18.395216843) (2026-09-08T20:02:18.395224066) [Msg] Serving full state (async) on [/world/CompetitionWorld2025/state_async]
(2026-09-08T20:02:18.395276353) (2026-09-08T20:02:18.395279959) [Msg] Publishing scene information on [/world/CompetitionWorld2025/scene/info]
(2026-09-08T20:02:18.395329210) (2026-09-08T20:02:18.395332967) [Msg] Publishing entity deletions on [/world/CompetitionWorld2025/scene/deletion]
(2026-09-08T20:02:18.395359887) (2026-09-08T20:02:18.395363443) [Msg] Publishing state changes on [/world/CompetitionWorld2025/state]
(2026-09-08T20:02:18.395398528) (2026-09-08T20:02:18.395402154) [Msg] Publishing pose messages on [/world/CompetitionWorld2025/pose/info]
(2026-09-08T20:02:18.395432070) (2026-09-08T20:02:18.395435616) [Msg] Publishing dynamic pose messages on [/world/CompetitionWorld2025/dynamic_pose/info]
(2026-09-08T20:02:21.253978042) (2026-09-08T20:02:21.253988842) [Dbg] [SignalHandler.cc:142] Received signal[15].
(2026-09-08T20:02:21.254030989) (2026-09-08T20:02:21.254039004) [Dbg] [ServerPrivate.cc:122] Server received signal[15]
(2026-09-08T20:02:21.254070031) (2026-09-08T20:02:21.254076002) [Dbg] [Sensors.cc:565] SensorsPrivate::Stop
(2026-09-08T20:02:21.254134560) (2026-09-08T20:02:21.254146883) [Dbg] [Sensors.cc:391] Rendering Thread initialized
(2026-09-08T20:02:21.254198879) (2026-09-08T20:02:21.254207314) [Dbg] [Sensors.cc:551] SensorsPrivate::RenderThread stopped
(2026-09-08T20:02:21.255481922) (2026-09-08T20:02:21.255492081) [Dbg] [gz.cc:434] Shutting down gz-sim-server
(((2026-09-08T20:02:21.259708137) (2026-09-08T20:02:21.2597276032026-09-08T20:02:21.2597276032026-09-08T20:02:21.259744704) (2026-09-08T20:02:21.259759341) 2026-09-08T20:02:21.259769340) () 2026-09-08T20:02:21.259799395[Dbg] [SimulationRunner.cc:654] (Exiting postupdate worker thread (2026-09-08T20:02:21.259821857) (2026-09-08T20:02:21.2598414532026-09-08T20:02:21.259841453) ) )
[Dbg] [SimulationRunner.cc:654] Exiting postupdate worker thread (1))[Dbg] [SimulationRunner.cc:654] Exiting postupdate worker thread (Exiting postupdate worker thread (Exiting postupdate worker thread (Exiting postupdate worker thread (0)))(2026-09-08T20:02:21.269997731) (2026-09-08T20:02:21.270008441) [Dbg] [Sensors.cc:565] SensorsPrivate::Stop
