[0.012s] Invoking command in '/home/boda/mako_ws/build/robot_description': CMAKE_PREFIX_PATH=${CMAKE_PREFIX_PATH}:/opt/ros/humble /usr/bin/cmake /home/boda/mako_ws/src/robot_description -DCMAKE_INSTALL_PREFIX=/home/boda/mako_ws/install/robot_description
[0.025s] -- Found ament_cmake: 1.3.12 (/opt/ros/humble/share/ament_cmake/cmake)
[0.150s] -- Override CMake install command with custom implementation using symlinks instead of copying resources
[0.225s] -- Configuring done
[0.229s] -- Generating done
[0.231s] -- Build files have been written to: /home/boda/mako_ws/build/robot_description
[0.236s] Invoked command in '/home/boda/mako_ws/build/robot_description' returned '0': CMAKE_PREFIX_PATH=${CMAKE_PREFIX_PATH}:/opt/ros/humble /usr/bin/cmake /home/boda/mako_ws/src/robot_description -DCMAKE_INSTALL_PREFIX=/home/boda/mako_ws/install/robot_description
[0.237s] Invoking command in '/home/boda/mako_ws/build/robot_description': CMAKE_PREFIX_PATH=${CMAKE_PREFIX_PATH}:/opt/ros/humble /usr/bin/cmake --build /home/boda/mako_ws/build/robot_description -- -j16 -l16
[0.281s] Invoked command in '/home/boda/mako_ws/build/robot_description' returned '0': CMAKE_PREFIX_PATH=${CMAKE_PREFIX_PATH}:/opt/ros/humble /usr/bin/cmake --build /home/boda/mako_ws/build/robot_description -- -j16 -l16
[0.292s] Invoking command in '/home/boda/mako_ws/build/robot_description': CMAKE_PREFIX_PATH=${CMAKE_PREFIX_PATH}:/opt/ros/humble /usr/bin/cmake --install /home/boda/mako_ws/build/robot_description
[0.298s] -- Install configuration: ""
[0.298s] -- Execute custom install script
[0.298s] -- Up-to-date symlink: /home/boda/mako_ws/install/robot_description/share/robot_description/config/joint_names_mako urdf ass.yaml
[0.298s] -- Up-to-date symlink: /home/boda/mako_ws/install/robot_description/share/robot_description/launch/display.launch.py
[0.299s] -- Up-to-date symlink: /home/boda/mako_ws/install/robot_description/share/robot_description/launch/gazebo.launch.py
[0.299s] -- Up-to-date symlink: /home/boda/mako_ws/install/robot_description/share/robot_description/meshes/base_link.STL
[0.299s] -- Up-to-date symlink: /home/boda/mako_ws/install/robot_description/share/robot_description/meshes/t1.STL
[0.299s] -- Up-to-date symlink: /home/boda/mako_ws/install/robot_description/share/robot_description/meshes/t2.STL
[0.299s] -- Up-to-date symlink: /home/boda/mako_ws/install/robot_description/share/robot_description/meshes/t3.STL
[0.299s] -- Up-to-date symlink: /home/boda/mako_ws/install/robot_description/share/robot_description/meshes/t4.STL
[0.299s] -- Up-to-date symlink: /home/boda/mako_ws/install/robot_description/share/robot_description/meshes/t5.STL
[0.299s] -- Up-to-date symlink: /home/boda/mako_ws/install/robot_description/share/robot_description/meshes/t6.STL
[0.299s] -- Up-to-date symlink: /home/boda/mako_ws/install/robot_description/share/robot_description/urdf/mako urdf ass.csv
[0.299s] -- Up-to-date symlink: /home/boda/mako_ws/install/robot_description/share/robot_description/urdf/robot_description.urdf
[0.300s] -- Symlinking: /home/boda/mako_ws/install/robot_description/share/robot_description/worlds/pool.sdf
[0.307s] [31mCMake Error at ament_cmake_symlink_install/ament_cmake_symlink_install.cmake:100 (message):
[0.307s]   ament_cmake_symlink_install_directory() can't find
[0.307s]   '/home/boda/mako_ws/src/robot_description/world'
[0.307s] Call Stack (most recent call first):
[0.307s]   ament_cmake_symlink_install/ament_cmake_symlink_install.cmake:314 (ament_cmake_symlink_install_directory)
[0.307s]   cmake_install.cmake:46 (include)
[0.307s] 
[0.307s] [0m
[0.309s] Invoked command in '/home/boda/mako_ws/build/robot_description' returned '1': CMAKE_PREFIX_PATH=${CMAKE_PREFIX_PATH}:/opt/ros/humble /usr/bin/cmake --install /home/boda/mako_ws/build/robot_description
