-- The C compiler identification is GNU 11.4.0
-- The CXX compiler identification is GNU 11.4.0
-- Detecting C compiler ABI info
-- Detecting C compiler ABI info - done
-- Check for working C compiler: /usr/bin/cc - skipped
-- Detecting C compile features
-- Detecting C compile features - done
-- Detecting CXX compiler ABI info
-- Detecting CXX compiler ABI info - done
-- Check for working CXX compiler: /usr/bin/c++ - skipped
-- Detecting CXX compile features
-- Detecting CXX compile features - done
-- Found ament_cmake: 1.3.14 (/opt/ros/humble/share/ament_cmake/cmake)
-- Found Python3: /usr/bin/python3 (found version "3.10.12") found components: Interpreter 
-- Override CMake install command with custom implementation using symlinks instead of copying resources
-- Found rclcpp: 16.0.19 (/opt/ros/humble/share/rclcpp/cmake)
-- Found rosidl_generator_c: 3.1.9 (/opt/ros/humble/share/rosidl_generator_c/cmake)
-- Found rosidl_adapter: 3.1.9 (/opt/ros/humble/share/rosidl_adapter/cmake)
-- Found rosidl_generator_cpp: 3.1.9 (/opt/ros/humble/share/rosidl_generator_cpp/cmake)
-- Using all available rosidl_typesupport_c: rosidl_typesupport_fastrtps_c;rosidl_typesupport_introspection_c
-- Using all available rosidl_typesupport_cpp: rosidl_typesupport_fastrtps_cpp;rosidl_typesupport_introspection_cpp
-- Found rmw_implementation_cmake: 6.1.2 (/opt/ros/humble/share/rmw_implementation_cmake/cmake)
-- Found rmw_fastrtps_cpp: 6.2.10 (/opt/ros/humble/share/rmw_fastrtps_cpp/cmake)
-- Found OpenSSL: /usr/lib/x86_64-linux-gnu/libcrypto.so (found version "3.0.2")  
-- Found FastRTPS: /opt/ros/humble/include  
-- Using RMW implementation 'rmw_fastrtps_cpp' as default
-- Looking for pthread.h
-- Looking for pthread.h - found
-- Performing Test CMAKE_HAVE_LIBC_PTHREAD
-- Performing Test CMAKE_HAVE_LIBC_PTHREAD - Success
-- Found Threads: TRUE  
-- Found rclcpp_action: 16.0.19 (/opt/ros/humble/share/rclcpp_action/cmake)
-- Found fake_depth2_interfaces: 0.1.0 (/home/rashwan/fake_depth2/install/fake_depth2_interfaces/share/fake_depth2_interfaces/cmake)
-- Found ament_lint_auto: 0.12.15 (/opt/ros/humble/share/ament_lint_auto/cmake)
-- Added test 'copyright' to check source files copyright and LICENSE
-- Added test 'cppcheck' to perform static code analysis on C / C++ code
-- Configured cppcheck include dirs: 
-- Configured cppcheck exclude dirs and/or files: 
-- Added test 'cpplint' to check C / C++ code against the Google style
-- Configured cpplint exclude dirs and/or files: 
-- Added test 'flake8' to check Python code syntax and style conventions
-- Added test 'lint_cmake' to check CMake code style
-- Added test 'pep257' to check Python code against some of the docstring style conventions in PEP 257
-- Added test 'uncrustify' to check C / C++ code style
-- Configured uncrustify additional arguments: 
-- Added test 'xmllint' to check XML markup files
-- Configuring done
-- Generating done
-- Build files have been written to: /home/rashwan/fake_depth2/build/fake_depth2
[ 12%] [32mBuilding CXX object CMakeFiles/depth_monitor_node.dir/src/depth_monitor_node.cpp.o[0m
[ 25%] [32mBuilding CXX object CMakeFiles/calibrate_client.dir/src/calibrate_client.cpp.o[0m
[ 50%] [32mBuilding CXX object CMakeFiles/depth_sensor_node.dir/src/depth_sensor_node.cpp.o[0m
[ 50%] [32mBuilding CXX object CMakeFiles/dive_client.dir/src/dive_client.cpp.o[0m
[ 62%] [32m[1mLinking CXX executable calibrate_client[0m
[ 62%] Built target calibrate_client
[ 75%] [32m[1mLinking CXX executable dive_client[0m
[ 75%] Built target dive_client
[ 87%] [32m[1mLinking CXX executable depth_sensor_node[0m
[ 87%] Built target depth_sensor_node
[100%] [32m[1mLinking CXX executable depth_monitor_node[0m
[100%] Built target depth_monitor_node
-- Install configuration: ""
-- Execute custom install script
-- Symlinking: /home/rashwan/fake_depth2/install/fake_depth2/lib/fake_depth2/depth_sensor_node
-- Symlinking: /home/rashwan/fake_depth2/install/fake_depth2/lib/fake_depth2/depth_monitor_node
-- Symlinking: /home/rashwan/fake_depth2/install/fake_depth2/lib/fake_depth2/calibrate_client
-- Symlinking: /home/rashwan/fake_depth2/install/fake_depth2/lib/fake_depth2/dive_client
-- Symlinking: /home/rashwan/fake_depth2/install/fake_depth2/share/fake_depth2/launch/fake_depth2.launch.py
-- Symlinking: /home/rashwan/fake_depth2/install/fake_depth2/share/fake_depth2/config/params.yaml
-- Symlinking: /home/rashwan/fake_depth2/install/fake_depth2/share/ament_index/resource_index/package_run_dependencies/fake_depth2
-- Symlinking: /home/rashwan/fake_depth2/install/fake_depth2/share/ament_index/resource_index/parent_prefix_path/fake_depth2
-- Symlinking: /home/rashwan/fake_depth2/install/fake_depth2/share/fake_depth2/environment/ament_prefix_path.sh
-- Symlinking: /home/rashwan/fake_depth2/install/fake_depth2/share/fake_depth2/environment/ament_prefix_path.dsv
-- Symlinking: /home/rashwan/fake_depth2/install/fake_depth2/share/fake_depth2/environment/path.sh
-- Symlinking: /home/rashwan/fake_depth2/install/fake_depth2/share/fake_depth2/environment/path.dsv
-- Symlinking: /home/rashwan/fake_depth2/install/fake_depth2/share/fake_depth2/local_setup.bash
-- Symlinking: /home/rashwan/fake_depth2/install/fake_depth2/share/fake_depth2/local_setup.sh
-- Symlinking: /home/rashwan/fake_depth2/install/fake_depth2/share/fake_depth2/local_setup.zsh
-- Symlinking: /home/rashwan/fake_depth2/install/fake_depth2/share/fake_depth2/local_setup.dsv
-- Symlinking: /home/rashwan/fake_depth2/install/fake_depth2/share/fake_depth2/package.dsv
-- Symlinking: /home/rashwan/fake_depth2/install/fake_depth2/share/ament_index/resource_index/packages/fake_depth2
-- Symlinking: /home/rashwan/fake_depth2/install/fake_depth2/share/fake_depth2/cmake/fake_depth2Config.cmake
-- Symlinking: /home/rashwan/fake_depth2/install/fake_depth2/share/fake_depth2/cmake/fake_depth2Config-version.cmake
-- Symlinking: /home/rashwan/fake_depth2/install/fake_depth2/share/fake_depth2/package.xml
