[0.005s] Invoking command in '/home/rashwan/fake_depth2/build/fake_depth2': AMENT_PREFIX_PATH=/home/rashwan/fake_depth2/install/fake_depth2_interfaces:${AMENT_PREFIX_PATH} CMAKE_PREFIX_PATH=/home/rashwan/fake_depth2/install/fake_depth2_interfaces:/opt/ros/humble LD_LIBRARY_PATH=/home/rashwan/fake_depth2/install/fake_depth2_interfaces/lib:${LD_LIBRARY_PATH} PYTHONPATH=/home/rashwan/fake_depth2/install/fake_depth2_interfaces/local/lib/python3.10/dist-packages:${PYTHONPATH} /usr/bin/cmake /home/rashwan/fake_depth2/src/fake_depth2 -DAMENT_CMAKE_SYMLINK_INSTALL=1 -DCMAKE_INSTALL_PREFIX=/home/rashwan/fake_depth2/install/fake_depth2
[0.037s] -- The C compiler identification is GNU 11.4.0
[0.065s] -- The CXX compiler identification is GNU 11.4.0
[0.068s] -- Detecting C compiler ABI info
[0.108s] -- Detecting C compiler ABI info - done
[0.112s] -- Check for working C compiler: /usr/bin/cc - skipped
[0.112s] -- Detecting C compile features
[0.112s] -- Detecting C compile features - done
[0.114s] -- Detecting CXX compiler ABI info
[0.159s] -- Detecting CXX compiler ABI info - done
[0.163s] -- Check for working CXX compiler: /usr/bin/c++ - skipped
[0.163s] -- Detecting CXX compile features
[0.163s] -- Detecting CXX compile features - done
[0.164s] -- Found ament_cmake: 1.3.14 (/opt/ros/humble/share/ament_cmake/cmake)
[0.248s] -- Found Python3: /usr/bin/python3 (found version "3.10.12") found components: Interpreter 
[0.276s] -- Override CMake install command with custom implementation using symlinks instead of copying resources
[0.288s] -- Found rclcpp: 16.0.19 (/opt/ros/humble/share/rclcpp/cmake)
[0.307s] -- Found rosidl_generator_c: 3.1.9 (/opt/ros/humble/share/rosidl_generator_c/cmake)
[0.309s] -- Found rosidl_adapter: 3.1.9 (/opt/ros/humble/share/rosidl_adapter/cmake)
[0.313s] -- Found rosidl_generator_cpp: 3.1.9 (/opt/ros/humble/share/rosidl_generator_cpp/cmake)
[0.318s] -- Using all available rosidl_typesupport_c: rosidl_typesupport_fastrtps_c;rosidl_typesupport_introspection_c
[0.325s] -- Using all available rosidl_typesupport_cpp: rosidl_typesupport_fastrtps_cpp;rosidl_typesupport_introspection_cpp
[0.344s] -- Found rmw_implementation_cmake: 6.1.2 (/opt/ros/humble/share/rmw_implementation_cmake/cmake)
[0.345s] -- Found rmw_fastrtps_cpp: 6.2.10 (/opt/ros/humble/share/rmw_fastrtps_cpp/cmake)
[0.391s] -- Found OpenSSL: /usr/lib/x86_64-linux-gnu/libcrypto.so (found version "3.0.2")  
[0.405s] -- Found FastRTPS: /opt/ros/humble/include  
[0.426s] -- Using RMW implementation 'rmw_fastrtps_cpp' as default
[0.430s] -- Looking for pthread.h
[0.472s] -- Looking for pthread.h - found
[0.473s] -- Performing Test CMAKE_HAVE_LIBC_PTHREAD
[0.520s] -- Performing Test CMAKE_HAVE_LIBC_PTHREAD - Success
[0.521s] -- Found Threads: TRUE  
[0.551s] -- Found rclcpp_action: 16.0.19 (/opt/ros/humble/share/rclcpp_action/cmake)
[0.566s] -- Found fake_depth2_interfaces: 0.1.0 (/home/rashwan/fake_depth2/install/fake_depth2_interfaces/share/fake_depth2_interfaces/cmake)
[0.575s] -- Found ament_lint_auto: 0.12.15 (/opt/ros/humble/share/ament_lint_auto/cmake)
[0.611s] -- Added test 'copyright' to check source files copyright and LICENSE
[0.612s] -- Added test 'cppcheck' to perform static code analysis on C / C++ code
[0.612s] -- Configured cppcheck include dirs: 
[0.612s] -- Configured cppcheck exclude dirs and/or files: 
[0.612s] -- Added test 'cpplint' to check C / C++ code against the Google style
[0.612s] -- Configured cpplint exclude dirs and/or files: 
[0.612s] -- Added test 'flake8' to check Python code syntax and style conventions
[0.612s] -- Added test 'lint_cmake' to check CMake code style
[0.613s] -- Added test 'pep257' to check Python code against some of the docstring style conventions in PEP 257
[0.613s] -- Added test 'uncrustify' to check C / C++ code style
[0.613s] -- Configured uncrustify additional arguments: 
[0.613s] -- Added test 'xmllint' to check XML markup files
[0.614s] -- Configuring done
[0.622s] -- Generating done
[0.625s] -- Build files have been written to: /home/rashwan/fake_depth2/build/fake_depth2
[0.630s] Invoked command in '/home/rashwan/fake_depth2/build/fake_depth2' returned '0': AMENT_PREFIX_PATH=/home/rashwan/fake_depth2/install/fake_depth2_interfaces:${AMENT_PREFIX_PATH} CMAKE_PREFIX_PATH=/home/rashwan/fake_depth2/install/fake_depth2_interfaces:/opt/ros/humble LD_LIBRARY_PATH=/home/rashwan/fake_depth2/install/fake_depth2_interfaces/lib:${LD_LIBRARY_PATH} PYTHONPATH=/home/rashwan/fake_depth2/install/fake_depth2_interfaces/local/lib/python3.10/dist-packages:${PYTHONPATH} /usr/bin/cmake /home/rashwan/fake_depth2/src/fake_depth2 -DAMENT_CMAKE_SYMLINK_INSTALL=1 -DCMAKE_INSTALL_PREFIX=/home/rashwan/fake_depth2/install/fake_depth2
[0.631s] Invoking command in '/home/rashwan/fake_depth2/build/fake_depth2': AMENT_PREFIX_PATH=/home/rashwan/fake_depth2/install/fake_depth2_interfaces:${AMENT_PREFIX_PATH} CMAKE_PREFIX_PATH=/home/rashwan/fake_depth2/install/fake_depth2_interfaces:/opt/ros/humble LD_LIBRARY_PATH=/home/rashwan/fake_depth2/install/fake_depth2_interfaces/lib:${LD_LIBRARY_PATH} PYTHONPATH=/home/rashwan/fake_depth2/install/fake_depth2_interfaces/local/lib/python3.10/dist-packages:${PYTHONPATH} /usr/bin/cmake --build /home/rashwan/fake_depth2/build/fake_depth2 -- -j28 -l28
[0.660s] [ 12%] [32mBuilding CXX object CMakeFiles/depth_monitor_node.dir/src/depth_monitor_node.cpp.o[0m
[0.660s] [ 25%] [32mBuilding CXX object CMakeFiles/calibrate_client.dir/src/calibrate_client.cpp.o[0m
[0.660s] [ 50%] [32mBuilding CXX object CMakeFiles/depth_sensor_node.dir/src/depth_sensor_node.cpp.o[0m
[0.661s] [ 50%] [32mBuilding CXX object CMakeFiles/dive_client.dir/src/dive_client.cpp.o[0m
[2.181s] [ 62%] [32m[1mLinking CXX executable calibrate_client[0m
[2.268s] [ 62%] Built target calibrate_client
[2.375s] [ 75%] [32m[1mLinking CXX executable dive_client[0m
[2.459s] [ 75%] Built target dive_client
[3.494s] [ 87%] [32m[1mLinking CXX executable depth_sensor_node[0m
[3.626s] [ 87%] Built target depth_sensor_node
[4.113s] [100%] [32m[1mLinking CXX executable depth_monitor_node[0m
[4.293s] [100%] Built target depth_monitor_node
[4.299s] Invoked command in '/home/rashwan/fake_depth2/build/fake_depth2' returned '0': AMENT_PREFIX_PATH=/home/rashwan/fake_depth2/install/fake_depth2_interfaces:${AMENT_PREFIX_PATH} CMAKE_PREFIX_PATH=/home/rashwan/fake_depth2/install/fake_depth2_interfaces:/opt/ros/humble LD_LIBRARY_PATH=/home/rashwan/fake_depth2/install/fake_depth2_interfaces/lib:${LD_LIBRARY_PATH} PYTHONPATH=/home/rashwan/fake_depth2/install/fake_depth2_interfaces/local/lib/python3.10/dist-packages:${PYTHONPATH} /usr/bin/cmake --build /home/rashwan/fake_depth2/build/fake_depth2 -- -j28 -l28
[4.299s] Invoking command in '/home/rashwan/fake_depth2/build/fake_depth2': AMENT_PREFIX_PATH=/home/rashwan/fake_depth2/install/fake_depth2_interfaces:${AMENT_PREFIX_PATH} CMAKE_PREFIX_PATH=/home/rashwan/fake_depth2/install/fake_depth2_interfaces:/opt/ros/humble LD_LIBRARY_PATH=/home/rashwan/fake_depth2/install/fake_depth2_interfaces/lib:${LD_LIBRARY_PATH} PYTHONPATH=/home/rashwan/fake_depth2/install/fake_depth2_interfaces/local/lib/python3.10/dist-packages:${PYTHONPATH} /usr/bin/cmake --install /home/rashwan/fake_depth2/build/fake_depth2
[4.304s] -- Install configuration: ""
[4.304s] -- Execute custom install script
[4.305s] -- Symlinking: /home/rashwan/fake_depth2/install/fake_depth2/lib/fake_depth2/depth_sensor_node
[4.311s] -- Symlinking: /home/rashwan/fake_depth2/install/fake_depth2/lib/fake_depth2/depth_monitor_node
[4.315s] -- Symlinking: /home/rashwan/fake_depth2/install/fake_depth2/lib/fake_depth2/calibrate_client
[4.320s] -- Symlinking: /home/rashwan/fake_depth2/install/fake_depth2/lib/fake_depth2/dive_client
[4.324s] -- Symlinking: /home/rashwan/fake_depth2/install/fake_depth2/share/fake_depth2/launch/fake_depth2.launch.py
[4.329s] -- Symlinking: /home/rashwan/fake_depth2/install/fake_depth2/share/fake_depth2/config/params.yaml
[4.332s] -- Symlinking: /home/rashwan/fake_depth2/install/fake_depth2/share/ament_index/resource_index/package_run_dependencies/fake_depth2
[4.336s] -- Symlinking: /home/rashwan/fake_depth2/install/fake_depth2/share/ament_index/resource_index/parent_prefix_path/fake_depth2
[4.341s] -- Symlinking: /home/rashwan/fake_depth2/install/fake_depth2/share/fake_depth2/environment/ament_prefix_path.sh
[4.345s] -- Symlinking: /home/rashwan/fake_depth2/install/fake_depth2/share/fake_depth2/environment/ament_prefix_path.dsv
[4.350s] -- Symlinking: /home/rashwan/fake_depth2/install/fake_depth2/share/fake_depth2/environment/path.sh
[4.355s] -- Symlinking: /home/rashwan/fake_depth2/install/fake_depth2/share/fake_depth2/environment/path.dsv
[4.359s] -- Symlinking: /home/rashwan/fake_depth2/install/fake_depth2/share/fake_depth2/local_setup.bash
[4.363s] -- Symlinking: /home/rashwan/fake_depth2/install/fake_depth2/share/fake_depth2/local_setup.sh
[4.368s] -- Symlinking: /home/rashwan/fake_depth2/install/fake_depth2/share/fake_depth2/local_setup.zsh
[4.372s] -- Symlinking: /home/rashwan/fake_depth2/install/fake_depth2/share/fake_depth2/local_setup.dsv
[4.377s] -- Symlinking: /home/rashwan/fake_depth2/install/fake_depth2/share/fake_depth2/package.dsv
[4.381s] -- Symlinking: /home/rashwan/fake_depth2/install/fake_depth2/share/ament_index/resource_index/packages/fake_depth2
[4.386s] -- Symlinking: /home/rashwan/fake_depth2/install/fake_depth2/share/fake_depth2/cmake/fake_depth2Config.cmake
[4.389s] -- Symlinking: /home/rashwan/fake_depth2/install/fake_depth2/share/fake_depth2/cmake/fake_depth2Config-version.cmake
[4.393s] -- Symlinking: /home/rashwan/fake_depth2/install/fake_depth2/share/fake_depth2/package.xml
[4.399s] Invoked command in '/home/rashwan/fake_depth2/build/fake_depth2' returned '0': AMENT_PREFIX_PATH=/home/rashwan/fake_depth2/install/fake_depth2_interfaces:${AMENT_PREFIX_PATH} CMAKE_PREFIX_PATH=/home/rashwan/fake_depth2/install/fake_depth2_interfaces:/opt/ros/humble LD_LIBRARY_PATH=/home/rashwan/fake_depth2/install/fake_depth2_interfaces/lib:${LD_LIBRARY_PATH} PYTHONPATH=/home/rashwan/fake_depth2/install/fake_depth2_interfaces/local/lib/python3.10/dist-packages:${PYTHONPATH} /usr/bin/cmake --install /home/rashwan/fake_depth2/build/fake_depth2
