[0.006s] Invoking command in '/home/rashwan/fake_depth2/build/fake_depth2_interfaces': CMAKE_PREFIX_PATH=/opt/ros/humble /usr/bin/cmake /home/rashwan/fake_depth2/src/fake_depth2_interfaces -DAMENT_CMAKE_SYMLINK_INSTALL=1 -DCMAKE_INSTALL_PREFIX=/home/rashwan/fake_depth2/install/fake_depth2_interfaces
[0.013s] -- Found ament_cmake: 1.3.14 (/opt/ros/humble/share/ament_cmake/cmake)
[0.147s] -- Found Python3: /usr/bin/python3 (found version "3.10.12") found components: Interpreter 
[0.188s] -- Override CMake install command with custom implementation using symlinks instead of copying resources
[0.207s] -- Found rosidl_default_generators: 1.2.1 (/opt/ros/humble/share/rosidl_default_generators/cmake)
[0.209s] -- Using all available rosidl_typesupport_c: rosidl_typesupport_fastrtps_c;rosidl_typesupport_introspection_c
[0.214s] -- Found rosidl_adapter: 3.1.9 (/opt/ros/humble/share/rosidl_adapter/cmake)
[0.233s] -- Using all available rosidl_typesupport_cpp: rosidl_typesupport_fastrtps_cpp;rosidl_typesupport_introspection_cpp
[0.249s] -- Found std_msgs: 4.9.1 (/opt/ros/humble/share/std_msgs/cmake)
[0.260s] -- Found action_msgs: 1.2.3 (/opt/ros/humble/share/action_msgs/cmake)
[0.450s] -- Found ament_cmake_ros: 0.10.0 (/opt/ros/humble/share/ament_cmake_ros/cmake)
[0.620s] -- Using all available rosidl_typesupport_c: rosidl_typesupport_fastrtps_c;rosidl_typesupport_introspection_c
[0.843s] -- Using all available rosidl_typesupport_cpp: rosidl_typesupport_fastrtps_cpp;rosidl_typesupport_introspection_cpp
[0.864s] -- Found PythonInterp: /usr/bin/python3 (found suitable version "3.10.12", minimum required is "3.6") 
[0.865s] -- Found python_cmake_module: 0.10.0 (/opt/ros/humble/share/python_cmake_module/cmake)
[0.883s] -- Found PythonLibs: /usr/lib/x86_64-linux-gnu/libpython3.10.so (found suitable version "3.10.12", minimum required is "3.5") 
[0.884s] -- Using PYTHON_EXECUTABLE: /usr/bin/python3
[0.884s] -- Using PYTHON_INCLUDE_DIRS: /usr/include/python3.10
[0.884s] -- Using PYTHON_LIBRARIES: /usr/lib/x86_64-linux-gnu/libpython3.10.so
[0.908s] -- Found PythonExtra: .so  
[0.979s] -- Found ament_lint_auto: 0.12.15 (/opt/ros/humble/share/ament_lint_auto/cmake)
[0.997s] -- Added test 'copyright' to check source files copyright and LICENSE
[0.998s] -- Added test 'lint_cmake' to check CMake code style
[0.999s] -- Added test 'xmllint' to check XML markup files
[1.000s] -- Configuring done
[1.015s] -- Generating done
[1.021s] -- Build files have been written to: /home/rashwan/fake_depth2/build/fake_depth2_interfaces
[1.024s] Invoked command in '/home/rashwan/fake_depth2/build/fake_depth2_interfaces' returned '0': CMAKE_PREFIX_PATH=/opt/ros/humble /usr/bin/cmake /home/rashwan/fake_depth2/src/fake_depth2_interfaces -DAMENT_CMAKE_SYMLINK_INSTALL=1 -DCMAKE_INSTALL_PREFIX=/home/rashwan/fake_depth2/install/fake_depth2_interfaces
[1.025s] Invoking command in '/home/rashwan/fake_depth2/build/fake_depth2_interfaces': CMAKE_PREFIX_PATH=/opt/ros/humble /usr/bin/cmake --build /home/rashwan/fake_depth2/build/fake_depth2_interfaces -- -j28 -l28
[1.054s] [  2%] [34m[1mGenerating C code for ROS interfaces[0m
[1.060s] [  4%] [34m[1mGenerating Rust code for ROS interfaces[0m
[1.062s] [  6%] [34m[1mGenerating C++ code for ROS interfaces[0m
[1.066s] [  6%] Built target ament_cmake_python_symlink_fake_depth2_interfaces
[1.165s] running egg_info
[1.165s] creating fake_depth2_interfaces.egg-info
[1.165s] writing fake_depth2_interfaces.egg-info/PKG-INFO
[1.165s] writing dependency_links to fake_depth2_interfaces.egg-info/dependency_links.txt
[1.165s] writing top-level names to fake_depth2_interfaces.egg-info/top_level.txt
[1.165s] writing manifest file 'fake_depth2_interfaces.egg-info/SOURCES.txt'
[1.166s] reading manifest file 'fake_depth2_interfaces.egg-info/SOURCES.txt'
[1.166s] writing manifest file 'fake_depth2_interfaces.egg-info/SOURCES.txt'
[1.180s] [  6%] Built target ament_cmake_python_build_fake_depth2_interfaces_egg
[1.242s] [  6%] Built target fake_depth2_interfaces__rs
[1.331s] [  6%] Built target fake_depth2_interfaces__cpp
[1.336s] [  8%] [32mBuilding C object CMakeFiles/fake_depth2_interfaces__rosidl_generator_c.dir/rosidl_generator_c/fake_depth2_interfaces/msg/detail/depth_reading__functions.c.o[0m
[1.336s] [ 10%] [32mBuilding C object CMakeFiles/fake_depth2_interfaces__rosidl_generator_c.dir/rosidl_generator_c/fake_depth2_interfaces/srv/detail/calibrate_depth__functions.c.o[0m
[1.336s] [ 12%] [32mBuilding C object CMakeFiles/fake_depth2_interfaces__rosidl_generator_c.dir/rosidl_generator_c/fake_depth2_interfaces/action/detail/dive_to_depth__functions.c.o[0m
[1.337s] [ 14%] [34m[1mGenerating C++ type support for eProsima Fast-RTPS[0m
[1.337s] [ 18%] [34m[1mGenerating C++ introspection for ROS interfaces[0m
[1.337s] [ 18%] [34m[1mGenerating C++ type support dispatch for ROS interfaces[0m
[1.402s] [ 20%] [32m[1mLinking C shared library libfake_depth2_interfaces__rosidl_generator_c.so[0m
[1.426s] [ 20%] Built target fake_depth2_interfaces__rosidl_generator_c
[1.432s] [ 22%] [34m[1mGenerating C type support dispatch for ROS interfaces[0m
[1.433s] [ 25%] [34m[1mGenerating C type support for eProsima Fast-RTPS[0m
[1.433s] [ 27%] [34m[1mGenerating C introspection for ROS interfaces[0m
[1.524s] [ 29%] [32mBuilding CXX object CMakeFiles/fake_depth2_interfaces__rosidl_typesupport_cpp.dir/rosidl_typesupport_cpp/fake_depth2_interfaces/msg/depth_reading__type_support.cpp.o[0m
[1.524s] [ 31%] [32mBuilding CXX object CMakeFiles/fake_depth2_interfaces__rosidl_typesupport_cpp.dir/rosidl_typesupport_cpp/fake_depth2_interfaces/srv/calibrate_depth__type_support.cpp.o[0m
[1.524s] [ 33%] [32mBuilding CXX object CMakeFiles/fake_depth2_interfaces__rosidl_typesupport_cpp.dir/rosidl_typesupport_cpp/fake_depth2_interfaces/action/dive_to_depth__type_support.cpp.o[0m
[1.551s] [ 37%] [32mBuilding CXX object CMakeFiles/fake_depth2_interfaces__rosidl_typesupport_introspection_cpp.dir/rosidl_typesupport_introspection_cpp/fake_depth2_interfaces/msg/detail/depth_reading__type_support.cpp.o[0m
[1.551s] [ 37%] [32mBuilding CXX object CMakeFiles/fake_depth2_interfaces__rosidl_typesupport_introspection_cpp.dir/rosidl_typesupport_introspection_cpp/fake_depth2_interfaces/srv/detail/calibrate_depth__type_support.cpp.o[0m
[1.552s] [ 39%] [32mBuilding CXX object CMakeFiles/fake_depth2_interfaces__rosidl_typesupport_introspection_cpp.dir/rosidl_typesupport_introspection_cpp/fake_depth2_interfaces/action/detail/dive_to_depth__type_support.cpp.o[0m
[1.581s] [ 41%] [32mBuilding CXX object CMakeFiles/fake_depth2_interfaces__rosidl_typesupport_fastrtps_cpp.dir/rosidl_typesupport_fastrtps_cpp/fake_depth2_interfaces/action/detail/dds_fastrtps/dive_to_depth__type_support.cpp.o[0m
[1.582s] [ 45%] [32mBuilding CXX object CMakeFiles/fake_depth2_interfaces__rosidl_typesupport_fastrtps_cpp.dir/rosidl_typesupport_fastrtps_cpp/fake_depth2_interfaces/msg/detail/dds_fastrtps/depth_reading__type_support.cpp.o[0m
[1.582s] [ 45%] [32mBuilding CXX object CMakeFiles/fake_depth2_interfaces__rosidl_typesupport_fastrtps_cpp.dir/rosidl_typesupport_fastrtps_cpp/fake_depth2_interfaces/srv/detail/dds_fastrtps/calibrate_depth__type_support.cpp.o[0m
[1.620s] [ 47%] [32mBuilding CXX object CMakeFiles/fake_depth2_interfaces__rosidl_typesupport_c.dir/rosidl_typesupport_c/fake_depth2_interfaces/action/dive_to_depth__type_support.cpp.o[0m
[1.622s] [ 52%] [32mBuilding CXX object CMakeFiles/fake_depth2_interfaces__rosidl_typesupport_c.dir/rosidl_typesupport_c/fake_depth2_interfaces/msg/depth_reading__type_support.cpp.o[0m
[1.622s] [ 52%] [32mBuilding CXX object CMakeFiles/fake_depth2_interfaces__rosidl_typesupport_c.dir/rosidl_typesupport_c/fake_depth2_interfaces/srv/calibrate_depth__type_support.cpp.o[0m
[1.642s] [ 54%] [32m[1mLinking CXX shared library libfake_depth2_interfaces__rosidl_typesupport_c.so[0m
[1.659s] [ 58%] [32mBuilding C object CMakeFiles/fake_depth2_interfaces__rosidl_typesupport_introspection_c.dir/rosidl_typesupport_introspection_c/fake_depth2_interfaces/srv/detail/calibrate_depth__type_support.c.o[0m
[1.659s] [ 58%] [32mBuilding C object CMakeFiles/fake_depth2_interfaces__rosidl_typesupport_introspection_c.dir/rosidl_typesupport_introspection_c/fake_depth2_interfaces/action/detail/dive_to_depth__type_support.c.o[0m
[1.661s] [ 60%] [32mBuilding C object CMakeFiles/fake_depth2_interfaces__rosidl_typesupport_introspection_c.dir/rosidl_typesupport_introspection_c/fake_depth2_interfaces/msg/detail/depth_reading__type_support.c.o[0m
[1.668s] [ 60%] Built target fake_depth2_interfaces__rosidl_typesupport_c
[1.678s] [ 64%] [32mBuilding CXX object CMakeFiles/fake_depth2_interfaces__rosidl_typesupport_fastrtps_c.dir/rosidl_typesupport_fastrtps_c/fake_depth2_interfaces/action/detail/dive_to_depth__type_support_c.cpp.o[0m
[1.679s] [ 64%] [32mBuilding CXX object CMakeFiles/fake_depth2_interfaces__rosidl_typesupport_fastrtps_c.dir/rosidl_typesupport_fastrtps_c/fake_depth2_interfaces/msg/detail/depth_reading__type_support_c.cpp.o[0m
[1.680s] [ 66%] [32mBuilding CXX object CMakeFiles/fake_depth2_interfaces__rosidl_typesupport_fastrtps_c.dir/rosidl_typesupport_fastrtps_c/fake_depth2_interfaces/srv/detail/calibrate_depth__type_support_c.cpp.o[0m
[1.685s] [ 68%] [32m[1mLinking C shared library libfake_depth2_interfaces__rosidl_typesupport_introspection_c.so[0m
[1.707s] [ 68%] Built target fake_depth2_interfaces__rosidl_typesupport_introspection_c
[1.718s] [ 70%] [32m[1mLinking CXX shared library libfake_depth2_interfaces__rosidl_typesupport_cpp.so[0m
[1.746s] [ 70%] Built target fake_depth2_interfaces__rosidl_typesupport_cpp
[1.806s] [ 72%] [32m[1mLinking CXX shared library libfake_depth2_interfaces__rosidl_typesupport_fastrtps_cpp.so[0m
[1.833s] [ 75%] [32m[1mLinking CXX shared library libfake_depth2_interfaces__rosidl_typesupport_fastrtps_c.so[0m
[1.847s] [ 75%] Built target fake_depth2_interfaces__rosidl_typesupport_fastrtps_cpp
[1.867s] [ 77%] [32m[1mLinking CXX shared library libfake_depth2_interfaces__rosidl_typesupport_introspection_cpp.so[0m
[1.873s] [ 77%] Built target fake_depth2_interfaces__rosidl_typesupport_fastrtps_c
[1.907s] [ 77%] Built target fake_depth2_interfaces__rosidl_typesupport_introspection_cpp
[1.923s] [ 77%] Built target fake_depth2_interfaces
[1.961s] [ 79%] [34m[1mGenerating Python code for ROS interfaces[0m
[2.439s] [ 79%] Built target fake_depth2_interfaces__py
[2.451s] [ 81%] [32mBuilding C object CMakeFiles/fake_depth2_interfaces__rosidl_generator_py.dir/rosidl_generator_py/fake_depth2_interfaces/msg/_depth_reading_s.c.o[0m
[2.451s] [ 83%] [32mBuilding C object CMakeFiles/fake_depth2_interfaces__rosidl_generator_py.dir/rosidl_generator_py/fake_depth2_interfaces/action/_dive_to_depth_s.c.o[0m
[2.452s] [ 85%] [32mBuilding C object CMakeFiles/fake_depth2_interfaces__rosidl_generator_py.dir/rosidl_generator_py/fake_depth2_interfaces/srv/_calibrate_depth_s.c.o[0m
[2.517s] [ 87%] [32m[1mLinking C shared library rosidl_generator_py/fake_depth2_interfaces/libfake_depth2_interfaces__rosidl_generator_py.so[0m
[2.541s] [ 87%] Built target fake_depth2_interfaces__rosidl_generator_py
[2.562s] [ 91%] [32mBuilding C object CMakeFiles/fake_depth2_interfaces__rosidl_typesupport_introspection_c__pyext.dir/rosidl_generator_py/fake_depth2_interfaces/_fake_depth2_interfaces_s.ep.rosidl_typesupport_introspection_c.c.o[0m
[2.562s] [ 91%] [32mBuilding C object CMakeFiles/fake_depth2_interfaces__rosidl_typesupport_fastrtps_c__pyext.dir/rosidl_generator_py/fake_depth2_interfaces/_fake_depth2_interfaces_s.ep.rosidl_typesupport_fastrtps_c.c.o[0m
[2.562s] [ 93%] [32mBuilding C object CMakeFiles/fake_depth2_interfaces__rosidl_typesupport_c__pyext.dir/rosidl_generator_py/fake_depth2_interfaces/_fake_depth2_interfaces_s.ep.rosidl_typesupport_c.c.o[0m
[2.624s] [ 95%] [32m[1mLinking C shared library rosidl_generator_py/fake_depth2_interfaces/fake_depth2_interfaces_s__rosidl_typesupport_introspection_c.cpython-310-x86_64-linux-gnu.so[0m
[2.625s] [ 97%] [32m[1mLinking C shared library rosidl_generator_py/fake_depth2_interfaces/fake_depth2_interfaces_s__rosidl_typesupport_fastrtps_c.cpython-310-x86_64-linux-gnu.so[0m
[2.629s] [100%] [32m[1mLinking C shared library rosidl_generator_py/fake_depth2_interfaces/fake_depth2_interfaces_s__rosidl_typesupport_c.cpython-310-x86_64-linux-gnu.so[0m
[2.648s] [100%] Built target fake_depth2_interfaces__rosidl_typesupport_introspection_c__pyext
[2.649s] [100%] Built target fake_depth2_interfaces__rosidl_typesupport_fastrtps_c__pyext
[2.656s] [100%] Built target fake_depth2_interfaces__rosidl_typesupport_c__pyext
[2.664s] Invoked command in '/home/rashwan/fake_depth2/build/fake_depth2_interfaces' returned '0': CMAKE_PREFIX_PATH=/opt/ros/humble /usr/bin/cmake --build /home/rashwan/fake_depth2/build/fake_depth2_interfaces -- -j28 -l28
[2.673s] Invoking command in '/home/rashwan/fake_depth2/build/fake_depth2_interfaces': CMAKE_PREFIX_PATH=/opt/ros/humble /usr/bin/cmake --install /home/rashwan/fake_depth2/build/fake_depth2_interfaces
[2.686s] -- Install configuration: ""
[2.688s] -- Execute custom install script
[2.689s] -- Symlinking: /home/rashwan/fake_depth2/install/fake_depth2_interfaces/share/ament_index/resource_index/rosidl_interfaces/fake_depth2_interfaces
[2.706s] -- Symlinking: /home/rashwan/fake_depth2/install/fake_depth2_interfaces/include/fake_depth2_interfaces/fake_depth2_interfaces/action/detail/dive_to_depth__functions.h
[2.720s] -- Symlinking: /home/rashwan/fake_depth2/install/fake_depth2_interfaces/include/fake_depth2_interfaces/fake_depth2_interfaces/action/detail/dive_to_depth__struct.h
[2.733s] -- Symlinking: /home/rashwan/fake_depth2/install/fake_depth2_interfaces/include/fake_depth2_interfaces/fake_depth2_interfaces/action/detail/dive_to_depth__type_support.h
[2.746s] -- Symlinking: /home/rashwan/fake_depth2/install/fake_depth2_interfaces/include/fake_depth2_interfaces/fake_depth2_interfaces/action/dive_to_depth.h
[2.761s] -- Symlinking: /home/rashwan/fake_depth2/install/fake_depth2_interfaces/include/fake_depth2_interfaces/fake_depth2_interfaces/msg/depth_reading.h
[2.774s] -- Symlinking: /home/rashwan/fake_depth2/install/fake_depth2_interfaces/include/fake_depth2_interfaces/fake_depth2_interfaces/msg/detail/depth_reading__functions.h
[2.789s] -- Symlinking: /home/rashwan/fake_depth2/install/fake_depth2_interfaces/include/fake_depth2_interfaces/fake_depth2_interfaces/msg/detail/depth_reading__struct.h
[2.801s] -- Symlinking: /home/rashwan/fake_depth2/install/fake_depth2_interfaces/include/fake_depth2_interfaces/fake_depth2_interfaces/msg/detail/depth_reading__type_support.h
[2.816s] -- Symlinking: /home/rashwan/fake_depth2/install/fake_depth2_interfaces/include/fake_depth2_interfaces/fake_depth2_interfaces/msg/rosidl_generator_c__visibility_control.h
[2.831s] -- Symlinking: /home/rashwan/fake_depth2/install/fake_depth2_interfaces/include/fake_depth2_interfaces/fake_depth2_interfaces/srv/calibrate_depth.h
[2.846s] -- Symlinking: /home/rashwan/fake_depth2/install/fake_depth2_interfaces/include/fake_depth2_interfaces/fake_depth2_interfaces/srv/detail/calibrate_depth__functions.h
[2.858s] -- Symlinking: /home/rashwan/fake_depth2/install/fake_depth2_interfaces/include/fake_depth2_interfaces/fake_depth2_interfaces/srv/detail/calibrate_depth__struct.h
[2.873s] -- Symlinking: /home/rashwan/fake_depth2/install/fake_depth2_interfaces/include/fake_depth2_interfaces/fake_depth2_interfaces/srv/detail/calibrate_depth__type_support.h
[2.887s] -- Symlinking: /home/rashwan/fake_depth2/install/fake_depth2_interfaces/share/fake_depth2_interfaces/environment/library_path.sh
[2.901s] -- Symlinking: /home/rashwan/fake_depth2/install/fake_depth2_interfaces/share/fake_depth2_interfaces/environment/library_path.dsv
[2.915s] -- Symlinking: /home/rashwan/fake_depth2/install/fake_depth2_interfaces/include/fake_depth2_interfaces/fake_depth2_interfaces/action/detail/dive_to_depth__rosidl_typesupport_fastrtps_c.h
[2.929s] -- Symlinking: /home/rashwan/fake_depth2/install/fake_depth2_interfaces/include/fake_depth2_interfaces/fake_depth2_interfaces/msg/detail/depth_reading__rosidl_typesupport_fastrtps_c.h
[2.941s] -- Symlinking: /home/rashwan/fake_depth2/install/fake_depth2_interfaces/include/fake_depth2_interfaces/fake_depth2_interfaces/msg/rosidl_typesupport_fastrtps_c__visibility_control.h
[2.957s] -- Symlinking: /home/rashwan/fake_depth2/install/fake_depth2_interfaces/include/fake_depth2_interfaces/fake_depth2_interfaces/srv/detail/calibrate_depth__rosidl_typesupport_fastrtps_c.h
[2.971s] -- Symlinking: /home/rashwan/fake_depth2/install/fake_depth2_interfaces/include/fake_depth2_interfaces/fake_depth2_interfaces/action/detail/dive_to_depth__rosidl_typesupport_introspection_c.h
[2.985s] -- Symlinking: /home/rashwan/fake_depth2/install/fake_depth2_interfaces/include/fake_depth2_interfaces/fake_depth2_interfaces/msg/detail/depth_reading__rosidl_typesupport_introspection_c.h
[2.998s] -- Symlinking: /home/rashwan/fake_depth2/install/fake_depth2_interfaces/include/fake_depth2_interfaces/fake_depth2_interfaces/msg/rosidl_typesupport_introspection_c__visibility_control.h
[3.013s] -- Symlinking: /home/rashwan/fake_depth2/install/fake_depth2_interfaces/include/fake_depth2_interfaces/fake_depth2_interfaces/srv/detail/calibrate_depth__rosidl_typesupport_introspection_c.h
[3.027s] -- Symlinking: /home/rashwan/fake_depth2/install/fake_depth2_interfaces/include/fake_depth2_interfaces/fake_depth2_interfaces/action/detail/dive_to_depth__builder.hpp
[3.041s] -- Symlinking: /home/rashwan/fake_depth2/install/fake_depth2_interfaces/include/fake_depth2_interfaces/fake_depth2_interfaces/action/detail/dive_to_depth__struct.hpp
[3.054s] -- Symlinking: /home/rashwan/fake_depth2/install/fake_depth2_interfaces/include/fake_depth2_interfaces/fake_depth2_interfaces/action/detail/dive_to_depth__traits.hpp
[3.068s] -- Symlinking: /home/rashwan/fake_depth2/install/fake_depth2_interfaces/include/fake_depth2_interfaces/fake_depth2_interfaces/action/detail/dive_to_depth__type_support.hpp
[3.081s] -- Symlinking: /home/rashwan/fake_depth2/install/fake_depth2_interfaces/include/fake_depth2_interfaces/fake_depth2_interfaces/action/dive_to_depth.hpp
[3.096s] -- Symlinking: /home/rashwan/fake_depth2/install/fake_depth2_interfaces/include/fake_depth2_interfaces/fake_depth2_interfaces/msg/depth_reading.hpp
[3.110s] -- Symlinking: /home/rashwan/fake_depth2/install/fake_depth2_interfaces/include/fake_depth2_interfaces/fake_depth2_interfaces/msg/detail/depth_reading__builder.hpp
[3.125s] -- Symlinking: /home/rashwan/fake_depth2/install/fake_depth2_interfaces/include/fake_depth2_interfaces/fake_depth2_interfaces/msg/detail/depth_reading__struct.hpp
[3.138s] -- Symlinking: /home/rashwan/fake_depth2/install/fake_depth2_interfaces/include/fake_depth2_interfaces/fake_depth2_interfaces/msg/detail/depth_reading__traits.hpp
[3.153s] -- Symlinking: /home/rashwan/fake_depth2/install/fake_depth2_interfaces/include/fake_depth2_interfaces/fake_depth2_interfaces/msg/detail/depth_reading__type_support.hpp
[3.165s] -- Symlinking: /home/rashwan/fake_depth2/install/fake_depth2_interfaces/include/fake_depth2_interfaces/fake_depth2_interfaces/msg/rosidl_generator_cpp__visibility_control.hpp
[3.181s] -- Symlinking: /home/rashwan/fake_depth2/install/fake_depth2_interfaces/include/fake_depth2_interfaces/fake_depth2_interfaces/srv/calibrate_depth.hpp
[3.194s] -- Symlinking: /home/rashwan/fake_depth2/install/fake_depth2_interfaces/include/fake_depth2_interfaces/fake_depth2_interfaces/srv/detail/calibrate_depth__builder.hpp
[3.209s] -- Symlinking: /home/rashwan/fake_depth2/install/fake_depth2_interfaces/include/fake_depth2_interfaces/fake_depth2_interfaces/srv/detail/calibrate_depth__struct.hpp
[3.222s] -- Symlinking: /home/rashwan/fake_depth2/install/fake_depth2_interfaces/include/fake_depth2_interfaces/fake_depth2_interfaces/srv/detail/calibrate_depth__traits.hpp
[3.237s] -- Symlinking: /home/rashwan/fake_depth2/install/fake_depth2_interfaces/include/fake_depth2_interfaces/fake_depth2_interfaces/srv/detail/calibrate_depth__type_support.hpp
[3.252s] -- Symlinking: /home/rashwan/fake_depth2/install/fake_depth2_interfaces/include/fake_depth2_interfaces/fake_depth2_interfaces/action/detail/dive_to_depth__rosidl_typesupport_fastrtps_cpp.hpp
[3.265s] -- Symlinking: /home/rashwan/fake_depth2/install/fake_depth2_interfaces/include/fake_depth2_interfaces/fake_depth2_interfaces/msg/detail/depth_reading__rosidl_typesupport_fastrtps_cpp.hpp
[3.277s] -- Symlinking: /home/rashwan/fake_depth2/install/fake_depth2_interfaces/include/fake_depth2_interfaces/fake_depth2_interfaces/msg/rosidl_typesupport_fastrtps_cpp__visibility_control.h
[3.293s] -- Symlinking: /home/rashwan/fake_depth2/install/fake_depth2_interfaces/include/fake_depth2_interfaces/fake_depth2_interfaces/srv/detail/calibrate_depth__rosidl_typesupport_fastrtps_cpp.hpp
[3.306s] -- Symlinking: /home/rashwan/fake_depth2/install/fake_depth2_interfaces/include/fake_depth2_interfaces/fake_depth2_interfaces/action/detail/dive_to_depth__rosidl_typesupport_introspection_cpp.hpp
[3.319s] -- Symlinking: /home/rashwan/fake_depth2/install/fake_depth2_interfaces/include/fake_depth2_interfaces/fake_depth2_interfaces/msg/detail/depth_reading__rosidl_typesupport_introspection_cpp.hpp
[3.333s] -- Symlinking: /home/rashwan/fake_depth2/install/fake_depth2_interfaces/include/fake_depth2_interfaces/fake_depth2_interfaces/srv/detail/calibrate_depth__rosidl_typesupport_introspection_cpp.hpp
[3.351s] -- Symlinking: /home/rashwan/fake_depth2/install/fake_depth2_interfaces/share/fake_depth2_interfaces/environment/pythonpath.sh
[3.366s] -- Symlinking: /home/rashwan/fake_depth2/install/fake_depth2_interfaces/share/fake_depth2_interfaces/environment/pythonpath.dsv
[3.387s] -- Symlinking: /home/rashwan/fake_depth2/install/fake_depth2_interfaces/local/lib/python3.10/dist-packages/fake_depth2_interfaces-0.1.0-py3.10.egg-info/PKG-INFO
[3.404s] -- Symlinking: /home/rashwan/fake_depth2/install/fake_depth2_interfaces/local/lib/python3.10/dist-packages/fake_depth2_interfaces-0.1.0-py3.10.egg-info/SOURCES.txt
[3.420s] -- Symlinking: /home/rashwan/fake_depth2/install/fake_depth2_interfaces/local/lib/python3.10/dist-packages/fake_depth2_interfaces-0.1.0-py3.10.egg-info/dependency_links.txt
[3.435s] -- Symlinking: /home/rashwan/fake_depth2/install/fake_depth2_interfaces/local/lib/python3.10/dist-packages/fake_depth2_interfaces-0.1.0-py3.10.egg-info/top_level.txt
[3.450s] -- Symlinking: /home/rashwan/fake_depth2/install/fake_depth2_interfaces/local/lib/python3.10/dist-packages/fake_depth2_interfaces/__init__.py
[3.461s] -- Symlinking: /home/rashwan/fake_depth2/install/fake_depth2_interfaces/local/lib/python3.10/dist-packages/fake_depth2_interfaces/_fake_depth2_interfaces_s.ep.rosidl_typesupport_c.c
[3.469s] -- Symlinking: /home/rashwan/fake_depth2/install/fake_depth2_interfaces/local/lib/python3.10/dist-packages/fake_depth2_interfaces/_fake_depth2_interfaces_s.ep.rosidl_typesupport_fastrtps_c.c
[3.488s] -- Symlinking: /home/rashwan/fake_depth2/install/fake_depth2_interfaces/local/lib/python3.10/dist-packages/fake_depth2_interfaces/_fake_depth2_interfaces_s.ep.rosidl_typesupport_introspection_c.c
[3.504s] -- Symlinking: /home/rashwan/fake_depth2/install/fake_depth2_interfaces/local/lib/python3.10/dist-packages/fake_depth2_interfaces/action/__init__.py
[3.519s] -- Symlinking: /home/rashwan/fake_depth2/install/fake_depth2_interfaces/local/lib/python3.10/dist-packages/fake_depth2_interfaces/action/_dive_to_depth.py
[3.533s] -- Symlinking: /home/rashwan/fake_depth2/install/fake_depth2_interfaces/local/lib/python3.10/dist-packages/fake_depth2_interfaces/action/_dive_to_depth_s.c
[3.546s] -- Symlinking: /home/rashwan/fake_depth2/install/fake_depth2_interfaces/local/lib/python3.10/dist-packages/fake_depth2_interfaces/fake_depth2_interfaces_s__rosidl_typesupport_c.cpython-310-x86_64-linux-gnu.so
[3.555s] -- Symlinking: /home/rashwan/fake_depth2/install/fake_depth2_interfaces/local/lib/python3.10/dist-packages/fake_depth2_interfaces/fake_depth2_interfaces_s__rosidl_typesupport_fastrtps_c.cpython-310-x86_64-linux-gnu.so
[3.571s] -- Symlinking: /home/rashwan/fake_depth2/install/fake_depth2_interfaces/local/lib/python3.10/dist-packages/fake_depth2_interfaces/fake_depth2_interfaces_s__rosidl_typesupport_introspection_c.cpython-310-x86_64-linux-gnu.so
[3.582s] -- Symlinking: /home/rashwan/fake_depth2/install/fake_depth2_interfaces/local/lib/python3.10/dist-packages/fake_depth2_interfaces/libfake_depth2_interfaces__rosidl_generator_py.so
[3.597s] -- Symlinking: /home/rashwan/fake_depth2/install/fake_depth2_interfaces/local/lib/python3.10/dist-packages/fake_depth2_interfaces/msg/__init__.py
[3.614s] -- Symlinking: /home/rashwan/fake_depth2/install/fake_depth2_interfaces/local/lib/python3.10/dist-packages/fake_depth2_interfaces/msg/_depth_reading.py
[3.631s] -- Symlinking: /home/rashwan/fake_depth2/install/fake_depth2_interfaces/local/lib/python3.10/dist-packages/fake_depth2_interfaces/msg/_depth_reading_s.c
[3.645s] -- Symlinking: /home/rashwan/fake_depth2/install/fake_depth2_interfaces/local/lib/python3.10/dist-packages/fake_depth2_interfaces/srv/__init__.py
[3.657s] -- Symlinking: /home/rashwan/fake_depth2/install/fake_depth2_interfaces/local/lib/python3.10/dist-packages/fake_depth2_interfaces/srv/_calibrate_depth.py
[3.663s] -- Symlinking: /home/rashwan/fake_depth2/install/fake_depth2_interfaces/local/lib/python3.10/dist-packages/fake_depth2_interfaces/srv/_calibrate_depth_s.c
[3.672s] -- Up-to-date symlink: /home/rashwan/fake_depth2/install/fake_depth2_interfaces/local/lib/python3.10/dist-packages/fake_depth2_interfaces/fake_depth2_interfaces_s__rosidl_typesupport_fastrtps_c.cpython-310-x86_64-linux-gnu.so
[3.672s] -- Up-to-date symlink: /home/rashwan/fake_depth2/install/fake_depth2_interfaces/local/lib/python3.10/dist-packages/fake_depth2_interfaces/fake_depth2_interfaces_s__rosidl_typesupport_introspection_c.cpython-310-x86_64-linux-gnu.so
[3.672s] -- Up-to-date symlink: /home/rashwan/fake_depth2/install/fake_depth2_interfaces/local/lib/python3.10/dist-packages/fake_depth2_interfaces/fake_depth2_interfaces_s__rosidl_typesupport_c.cpython-310-x86_64-linux-gnu.so
[3.672s] -- Symlinking: /home/rashwan/fake_depth2/install/fake_depth2_interfaces/share/ament_index/resource_index/rust_packages/fake_depth2_interfaces
[3.677s] -- Symlinking: /home/rashwan/fake_depth2/install/fake_depth2_interfaces/share/fake_depth2_interfaces/rust/Cargo.toml
[3.685s] -- Symlinking: /home/rashwan/fake_depth2/install/fake_depth2_interfaces/share/fake_depth2_interfaces/rust/build.rs
[3.689s] -- Symlinking: /home/rashwan/fake_depth2/install/fake_depth2_interfaces/share/fake_depth2_interfaces/rust/src/action.rs
[3.696s] -- Symlinking: /home/rashwan/fake_depth2/install/fake_depth2_interfaces/share/fake_depth2_interfaces/rust/src/action/rmw.rs
[3.710s] -- Symlinking: /home/rashwan/fake_depth2/install/fake_depth2_interfaces/share/fake_depth2_interfaces/rust/src/lib.rs
[3.723s] -- Symlinking: /home/rashwan/fake_depth2/install/fake_depth2_interfaces/share/fake_depth2_interfaces/rust/src/msg.rs
[3.742s] -- Symlinking: /home/rashwan/fake_depth2/install/fake_depth2_interfaces/share/fake_depth2_interfaces/rust/src/msg/rmw.rs
[3.755s] -- Symlinking: /home/rashwan/fake_depth2/install/fake_depth2_interfaces/share/fake_depth2_interfaces/rust/src/srv.rs
[3.762s] -- Symlinking: /home/rashwan/fake_depth2/install/fake_depth2_interfaces/share/fake_depth2_interfaces/rust/src/srv/rmw.rs
[3.768s] -- Symlinking: /home/rashwan/fake_depth2/install/fake_depth2_interfaces/share/fake_depth2_interfaces/msg/DepthReading.idl
[3.772s] -- Symlinking: /home/rashwan/fake_depth2/install/fake_depth2_interfaces/share/fake_depth2_interfaces/srv/CalibrateDepth.idl
[3.776s] -- Symlinking: /home/rashwan/fake_depth2/install/fake_depth2_interfaces/share/fake_depth2_interfaces/action/DiveToDepth.idl
[3.781s] -- Symlinking: /home/rashwan/fake_depth2/install/fake_depth2_interfaces/share/fake_depth2_interfaces/msg/DepthReading.msg
[3.786s] -- Symlinking: /home/rashwan/fake_depth2/install/fake_depth2_interfaces/share/fake_depth2_interfaces/srv/CalibrateDepth.srv
[3.790s] -- Symlinking: /home/rashwan/fake_depth2/install/fake_depth2_interfaces/share/fake_depth2_interfaces/srv/CalibrateDepth_Request.msg
[3.795s] -- Symlinking: /home/rashwan/fake_depth2/install/fake_depth2_interfaces/share/fake_depth2_interfaces/srv/CalibrateDepth_Response.msg
[3.799s] -- Symlinking: /home/rashwan/fake_depth2/install/fake_depth2_interfaces/share/fake_depth2_interfaces/action/DiveToDepth.action
[3.804s] -- Symlinking: /home/rashwan/fake_depth2/install/fake_depth2_interfaces/share/ament_index/resource_index/package_run_dependencies/fake_depth2_interfaces
[3.810s] -- Symlinking: /home/rashwan/fake_depth2/install/fake_depth2_interfaces/share/ament_index/resource_index/parent_prefix_path/fake_depth2_interfaces
[3.814s] -- Symlinking: /home/rashwan/fake_depth2/install/fake_depth2_interfaces/share/fake_depth2_interfaces/environment/ament_prefix_path.sh
[3.820s] -- Symlinking: /home/rashwan/fake_depth2/install/fake_depth2_interfaces/share/fake_depth2_interfaces/environment/ament_prefix_path.dsv
[3.825s] -- Symlinking: /home/rashwan/fake_depth2/install/fake_depth2_interfaces/share/fake_depth2_interfaces/environment/path.sh
[3.830s] -- Symlinking: /home/rashwan/fake_depth2/install/fake_depth2_interfaces/share/fake_depth2_interfaces/environment/path.dsv
[3.834s] -- Symlinking: /home/rashwan/fake_depth2/install/fake_depth2_interfaces/share/fake_depth2_interfaces/local_setup.bash
[3.840s] -- Symlinking: /home/rashwan/fake_depth2/install/fake_depth2_interfaces/share/fake_depth2_interfaces/local_setup.sh
[3.843s] -- Symlinking: /home/rashwan/fake_depth2/install/fake_depth2_interfaces/share/fake_depth2_interfaces/local_setup.zsh
[3.849s] -- Symlinking: /home/rashwan/fake_depth2/install/fake_depth2_interfaces/share/fake_depth2_interfaces/local_setup.dsv
[3.854s] -- Symlinking: /home/rashwan/fake_depth2/install/fake_depth2_interfaces/share/fake_depth2_interfaces/package.dsv
[3.858s] -- Symlinking: /home/rashwan/fake_depth2/install/fake_depth2_interfaces/share/ament_index/resource_index/packages/fake_depth2_interfaces
[3.862s] -- Symlinking: /home/rashwan/fake_depth2/install/fake_depth2_interfaces/share/fake_depth2_interfaces/cmake/rosidl_cmake-extras.cmake
[3.867s] -- Symlinking: /home/rashwan/fake_depth2/install/fake_depth2_interfaces/share/fake_depth2_interfaces/cmake/ament_cmake_export_dependencies-extras.cmake
[3.871s] -- Symlinking: /home/rashwan/fake_depth2/install/fake_depth2_interfaces/share/fake_depth2_interfaces/cmake/ament_cmake_export_include_directories-extras.cmake
[3.876s] -- Symlinking: /home/rashwan/fake_depth2/install/fake_depth2_interfaces/share/fake_depth2_interfaces/cmake/ament_cmake_export_libraries-extras.cmake
[3.881s] -- Symlinking: /home/rashwan/fake_depth2/install/fake_depth2_interfaces/share/fake_depth2_interfaces/cmake/ament_cmake_export_targets-extras.cmake
[3.885s] -- Symlinking: /home/rashwan/fake_depth2/install/fake_depth2_interfaces/share/fake_depth2_interfaces/cmake/rosidl_cmake_export_typesupport_targets-extras.cmake
[3.889s] -- Symlinking: /home/rashwan/fake_depth2/install/fake_depth2_interfaces/share/fake_depth2_interfaces/cmake/rosidl_cmake_export_typesupport_libraries-extras.cmake
[3.894s] -- Symlinking: /home/rashwan/fake_depth2/install/fake_depth2_interfaces/share/fake_depth2_interfaces/cmake/rosidl_cmake_aggregate_target-extras.cmake
[3.898s] -- Symlinking: /home/rashwan/fake_depth2/install/fake_depth2_interfaces/share/fake_depth2_interfaces/cmake/fake_depth2_interfacesConfig.cmake
[3.902s] -- Symlinking: /home/rashwan/fake_depth2/install/fake_depth2_interfaces/share/fake_depth2_interfaces/cmake/fake_depth2_interfacesConfig-version.cmake
[3.907s] -- Symlinking: /home/rashwan/fake_depth2/install/fake_depth2_interfaces/share/fake_depth2_interfaces/package.xml
[3.911s] -- Installing: /home/rashwan/fake_depth2/install/fake_depth2_interfaces/lib/libfake_depth2_interfaces__rosidl_generator_c.so
[3.912s] -- Set runtime path of "/home/rashwan/fake_depth2/install/fake_depth2_interfaces/lib/libfake_depth2_interfaces__rosidl_generator_c.so" to ""
[3.912s] -- Installing: /home/rashwan/fake_depth2/install/fake_depth2_interfaces/lib/libfake_depth2_interfaces__rosidl_typesupport_fastrtps_c.so
[3.912s] -- Set runtime path of "/home/rashwan/fake_depth2/install/fake_depth2_interfaces/lib/libfake_depth2_interfaces__rosidl_typesupport_fastrtps_c.so" to ""
[3.912s] -- Installing: /home/rashwan/fake_depth2/install/fake_depth2_interfaces/lib/libfake_depth2_interfaces__rosidl_typesupport_introspection_c.so
[3.912s] -- Set runtime path of "/home/rashwan/fake_depth2/install/fake_depth2_interfaces/lib/libfake_depth2_interfaces__rosidl_typesupport_introspection_c.so" to ""
[3.912s] -- Installing: /home/rashwan/fake_depth2/install/fake_depth2_interfaces/lib/libfake_depth2_interfaces__rosidl_typesupport_c.so
[3.912s] -- Set runtime path of "/home/rashwan/fake_depth2/install/fake_depth2_interfaces/lib/libfake_depth2_interfaces__rosidl_typesupport_c.so" to ""
[3.912s] -- Installing: /home/rashwan/fake_depth2/install/fake_depth2_interfaces/lib/libfake_depth2_interfaces__rosidl_typesupport_fastrtps_cpp.so
[3.912s] -- Set runtime path of "/home/rashwan/fake_depth2/install/fake_depth2_interfaces/lib/libfake_depth2_interfaces__rosidl_typesupport_fastrtps_cpp.so" to ""
[3.912s] -- Installing: /home/rashwan/fake_depth2/install/fake_depth2_interfaces/lib/libfake_depth2_interfaces__rosidl_typesupport_introspection_cpp.so
[3.912s] -- Set runtime path of "/home/rashwan/fake_depth2/install/fake_depth2_interfaces/lib/libfake_depth2_interfaces__rosidl_typesupport_introspection_cpp.so" to ""
[3.912s] -- Installing: /home/rashwan/fake_depth2/install/fake_depth2_interfaces/lib/libfake_depth2_interfaces__rosidl_typesupport_cpp.so
[3.912s] -- Set runtime path of "/home/rashwan/fake_depth2/install/fake_depth2_interfaces/lib/libfake_depth2_interfaces__rosidl_typesupport_cpp.so" to ""
[3.932s] Listing '/home/rashwan/fake_depth2/install/fake_depth2_interfaces/local/lib/python3.10/dist-packages/fake_depth2_interfaces'...
[3.932s] Compiling '/home/rashwan/fake_depth2/install/fake_depth2_interfaces/local/lib/python3.10/dist-packages/fake_depth2_interfaces/__init__.py'...
[3.932s] Listing '/home/rashwan/fake_depth2/install/fake_depth2_interfaces/local/lib/python3.10/dist-packages/fake_depth2_interfaces/action'...
[3.932s] Compiling '/home/rashwan/fake_depth2/install/fake_depth2_interfaces/local/lib/python3.10/dist-packages/fake_depth2_interfaces/action/__init__.py'...
[3.932s] Compiling '/home/rashwan/fake_depth2/install/fake_depth2_interfaces/local/lib/python3.10/dist-packages/fake_depth2_interfaces/action/_dive_to_depth.py'...
[3.932s] Listing '/home/rashwan/fake_depth2/install/fake_depth2_interfaces/local/lib/python3.10/dist-packages/fake_depth2_interfaces/msg'...
[3.932s] Compiling '/home/rashwan/fake_depth2/install/fake_depth2_interfaces/local/lib/python3.10/dist-packages/fake_depth2_interfaces/msg/__init__.py'...
[3.932s] Compiling '/home/rashwan/fake_depth2/install/fake_depth2_interfaces/local/lib/python3.10/dist-packages/fake_depth2_interfaces/msg/_depth_reading.py'...
[3.932s] Listing '/home/rashwan/fake_depth2/install/fake_depth2_interfaces/local/lib/python3.10/dist-packages/fake_depth2_interfaces/srv'...
[3.932s] Compiling '/home/rashwan/fake_depth2/install/fake_depth2_interfaces/local/lib/python3.10/dist-packages/fake_depth2_interfaces/srv/__init__.py'...
[3.932s] Compiling '/home/rashwan/fake_depth2/install/fake_depth2_interfaces/local/lib/python3.10/dist-packages/fake_depth2_interfaces/srv/_calibrate_depth.py'...
[3.934s] -- Installing: /home/rashwan/fake_depth2/install/fake_depth2_interfaces/lib/libfake_depth2_interfaces__rosidl_generator_py.so
[3.934s] -- Set runtime path of "/home/rashwan/fake_depth2/install/fake_depth2_interfaces/lib/libfake_depth2_interfaces__rosidl_generator_py.so" to ""
[3.934s] -- Installing: /home/rashwan/fake_depth2/install/fake_depth2_interfaces/share/fake_depth2_interfaces/cmake/export_fake_depth2_interfaces__rosidl_generator_cExport.cmake
[3.934s] -- Installing: /home/rashwan/fake_depth2/install/fake_depth2_interfaces/share/fake_depth2_interfaces/cmake/export_fake_depth2_interfaces__rosidl_generator_cExport-noconfig.cmake
[3.934s] -- Installing: /home/rashwan/fake_depth2/install/fake_depth2_interfaces/share/fake_depth2_interfaces/cmake/export_fake_depth2_interfaces__rosidl_typesupport_fastrtps_cExport.cmake
[3.935s] -- Installing: /home/rashwan/fake_depth2/install/fake_depth2_interfaces/share/fake_depth2_interfaces/cmake/export_fake_depth2_interfaces__rosidl_typesupport_fastrtps_cExport-noconfig.cmake
[3.935s] -- Installing: /home/rashwan/fake_depth2/install/fake_depth2_interfaces/share/fake_depth2_interfaces/cmake/fake_depth2_interfaces__rosidl_typesupport_introspection_cExport.cmake
[3.935s] -- Installing: /home/rashwan/fake_depth2/install/fake_depth2_interfaces/share/fake_depth2_interfaces/cmake/fake_depth2_interfaces__rosidl_typesupport_introspection_cExport-noconfig.cmake
[3.935s] -- Installing: /home/rashwan/fake_depth2/install/fake_depth2_interfaces/share/fake_depth2_interfaces/cmake/fake_depth2_interfaces__rosidl_typesupport_cExport.cmake
[3.935s] -- Installing: /home/rashwan/fake_depth2/install/fake_depth2_interfaces/share/fake_depth2_interfaces/cmake/fake_depth2_interfaces__rosidl_typesupport_cExport-noconfig.cmake
[3.935s] -- Installing: /home/rashwan/fake_depth2/install/fake_depth2_interfaces/share/fake_depth2_interfaces/cmake/export_fake_depth2_interfaces__rosidl_generator_cppExport.cmake
[3.935s] -- Installing: /home/rashwan/fake_depth2/install/fake_depth2_interfaces/share/fake_depth2_interfaces/cmake/export_fake_depth2_interfaces__rosidl_typesupport_fastrtps_cppExport.cmake
[3.935s] -- Installing: /home/rashwan/fake_depth2/install/fake_depth2_interfaces/share/fake_depth2_interfaces/cmake/export_fake_depth2_interfaces__rosidl_typesupport_fastrtps_cppExport-noconfig.cmake
[3.935s] -- Installing: /home/rashwan/fake_depth2/install/fake_depth2_interfaces/share/fake_depth2_interfaces/cmake/fake_depth2_interfaces__rosidl_typesupport_introspection_cppExport.cmake
[3.935s] -- Installing: /home/rashwan/fake_depth2/install/fake_depth2_interfaces/share/fake_depth2_interfaces/cmake/fake_depth2_interfaces__rosidl_typesupport_introspection_cppExport-noconfig.cmake
[3.935s] -- Installing: /home/rashwan/fake_depth2/install/fake_depth2_interfaces/share/fake_depth2_interfaces/cmake/fake_depth2_interfaces__rosidl_typesupport_cppExport.cmake
[3.935s] -- Installing: /home/rashwan/fake_depth2/install/fake_depth2_interfaces/share/fake_depth2_interfaces/cmake/fake_depth2_interfaces__rosidl_typesupport_cppExport-noconfig.cmake
[3.935s] -- Installing: /home/rashwan/fake_depth2/install/fake_depth2_interfaces/share/fake_depth2_interfaces/cmake/export_fake_depth2_interfaces__rosidl_generator_pyExport.cmake
[3.935s] -- Installing: /home/rashwan/fake_depth2/install/fake_depth2_interfaces/share/fake_depth2_interfaces/cmake/export_fake_depth2_interfaces__rosidl_generator_pyExport-noconfig.cmake
[3.936s] Invoked command in '/home/rashwan/fake_depth2/build/fake_depth2_interfaces' returned '0': CMAKE_PREFIX_PATH=/opt/ros/humble /usr/bin/cmake --install /home/rashwan/fake_depth2/build/fake_depth2_interfaces
