[0.021s] Invoking command in '/home/boda/Software2026/build/real_joy': CMAKE_PREFIX_PATH=${CMAKE_PREFIX_PATH}:/home/boda/mako_ws/install/mavros_autotune:/opt/ros/humble /usr/bin/cmake --build /home/boda/Software2026/build/real_joy -- -j16 -l16
[0.106s] [ 50%] Building CXX object CMakeFiles/realjoy_node.dir/src/joystick.cpp.o
[3.321s] In file included from /home/boda/Software2026/src/real_joy/src/joystick.cpp:15:
[3.321s] /home/boda/Software2026/src/real_joy/include/RealJoy/keelDepth.hpp: In member function ‘void PressureToDepthCm::onSetZeroDepth(std::shared_ptr<std_srvs::srv::Trigger_Request_<std::allocator<void> > >, std::shared_ptr<std_srvs::srv::Trigger_Response_<std::allocator<void> > >)’:
[3.321s] /home/boda/Software2026/src/real_joy/include/RealJoy/keelDepth.hpp:110:60: warning: unused parameter ‘req’ [-Wunused-parameter]
[3.321s]   110 |     const std::shared_ptr<std_srvs::srv::Trigger::Request> req,
[3.321s]       |     ~~~~~~~~~~~~~~~~~~~~~~~~~~~~~~~~~~~~~~~~~~~~~~~~~~~~~~~^~~
[17.083s] [100%] Linking CXX executable realjoy_node
[18.550s] [100%] Built target realjoy_node
[18.572s] Invoked command in '/home/boda/Software2026/build/real_joy' returned '0': CMAKE_PREFIX_PATH=${CMAKE_PREFIX_PATH}:/home/boda/mako_ws/install/mavros_autotune:/opt/ros/humble /usr/bin/cmake --build /home/boda/Software2026/build/real_joy -- -j16 -l16
[18.590s] Invoking command in '/home/boda/Software2026/build/real_joy': CMAKE_PREFIX_PATH=${CMAKE_PREFIX_PATH}:/home/boda/mako_ws/install/mavros_autotune:/opt/ros/humble /usr/bin/cmake --install /home/boda/Software2026/build/real_joy
[18.606s] -- Install configuration: ""
[18.606s] -- Execute custom install script
[18.607s] -- Up-to-date symlink: /home/boda/Software2026/install/real_joy/lib/real_joy/realjoy_node
[18.607s] -- Up-to-date symlink: /home/boda/Software2026/install/real_joy/include/RealJoy/keelDepth.hpp
[18.608s] -- Up-to-date symlink: /home/boda/Software2026/install/real_joy/include/RealJoy/manual.hpp
[18.608s] -- Up-to-date symlink: /home/boda/Software2026/install/real_joy/include/RealJoy/modes.hpp
[18.610s] -- Up-to-date symlink: /home/boda/Software2026/install/real_joy/include/RealJoy/rel_alt.hpp
[18.610s] -- Up-to-date symlink: /home/boda/Software2026/install/real_joy/share/real_joy/launch/real_joy.launch.py
[18.610s] -- Up-to-date symlink: /home/boda/Software2026/install/real_joy/share/real_joy/config/cyclonedds.xml
[18.610s] -- Up-to-date symlink: /home/boda/Software2026/install/real_joy/lib/real_joy/zed_to_mavros_pose.py
[18.610s] -- Up-to-date symlink: /home/boda/Software2026/install/real_joy/lib/real_joy/rov_gui_gst.py
[18.611s] -- Up-to-date symlink: /home/boda/Software2026/install/real_joy/lib/real_joy/mako_station/__init__.py
[18.611s] -- Symlinking: /home/boda/Software2026/install/real_joy/lib/real_joy/mako_station/__pycache__/__init__.cpython-310.pyc
[18.629s] -- Symlinking: /home/boda/Software2026/install/real_joy/lib/real_joy/mako_station/__pycache__/app.cpython-310.pyc
[18.666s] -- Symlinking: /home/boda/Software2026/install/real_joy/lib/real_joy/mako_station/__pycache__/ros_worker.cpython-310.pyc
[18.712s] -- Symlinking: /home/boda/Software2026/install/real_joy/lib/real_joy/mako_station/__pycache__/simulation.cpython-310.pyc
[18.730s] -- Up-to-date symlink: /home/boda/Software2026/install/real_joy/lib/real_joy/mako_station/app.py
[18.733s] -- Up-to-date symlink: /home/boda/Software2026/install/real_joy/lib/real_joy/mako_station/ros_worker.py
[18.734s] -- Up-to-date symlink: /home/boda/Software2026/install/real_joy/lib/real_joy/mako_station/simulation.py
[18.734s] -- Up-to-date symlink: /home/boda/Software2026/install/real_joy/lib/real_joy/rov_gui_gst_legacy.py
[18.734s] -- Up-to-date symlink: /home/boda/Software2026/install/real_joy/share/ament_index/resource_index/package_run_dependencies/real_joy
[18.734s] -- Up-to-date symlink: /home/boda/Software2026/install/real_joy/share/ament_index/resource_index/parent_prefix_path/real_joy
[18.734s] -- Up-to-date symlink: /home/boda/Software2026/install/real_joy/share/real_joy/environment/ament_prefix_path.sh
[18.735s] -- Up-to-date symlink: /home/boda/Software2026/install/real_joy/share/real_joy/environment/ament_prefix_path.dsv
[18.735s] -- Up-to-date symlink: /home/boda/Software2026/install/real_joy/share/real_joy/environment/path.sh
[18.735s] -- Up-to-date symlink: /home/boda/Software2026/install/real_joy/share/real_joy/environment/path.dsv
[18.735s] -- Up-to-date symlink: /home/boda/Software2026/install/real_joy/share/real_joy/local_setup.bash
[18.736s] -- Up-to-date symlink: /home/boda/Software2026/install/real_joy/share/real_joy/local_setup.sh
[18.737s] -- Up-to-date symlink: /home/boda/Software2026/install/real_joy/share/real_joy/local_setup.zsh
[18.737s] -- Up-to-date symlink: /home/boda/Software2026/install/real_joy/share/real_joy/local_setup.dsv
[18.737s] -- Symlinking: /home/boda/Software2026/install/real_joy/share/real_joy/package.dsv
[18.763s] -- Up-to-date symlink: /home/boda/Software2026/install/real_joy/share/ament_index/resource_index/packages/real_joy
[18.763s] -- Up-to-date symlink: /home/boda/Software2026/install/real_joy/share/real_joy/cmake/real_joyConfig.cmake
[18.764s] -- Up-to-date symlink: /home/boda/Software2026/install/real_joy/share/real_joy/cmake/real_joyConfig-version.cmake
[18.764s] -- Up-to-date symlink: /home/boda/Software2026/install/real_joy/share/real_joy/package.xml
[18.767s] Invoked command in '/home/boda/Software2026/build/real_joy' returned '0': CMAKE_PREFIX_PATH=${CMAKE_PREFIX_PATH}:/home/boda/mako_ws/install/mavros_autotune:/opt/ros/humble /usr/bin/cmake --install /home/boda/Software2026/build/real_joy
