[0.008s] Invoking command in '/ros2_ws/build/tf2_drill': CMAKE_PREFIX_PATH=/opt/ros/humble /usr/bin/cmake /ros2_ws/src/tf2_drill -DCMAKE_INSTALL_PREFIX=/ros2_ws/install/tf2_drill
[0.097s] -- The C compiler identification is GNU 11.4.0
[0.169s] -- The CXX compiler identification is GNU 11.4.0
[0.181s] -- Detecting C compiler ABI info
[0.274s] -- Detecting C compiler ABI info - done
[0.283s] -- Check for working C compiler: /usr/bin/cc - skipped
[0.284s] -- Detecting C compile features
[0.285s] -- Detecting C compile features - done
[0.291s] -- Detecting CXX compiler ABI info
[0.393s] -- Detecting CXX compiler ABI info - done
[0.398s] -- Check for working CXX compiler: /usr/bin/c++ - skipped
[0.398s] -- Detecting CXX compile features
[0.398s] -- Detecting CXX compile features - done
[0.400s] -- Found ament_cmake: 1.3.14 (/opt/ros/humble/share/ament_cmake/cmake)
[0.514s] -- Found Python3: /usr/bin/python3 (found version "3.10.12") found components: Interpreter 
[0.583s] -- Found rclcpp: 16.0.19 (/opt/ros/humble/share/rclcpp/cmake)
[0.607s] -- Found rosidl_generator_c: 3.1.9 (/opt/ros/humble/share/rosidl_generator_c/cmake)
[0.609s] -- Found rosidl_adapter: 3.1.9 (/opt/ros/humble/share/rosidl_adapter/cmake)
[0.614s] -- Found rosidl_generator_cpp: 3.1.9 (/opt/ros/humble/share/rosidl_generator_cpp/cmake)
[0.621s] -- Using all available rosidl_typesupport_c: rosidl_typesupport_fastrtps_c;rosidl_typesupport_introspection_c
[0.630s] -- Using all available rosidl_typesupport_cpp: rosidl_typesupport_fastrtps_cpp;rosidl_typesupport_introspection_cpp
[0.654s] -- Found rmw_implementation_cmake: 6.1.2 (/opt/ros/humble/share/rmw_implementation_cmake/cmake)
[0.656s] -- Found rmw_fastrtps_cpp: 6.2.10 (/opt/ros/humble/share/rmw_fastrtps_cpp/cmake)
[0.732s] -- Found OpenSSL: /usr/lib/x86_64-linux-gnu/libcrypto.so (found version "3.0.2")  
[0.762s] -- Found FastRTPS: /opt/ros/humble/include  
[0.810s] -- Using RMW implementation 'rmw_fastrtps_cpp' as default
[0.823s] -- Looking for pthread.h
[0.905s] -- Looking for pthread.h - found
[0.905s] -- Performing Test CMAKE_HAVE_LIBC_PTHREAD
[0.984s] -- Performing Test CMAKE_HAVE_LIBC_PTHREAD - Success
[0.985s] -- Found Threads: TRUE  
[1.024s] -- Found geometry_msgs: 4.9.1 (/opt/ros/humble/share/geometry_msgs/cmake)
[1.032s] -- Found tf2: 0.25.20 (/opt/ros/humble/share/tf2/cmake)
[1.040s] -- Found tf2_ros: 0.25.20 (/opt/ros/humble/share/tf2_ros/cmake)
[1.094s] -- Found ament_lint_auto: 0.12.15 (/opt/ros/humble/share/ament_lint_auto/cmake)
[1.139s] -- Added test 'cppcheck' to perform static code analysis on C / C++ code
[1.139s] -- Configured cppcheck include dirs: 
[1.139s] -- Configured cppcheck exclude dirs and/or files: 
[1.139s] -- Added test 'lint_cmake' to check CMake code style
[1.140s] -- Added test 'uncrustify' to check C / C++ code style
[1.140s] -- Configured uncrustify additional arguments: 
[1.140s] -- Added test 'xmllint' to check XML markup files
[1.141s] -- Configuring done
[1.146s] -- Generating done
[1.149s] -- Build files have been written to: /ros2_ws/build/tf2_drill
[1.155s] Invoked command in '/ros2_ws/build/tf2_drill' returned '0': CMAKE_PREFIX_PATH=/opt/ros/humble /usr/bin/cmake /ros2_ws/src/tf2_drill -DCMAKE_INSTALL_PREFIX=/ros2_ws/install/tf2_drill
[1.156s] Invoking command in '/ros2_ws/build/tf2_drill': CMAKE_PREFIX_PATH=/opt/ros/humble /usr/bin/cmake --build /ros2_ws/build/tf2_drill -- -j20 -l20
[1.209s] [ 50%] [32mBuilding CXX object CMakeFiles/frame_drill_node.dir/src/frame_drill_node.cpp.o[0m
[3.333s] [100%] [32m[1mLinking CXX executable frame_drill_node[0m
[3.460s] [100%] Built target frame_drill_node
[3.469s] Invoked command in '/ros2_ws/build/tf2_drill' returned '0': CMAKE_PREFIX_PATH=/opt/ros/humble /usr/bin/cmake --build /ros2_ws/build/tf2_drill -- -j20 -l20
[3.477s] Invoking command in '/ros2_ws/build/tf2_drill': CMAKE_PREFIX_PATH=/opt/ros/humble /usr/bin/cmake --install /ros2_ws/build/tf2_drill
[3.487s] -- Install configuration: ""
[3.487s] -- Installing: /ros2_ws/install/tf2_drill/lib/tf2_drill/frame_drill_node
[3.488s] -- Set runtime path of "/ros2_ws/install/tf2_drill/lib/tf2_drill/frame_drill_node" to ""
[3.489s] -- Installing: /ros2_ws/install/tf2_drill/share/ament_index/resource_index/package_run_dependencies/tf2_drill
[3.489s] -- Installing: /ros2_ws/install/tf2_drill/share/ament_index/resource_index/parent_prefix_path/tf2_drill
[3.489s] -- Installing: /ros2_ws/install/tf2_drill/share/tf2_drill/environment/ament_prefix_path.sh
[3.489s] -- Installing: /ros2_ws/install/tf2_drill/share/tf2_drill/environment/ament_prefix_path.dsv
[3.489s] -- Installing: /ros2_ws/install/tf2_drill/share/tf2_drill/environment/path.sh
[3.489s] -- Installing: /ros2_ws/install/tf2_drill/share/tf2_drill/environment/path.dsv
[3.490s] -- Installing: /ros2_ws/install/tf2_drill/share/tf2_drill/local_setup.bash
[3.490s] -- Installing: /ros2_ws/install/tf2_drill/share/tf2_drill/local_setup.sh
[3.490s] -- Installing: /ros2_ws/install/tf2_drill/share/tf2_drill/local_setup.zsh
[3.490s] -- Installing: /ros2_ws/install/tf2_drill/share/tf2_drill/local_setup.dsv
[3.490s] -- Installing: /ros2_ws/install/tf2_drill/share/tf2_drill/package.dsv
[3.490s] -- Installing: /ros2_ws/install/tf2_drill/share/ament_index/resource_index/packages/tf2_drill
[3.490s] -- Installing: /ros2_ws/install/tf2_drill/share/tf2_drill/cmake/tf2_drillConfig.cmake
[3.490s] -- Installing: /ros2_ws/install/tf2_drill/share/tf2_drill/cmake/tf2_drillConfig-version.cmake
[3.490s] -- Installing: /ros2_ws/install/tf2_drill/share/tf2_drill/package.xml
[3.492s] Invoked command in '/ros2_ws/build/tf2_drill' returned '0': CMAKE_PREFIX_PATH=/opt/ros/humble /usr/bin/cmake --install /ros2_ws/build/tf2_drill
