-- Found ament_cmake: 1.3.12 (/opt/ros/humble/share/ament_cmake/cmake)
-- Override CMake install command with custom implementation using symlinks instead of copying resources
-- Found rclcpp: 16.0.15 (/opt/ros/humble/share/rclcpp/cmake)
-- Found rosidl_generator_c: 3.1.7 (/opt/ros/humble/share/rosidl_generator_c/cmake)
-- Found rosidl_adapter: 3.1.7 (/opt/ros/humble/share/rosidl_adapter/cmake)
-- Found rosidl_generator_cpp: 3.1.7 (/opt/ros/humble/share/rosidl_generator_cpp/cmake)
-- Using all available rosidl_typesupport_c: rosidl_typesupport_fastrtps_c;rosidl_typesupport_introspection_c
-- Using all available rosidl_typesupport_cpp: rosidl_typesupport_fastrtps_cpp;rosidl_typesupport_introspection_cpp
-- Found rmw_implementation_cmake: 6.1.2 (/opt/ros/humble/share/rmw_implementation_cmake/cmake)
-- Found rmw_fastrtps_cpp: 6.2.9 (/opt/ros/humble/share/rmw_fastrtps_cpp/cmake)
-- Using RMW implementation 'rmw_fastrtps_cpp' as default
-- Found rclpy: 3.3.17 (/opt/ros/humble/share/rclpy/cmake)
-- Found sensor_msgs: 4.9.0 (/opt/ros/humble/share/sensor_msgs/cmake)
-- Found mavros_msgs: 2.14.0 (/opt/ros/humble/share/mavros_msgs/cmake)
-- Found nav_msgs: 4.9.0 (/opt/ros/humble/share/nav_msgs/cmake)
-- Found std_srvs: 4.9.0 (/opt/ros/humble/share/std_srvs/cmake)
-- Configuring done
-- Generating done
-- Build files have been written to: /home/boda/Software2026/build/real_joy
Consolidate compiler generated dependencies of target realjoy_node
[ 50%] Linking CXX executable realjoy_node
[100%] Built target realjoy_node
-- Install configuration: ""
-- Execute custom install script
-- Symlinking: /home/boda/Software2026/install/real_joy/lib/real_joy/realjoy_node
-- Symlinking: /home/boda/Software2026/install/real_joy/include/RealJoy/keelDepth.hpp
-- Symlinking: /home/boda/Software2026/install/real_joy/include/RealJoy/manual.hpp
-- Symlinking: /home/boda/Software2026/install/real_joy/include/RealJoy/modes.hpp
-- Symlinking: /home/boda/Software2026/install/real_joy/include/RealJoy/rel_alt.hpp
-- Symlinking: /home/boda/Software2026/install/real_joy/share/real_joy/launch/real_joy.launch.py
-- Symlinking: /home/boda/Software2026/install/real_joy/share/real_joy/config/cyclonedds.xml
-- Symlinking: /home/boda/Software2026/install/real_joy/lib/real_joy/zed_to_mavros_pose.py
-- Symlinking: /home/boda/Software2026/install/real_joy/lib/real_joy/rov_gui_gst.py
-- Symlinking: /home/boda/Software2026/install/real_joy/lib/real_joy/mako_station/__init__.py
-- Symlinking: /home/boda/Software2026/install/real_joy/lib/real_joy/mako_station/app.py
-- Symlinking: /home/boda/Software2026/install/real_joy/lib/real_joy/mako_station/ros_worker.py
-- Symlinking: /home/boda/Software2026/install/real_joy/lib/real_joy/mako_station/simulation.py
-- Symlinking: /home/boda/Software2026/install/real_joy/lib/real_joy/rov_gui_gst_legacy.py
-- Symlinking: /home/boda/Software2026/install/real_joy/share/ament_index/resource_index/package_run_dependencies/real_joy
-- Symlinking: /home/boda/Software2026/install/real_joy/share/ament_index/resource_index/parent_prefix_path/real_joy
-- Symlinking: /home/boda/Software2026/install/real_joy/share/real_joy/environment/ament_prefix_path.sh
-- Symlinking: /home/boda/Software2026/install/real_joy/share/real_joy/environment/ament_prefix_path.dsv
-- Symlinking: /home/boda/Software2026/install/real_joy/share/real_joy/environment/path.sh
-- Symlinking: /home/boda/Software2026/install/real_joy/share/real_joy/environment/path.dsv
-- Symlinking: /home/boda/Software2026/install/real_joy/share/real_joy/local_setup.bash
-- Symlinking: /home/boda/Software2026/install/real_joy/share/real_joy/local_setup.sh
-- Symlinking: /home/boda/Software2026/install/real_joy/share/real_joy/local_setup.zsh
-- Symlinking: /home/boda/Software2026/install/real_joy/share/real_joy/local_setup.dsv
-- Symlinking: /home/boda/Software2026/install/real_joy/share/real_joy/package.dsv
-- Symlinking: /home/boda/Software2026/install/real_joy/share/ament_index/resource_index/packages/real_joy
-- Symlinking: /home/boda/Software2026/install/real_joy/share/real_joy/cmake/real_joyConfig.cmake
-- Symlinking: /home/boda/Software2026/install/real_joy/share/real_joy/cmake/real_joyConfig-version.cmake
-- Symlinking: /home/boda/Software2026/install/real_joy/share/real_joy/package.xml
