[0.008s] Invoking command in '/home/boda/Software2026/build/real_joy': CMAKE_PREFIX_PATH=${CMAKE_PREFIX_PATH}:/home/boda/mako_ws/install/mavros_autotune:/opt/ros/humble /usr/bin/cmake /home/boda/Software2026/src/real_joy -DAMENT_CMAKE_SYMLINK_INSTALL=1 -DCMAKE_INSTALL_PREFIX=/home/boda/Software2026/install/real_joy
[0.023s] -- Found ament_cmake: 1.3.12 (/opt/ros/humble/share/ament_cmake/cmake)
[0.125s] -- Override CMake install command with custom implementation using symlinks instead of copying resources
[0.136s] -- Found rclcpp: 16.0.15 (/opt/ros/humble/share/rclcpp/cmake)
[0.165s] -- Found rosidl_generator_c: 3.1.7 (/opt/ros/humble/share/rosidl_generator_c/cmake)
[0.167s] -- Found rosidl_adapter: 3.1.7 (/opt/ros/humble/share/rosidl_adapter/cmake)
[0.173s] -- Found rosidl_generator_cpp: 3.1.7 (/opt/ros/humble/share/rosidl_generator_cpp/cmake)
[0.181s] -- Using all available rosidl_typesupport_c: rosidl_typesupport_fastrtps_c;rosidl_typesupport_introspection_c
[0.191s] -- Using all available rosidl_typesupport_cpp: rosidl_typesupport_fastrtps_cpp;rosidl_typesupport_introspection_cpp
[0.219s] -- Found rmw_implementation_cmake: 6.1.2 (/opt/ros/humble/share/rmw_implementation_cmake/cmake)
[0.221s] -- Found rmw_fastrtps_cpp: 6.2.9 (/opt/ros/humble/share/rmw_fastrtps_cpp/cmake)
[0.333s] -- Using RMW implementation 'rmw_fastrtps_cpp' as default
[0.377s] -- Found rclpy: 3.3.17 (/opt/ros/humble/share/rclpy/cmake)
[0.377s] -- Found sensor_msgs: 4.9.0 (/opt/ros/humble/share/sensor_msgs/cmake)
[0.406s] -- Found mavros_msgs: 2.14.0 (/opt/ros/humble/share/mavros_msgs/cmake)
[0.465s] -- Found nav_msgs: 4.9.0 (/opt/ros/humble/share/nav_msgs/cmake)
[0.480s] -- Found std_srvs: 4.9.0 (/opt/ros/humble/share/std_srvs/cmake)
[0.551s] -- Configuring done
[0.565s] -- Generating done
[0.570s] -- Build files have been written to: /home/boda/Software2026/build/real_joy
[0.580s] Invoked command in '/home/boda/Software2026/build/real_joy' returned '0': CMAKE_PREFIX_PATH=${CMAKE_PREFIX_PATH}:/home/boda/mako_ws/install/mavros_autotune:/opt/ros/humble /usr/bin/cmake /home/boda/Software2026/src/real_joy -DAMENT_CMAKE_SYMLINK_INSTALL=1 -DCMAKE_INSTALL_PREFIX=/home/boda/Software2026/install/real_joy
[0.581s] Invoking command in '/home/boda/Software2026/build/real_joy': CMAKE_PREFIX_PATH=${CMAKE_PREFIX_PATH}:/home/boda/mako_ws/install/mavros_autotune:/opt/ros/humble /usr/bin/cmake --build /home/boda/Software2026/build/real_joy -- -j16 -l16
[0.629s] Consolidate compiler generated dependencies of target realjoy_node
[0.653s] [ 50%] Linking CXX executable realjoy_node
[1.350s] [100%] Built target realjoy_node
[1.366s] Invoked command in '/home/boda/Software2026/build/real_joy' returned '0': CMAKE_PREFIX_PATH=${CMAKE_PREFIX_PATH}:/home/boda/mako_ws/install/mavros_autotune:/opt/ros/humble /usr/bin/cmake --build /home/boda/Software2026/build/real_joy -- -j16 -l16
[1.377s] Invoking command in '/home/boda/Software2026/build/real_joy': CMAKE_PREFIX_PATH=${CMAKE_PREFIX_PATH}:/home/boda/mako_ws/install/mavros_autotune:/opt/ros/humble /usr/bin/cmake --install /home/boda/Software2026/build/real_joy
[1.383s] -- Install configuration: ""
[1.384s] -- Execute custom install script
[1.384s] -- Symlinking: /home/boda/Software2026/install/real_joy/lib/real_joy/realjoy_node
[1.394s] -- Symlinking: /home/boda/Software2026/install/real_joy/include/RealJoy/keelDepth.hpp
[1.403s] -- Symlinking: /home/boda/Software2026/install/real_joy/include/RealJoy/manual.hpp
[1.411s] -- Symlinking: /home/boda/Software2026/install/real_joy/include/RealJoy/modes.hpp
[1.419s] -- Symlinking: /home/boda/Software2026/install/real_joy/include/RealJoy/rel_alt.hpp
[1.428s] -- Symlinking: /home/boda/Software2026/install/real_joy/share/real_joy/launch/real_joy.launch.py
[1.439s] -- Symlinking: /home/boda/Software2026/install/real_joy/share/real_joy/config/cyclonedds.xml
[1.447s] -- Symlinking: /home/boda/Software2026/install/real_joy/lib/real_joy/zed_to_mavros_pose.py
[1.456s] -- Symlinking: /home/boda/Software2026/install/real_joy/lib/real_joy/rov_gui_gst.py
[1.465s] -- Symlinking: /home/boda/Software2026/install/real_joy/lib/real_joy/mako_station/__init__.py
[1.474s] -- Symlinking: /home/boda/Software2026/install/real_joy/lib/real_joy/mako_station/app.py
[1.484s] -- Symlinking: /home/boda/Software2026/install/real_joy/lib/real_joy/mako_station/ros_worker.py
[1.493s] -- Symlinking: /home/boda/Software2026/install/real_joy/lib/real_joy/mako_station/simulation.py
[1.502s] -- Symlinking: /home/boda/Software2026/install/real_joy/lib/real_joy/rov_gui_gst_legacy.py
[1.510s] -- Symlinking: /home/boda/Software2026/install/real_joy/share/ament_index/resource_index/package_run_dependencies/real_joy
[1.517s] -- Symlinking: /home/boda/Software2026/install/real_joy/share/ament_index/resource_index/parent_prefix_path/real_joy
[1.525s] -- Symlinking: /home/boda/Software2026/install/real_joy/share/real_joy/environment/ament_prefix_path.sh
[1.535s] -- Symlinking: /home/boda/Software2026/install/real_joy/share/real_joy/environment/ament_prefix_path.dsv
[1.545s] -- Symlinking: /home/boda/Software2026/install/real_joy/share/real_joy/environment/path.sh
[1.554s] -- Symlinking: /home/boda/Software2026/install/real_joy/share/real_joy/environment/path.dsv
[1.563s] -- Symlinking: /home/boda/Software2026/install/real_joy/share/real_joy/local_setup.bash
[1.572s] -- Symlinking: /home/boda/Software2026/install/real_joy/share/real_joy/local_setup.sh
[1.581s] -- Symlinking: /home/boda/Software2026/install/real_joy/share/real_joy/local_setup.zsh
[1.591s] -- Symlinking: /home/boda/Software2026/install/real_joy/share/real_joy/local_setup.dsv
[1.600s] -- Symlinking: /home/boda/Software2026/install/real_joy/share/real_joy/package.dsv
[1.609s] -- Symlinking: /home/boda/Software2026/install/real_joy/share/ament_index/resource_index/packages/real_joy
[1.618s] -- Symlinking: /home/boda/Software2026/install/real_joy/share/real_joy/cmake/real_joyConfig.cmake
[1.627s] -- Symlinking: /home/boda/Software2026/install/real_joy/share/real_joy/cmake/real_joyConfig-version.cmake
[1.636s] -- Symlinking: /home/boda/Software2026/install/real_joy/share/real_joy/package.xml
[1.647s] Invoked command in '/home/boda/Software2026/build/real_joy' returned '0': CMAKE_PREFIX_PATH=${CMAKE_PREFIX_PATH}:/home/boda/mako_ws/install/mavros_autotune:/opt/ros/humble /usr/bin/cmake --install /home/boda/Software2026/build/real_joy
