[0.045s] DEBUG:colcon:Command line arguments: ['/usr/bin/colcon', 'build']
[0.045s] DEBUG:colcon:Parsed command line arguments: Namespace(log_base=None, log_level=None, verb_name='build', build_base='build', install_base='install', merge_install=False, symlink_install=False, test_result_base=None, continue_on_error=False, executor='parallel', parallel_workers=24, event_handlers=None, ignore_user_meta=False, metas=['./colcon.meta'], base_paths=['.'], packages_ignore=None, packages_ignore_regex=None, paths=None, packages_up_to=None, packages_up_to_regex=None, packages_above=None, packages_above_and_dependencies=None, packages_above_depth=None, packages_select_by_dep=None, packages_skip_by_dep=None, packages_skip_up_to=None, packages_select_build_failed=False, packages_skip_build_finished=False, packages_select_test_failures=False, packages_skip_test_passed=False, packages_select=None, packages_skip=None, packages_select_regex=None, packages_skip_regex=None, packages_start=None, packages_end=None, allow_overriding=[], cmake_args=None, cmake_target=None, cmake_target_skip_unavailable=False, cmake_clean_cache=False, cmake_clean_first=False, cmake_force_configure=False, ament_cmake_args=None, catkin_cmake_args=None, catkin_skip_building_tests=False, verb_parser=<colcon_defaults.argument_parser.defaults.DefaultArgumentsDecorator object at 0x7950e5f64bb0>, verb_extension=<colcon_core.verb.build.BuildVerb object at 0x7950e5f646a0>, main=<bound method BuildVerb.main of <colcon_core.verb.build.BuildVerb object at 0x7950e5f646a0>>)
[0.117s] Level 1:colcon.colcon_core.package_discovery:discover_packages(colcon_meta) check parameters
[0.117s] Level 1:colcon.colcon_core.package_discovery:discover_packages(recursive) check parameters
[0.117s] Level 1:colcon.colcon_core.package_discovery:discover_packages(ignore) check parameters
[0.117s] Level 1:colcon.colcon_core.package_discovery:discover_packages(path) check parameters
[0.117s] Level 1:colcon.colcon_core.package_discovery:discover_packages(colcon_meta) discover
[0.117s] Level 1:colcon.colcon_core.package_discovery:discover_packages(recursive) discover
[0.117s] INFO:colcon.colcon_core.package_discovery:Crawling recursively for packages in '/home/ibrahim/Desktop/rov/adhamsherif67A-MarineXperts-Season-2027/ros2_ws/src'
[0.117s] Level 1:colcon.colcon_core.package_identification:_identify(.) by extensions ['ignore', 'ignore_ament_install']
[0.117s] Level 1:colcon.colcon_core.package_identification:_identify(.) by extension 'ignore'
[0.117s] Level 1:colcon.colcon_core.package_identification:_identify(.) by extension 'ignore_ament_install'
[0.117s] Level 1:colcon.colcon_core.package_identification:_identify(.) by extensions ['colcon_pkg']
[0.117s] Level 1:colcon.colcon_core.package_identification:_identify(.) by extension 'colcon_pkg'
[0.117s] Level 1:colcon.colcon_core.package_identification:_identify(.) by extensions ['colcon_meta']
[0.117s] Level 1:colcon.colcon_core.package_identification:_identify(.) by extension 'colcon_meta'
[0.117s] Level 1:colcon.colcon_core.package_identification:_identify(.) by extensions ['ros']
[0.117s] Level 1:colcon.colcon_core.package_identification:_identify(.) by extension 'ros'
[0.122s] Level 1:colcon.colcon_core.package_identification:_identify(.) by extensions ['cmake', 'python']
[0.122s] Level 1:colcon.colcon_core.package_identification:_identify(.) by extension 'cmake'
[0.122s] Level 1:colcon.colcon_core.package_identification:_identify(.) by extension 'python'
[0.122s] Level 1:colcon.colcon_core.package_identification:_identify(.) by extensions ['python_setup_py']
[0.122s] Level 1:colcon.colcon_core.package_identification:_identify(.) by extension 'python_setup_py'
[0.122s] Level 1:colcon.colcon_core.package_identification:_identify(Fake_Depth_Sensor) by extensions ['ignore', 'ignore_ament_install']
[0.122s] Level 1:colcon.colcon_core.package_identification:_identify(Fake_Depth_Sensor) by extension 'ignore'
[0.122s] Level 1:colcon.colcon_core.package_identification:_identify(Fake_Depth_Sensor) by extension 'ignore_ament_install'
[0.122s] Level 1:colcon.colcon_core.package_identification:_identify(Fake_Depth_Sensor) by extensions ['colcon_pkg']
[0.123s] Level 1:colcon.colcon_core.package_identification:_identify(Fake_Depth_Sensor) by extension 'colcon_pkg'
[0.123s] Level 1:colcon.colcon_core.package_identification:_identify(Fake_Depth_Sensor) by extensions ['colcon_meta']
[0.123s] Level 1:colcon.colcon_core.package_identification:_identify(Fake_Depth_Sensor) by extension 'colcon_meta'
[0.123s] Level 1:colcon.colcon_core.package_identification:_identify(Fake_Depth_Sensor) by extensions ['ros']
[0.123s] Level 1:colcon.colcon_core.package_identification:_identify(Fake_Depth_Sensor) by extension 'ros'
[0.124s] DEBUG:colcon.colcon_core.package_identification:Package 'Fake_Depth_Sensor' with type 'ros.ament_python' and name 'Fake_Depth_Sensor'
[0.124s] Level 1:colcon.colcon_core.package_identification:_identify(build) by extensions ['ignore', 'ignore_ament_install']
[0.124s] Level 1:colcon.colcon_core.package_identification:_identify(build) by extension 'ignore'
[0.124s] Level 1:colcon.colcon_core.package_identification:_identify(build) ignored
[0.124s] Level 1:colcon.colcon_core.package_identification:_identify(fake_depth_interfaces) by extensions ['ignore', 'ignore_ament_install']
[0.124s] Level 1:colcon.colcon_core.package_identification:_identify(fake_depth_interfaces) by extension 'ignore'
[0.124s] Level 1:colcon.colcon_core.package_identification:_identify(fake_depth_interfaces) by extension 'ignore_ament_install'
[0.124s] Level 1:colcon.colcon_core.package_identification:_identify(fake_depth_interfaces) by extensions ['colcon_pkg']
[0.124s] Level 1:colcon.colcon_core.package_identification:_identify(fake_depth_interfaces) by extension 'colcon_pkg'
[0.124s] Level 1:colcon.colcon_core.package_identification:_identify(fake_depth_interfaces) by extensions ['colcon_meta']
[0.124s] Level 1:colcon.colcon_core.package_identification:_identify(fake_depth_interfaces) by extension 'colcon_meta'
[0.124s] Level 1:colcon.colcon_core.package_identification:_identify(fake_depth_interfaces) by extensions ['ros']
[0.124s] Level 1:colcon.colcon_core.package_identification:_identify(fake_depth_interfaces) by extension 'ros'
[0.124s] DEBUG:colcon.colcon_core.package_identification:Package 'fake_depth_interfaces' with type 'ros.ament_cmake' and name 'fake_depth_interfaces'
[0.124s] Level 1:colcon.colcon_core.package_identification:_identify(install) by extensions ['ignore', 'ignore_ament_install']
[0.124s] Level 1:colcon.colcon_core.package_identification:_identify(install) by extension 'ignore'
[0.124s] Level 1:colcon.colcon_core.package_identification:_identify(install) ignored
[0.124s] Level 1:colcon.colcon_core.package_identification:_identify(log) by extensions ['ignore', 'ignore_ament_install']
[0.124s] Level 1:colcon.colcon_core.package_identification:_identify(log) by extension 'ignore'
[0.124s] Level 1:colcon.colcon_core.package_identification:_identify(log) ignored
[0.124s] Level 1:colcon.colcon_core.package_discovery:discover_packages(recursive) using defaults
[0.124s] Level 1:colcon.colcon_core.package_discovery:discover_packages(ignore) discover
[0.124s] Level 1:colcon.colcon_core.package_discovery:discover_packages(ignore) using defaults
[0.124s] Level 1:colcon.colcon_core.package_discovery:discover_packages(path) discover
[0.124s] Level 1:colcon.colcon_core.package_discovery:discover_packages(path) using defaults
[0.138s] Level 1:colcon.colcon_core.package_discovery:discover_packages(prefix_path) check parameters
[0.138s] Level 1:colcon.colcon_core.package_discovery:discover_packages(prefix_path) discover
[0.139s] DEBUG:colcon.colcon_installed_package_information.package_discovery:Found 2 installed packages in /home/ibrahim/Desktop/rov/adhamsherif67A-MarineXperts-Season-2027/ros2_ws/src/install
[0.139s] DEBUG:colcon.colcon_installed_package_information.package_discovery:Found 1 installed packages in /home/ibrahim/ros2_first_ws/install
[0.139s] DEBUG:colcon.colcon_installed_package_information.package_discovery:Found 274 installed packages in /opt/ros/humble
[0.140s] Level 1:colcon.colcon_core.package_discovery:discover_packages(prefix_path) using defaults
[0.157s] Level 5:colcon.colcon_core.verb:set package 'fake_depth_interfaces' build argument 'cmake_args' from command line to 'None'
[0.157s] Level 5:colcon.colcon_core.verb:set package 'fake_depth_interfaces' build argument 'cmake_target' from command line to 'None'
[0.157s] Level 5:colcon.colcon_core.verb:set package 'fake_depth_interfaces' build argument 'cmake_target_skip_unavailable' from command line to 'False'
[0.157s] Level 5:colcon.colcon_core.verb:set package 'fake_depth_interfaces' build argument 'cmake_clean_cache' from command line to 'False'
[0.157s] Level 5:colcon.colcon_core.verb:set package 'fake_depth_interfaces' build argument 'cmake_clean_first' from command line to 'False'
[0.157s] Level 5:colcon.colcon_core.verb:set package 'fake_depth_interfaces' build argument 'cmake_force_configure' from command line to 'False'
[0.157s] Level 5:colcon.colcon_core.verb:set package 'fake_depth_interfaces' build argument 'ament_cmake_args' from command line to 'None'
[0.157s] Level 5:colcon.colcon_core.verb:set package 'fake_depth_interfaces' build argument 'catkin_cmake_args' from command line to 'None'
[0.157s] Level 5:colcon.colcon_core.verb:set package 'fake_depth_interfaces' build argument 'catkin_skip_building_tests' from command line to 'False'
[0.157s] DEBUG:colcon.colcon_core.verb:Building package 'fake_depth_interfaces' with the following arguments: {'ament_cmake_args': None, 'build_base': '/home/ibrahim/Desktop/rov/adhamsherif67A-MarineXperts-Season-2027/ros2_ws/src/build/fake_depth_interfaces', 'catkin_cmake_args': None, 'catkin_skip_building_tests': False, 'cmake_args': None, 'cmake_clean_cache': False, 'cmake_clean_first': False, 'cmake_force_configure': False, 'cmake_target': None, 'cmake_target_skip_unavailable': False, 'install_base': '/home/ibrahim/Desktop/rov/adhamsherif67A-MarineXperts-Season-2027/ros2_ws/src/install/fake_depth_interfaces', 'merge_install': False, 'path': '/home/ibrahim/Desktop/rov/adhamsherif67A-MarineXperts-Season-2027/ros2_ws/src/fake_depth_interfaces', 'symlink_install': False, 'test_result_base': None}
[0.157s] Level 5:colcon.colcon_core.verb:set package 'Fake_Depth_Sensor' build argument 'cmake_args' from command line to 'None'
[0.157s] Level 5:colcon.colcon_core.verb:set package 'Fake_Depth_Sensor' build argument 'cmake_target' from command line to 'None'
[0.157s] Level 5:colcon.colcon_core.verb:set package 'Fake_Depth_Sensor' build argument 'cmake_target_skip_unavailable' from command line to 'False'
[0.157s] Level 5:colcon.colcon_core.verb:set package 'Fake_Depth_Sensor' build argument 'cmake_clean_cache' from command line to 'False'
[0.157s] Level 5:colcon.colcon_core.verb:set package 'Fake_Depth_Sensor' build argument 'cmake_clean_first' from command line to 'False'
[0.157s] Level 5:colcon.colcon_core.verb:set package 'Fake_Depth_Sensor' build argument 'cmake_force_configure' from command line to 'False'
[0.157s] Level 5:colcon.colcon_core.verb:set package 'Fake_Depth_Sensor' build argument 'ament_cmake_args' from command line to 'None'
[0.157s] Level 5:colcon.colcon_core.verb:set package 'Fake_Depth_Sensor' build argument 'catkin_cmake_args' from command line to 'None'
[0.157s] Level 5:colcon.colcon_core.verb:set package 'Fake_Depth_Sensor' build argument 'catkin_skip_building_tests' from command line to 'False'
[0.157s] DEBUG:colcon.colcon_core.verb:Building package 'Fake_Depth_Sensor' with the following arguments: {'ament_cmake_args': None, 'build_base': '/home/ibrahim/Desktop/rov/adhamsherif67A-MarineXperts-Season-2027/ros2_ws/src/build/Fake_Depth_Sensor', 'catkin_cmake_args': None, 'catkin_skip_building_tests': False, 'cmake_args': None, 'cmake_clean_cache': False, 'cmake_clean_first': False, 'cmake_force_configure': False, 'cmake_target': None, 'cmake_target_skip_unavailable': False, 'install_base': '/home/ibrahim/Desktop/rov/adhamsherif67A-MarineXperts-Season-2027/ros2_ws/src/install/Fake_Depth_Sensor', 'merge_install': False, 'path': '/home/ibrahim/Desktop/rov/adhamsherif67A-MarineXperts-Season-2027/ros2_ws/src/Fake_Depth_Sensor', 'symlink_install': False, 'test_result_base': None}
[0.157s] INFO:colcon.colcon_core.executor:Executing jobs using 'parallel' executor
[0.158s] DEBUG:colcon.colcon_parallel_executor.executor.parallel:run_until_complete
[0.158s] INFO:colcon.colcon_ros.task.ament_cmake.build:Building ROS package in '/home/ibrahim/Desktop/rov/adhamsherif67A-MarineXperts-Season-2027/ros2_ws/src/fake_depth_interfaces' with build type 'ament_cmake'
[0.158s] INFO:colcon.colcon_cmake.task.cmake.build:Building CMake package in '/home/ibrahim/Desktop/rov/adhamsherif67A-MarineXperts-Season-2027/ros2_ws/src/fake_depth_interfaces'
[0.159s] INFO:colcon.colcon_core.plugin_system:Skipping extension 'colcon_core.shell.bat': Not used on non-Windows systems
[0.159s] INFO:colcon.colcon_core.shell:Skip shell extension 'powershell' for command environment: Not usable outside of PowerShell
[0.159s] DEBUG:colcon.colcon_core.shell:Skip shell extension 'dsv' for command environment
[0.164s] DEBUG:colcon.colcon_core.event_handler.log_command:Invoking command in '/home/ibrahim/Desktop/rov/adhamsherif67A-MarineXperts-Season-2027/ros2_ws/src/build/fake_depth_interfaces': CMAKE_PREFIX_PATH=${CMAKE_PREFIX_PATH}:/home/ibrahim/Desktop/rov/adhamsherif67A-MarineXperts-Season-2027/ros2_ws/src/install/Fake_Depth_Sensor:/home/ibrahim/ros2_first_ws/install/my_robot_controller:/opt/ros/humble /usr/bin/cmake --build /home/ibrahim/Desktop/rov/adhamsherif67A-MarineXperts-Season-2027/ros2_ws/src/build/fake_depth_interfaces -- -j24 -l24
[0.370s] DEBUG:colcon.colcon_core.event_handler.log_command:Invoked command in '/home/ibrahim/Desktop/rov/adhamsherif67A-MarineXperts-Season-2027/ros2_ws/src/build/fake_depth_interfaces' returned '0': CMAKE_PREFIX_PATH=${CMAKE_PREFIX_PATH}:/home/ibrahim/Desktop/rov/adhamsherif67A-MarineXperts-Season-2027/ros2_ws/src/install/Fake_Depth_Sensor:/home/ibrahim/ros2_first_ws/install/my_robot_controller:/opt/ros/humble /usr/bin/cmake --build /home/ibrahim/Desktop/rov/adhamsherif67A-MarineXperts-Season-2027/ros2_ws/src/build/fake_depth_interfaces -- -j24 -l24
[0.379s] DEBUG:colcon.colcon_core.event_handler.log_command:Invoking command in '/home/ibrahim/Desktop/rov/adhamsherif67A-MarineXperts-Season-2027/ros2_ws/src/build/fake_depth_interfaces': CMAKE_PREFIX_PATH=${CMAKE_PREFIX_PATH}:/home/ibrahim/Desktop/rov/adhamsherif67A-MarineXperts-Season-2027/ros2_ws/src/install/Fake_Depth_Sensor:/home/ibrahim/ros2_first_ws/install/my_robot_controller:/opt/ros/humble /usr/bin/cmake --install /home/ibrahim/Desktop/rov/adhamsherif67A-MarineXperts-Season-2027/ros2_ws/src/build/fake_depth_interfaces
[0.428s] Level 1:colcon.colcon_core.environment:create_environment_scripts_only(fake_depth_interfaces)
[0.429s] DEBUG:colcon.colcon_core.event_handler.log_command:Invoked command in '/home/ibrahim/Desktop/rov/adhamsherif67A-MarineXperts-Season-2027/ros2_ws/src/build/fake_depth_interfaces' returned '0': CMAKE_PREFIX_PATH=${CMAKE_PREFIX_PATH}:/home/ibrahim/Desktop/rov/adhamsherif67A-MarineXperts-Season-2027/ros2_ws/src/install/Fake_Depth_Sensor:/home/ibrahim/ros2_first_ws/install/my_robot_controller:/opt/ros/humble /usr/bin/cmake --install /home/ibrahim/Desktop/rov/adhamsherif67A-MarineXperts-Season-2027/ros2_ws/src/build/fake_depth_interfaces
[0.430s] Level 1:colcon.colcon_core.environment:checking '/home/ibrahim/Desktop/rov/adhamsherif67A-MarineXperts-Season-2027/ros2_ws/src/install/fake_depth_interfaces' for CMake module files
[0.430s] Level 1:colcon.colcon_core.environment:checking '/home/ibrahim/Desktop/rov/adhamsherif67A-MarineXperts-Season-2027/ros2_ws/src/install/fake_depth_interfaces' for CMake config files
[0.430s] Level 1:colcon.colcon_core.shell:create_environment_hook('fake_depth_interfaces', 'cmake_prefix_path')
[0.431s] INFO:colcon.colcon_core.shell:Creating environment hook '/home/ibrahim/Desktop/rov/adhamsherif67A-MarineXperts-Season-2027/ros2_ws/src/install/fake_depth_interfaces/share/fake_depth_interfaces/hook/cmake_prefix_path.ps1'
[0.431s] INFO:colcon.colcon_core.shell:Creating environment descriptor '/home/ibrahim/Desktop/rov/adhamsherif67A-MarineXperts-Season-2027/ros2_ws/src/install/fake_depth_interfaces/share/fake_depth_interfaces/hook/cmake_prefix_path.dsv'
[0.431s] INFO:colcon.colcon_core.shell:Creating environment hook '/home/ibrahim/Desktop/rov/adhamsherif67A-MarineXperts-Season-2027/ros2_ws/src/install/fake_depth_interfaces/share/fake_depth_interfaces/hook/cmake_prefix_path.sh'
[0.431s] Level 1:colcon.colcon_core.environment:checking '/home/ibrahim/Desktop/rov/adhamsherif67A-MarineXperts-Season-2027/ros2_ws/src/install/fake_depth_interfaces/lib'
[0.432s] Level 1:colcon.colcon_core.shell:create_environment_hook('fake_depth_interfaces', 'ld_library_path_lib')
[0.432s] INFO:colcon.colcon_core.shell:Creating environment hook '/home/ibrahim/Desktop/rov/adhamsherif67A-MarineXperts-Season-2027/ros2_ws/src/install/fake_depth_interfaces/share/fake_depth_interfaces/hook/ld_library_path_lib.ps1'
[0.432s] INFO:colcon.colcon_core.shell:Creating environment descriptor '/home/ibrahim/Desktop/rov/adhamsherif67A-MarineXperts-Season-2027/ros2_ws/src/install/fake_depth_interfaces/share/fake_depth_interfaces/hook/ld_library_path_lib.dsv'
[0.432s] INFO:colcon.colcon_core.shell:Creating environment hook '/home/ibrahim/Desktop/rov/adhamsherif67A-MarineXperts-Season-2027/ros2_ws/src/install/fake_depth_interfaces/share/fake_depth_interfaces/hook/ld_library_path_lib.sh'
[0.432s] Level 1:colcon.colcon_core.environment:checking '/home/ibrahim/Desktop/rov/adhamsherif67A-MarineXperts-Season-2027/ros2_ws/src/install/fake_depth_interfaces/bin'
[0.432s] Level 1:colcon.colcon_core.environment:checking '/home/ibrahim/Desktop/rov/adhamsherif67A-MarineXperts-Season-2027/ros2_ws/src/install/fake_depth_interfaces/lib/pkgconfig/fake_depth_interfaces.pc'
[0.432s] Level 1:colcon.colcon_core.environment:checking '/home/ibrahim/Desktop/rov/adhamsherif67A-MarineXperts-Season-2027/ros2_ws/src/install/fake_depth_interfaces/lib/python3.10/site-packages'
[0.432s] Level 1:colcon.colcon_core.environment:checking '/home/ibrahim/Desktop/rov/adhamsherif67A-MarineXperts-Season-2027/ros2_ws/src/install/fake_depth_interfaces/bin'
[0.433s] INFO:colcon.colcon_core.shell:Creating package script '/home/ibrahim/Desktop/rov/adhamsherif67A-MarineXperts-Season-2027/ros2_ws/src/install/fake_depth_interfaces/share/fake_depth_interfaces/package.ps1'
[0.433s] INFO:colcon.colcon_core.shell:Creating package descriptor '/home/ibrahim/Desktop/rov/adhamsherif67A-MarineXperts-Season-2027/ros2_ws/src/install/fake_depth_interfaces/share/fake_depth_interfaces/package.dsv'
[0.433s] INFO:colcon.colcon_core.shell:Creating package script '/home/ibrahim/Desktop/rov/adhamsherif67A-MarineXperts-Season-2027/ros2_ws/src/install/fake_depth_interfaces/share/fake_depth_interfaces/package.sh'
[0.433s] INFO:colcon.colcon_core.shell:Creating package script '/home/ibrahim/Desktop/rov/adhamsherif67A-MarineXperts-Season-2027/ros2_ws/src/install/fake_depth_interfaces/share/fake_depth_interfaces/package.bash'
[0.434s] INFO:colcon.colcon_core.shell:Creating package script '/home/ibrahim/Desktop/rov/adhamsherif67A-MarineXperts-Season-2027/ros2_ws/src/install/fake_depth_interfaces/share/fake_depth_interfaces/package.zsh'
[0.434s] Level 1:colcon.colcon_core.environment:create_file_with_runtime_dependencies(/home/ibrahim/Desktop/rov/adhamsherif67A-MarineXperts-Season-2027/ros2_ws/src/install/fake_depth_interfaces/share/colcon-core/packages/fake_depth_interfaces)
[0.434s] Level 1:colcon.colcon_core.environment:create_environment_scripts_only(fake_depth_interfaces)
[0.434s] Level 1:colcon.colcon_core.environment:checking '/home/ibrahim/Desktop/rov/adhamsherif67A-MarineXperts-Season-2027/ros2_ws/src/install/fake_depth_interfaces' for CMake module files
[0.435s] Level 1:colcon.colcon_core.environment:checking '/home/ibrahim/Desktop/rov/adhamsherif67A-MarineXperts-Season-2027/ros2_ws/src/install/fake_depth_interfaces' for CMake config files
[0.435s] Level 1:colcon.colcon_core.shell:create_environment_hook('fake_depth_interfaces', 'cmake_prefix_path')
[0.435s] INFO:colcon.colcon_core.shell:Creating environment hook '/home/ibrahim/Desktop/rov/adhamsherif67A-MarineXperts-Season-2027/ros2_ws/src/install/fake_depth_interfaces/share/fake_depth_interfaces/hook/cmake_prefix_path.ps1'
[0.435s] INFO:colcon.colcon_core.shell:Creating environment descriptor '/home/ibrahim/Desktop/rov/adhamsherif67A-MarineXperts-Season-2027/ros2_ws/src/install/fake_depth_interfaces/share/fake_depth_interfaces/hook/cmake_prefix_path.dsv'
[0.435s] INFO:colcon.colcon_core.shell:Creating environment hook '/home/ibrahim/Desktop/rov/adhamsherif67A-MarineXperts-Season-2027/ros2_ws/src/install/fake_depth_interfaces/share/fake_depth_interfaces/hook/cmake_prefix_path.sh'
[0.435s] Level 1:colcon.colcon_core.environment:checking '/home/ibrahim/Desktop/rov/adhamsherif67A-MarineXperts-Season-2027/ros2_ws/src/install/fake_depth_interfaces/lib'
[0.435s] Level 1:colcon.colcon_core.shell:create_environment_hook('fake_depth_interfaces', 'ld_library_path_lib')
[0.435s] INFO:colcon.colcon_core.shell:Creating environment hook '/home/ibrahim/Desktop/rov/adhamsherif67A-MarineXperts-Season-2027/ros2_ws/src/install/fake_depth_interfaces/share/fake_depth_interfaces/hook/ld_library_path_lib.ps1'
[0.436s] INFO:colcon.colcon_core.shell:Creating environment descriptor '/home/ibrahim/Desktop/rov/adhamsherif67A-MarineXperts-Season-2027/ros2_ws/src/install/fake_depth_interfaces/share/fake_depth_interfaces/hook/ld_library_path_lib.dsv'
[0.436s] INFO:colcon.colcon_core.shell:Creating environment hook '/home/ibrahim/Desktop/rov/adhamsherif67A-MarineXperts-Season-2027/ros2_ws/src/install/fake_depth_interfaces/share/fake_depth_interfaces/hook/ld_library_path_lib.sh'
[0.436s] Level 1:colcon.colcon_core.environment:checking '/home/ibrahim/Desktop/rov/adhamsherif67A-MarineXperts-Season-2027/ros2_ws/src/install/fake_depth_interfaces/bin'
[0.436s] Level 1:colcon.colcon_core.environment:checking '/home/ibrahim/Desktop/rov/adhamsherif67A-MarineXperts-Season-2027/ros2_ws/src/install/fake_depth_interfaces/lib/pkgconfig/fake_depth_interfaces.pc'
[0.436s] Level 1:colcon.colcon_core.environment:checking '/home/ibrahim/Desktop/rov/adhamsherif67A-MarineXperts-Season-2027/ros2_ws/src/install/fake_depth_interfaces/lib/python3.10/site-packages'
[0.436s] Level 1:colcon.colcon_core.environment:checking '/home/ibrahim/Desktop/rov/adhamsherif67A-MarineXperts-Season-2027/ros2_ws/src/install/fake_depth_interfaces/bin'
[0.436s] INFO:colcon.colcon_core.shell:Creating package script '/home/ibrahim/Desktop/rov/adhamsherif67A-MarineXperts-Season-2027/ros2_ws/src/install/fake_depth_interfaces/share/fake_depth_interfaces/package.ps1'
[0.437s] INFO:colcon.colcon_core.shell:Creating package descriptor '/home/ibrahim/Desktop/rov/adhamsherif67A-MarineXperts-Season-2027/ros2_ws/src/install/fake_depth_interfaces/share/fake_depth_interfaces/package.dsv'
[0.437s] INFO:colcon.colcon_core.shell:Creating package script '/home/ibrahim/Desktop/rov/adhamsherif67A-MarineXperts-Season-2027/ros2_ws/src/install/fake_depth_interfaces/share/fake_depth_interfaces/package.sh'
[0.437s] INFO:colcon.colcon_core.shell:Creating package script '/home/ibrahim/Desktop/rov/adhamsherif67A-MarineXperts-Season-2027/ros2_ws/src/install/fake_depth_interfaces/share/fake_depth_interfaces/package.bash'
[0.437s] INFO:colcon.colcon_core.shell:Creating package script '/home/ibrahim/Desktop/rov/adhamsherif67A-MarineXperts-Season-2027/ros2_ws/src/install/fake_depth_interfaces/share/fake_depth_interfaces/package.zsh'
[0.437s] Level 1:colcon.colcon_core.environment:create_file_with_runtime_dependencies(/home/ibrahim/Desktop/rov/adhamsherif67A-MarineXperts-Season-2027/ros2_ws/src/install/fake_depth_interfaces/share/colcon-core/packages/fake_depth_interfaces)
[0.438s] INFO:colcon.colcon_ros.task.ament_python.build:Building ROS package in '/home/ibrahim/Desktop/rov/adhamsherif67A-MarineXperts-Season-2027/ros2_ws/src/Fake_Depth_Sensor' with build type 'ament_python'
[0.438s] Level 1:colcon.colcon_core.shell:create_environment_hook('Fake_Depth_Sensor', 'ament_prefix_path')
[0.438s] INFO:colcon.colcon_core.shell:Creating environment hook '/home/ibrahim/Desktop/rov/adhamsherif67A-MarineXperts-Season-2027/ros2_ws/src/install/Fake_Depth_Sensor/share/Fake_Depth_Sensor/hook/ament_prefix_path.ps1'
[0.438s] INFO:colcon.colcon_core.shell:Creating environment descriptor '/home/ibrahim/Desktop/rov/adhamsherif67A-MarineXperts-Season-2027/ros2_ws/src/install/Fake_Depth_Sensor/share/Fake_Depth_Sensor/hook/ament_prefix_path.dsv'
[0.438s] INFO:colcon.colcon_core.shell:Creating environment hook '/home/ibrahim/Desktop/rov/adhamsherif67A-MarineXperts-Season-2027/ros2_ws/src/install/Fake_Depth_Sensor/share/Fake_Depth_Sensor/hook/ament_prefix_path.sh'
[0.438s] INFO:colcon.colcon_core.shell:Skip shell extension 'powershell' for command environment: Not usable outside of PowerShell
[0.438s] DEBUG:colcon.colcon_core.shell:Skip shell extension 'dsv' for command environment
[0.560s] INFO:colcon.colcon_core.task.python.build:Building Python package in '/home/ibrahim/Desktop/rov/adhamsherif67A-MarineXperts-Season-2027/ros2_ws/src/Fake_Depth_Sensor'
[0.560s] INFO:colcon.colcon_core.shell:Skip shell extension 'powershell' for command environment: Not usable outside of PowerShell
[0.560s] DEBUG:colcon.colcon_core.shell:Skip shell extension 'dsv' for command environment
[0.717s] DEBUG:colcon.colcon_core.task.python.build:Available setuptools commands: install_egg_info, symlink_data, build, install_headers, develop, build_scripts, build_ext, dist_info, build_clib, bdist_rpm, install_scripts, clean, install_data, setopt, easy_install, upload, upload_docs, egg_info, alias, test, saveopts, register, install, bdist, bdist_egg, bdist_wheel, bdist_dumb, build_py, sdist, check, rotate, install_lib
[0.718s] DEBUG:colcon.colcon_core.event_handler.log_command:Invoking command in '/home/ibrahim/Desktop/rov/adhamsherif67A-MarineXperts-Season-2027/ros2_ws/src/Fake_Depth_Sensor': PYTHONPATH=/home/ibrahim/Desktop/rov/adhamsherif67A-MarineXperts-Season-2027/ros2_ws/src/build/Fake_Depth_Sensor/prefix_override:/usr/lib/python3/dist-packages/colcon_core/task/python/colcon_distutils_commands:/home/ibrahim/Desktop/rov/adhamsherif67A-MarineXperts-Season-2027/ros2_ws/src/install/Fake_Depth_Sensor/lib/python3.10/site-packages:${PYTHONPATH} /usr/bin/python3 -W ignore:setup.py install is deprecated -W ignore:easy_install command is deprecated setup.py egg_info --egg-base ../build/Fake_Depth_Sensor build --build-base /home/ibrahim/Desktop/rov/adhamsherif67A-MarineXperts-Season-2027/ros2_ws/src/build/Fake_Depth_Sensor/build install --record /home/ibrahim/Desktop/rov/adhamsherif67A-MarineXperts-Season-2027/ros2_ws/src/build/Fake_Depth_Sensor/install.log --install-scripts $base/lib/Fake_Depth_Sensor --single-version-externally-managed install_data
[0.850s] Level 1:colcon.colcon_core.environment:checking '/home/ibrahim/Desktop/rov/adhamsherif67A-MarineXperts-Season-2027/ros2_ws/src/install/Fake_Depth_Sensor' for CMake module files
[0.851s] DEBUG:colcon.colcon_core.event_handler.log_command:Invoked command in '/home/ibrahim/Desktop/rov/adhamsherif67A-MarineXperts-Season-2027/ros2_ws/src/Fake_Depth_Sensor' returned '0': PYTHONPATH=/home/ibrahim/Desktop/rov/adhamsherif67A-MarineXperts-Season-2027/ros2_ws/src/build/Fake_Depth_Sensor/prefix_override:/usr/lib/python3/dist-packages/colcon_core/task/python/colcon_distutils_commands:/home/ibrahim/Desktop/rov/adhamsherif67A-MarineXperts-Season-2027/ros2_ws/src/install/Fake_Depth_Sensor/lib/python3.10/site-packages:${PYTHONPATH} /usr/bin/python3 -W ignore:setup.py install is deprecated -W ignore:easy_install command is deprecated setup.py egg_info --egg-base ../build/Fake_Depth_Sensor build --build-base /home/ibrahim/Desktop/rov/adhamsherif67A-MarineXperts-Season-2027/ros2_ws/src/build/Fake_Depth_Sensor/build install --record /home/ibrahim/Desktop/rov/adhamsherif67A-MarineXperts-Season-2027/ros2_ws/src/build/Fake_Depth_Sensor/install.log --install-scripts $base/lib/Fake_Depth_Sensor --single-version-externally-managed install_data
[0.851s] Level 1:colcon.colcon_core.environment:checking '/home/ibrahim/Desktop/rov/adhamsherif67A-MarineXperts-Season-2027/ros2_ws/src/install/Fake_Depth_Sensor' for CMake config files
[0.851s] Level 1:colcon.colcon_core.environment:checking '/home/ibrahim/Desktop/rov/adhamsherif67A-MarineXperts-Season-2027/ros2_ws/src/install/Fake_Depth_Sensor/lib'
[0.851s] Level 1:colcon.colcon_core.environment:checking '/home/ibrahim/Desktop/rov/adhamsherif67A-MarineXperts-Season-2027/ros2_ws/src/install/Fake_Depth_Sensor/bin'
[0.851s] Level 1:colcon.colcon_core.environment:checking '/home/ibrahim/Desktop/rov/adhamsherif67A-MarineXperts-Season-2027/ros2_ws/src/install/Fake_Depth_Sensor/lib/pkgconfig/Fake_Depth_Sensor.pc'
[0.851s] Level 1:colcon.colcon_core.environment:checking '/home/ibrahim/Desktop/rov/adhamsherif67A-MarineXperts-Season-2027/ros2_ws/src/install/Fake_Depth_Sensor/lib/python3.10/site-packages'
[0.851s] Level 1:colcon.colcon_core.shell:create_environment_hook('Fake_Depth_Sensor', 'pythonpath')
[0.852s] INFO:colcon.colcon_core.shell:Creating environment hook '/home/ibrahim/Desktop/rov/adhamsherif67A-MarineXperts-Season-2027/ros2_ws/src/install/Fake_Depth_Sensor/share/Fake_Depth_Sensor/hook/pythonpath.ps1'
[0.852s] INFO:colcon.colcon_core.shell:Creating environment descriptor '/home/ibrahim/Desktop/rov/adhamsherif67A-MarineXperts-Season-2027/ros2_ws/src/install/Fake_Depth_Sensor/share/Fake_Depth_Sensor/hook/pythonpath.dsv'
[0.852s] INFO:colcon.colcon_core.shell:Creating environment hook '/home/ibrahim/Desktop/rov/adhamsherif67A-MarineXperts-Season-2027/ros2_ws/src/install/Fake_Depth_Sensor/share/Fake_Depth_Sensor/hook/pythonpath.sh'
[0.852s] Level 1:colcon.colcon_core.environment:checking '/home/ibrahim/Desktop/rov/adhamsherif67A-MarineXperts-Season-2027/ros2_ws/src/install/Fake_Depth_Sensor/bin'
[0.852s] Level 1:colcon.colcon_core.environment:create_environment_scripts_only(Fake_Depth_Sensor)
[0.853s] INFO:colcon.colcon_core.shell:Creating package script '/home/ibrahim/Desktop/rov/adhamsherif67A-MarineXperts-Season-2027/ros2_ws/src/install/Fake_Depth_Sensor/share/Fake_Depth_Sensor/package.ps1'
[0.853s] INFO:colcon.colcon_core.shell:Creating package descriptor '/home/ibrahim/Desktop/rov/adhamsherif67A-MarineXperts-Season-2027/ros2_ws/src/install/Fake_Depth_Sensor/share/Fake_Depth_Sensor/package.dsv'
[0.853s] INFO:colcon.colcon_core.shell:Creating package script '/home/ibrahim/Desktop/rov/adhamsherif67A-MarineXperts-Season-2027/ros2_ws/src/install/Fake_Depth_Sensor/share/Fake_Depth_Sensor/package.sh'
[0.853s] INFO:colcon.colcon_core.shell:Creating package script '/home/ibrahim/Desktop/rov/adhamsherif67A-MarineXperts-Season-2027/ros2_ws/src/install/Fake_Depth_Sensor/share/Fake_Depth_Sensor/package.bash'
[0.853s] INFO:colcon.colcon_core.shell:Creating package script '/home/ibrahim/Desktop/rov/adhamsherif67A-MarineXperts-Season-2027/ros2_ws/src/install/Fake_Depth_Sensor/share/Fake_Depth_Sensor/package.zsh'
[0.854s] Level 1:colcon.colcon_core.environment:create_file_with_runtime_dependencies(/home/ibrahim/Desktop/rov/adhamsherif67A-MarineXperts-Season-2027/ros2_ws/src/install/Fake_Depth_Sensor/share/colcon-core/packages/Fake_Depth_Sensor)
[0.854s] DEBUG:colcon.colcon_parallel_executor.executor.parallel:closing loop
[0.854s] DEBUG:colcon.colcon_parallel_executor.executor.parallel:loop closed
[0.854s] DEBUG:colcon.colcon_parallel_executor.executor.parallel:run_until_complete finished with '0'
[0.854s] DEBUG:colcon.colcon_core.event_reactor:joining thread
[0.858s] INFO:colcon.colcon_core.plugin_system:Skipping extension 'colcon_notification.desktop_notification.terminal_notifier': Not used on non-Darwin systems
[0.858s] INFO:colcon.colcon_core.plugin_system:Skipping extension 'colcon_notification.desktop_notification.win32': Not used on non-Windows systems
[0.858s] INFO:colcon.colcon_notification.desktop_notification:Sending desktop notification using 'notify2'
[0.866s] DEBUG:colcon.colcon_core.event_reactor:joined thread
[0.866s] INFO:colcon.colcon_core.shell:Creating prefix script '/home/ibrahim/Desktop/rov/adhamsherif67A-MarineXperts-Season-2027/ros2_ws/src/install/local_setup.ps1'
[0.867s] INFO:colcon.colcon_core.shell:Creating prefix util module '/home/ibrahim/Desktop/rov/adhamsherif67A-MarineXperts-Season-2027/ros2_ws/src/install/_local_setup_util_ps1.py'
[0.868s] INFO:colcon.colcon_core.shell:Creating prefix chain script '/home/ibrahim/Desktop/rov/adhamsherif67A-MarineXperts-Season-2027/ros2_ws/src/install/setup.ps1'
[0.869s] INFO:colcon.colcon_core.shell:Creating prefix script '/home/ibrahim/Desktop/rov/adhamsherif67A-MarineXperts-Season-2027/ros2_ws/src/install/local_setup.sh'
[0.870s] INFO:colcon.colcon_core.shell:Creating prefix util module '/home/ibrahim/Desktop/rov/adhamsherif67A-MarineXperts-Season-2027/ros2_ws/src/install/_local_setup_util_sh.py'
[0.871s] INFO:colcon.colcon_core.shell:Creating prefix chain script '/home/ibrahim/Desktop/rov/adhamsherif67A-MarineXperts-Season-2027/ros2_ws/src/install/setup.sh'
[0.872s] INFO:colcon.colcon_core.shell:Creating prefix script '/home/ibrahim/Desktop/rov/adhamsherif67A-MarineXperts-Season-2027/ros2_ws/src/install/local_setup.bash'
[0.872s] INFO:colcon.colcon_core.shell:Creating prefix chain script '/home/ibrahim/Desktop/rov/adhamsherif67A-MarineXperts-Season-2027/ros2_ws/src/install/setup.bash'
[0.873s] INFO:colcon.colcon_core.shell:Creating prefix script '/home/ibrahim/Desktop/rov/adhamsherif67A-MarineXperts-Season-2027/ros2_ws/src/install/local_setup.zsh'
[0.874s] INFO:colcon.colcon_core.shell:Creating prefix chain script '/home/ibrahim/Desktop/rov/adhamsherif67A-MarineXperts-Season-2027/ros2_ws/src/install/setup.zsh'
