[0.086s] DEBUG:colcon:Command line arguments: ['/usr/bin/colcon', 'build', '--base-paths', 'src', '--packages-select', 'real_joy', '--symlink-install']
[0.087s] DEBUG:colcon:Parsed command line arguments: Namespace(log_base=None, log_level=None, verb_name='build', build_base='build', install_base='install', merge_install=False, symlink_install=True, test_result_base=None, continue_on_error=False, executor='parallel', parallel_workers=16, event_handlers=None, ignore_user_meta=False, metas=['./colcon.meta'], base_paths=['src'], packages_ignore=None, packages_ignore_regex=None, paths=None, packages_up_to=None, packages_up_to_regex=None, packages_above=None, packages_above_and_dependencies=None, packages_above_depth=None, packages_select_by_dep=None, packages_skip_by_dep=None, packages_skip_up_to=None, packages_select_build_failed=False, packages_skip_build_finished=False, packages_select_test_failures=False, packages_skip_test_passed=False, packages_select=['real_joy'], packages_skip=None, packages_select_regex=None, packages_skip_regex=None, packages_start=None, packages_end=None, allow_overriding=[], cmake_args=None, cmake_target=None, cmake_target_skip_unavailable=False, cmake_clean_cache=False, cmake_clean_first=False, cmake_force_configure=False, ament_cmake_args=None, catkin_cmake_args=None, catkin_skip_building_tests=False, verb_parser=<colcon_defaults.argument_parser.defaults.DefaultArgumentsDecorator object at 0x711f1bc684f0>, verb_extension=<colcon_core.verb.build.BuildVerb object at 0x711f1bc3bf70>, main=<bound method BuildVerb.main of <colcon_core.verb.build.BuildVerb object at 0x711f1bc3bf70>>)
[0.241s] Level 1:colcon.colcon_core.package_discovery:discover_packages(colcon_meta) check parameters
[0.241s] Level 1:colcon.colcon_core.package_discovery:discover_packages(recursive) check parameters
[0.241s] Level 1:colcon.colcon_core.package_discovery:discover_packages(ignore) check parameters
[0.241s] Level 1:colcon.colcon_core.package_discovery:discover_packages(path) check parameters
[0.241s] Level 1:colcon.colcon_core.package_discovery:discover_packages(recursive) discover
[0.242s] INFO:colcon.colcon_core.package_discovery:Crawling recursively for packages in '/home/boda/Software2026/src'
[0.242s] Level 1:colcon.colcon_core.package_identification:_identify(src) by extensions ['ignore', 'ignore_ament_install']
[0.242s] Level 1:colcon.colcon_core.package_identification:_identify(src) by extension 'ignore'
[0.242s] Level 1:colcon.colcon_core.package_identification:_identify(src) by extension 'ignore_ament_install'
[0.242s] Level 1:colcon.colcon_core.package_identification:_identify(src) by extensions ['colcon_pkg']
[0.242s] Level 1:colcon.colcon_core.package_identification:_identify(src) by extension 'colcon_pkg'
[0.242s] Level 1:colcon.colcon_core.package_identification:_identify(src) by extensions ['colcon_meta']
[0.242s] Level 1:colcon.colcon_core.package_identification:_identify(src) by extension 'colcon_meta'
[0.242s] Level 1:colcon.colcon_core.package_identification:_identify(src) by extensions ['ros']
[0.242s] Level 1:colcon.colcon_core.package_identification:_identify(src) by extension 'ros'
[0.263s] Level 1:colcon.colcon_core.package_identification:_identify(src) by extensions ['cmake', 'python']
[0.263s] Level 1:colcon.colcon_core.package_identification:_identify(src) by extension 'cmake'
[0.263s] Level 1:colcon.colcon_core.package_identification:_identify(src) by extension 'python'
[0.263s] Level 1:colcon.colcon_core.package_identification:_identify(src) by extensions ['python_setup_py']
[0.263s] Level 1:colcon.colcon_core.package_identification:_identify(src) by extension 'python_setup_py'
[0.263s] Level 1:colcon.colcon_core.package_identification:_identify(src/real_joy) by extensions ['ignore', 'ignore_ament_install']
[0.263s] Level 1:colcon.colcon_core.package_identification:_identify(src/real_joy) by extension 'ignore'
[0.263s] Level 1:colcon.colcon_core.package_identification:_identify(src/real_joy) by extension 'ignore_ament_install'
[0.263s] Level 1:colcon.colcon_core.package_identification:_identify(src/real_joy) by extensions ['colcon_pkg']
[0.263s] Level 1:colcon.colcon_core.package_identification:_identify(src/real_joy) by extension 'colcon_pkg'
[0.263s] Level 1:colcon.colcon_core.package_identification:_identify(src/real_joy) by extensions ['colcon_meta']
[0.263s] Level 1:colcon.colcon_core.package_identification:_identify(src/real_joy) by extension 'colcon_meta'
[0.263s] Level 1:colcon.colcon_core.package_identification:_identify(src/real_joy) by extensions ['ros']
[0.263s] Level 1:colcon.colcon_core.package_identification:_identify(src/real_joy) by extension 'ros'
[0.266s] DEBUG:colcon.colcon_core.package_identification:Package 'src/real_joy' with type 'ros.ament_cmake' and name 'real_joy'
[0.266s] Level 1:colcon.colcon_core.package_discovery:discover_packages(recursive) using defaults
[0.282s] Level 1:colcon.colcon_core.package_discovery:discover_packages(prefix_path) check parameters
[0.283s] Level 1:colcon.colcon_core.package_discovery:discover_packages(prefix_path) discover
[0.284s] DEBUG:colcon.colcon_installed_package_information.package_discovery:Found 3 installed packages in /home/boda/mako_ws/install
[0.284s] DEBUG:colcon.colcon_installed_package_information.package_discovery:Found 1 installed packages in /home/boda/Software2026/install
[0.285s] DEBUG:colcon.colcon_installed_package_information.package_discovery:Found 252 installed packages in /opt/ros/humble
[0.286s] Level 1:colcon.colcon_core.package_discovery:discover_packages(prefix_path) using defaults
[0.309s] Level 5:colcon.colcon_core.verb:set package 'real_joy' build argument 'cmake_args' from command line to 'None'
[0.309s] Level 5:colcon.colcon_core.verb:set package 'real_joy' build argument 'cmake_target' from command line to 'None'
[0.309s] Level 5:colcon.colcon_core.verb:set package 'real_joy' build argument 'cmake_target_skip_unavailable' from command line to 'False'
[0.309s] Level 5:colcon.colcon_core.verb:set package 'real_joy' build argument 'cmake_clean_cache' from command line to 'False'
[0.309s] Level 5:colcon.colcon_core.verb:set package 'real_joy' build argument 'cmake_clean_first' from command line to 'False'
[0.309s] Level 5:colcon.colcon_core.verb:set package 'real_joy' build argument 'cmake_force_configure' from command line to 'False'
[0.309s] Level 5:colcon.colcon_core.verb:set package 'real_joy' build argument 'ament_cmake_args' from command line to 'None'
[0.309s] Level 5:colcon.colcon_core.verb:set package 'real_joy' build argument 'catkin_cmake_args' from command line to 'None'
[0.309s] Level 5:colcon.colcon_core.verb:set package 'real_joy' build argument 'catkin_skip_building_tests' from command line to 'False'
[0.309s] DEBUG:colcon.colcon_core.verb:Building package 'real_joy' with the following arguments: {'ament_cmake_args': None, 'build_base': '/home/boda/Software2026/build/real_joy', 'catkin_cmake_args': None, 'catkin_skip_building_tests': False, 'cmake_args': None, 'cmake_clean_cache': False, 'cmake_clean_first': False, 'cmake_force_configure': False, 'cmake_target': None, 'cmake_target_skip_unavailable': False, 'install_base': '/home/boda/Software2026/install/real_joy', 'merge_install': False, 'path': '/home/boda/Software2026/src/real_joy', 'symlink_install': True, 'test_result_base': None}
[0.309s] INFO:colcon.colcon_core.executor:Executing jobs using 'parallel' executor
[0.310s] DEBUG:colcon.colcon_parallel_executor.executor.parallel:run_until_complete
[0.310s] INFO:colcon.colcon_ros.task.ament_cmake.build:Building ROS package in '/home/boda/Software2026/src/real_joy' with build type 'ament_cmake'
[0.310s] INFO:colcon.colcon_cmake.task.cmake.build:Building CMake package in '/home/boda/Software2026/src/real_joy'
[0.311s] INFO:colcon.colcon_core.plugin_system:Skipping extension 'colcon_core.shell.bat': Not used on non-Windows systems
[0.311s] INFO:colcon.colcon_core.shell:Skip shell extension 'powershell' for command environment: Not usable outside of PowerShell
[0.312s] DEBUG:colcon.colcon_core.shell:Skip shell extension 'dsv' for command environment
[0.319s] DEBUG:colcon.colcon_core.event_handler.log_command:Invoking command in '/home/boda/Software2026/build/real_joy': CMAKE_PREFIX_PATH=${CMAKE_PREFIX_PATH}:/home/boda/mako_ws/install/mavros_autotune:/opt/ros/humble /usr/bin/cmake /home/boda/Software2026/src/real_joy -DAMENT_CMAKE_SYMLINK_INSTALL=1 -DCMAKE_INSTALL_PREFIX=/home/boda/Software2026/install/real_joy
[0.890s] DEBUG:colcon.colcon_core.event_handler.log_command:Invoked command in '/home/boda/Software2026/build/real_joy' returned '0': CMAKE_PREFIX_PATH=${CMAKE_PREFIX_PATH}:/home/boda/mako_ws/install/mavros_autotune:/opt/ros/humble /usr/bin/cmake /home/boda/Software2026/src/real_joy -DAMENT_CMAKE_SYMLINK_INSTALL=1 -DCMAKE_INSTALL_PREFIX=/home/boda/Software2026/install/real_joy
[0.892s] DEBUG:colcon.colcon_core.event_handler.log_command:Invoking command in '/home/boda/Software2026/build/real_joy': CMAKE_PREFIX_PATH=${CMAKE_PREFIX_PATH}:/home/boda/mako_ws/install/mavros_autotune:/opt/ros/humble /usr/bin/cmake --build /home/boda/Software2026/build/real_joy -- -j16 -l16
[1.676s] DEBUG:colcon.colcon_core.event_handler.log_command:Invoked command in '/home/boda/Software2026/build/real_joy' returned '0': CMAKE_PREFIX_PATH=${CMAKE_PREFIX_PATH}:/home/boda/mako_ws/install/mavros_autotune:/opt/ros/humble /usr/bin/cmake --build /home/boda/Software2026/build/real_joy -- -j16 -l16
[1.687s] DEBUG:colcon.colcon_core.event_handler.log_command:Invoking command in '/home/boda/Software2026/build/real_joy': CMAKE_PREFIX_PATH=${CMAKE_PREFIX_PATH}:/home/boda/mako_ws/install/mavros_autotune:/opt/ros/humble /usr/bin/cmake --install /home/boda/Software2026/build/real_joy
[1.957s] Level 1:colcon.colcon_core.environment:create_environment_scripts_only(real_joy)
[1.958s] DEBUG:colcon.colcon_core.event_handler.log_command:Invoked command in '/home/boda/Software2026/build/real_joy' returned '0': CMAKE_PREFIX_PATH=${CMAKE_PREFIX_PATH}:/home/boda/mako_ws/install/mavros_autotune:/opt/ros/humble /usr/bin/cmake --install /home/boda/Software2026/build/real_joy
[1.959s] Level 1:colcon.colcon_core.environment:checking '/home/boda/Software2026/install/real_joy' for CMake module files
[1.960s] Level 1:colcon.colcon_core.environment:checking '/home/boda/Software2026/install/real_joy' for CMake config files
[1.960s] Level 1:colcon.colcon_core.shell:create_environment_hook('real_joy', 'cmake_prefix_path')
[1.960s] INFO:colcon.colcon_core.shell:Creating environment hook '/home/boda/Software2026/install/real_joy/share/real_joy/hook/cmake_prefix_path.ps1'
[1.961s] INFO:colcon.colcon_core.shell:Creating environment descriptor '/home/boda/Software2026/install/real_joy/share/real_joy/hook/cmake_prefix_path.dsv'
[1.961s] INFO:colcon.colcon_core.shell:Creating environment hook '/home/boda/Software2026/install/real_joy/share/real_joy/hook/cmake_prefix_path.sh'
[1.961s] Level 1:colcon.colcon_core.environment:checking '/home/boda/Software2026/install/real_joy/lib'
[1.962s] Level 1:colcon.colcon_core.environment:checking '/home/boda/Software2026/install/real_joy/bin'
[1.962s] Level 1:colcon.colcon_core.environment:checking '/home/boda/Software2026/install/real_joy/lib/pkgconfig/real_joy.pc'
[1.962s] Level 1:colcon.colcon_core.environment:checking '/home/boda/Software2026/install/real_joy/lib/python3.10/site-packages'
[1.962s] Level 1:colcon.colcon_core.environment:checking '/home/boda/Software2026/install/real_joy/bin'
[1.962s] INFO:colcon.colcon_core.shell:Creating package script '/home/boda/Software2026/install/real_joy/share/real_joy/package.ps1'
[1.963s] INFO:colcon.colcon_core.shell:Creating package descriptor '/home/boda/Software2026/install/real_joy/share/real_joy/package.dsv'
[1.963s] INFO:colcon.colcon_core.shell:Creating package script '/home/boda/Software2026/install/real_joy/share/real_joy/package.sh'
[1.964s] INFO:colcon.colcon_core.shell:Creating package script '/home/boda/Software2026/install/real_joy/share/real_joy/package.bash'
[1.964s] INFO:colcon.colcon_core.shell:Creating package script '/home/boda/Software2026/install/real_joy/share/real_joy/package.zsh'
[1.965s] Level 1:colcon.colcon_core.environment:create_file_with_runtime_dependencies(/home/boda/Software2026/install/real_joy/share/colcon-core/packages/real_joy)
[1.966s] Level 1:colcon.colcon_core.environment:create_environment_scripts_only(real_joy)
[1.966s] Level 1:colcon.colcon_core.environment:checking '/home/boda/Software2026/install/real_joy' for CMake module files
[1.966s] Level 1:colcon.colcon_core.environment:checking '/home/boda/Software2026/install/real_joy' for CMake config files
[1.966s] Level 1:colcon.colcon_core.shell:create_environment_hook('real_joy', 'cmake_prefix_path')
[1.966s] INFO:colcon.colcon_core.shell:Creating environment hook '/home/boda/Software2026/install/real_joy/share/real_joy/hook/cmake_prefix_path.ps1'
[1.972s] INFO:colcon.colcon_core.shell:Creating environment descriptor '/home/boda/Software2026/install/real_joy/share/real_joy/hook/cmake_prefix_path.dsv'
[1.973s] INFO:colcon.colcon_core.shell:Creating environment hook '/home/boda/Software2026/install/real_joy/share/real_joy/hook/cmake_prefix_path.sh'
[1.973s] Level 1:colcon.colcon_core.environment:checking '/home/boda/Software2026/install/real_joy/lib'
[1.973s] Level 1:colcon.colcon_core.environment:checking '/home/boda/Software2026/install/real_joy/bin'
[1.973s] Level 1:colcon.colcon_core.environment:checking '/home/boda/Software2026/install/real_joy/lib/pkgconfig/real_joy.pc'
[1.974s] Level 1:colcon.colcon_core.environment:checking '/home/boda/Software2026/install/real_joy/lib/python3.10/site-packages'
[1.974s] Level 1:colcon.colcon_core.environment:checking '/home/boda/Software2026/install/real_joy/bin'
[1.974s] INFO:colcon.colcon_core.shell:Creating package script '/home/boda/Software2026/install/real_joy/share/real_joy/package.ps1'
[1.974s] INFO:colcon.colcon_core.shell:Creating package descriptor '/home/boda/Software2026/install/real_joy/share/real_joy/package.dsv'
[1.975s] INFO:colcon.colcon_core.shell:Creating package script '/home/boda/Software2026/install/real_joy/share/real_joy/package.sh'
[1.975s] INFO:colcon.colcon_core.shell:Creating package script '/home/boda/Software2026/install/real_joy/share/real_joy/package.bash'
[1.975s] INFO:colcon.colcon_core.shell:Creating package script '/home/boda/Software2026/install/real_joy/share/real_joy/package.zsh'
[1.976s] Level 1:colcon.colcon_core.environment:create_file_with_runtime_dependencies(/home/boda/Software2026/install/real_joy/share/colcon-core/packages/real_joy)
[1.976s] DEBUG:colcon.colcon_parallel_executor.executor.parallel:closing loop
[1.976s] DEBUG:colcon.colcon_parallel_executor.executor.parallel:loop closed
[1.976s] DEBUG:colcon.colcon_parallel_executor.executor.parallel:run_until_complete finished with '0'
[1.976s] DEBUG:colcon.colcon_core.event_reactor:joining thread
[1.981s] INFO:colcon.colcon_core.plugin_system:Skipping extension 'colcon_notification.desktop_notification.terminal_notifier': Not used on non-Darwin systems
[1.981s] INFO:colcon.colcon_core.plugin_system:Skipping extension 'colcon_notification.desktop_notification.win32': Not used on non-Windows systems
[1.981s] INFO:colcon.colcon_notification.desktop_notification:Sending desktop notification using 'notify2'
[1.988s] DEBUG:colcon.colcon_core.event_reactor:joined thread
[1.989s] INFO:colcon.colcon_core.shell:Creating prefix script '/home/boda/Software2026/install/local_setup.ps1'
[1.990s] INFO:colcon.colcon_core.shell:Creating prefix util module '/home/boda/Software2026/install/_local_setup_util_ps1.py'
[1.990s] INFO:colcon.colcon_core.shell:Creating prefix chain script '/home/boda/Software2026/install/setup.ps1'
[1.991s] INFO:colcon.colcon_core.shell:Creating prefix script '/home/boda/Software2026/install/local_setup.sh'
[1.992s] INFO:colcon.colcon_core.shell:Creating prefix util module '/home/boda/Software2026/install/_local_setup_util_sh.py'
[1.992s] INFO:colcon.colcon_core.shell:Creating prefix chain script '/home/boda/Software2026/install/setup.sh'
[1.993s] INFO:colcon.colcon_core.shell:Creating prefix script '/home/boda/Software2026/install/local_setup.bash'
[1.993s] INFO:colcon.colcon_core.shell:Creating prefix chain script '/home/boda/Software2026/install/setup.bash'
[1.994s] INFO:colcon.colcon_core.shell:Creating prefix script '/home/boda/Software2026/install/local_setup.zsh'
[1.994s] INFO:colcon.colcon_core.shell:Creating prefix chain script '/home/boda/Software2026/install/setup.zsh'
