(2026-09-08T20:07:47.576462912) (2026-09-08T20:07:47.576472961) [Msg] Gazebo Sim Server v8.14.0
(2026-09-08T20:07:47.601059895) (2026-09-08T20:07:47.601070194) [Msg] Loading SDF world file[/home/boda/mako_ws/src/robot_description/worlds/pool.sdf].
(2026-09-08T20:07:47.805289794) (2026-09-08T20:07:47.805300063) [Msg] Serving entity system service on [/entity/system/add]
(2026-09-08T20:07:47.907014873) (2026-09-08T20:07:47.907029870) [Dbg] [Physics.cc:945] Loaded [gz::physics::dartsim::Plugin] from library [/usr/lib/x86_64-linux-gnu/gz-physics-7/engine-plugins/libgz-physics-dartsim-plugin.so]
(2026-09-08T20:07:47.907133991) (2026-09-08T20:07:47.907142347) [Dbg] [SystemManager.cc:80] Loaded system [gz::sim::systems::Physics] for entity [1]
(2026-09-08T20:07:47.915752790) (2026-09-08T20:07:47.915766164) [Dbg] [Sensors.cc:697] Configuring Sensors system
(2026-09-08T20:07:47.915930817) (2026-09-08T20:07:47.915941016) [Dbg] [Sensors.cc:557] SensorsPrivate::Run
(2026-09-08T20:07:47.916109295) (2026-09-08T20:07:47.916119133) [Dbg] [SystemManager.cc:80] Loaded system [gz::sim::systems::Sensors] for entity [1]
(2026-09-08T20:07:47.917861903) (2026-09-08T20:07:47.917872282) [Dbg] [SystemManager.cc:80] Loaded system [gz::sim::systems::Imu] for entity [1]
(2026-09-08T20:07:47.918214000) (2026-09-08T20:07:47.918230951) [Dbg] [Sensors.cc:532] SensorsPrivate::RenderThread started
(2026-09-08T20:07:47.918277176) (2026-09-08T20:07:47.918285531) [Dbg] [Sensors.cc:337] Waiting for init
(2026-09-08T20:07:47.922692545) (2026-09-08T20:07:47.922705158) [Msg] Create service on [/world/CompetitionWorld2025/create_multiple] (async)
(2026-09-08T20:07:47.922816492) (2026-09-08T20:07:47.922827032) [Msg] Create service on [/world/CompetitionWorld2025/create_multiple/blocking] (blocking)
(2026-09-08T20:07:47.923097478) (2026-09-08T20:07:47.923107988) [Msg] Remove service on [/world/CompetitionWorld2025/remove] (async)
(2026-09-08T20:07:47.923189367) (2026-09-08T20:07:47.923199335) [Msg] Remove service on [/world/CompetitionWorld2025/remove/blocking] (blocking)
(2026-09-08T20:07:47.923405384) (2026-09-08T20:07:47.923414721) [Msg] Pose service on [/world/CompetitionWorld2025/set_pose] (async)
(2026-09-08T20:07:47.923493836) (2026-09-08T20:07:47.923502162) [Msg] Pose service on [/world/CompetitionWorld2025/set_pose/blocking] (blocking)
(2026-09-08T20:07:47.923689786) (2026-09-08T20:07:47.923698182) [Msg] Pose service on [/world/CompetitionWorld2025/set_pose_vector] (async)
(2026-09-08T20:07:47.923775023) (2026-09-08T20:07:47.923788227) [Msg] Pose service on [/world/CompetitionWorld2025/set_pose_vector/blocking] (blocking)
(2026-09-08T20:07:47.924032997) (2026-09-08T20:07:47.924042384) [Msg] Light configuration service on [/world/CompetitionWorld2025/light_config] (async)
(2026-09-08T20:07:47.924104858) (2026-09-08T20:07:47.924113484) [Msg] Light configuration service on [/world/CompetitionWorld2025/light_config/blocking] (blocking)
(2026-09-08T20:07:47.924423804) (2026-09-08T20:07:47.924433192) [Msg] Physics service on [/world/CompetitionWorld2025/set_physics] (async)
(2026-09-08T20:07:47.924477823) (2026-09-08T20:07:47.924485417) [Msg] Physics service on [/world/CompetitionWorld2025/set_physics/blocking] (blocking)
(2026-09-08T20:07:47.924682179) (2026-09-08T20:07:47.924690684) [Msg] SphericalCoordinates service on [/world/CompetitionWorld2025/set_spherical_coordinates] (async)
(2026-09-08T20:07:47.924734064) (2026-09-08T20:07:47.924741528) [Msg] SphericalCoordinates service on [/world/CompetitionWorld2025/set_spherical_coordinates/blocking] (blocking)
(2026-09-08T20:07:47.924874522) (2026-09-08T20:07:47.924882647) [Msg] Enable collision service on [/world/CompetitionWorld2025/enable_collision] (async)
(2026-09-08T20:07:47.924926167) (2026-09-08T20:07:47.924933731) [Msg] Enable collision service on [/world/CompetitionWorld2025/enable_collision/blocking] (blocking)
(2026-09-08T20:07:47.925038363) (2026-09-08T20:07:47.925046598) [Msg] Disable collision service on [/world/CompetitionWorld2025/disable_collision] (async)
(2026-09-08T20:07:47.925088755) (2026-09-08T20:07:47.925096249) [Msg] Disable collision service on [/world/CompetitionWorld2025/disable_collision/blocking] (blocking)
(2026-09-08T20:07:47.925342441) (2026-09-08T20:07:47.925351017) [Msg] Material service on [/world/CompetitionWorld2025/visual_config] (async)
(2026-09-08T20:07:47.925394697) (2026-09-08T20:07:47.925402432) [Msg] Material service on [/world/CompetitionWorld2025/visual_config/blocking] (blocking)
(2026-09-08T20:07:47.925549642) (2026-09-08T20:07:47.925558137) [Msg] Material service on [/world/CompetitionWorld2025/wheel_slip] (async)
(2026-09-08T20:07:47.925601397) (2026-09-08T20:07:47.925608971) [Msg] Material service on [/world/CompetitionWorld2025/wheel_slip/blocking] (blocking)
(2026-09-08T20:07:47.925657340) (2026-09-08T20:07:47.925665184) [Dbg] [SystemManager.cc:80] Loaded system [gz::sim::systems::UserCommands] for entity [1]
(2026-09-08T20:07:47.927693890) (2026-09-08T20:07:47.927703427) [Dbg] [SystemManager.cc:80] Loaded system [gz::sim::systems::SceneBroadcaster] for entity [1]
(2026-09-08T20:07:47.929149693) (2026-09-08T20:07:47.929159892) [Dbg] [Buoyancy.cc:494] Default density set to 998
(2026-09-08T20:07:47.929253855) (2026-09-08T20:07:47.929262951) [Dbg] [Buoyancy.cc:512] Added layer at 0, 1.225
(2026-09-08T20:07:47.929361973) (2026-09-08T20:07:47.929371641) [Dbg] [SystemManager.cc:80] Loaded system [gz::sim::systems::Buoyancy] for entity [1]
(2026-09-08T20:07:47.930690443) (2026-09-08T20:07:47.930700982) [Msg] Loaded level [default]
(2026-09-08T20:07:47.932013793) (2026-09-08T20:07:47.932024423) [Msg] Serving world controls on [/world/CompetitionWorld2025/control], [/world/CompetitionWorld2025/control/state] and [/world/CompetitionWorld2025/playback/control]
(2026-09-08T20:07:47.932199745) (2026-09-08T20:07:47.932209593) [Msg] Serving GUI information on [/world/CompetitionWorld2025/gui/info]
(2026-09-08T20:07:47.932305820) (2026-09-08T20:07:47.932315708) [Msg] World [CompetitionWorld2025] initialized with [1ms] physics profile.
(2026-09-08T20:07:47.932550138) (2026-09-08T20:07:47.932560047) [Msg] Serving world SDF generation service on [/world/CompetitionWorld2025/generate_world_sdf]
(2026-09-08T20:07:47.932763951) (2026-09-08T20:07:47.932806008) [Msg] Serving world names on [/gazebo/worlds]
(2026-09-08T20:07:47.932966904) (2026-09-08T20:07:47.932976662) [Msg] Resource path add service on [/gazebo/resource_paths/add].
(2026-09-08T20:07:47.933498209) (2026-09-08T20:07:47.933508188) [Msg] Resource path get service on [/gazebo/resource_paths/get].
(2026-09-08T20:07:47.933665306) (2026-09-08T20:07:47.933674593) [Msg] Resource path resolve service on [/gazebo/resource_paths/resolve].
(2026-09-08T20:07:47.934166367) (2026-09-08T20:07:47.934176726) [Msg] Resource paths published on [/gazebo/resource_paths].
(2026-09-08T20:07:47.934396479) (2026-09-08T20:07:47.934406247) [Msg] Server control service on [/server_control].
(2026-09-08T20:07:49.581023631) (2026-09-08T20:07:49.581038137) [Msg] Found no publishers on /stats, adding root stats topic
(2026-09-08T20:07:49.581238926) (2026-09-08T20:07:49.581249846) [Msg] Found no publishers on /clock, adding root clock topic
(2026-09-08T20:07:49.581385676) (2026-09-08T20:07:49.581398730) [Dbg] [SimulationRunner.cc:627] Creating PostUpdate worker threads: 5
(2026-09-08T20:07:49.581456646) (2026-09-08T20:07:49.581477384) [Dbg] [SimulationRunner.cc:638] Creating postupdate worker thread (0)
(2026-09-08T20:07:49.581687229) (2026-09-08T20:07:49.581709540) [Dbg] [SimulationRunner.cc:638] Creating postupdate worker thread (1)
(2026-09-08T20:07:49.581941597) (2026-09-08T20:07:49.581964228) [Dbg] [SimulationRunner.cc:638] Creating postupdate worker thread (2)
(2026-09-08T20:07:49.582132197) (2026-09-08T20:07:49.582154107) [Dbg] [SimulationRunner.cc:638] Creating postupdate worker thread (3)
(2026-09-08T20:07:49.586503575) (2026-09-08T20:07:49.586517019) [Dbg] [SimulationFeatures.cc:90] Simulation timestep set to: 0.003
(2026-09-08T20:07:49.587903105) (2026-09-08T20:07:49.587921318) [Msg] Serving scene information on [/world/CompetitionWorld2025/scene/info]
(2026-09-08T20:07:49.588051177) (2026-09-08T20:07:49.588075572) [Msg] Serving graph information on [/world/CompetitionWorld2025/scene/graph]
(2026-09-08T20:07:49.588249130) (2026-09-08T20:07:49.588258397) [Msg] Serving full state on [/world/CompetitionWorld2025/state]
(2026-09-08T20:07:49.588339056) (2026-09-08T20:07:49.588347251) [Msg] Serving full state (async) on [/world/CompetitionWorld2025/state_async]
(2026-09-08T20:07:49.588427779) (2026-09-08T20:07:49.588435954) [Msg] Publishing scene information on [/world/CompetitionWorld2025/scene/info]
(2026-09-08T20:07:49.588534064) (2026-09-08T20:07:49.588542820) [Msg] Publishing entity deletions on [/world/CompetitionWorld2025/scene/deletion]
(2026-09-08T20:07:49.588611496) (2026-09-08T20:07:49.588619491) [Msg] Publishing state changes on [/world/CompetitionWorld2025/state]
(2026-09-08T20:07:49.588693677) (2026-09-08T20:07:49.588701812) [Msg] Publishing pose messages on [/world/CompetitionWorld2025/pose/info]
(2026-09-08T20:07:49.588777681) (2026-09-08T20:07:49.588786507) [Msg] Publishing dynamic pose messages on [/world/CompetitionWorld2025/dynamic_pose/info]
(2026-09-08T20:07:50.420853165) (2026-09-08T20:07:50.420866068) [Dbg] [SignalHandler.cc:142] Received signal[15].
(2026-09-08T20:07:50.420928022) (2026-09-08T20:07:50.420937409) [Dbg] [ServerPrivate.cc:122] Server received signal[15]
(2026-09-08T20:07:50.420977964) (2026-09-08T20:07:50.420987752) [Dbg] [Sensors.cc:565] SensorsPrivate::Stop
(2026-09-08T20:07:50.421054725) (2026-09-08T20:07:50.421065815) [Dbg] [Sensors.cc:391] Rendering Thread initialized
(2026-09-08T20:07:50.421131967) (2026-09-08T20:07:50.421139941) [Dbg] [Sensors.cc:551] SensorsPrivate::RenderThread stopped
(2026-09-08T20:07:50.421273877) (2026-09-08T20:07:50.421294685) [Dbg] [SignalHandler.cc:142] Received signal[15].
(2026-09-08T20:07:50.421376876) (2026-09-08T20:07:50.421389450) [Dbg] [ServerPrivate.cc:122] Server received signal[15]
(2026-09-08T20:07:50.423317230) (2026-09-08T20:07:50.423324774) [Dbg] [gz.cc:434] Shutting down gz-sim-server
((((((2026-09-08T20:07:50.426775451) ) 2026-09-08T20:07:50.426797111) ((2026-09-08T20:07:50.426808972) (2026-09-08T20:07:50.426781542) ((2026-09-08T20:07:50.426842614) ) 2026-09-08T20:07:50.426843736) (2026-09-08T20:07:50.426881395) 3)[Dbg] [SimulationRunner.cc:654] 
[Dbg] [SimulationRunner.cc:654] 
[Dbg] [SimulationRunner.cc:654] [Dbg] [SimulationRunner.cc:654] 
[Dbg] [SimulationRunner.cc:654] Exiting postupdate worker thread (Exiting postupdate worker thread (0)Exiting postupdate worker thread (2)
1
)
(2026-09-08T20:07:50.436569217) (2026-09-08T20:07:50.436579756) [Dbg] [Sensors.cc:565] SensorsPrivate::Stop
